2025-11-07 08:48:41,523 [INFO] Checking for dataset...
2025-11-07 08:48:41,524 [INFO] Dataset found at D:\Github\neuromorphic_decision_transformer\data\CartPole-v1\dataset.npz.
2025-11-07 08:48:41,525 [INFO] Starting training...
2025-11-07 08:49:30,159 [INFO] Dataset size: 22826 clips
2025-11-07 08:49:30,192 [INFO] DataLoader created with num_workers=0 and pin_memory=False.
2025-11-07 08:55:45,661 [INFO] Checking for dataset...
2025-11-07 08:55:45,672 [INFO] Dataset found at D:\Github\neuromorphic_decision_transformer\data\CartPole-v1\dataset.npz.
2025-11-07 08:55:45,674 [INFO] Starting training...
2025-11-07 08:57:17,019 [INFO] Dataset size: 22826 clips
2025-11-07 08:57:17,068 [INFO] DataLoader created with num_workers=0 and pin_memory=False.
2025-11-07 08:58:27,942 [INFO] Checking for dataset...
2025-11-07 08:58:27,943 [INFO] Dataset found at D:\Github\neuromorphic_decision_transformer\data\CartPole-v1\dataset.npz.
2025-11-07 08:58:27,944 [INFO] Starting training...
2025-11-07 08:59:19,244 [INFO] Dataset size: 22826 clips
2025-11-07 08:59:19,278 [INFO] DataLoader created with num_workers=0 and pin_memory=False.
2025-11-07 09:10:42,753 [INFO] Checking for dataset...
2025-11-07 09:10:42,763 [INFO] Dataset found at D:\Github\neuromorphic_decision_transformer\data\CartPole-v1\dataset.npz.
2025-11-07 09:10:42,765 [INFO] Starting training...
2025-11-07 09:11:54,307 [INFO] Dataset size: 22826 clips
2025-11-07 09:11:54,364 [INFO] DataLoader created with num_workers=0 and pin_memory=False.
2025-11-07 09:12:13,379 [INFO] Starting training loop...
2025-11-07 09:23:31,716 [INFO] Checking for dataset...
2025-11-07 09:23:31,718 [INFO] Dataset found at D:\Github\neuromorphic_decision_transformer\data\CartPole-v1\dataset.npz.
2025-11-07 09:23:31,722 [INFO] Starting training...
2025-11-07 09:24:22,292 [INFO] Dataset size: 22826 clips
2025-11-07 09:24:22,320 [INFO] DataLoader created with num_workers=0 and pin_memory=False.
2025-11-07 09:28:19,691 [INFO] Checking for dataset...
2025-11-07 09:28:19,725 [INFO] Dataset found at D:\Github\neuromorphic_decision_transformer\data\CartPole-v1\dataset.npz.
2025-11-07 09:28:19,726 [INFO] Starting training...
2025-11-07 09:29:27,110 [INFO] Dataset size: 22826 clips
2025-11-07 09:29:27,149 [INFO] DataLoader created with num_workers=0 and pin_memory=False.
2025-11-07 09:29:42,850 [INFO] Starting training loop...
2025-11-07 09:53:58,753 [INFO] Checking for dataset...
2025-11-07 09:53:58,895 [INFO] Dataset found at D:\Github\neuromorphic_decision_transformer\data\CartPole-v1\dataset.npz.
2025-11-07 09:53:58,896 [INFO] Starting training...
2025-11-07 09:54:49,612 [INFO] Dataset size: 22826 clips
2025-11-07 09:54:49,645 [INFO] DataLoader created with num_workers=0 and pin_memory=False.
2025-11-07 09:55:00,870 [INFO] Starting training loop...
2025-11-07 10:05:01,467 [INFO] Checking for dataset...
2025-11-07 10:05:01,599 [INFO] Dataset found at D:\Github\neuromorphic_decision_transformer\data\CartPole-v1\dataset.npz.
2025-11-07 10:05:01,600 [INFO] Starting training...
2025-11-07 10:06:20,990 [INFO] Dataset size: 22826 clips
2025-11-07 10:06:21,146 [INFO] DataLoader created with num_workers=0 and pin_memory=False.
2025-11-07 10:06:38,540 [INFO] Starting training loop...
