2025-11-05 12:01:36.886656: E external/local_xla/xla/stream_executor/cuda/cuda_fft.cc:467] Unable to register cuFFT factory: Attempting to register factory for plugin cuFFT when one has already been registered
WARNING: All log messages before absl::InitializeLog() is called are written to STDERR
E0000 00:00:1762344096.931735   10094 cuda_dnn.cc:8579] Unable to register cuDNN factory: Attempting to register factory for plugin cuDNN when one has already been registered
E0000 00:00:1762344096.942001   10094 cuda_blas.cc:1407] Unable to register cuBLAS factory: Attempting to register factory for plugin cuBLAS when one has already been registered
W0000 00:00:1762344096.967004   10094 computation_placer.cc:177] computation placer already registered. Please check linkage and avoid linking the same target more than once.
W0000 00:00:1762344096.967046   10094 computation_placer.cc:177] computation placer already registered. Please check linkage and avoid linking the same target more than once.
W0000 00:00:1762344096.967055   10094 computation_placer.cc:177] computation placer already registered. Please check linkage and avoid linking the same target more than once.
W0000 00:00:1762344096.967062   10094 computation_placer.cc:177] computation placer already registered. Please check linkage and avoid linking the same target more than once.
2025-11-05 12:01:36.974215: I tensorflow/core/platform/cpu_feature_guard.cc:210] This TensorFlow binary is optimized to use available CPU instructions in performance-critical operations.
To enable the following instructions: AVX2 AVX512F FMA, in other operations, rebuild TensorFlow with the appropriate compiler flags.
2025-11-05 12:01:44,090 [INFO] Checking for dataset...
2025-11-05 12:01:44,090 [INFO] Dataset found at /content/neuromorphic_decision_transformer/neuromorphic_decision_transformer/data/Acrobot-v1/dataset.npz.
2025-11-05 12:01:44,090 [INFO] Starting training...
2025-11-05 12:01:44,279 [INFO] Dataset size: 1000 clips
2025-11-05 12:01:44,280 [INFO] DataLoader created with num_workers=0 and pin_memory=False.
2025-11-05 12:01:45,860 [INFO] Starting training loop...
Epoch 1/1000: 100% 16/16 [00:11<00:00,  1.42it/s, loss=1.1443]
Epoch 2/1000: 100% 16/16 [00:10<00:00,  1.59it/s, loss=1.1095]
Epoch 3/1000: 100% 16/16 [00:10<00:00,  1.58it/s, loss=1.1044]
Epoch 4/1000: 100% 16/16 [00:10<00:00,  1.56it/s, loss=1.1030]
Epoch 5/1000: 100% 16/16 [00:10<00:00,  1.55it/s, loss=1.1022]
Epoch 6/1000: 100% 16/16 [00:10<00:00,  1.53it/s, loss=1.1017]
Epoch 7/1000: 100% 16/16 [00:10<00:00,  1.52it/s, loss=1.1012]
Epoch 8/1000: 100% 16/16 [00:10<00:00,  1.49it/s, loss=1.1010]
Epoch 9/1000: 100% 16/16 [00:10<00:00,  1.49it/s, loss=1.1007]
Epoch 10/1000: 100% 16/16 [00:10<00:00,  1.48it/s, loss=1.1008]
2025-11-05 12:03:45,056 [INFO] Epoch 10/1000 | Time: 24.72s | Loss: 1.1008 | Eval Return: -500.00
2025-11-05 12:03:45,073 [INFO] New best eval return: -500.00. Saved best model.
Epoch 11/1000: 100% 16/16 [00:10<00:00,  1.49it/s, loss=1.1005]
Epoch 12/1000: 100% 16/16 [00:10<00:00,  1.49it/s, loss=1.1005]
Epoch 13/1000: 100% 16/16 [00:10<00:00,  1.47it/s, loss=1.1002]
Epoch 14/1000: 100% 16/16 [00:10<00:00,  1.48it/s, loss=1.1001]
Epoch 15/1000: 100% 16/16 [00:10<00:00,  1.48it/s, loss=1.1002]
Epoch 16/1000: 100% 16/16 [00:10<00:00,  1.49it/s, loss=1.0999]
Epoch 17/1000: 100% 16/16 [00:10<00:00,  1.50it/s, loss=1.0999]
Epoch 18/1000: 100% 16/16 [00:10<00:00,  1.49it/s, loss=1.0997]
Epoch 19/1000: 100% 16/16 [00:10<00:00,  1.49it/s, loss=1.0998]
Epoch 20/1000: 100% 16/16 [00:10<00:00,  1.49it/s, loss=1.0996]
2025-11-05 12:05:47,035 [INFO] Epoch 20/1000 | Time: 25.03s | Loss: 1.0996 | Eval Return: -500.00
Epoch 21/1000: 100% 16/16 [00:10<00:00,  1.49it/s, loss=1.0996]
Epoch 22/1000: 100% 16/16 [00:10<00:00,  1.48it/s, loss=1.0995]
Epoch 23/1000: 100% 16/16 [00:10<00:00,  1.46it/s, loss=1.0995]
Epoch 24/1000: 100% 16/16 [00:10<00:00,  1.48it/s, loss=1.0993]
Epoch 25/1000: 100% 16/16 [00:10<00:00,  1.49it/s, loss=1.0994]
Epoch 26/1000: 100% 16/16 [00:10<00:00,  1.49it/s, loss=1.0993]
Epoch 27/1000: 100% 16/16 [00:10<00:00,  1.50it/s, loss=1.0992]
Epoch 28/1000: 100% 16/16 [00:10<00:00,  1.49it/s, loss=1.0992]
Epoch 29/1000: 100% 16/16 [00:10<00:00,  1.49it/s, loss=1.0992]
Epoch 30/1000: 100% 16/16 [00:10<00:00,  1.49it/s, loss=1.0993]
2025-11-05 12:07:48,766 [INFO] Epoch 30/1000 | Time: 24.79s | Loss: 1.0993 | Eval Return: -499.90
2025-11-05 12:07:48,777 [INFO] New best eval return: -499.90. Saved best model.
Epoch 31/1000: 100% 16/16 [00:10<00:00,  1.49it/s, loss=1.0992]
Epoch 32/1000: 100% 16/16 [00:10<00:00,  1.48it/s, loss=1.0990]
Epoch 33/1000: 100% 16/16 [00:10<00:00,  1.47it/s, loss=1.0991]
Epoch 34/1000: 100% 16/16 [00:10<00:00,  1.48it/s, loss=1.0991]
Epoch 35/1000: 100% 16/16 [00:10<00:00,  1.49it/s, loss=1.0990]
Epoch 36/1000: 100% 16/16 [00:10<00:00,  1.50it/s, loss=1.0989]
Epoch 37/1000: 100% 16/16 [00:10<00:00,  1.50it/s, loss=1.0991]
Epoch 38/1000: 100% 16/16 [00:10<00:00,  1.49it/s, loss=1.0990]
Epoch 39/1000: 100% 16/16 [00:10<00:00,  1.49it/s, loss=1.0990]
Epoch 40/1000: 100% 16/16 [00:10<00:00,  1.49it/s, loss=1.0989]
2025-11-05 12:09:50,285 [INFO] Epoch 40/1000 | Time: 24.60s | Loss: 1.0989 | Eval Return: -500.00
Epoch 41/1000: 100% 16/16 [00:10<00:00,  1.48it/s, loss=1.0988]
Epoch 42/1000: 100% 16/16 [00:10<00:00,  1.48it/s, loss=1.0989]
Epoch 43/1000: 100% 16/16 [00:10<00:00,  1.46it/s, loss=1.0988]
Epoch 44/1000: 100% 16/16 [00:10<00:00,  1.48it/s, loss=1.0989]
Epoch 45/1000: 100% 16/16 [00:10<00:00,  1.49it/s, loss=1.0988]
Epoch 46/1000: 100% 16/16 [00:10<00:00,  1.49it/s, loss=1.0987]
Epoch 47/1000: 100% 16/16 [00:10<00:00,  1.50it/s, loss=1.0988]
Epoch 48/1000: 100% 16/16 [00:10<00:00,  1.49it/s, loss=1.0987]
Epoch 49/1000: 100% 16/16 [00:10<00:00,  1.49it/s, loss=1.0986]
Epoch 50/1000: 100% 16/16 [00:10<00:00,  1.49it/s, loss=1.0988]
2025-11-05 12:11:52,240 [INFO] Epoch 50/1000 | Time: 24.94s | Loss: 1.0988 | Eval Return: -500.00
Epoch 51/1000: 100% 16/16 [00:10<00:00,  1.49it/s, loss=1.0988]
Epoch 52/1000: 100% 16/16 [00:10<00:00,  1.49it/s, loss=1.0986]
Epoch 53/1000: 100% 16/16 [00:10<00:00,  1.46it/s, loss=1.0987]
Epoch 54/1000: 100% 16/16 [00:10<00:00,  1.48it/s, loss=1.0987]
Epoch 55/1000: 100% 16/16 [00:10<00:00,  1.49it/s, loss=1.0987]
Epoch 56/1000: 100% 16/16 [00:10<00:00,  1.49it/s, loss=1.0987]
Epoch 57/1000: 100% 16/16 [00:10<00:00,  1.50it/s, loss=1.0987]
Epoch 58/1000: 100% 16/16 [00:10<00:00,  1.49it/s, loss=1.0986]
Epoch 59/1000: 100% 16/16 [00:10<00:00,  1.49it/s, loss=1.0985]
Epoch 60/1000: 100% 16/16 [00:10<00:00,  1.49it/s, loss=1.0986]
2025-11-05 12:13:54,286 [INFO] Epoch 60/1000 | Time: 25.07s | Loss: 1.0986 | Eval Return: -500.00
Epoch 61/1000: 100% 16/16 [00:10<00:00,  1.48it/s, loss=1.0985]
Epoch 62/1000: 100% 16/16 [00:10<00:00,  1.48it/s, loss=1.0985]
Epoch 63/1000: 100% 16/16 [00:10<00:00,  1.46it/s, loss=1.0985]
Epoch 64/1000: 100% 16/16 [00:10<00:00,  1.48it/s, loss=1.0986]
Epoch 65/1000: 100% 16/16 [00:10<00:00,  1.48it/s, loss=1.0985]
Epoch 66/1000: 100% 16/16 [00:10<00:00,  1.49it/s, loss=1.0985]
Epoch 67/1000: 100% 16/16 [00:10<00:00,  1.50it/s, loss=1.0984]
Epoch 68/1000: 100% 16/16 [00:10<00:00,  1.49it/s, loss=1.0984]
Epoch 69/1000: 100% 16/16 [00:10<00:00,  1.49it/s, loss=1.0985]
Epoch 70/1000: 100% 16/16 [00:10<00:00,  1.49it/s, loss=1.0984]
2025-11-05 12:15:56,301 [INFO] Epoch 70/1000 | Time: 24.95s | Loss: 1.0984 | Eval Return: -500.00
Epoch 71/1000: 100% 16/16 [00:10<00:00,  1.48it/s, loss=1.0984]
Epoch 72/1000: 100% 16/16 [00:10<00:00,  1.48it/s, loss=1.0984]
Epoch 73/1000: 100% 16/16 [00:10<00:00,  1.46it/s, loss=1.0984]
Epoch 74/1000: 100% 16/16 [00:10<00:00,  1.48it/s, loss=1.0983]
Epoch 75/1000: 100% 16/16 [00:10<00:00,  1.49it/s, loss=1.0983]
Epoch 76/1000: 100% 16/16 [00:10<00:00,  1.49it/s, loss=1.0983]
Epoch 77/1000: 100% 16/16 [00:10<00:00,  1.50it/s, loss=1.0982]
Epoch 78/1000: 100% 16/16 [00:10<00:00,  1.49it/s, loss=1.0983]
Epoch 79/1000: 100% 16/16 [00:10<00:00,  1.49it/s, loss=1.0982]
Epoch 80/1000: 100% 16/16 [00:10<00:00,  1.49it/s, loss=1.0982]
2025-11-05 12:17:57,824 [INFO] Epoch 80/1000 | Time: 24.49s | Loss: 1.0982 | Eval Return: -500.00
Epoch 81/1000: 100% 16/16 [00:10<00:00,  1.48it/s, loss=1.0982]
Epoch 82/1000: 100% 16/16 [00:10<00:00,  1.48it/s, loss=1.0982]
Epoch 83/1000: 100% 16/16 [00:10<00:00,  1.46it/s, loss=1.0982]
Epoch 84/1000: 100% 16/16 [00:10<00:00,  1.48it/s, loss=1.0981]
Epoch 85/1000: 100% 16/16 [00:10<00:00,  1.49it/s, loss=1.0981]
Epoch 86/1000: 100% 16/16 [00:10<00:00,  1.50it/s, loss=1.0981]
Epoch 87/1000: 100% 16/16 [00:10<00:00,  1.49it/s, loss=1.0980]
Epoch 88/1000: 100% 16/16 [00:10<00:00,  1.49it/s, loss=1.0980]
Epoch 89/1000: 100% 16/16 [00:10<00:00,  1.49it/s, loss=1.0980]
Epoch 90/1000: 100% 16/16 [00:10<00:00,  1.49it/s, loss=1.0979]
2025-11-05 12:19:59,660 [INFO] Epoch 90/1000 | Time: 24.82s | Loss: 1.0979 | Eval Return: -500.00
Epoch 91/1000: 100% 16/16 [00:10<00:00,  1.48it/s, loss=1.0979]
Epoch 92/1000: 100% 16/16 [00:10<00:00,  1.48it/s, loss=1.0979]
Epoch 93/1000: 100% 16/16 [00:10<00:00,  1.46it/s, loss=1.0979]
Epoch 94/1000: 100% 16/16 [00:10<00:00,  1.48it/s, loss=1.0978]
Epoch 95/1000: 100% 16/16 [00:10<00:00,  1.49it/s, loss=1.0978]
Epoch 96/1000: 100% 16/16 [00:10<00:00,  1.49it/s, loss=1.0977]
Epoch 97/1000: 100% 16/16 [00:10<00:00,  1.50it/s, loss=1.0977]
Epoch 98/1000: 100% 16/16 [00:10<00:00,  1.49it/s, loss=1.0979]
Epoch 99/1000: 100% 16/16 [00:10<00:00,  1.48it/s, loss=1.0977]
Epoch 100/1000: 100% 16/16 [00:10<00:00,  1.49it/s, loss=1.0977]
2025-11-05 12:22:02,049 [INFO] Epoch 100/1000 | Time: 25.30s | Loss: 1.0977 | Eval Return: -500.00
Epoch 101/1000: 100% 16/16 [00:10<00:00,  1.48it/s, loss=1.0976]
Epoch 102/1000: 100% 16/16 [00:10<00:00,  1.48it/s, loss=1.0975]
Epoch 103/1000: 100% 16/16 [00:10<00:00,  1.46it/s, loss=1.0974]
Epoch 104/1000: 100% 16/16 [00:10<00:00,  1.48it/s, loss=1.0974]
Epoch 105/1000: 100% 16/16 [00:10<00:00,  1.49it/s, loss=1.0974]
Epoch 106/1000: 100% 16/16 [00:10<00:00,  1.50it/s, loss=1.0974]
Epoch 107/1000: 100% 16/16 [00:10<00:00,  1.50it/s, loss=1.0975]
Epoch 108/1000: 100% 16/16 [00:10<00:00,  1.49it/s, loss=1.0973]
Epoch 109/1000: 100% 16/16 [00:10<00:00,  1.49it/s, loss=1.0972]
Epoch 110/1000: 100% 16/16 [00:10<00:00,  1.49it/s, loss=1.0973]
2025-11-05 12:24:03,886 [INFO] Epoch 110/1000 | Time: 24.81s | Loss: 1.0973 | Eval Return: -500.00
Epoch 111/1000: 100% 16/16 [00:10<00:00,  1.48it/s, loss=1.0972]
Epoch 112/1000: 100% 16/16 [00:10<00:00,  1.48it/s, loss=1.0971]
Epoch 113/1000: 100% 16/16 [00:10<00:00,  1.46it/s, loss=1.0970]
Epoch 114/1000: 100% 16/16 [00:10<00:00,  1.48it/s, loss=1.0970]
Epoch 115/1000: 100% 16/16 [00:10<00:00,  1.48it/s, loss=1.0969]
Epoch 116/1000: 100% 16/16 [00:10<00:00,  1.49it/s, loss=1.0969]
Epoch 117/1000: 100% 16/16 [00:10<00:00,  1.50it/s, loss=1.0969]
Epoch 118/1000: 100% 16/16 [00:10<00:00,  1.49it/s, loss=1.0968]
Epoch 119/1000: 100% 16/16 [00:10<00:00,  1.49it/s, loss=1.0968]
Epoch 120/1000: 100% 16/16 [00:10<00:00,  1.49it/s, loss=1.0967]
2025-11-05 12:26:05,819 [INFO] Epoch 120/1000 | Time: 24.90s | Loss: 1.0967 | Eval Return: -500.00
Epoch 121/1000: 100% 16/16 [00:10<00:00,  1.48it/s, loss=1.0967]
Epoch 122/1000: 100% 16/16 [00:10<00:00,  1.48it/s, loss=1.0968]
Epoch 123/1000: 100% 16/16 [00:10<00:00,  1.46it/s, loss=1.0967]
Epoch 124/1000: 100% 16/16 [00:10<00:00,  1.48it/s, loss=1.0965]
Epoch 125/1000: 100% 16/16 [00:10<00:00,  1.49it/s, loss=1.0966]
Epoch 126/1000: 100% 16/16 [00:10<00:00,  1.50it/s, loss=1.0965]
Epoch 127/1000: 100% 16/16 [00:10<00:00,  1.50it/s, loss=1.0964]
Epoch 128/1000: 100% 16/16 [00:10<00:00,  1.49it/s, loss=1.0963]
Epoch 129/1000: 100% 16/16 [00:10<00:00,  1.49it/s, loss=1.0962]
Epoch 130/1000: 100% 16/16 [00:10<00:00,  1.49it/s, loss=1.0962]
2025-11-05 12:28:07,299 [INFO] Epoch 130/1000 | Time: 24.51s | Loss: 1.0962 | Eval Return: -500.00
Epoch 131/1000: 100% 16/16 [00:10<00:00,  1.48it/s, loss=1.0960]
Epoch 132/1000: 100% 16/16 [00:10<00:00,  1.48it/s, loss=1.0961]
Epoch 133/1000: 100% 16/16 [00:10<00:00,  1.47it/s, loss=1.0960]
Epoch 134/1000: 100% 16/16 [00:10<00:00,  1.48it/s, loss=1.0960]
Epoch 135/1000: 100% 16/16 [00:10<00:00,  1.49it/s, loss=1.0960]
Epoch 136/1000: 100% 16/16 [00:10<00:00,  1.49it/s, loss=1.0958]
Epoch 137/1000: 100% 16/16 [00:10<00:00,  1.50it/s, loss=1.0958]
Epoch 138/1000: 100% 16/16 [00:10<00:00,  1.49it/s, loss=1.0958]
Epoch 139/1000: 100% 16/16 [00:10<00:00,  1.49it/s, loss=1.0956]
Epoch 140/1000: 100% 16/16 [00:10<00:00,  1.49it/s, loss=1.0956]
2025-11-05 12:30:08,810 [INFO] Epoch 140/1000 | Time: 24.53s | Loss: 1.0956 | Eval Return: -500.00
Epoch 141/1000: 100% 16/16 [00:10<00:00,  1.48it/s, loss=1.0955]
Epoch 142/1000: 100% 16/16 [00:10<00:00,  1.48it/s, loss=1.0953]
Epoch 143/1000: 100% 16/16 [00:10<00:00,  1.46it/s, loss=1.0953]
Epoch 144/1000: 100% 16/16 [00:10<00:00,  1.48it/s, loss=1.0953]
Epoch 145/1000: 100% 16/16 [00:10<00:00,  1.49it/s, loss=1.0953]
Epoch 146/1000: 100% 16/16 [00:10<00:00,  1.49it/s, loss=1.0952]
Epoch 147/1000: 100% 16/16 [00:10<00:00,  1.50it/s, loss=1.0950]
Epoch 148/1000: 100% 16/16 [00:10<00:00,  1.49it/s, loss=1.0949]
Epoch 149/1000: 100% 16/16 [00:10<00:00,  1.48it/s, loss=1.0950]
Epoch 150/1000: 100% 16/16 [00:10<00:00,  1.49it/s, loss=1.0950]
2025-11-05 12:32:10,073 [INFO] Epoch 150/1000 | Time: 24.23s | Loss: 1.0950 | Eval Return: -500.00
Epoch 151/1000: 100% 16/16 [00:10<00:00,  1.48it/s, loss=1.0946]
Epoch 152/1000: 100% 16/16 [00:10<00:00,  1.48it/s, loss=1.0948]
Epoch 153/1000: 100% 16/16 [00:10<00:00,  1.46it/s, loss=1.0946]
Epoch 154/1000: 100% 16/16 [00:10<00:00,  1.48it/s, loss=1.0946]
Epoch 155/1000: 100% 16/16 [00:10<00:00,  1.49it/s, loss=1.0945]
Epoch 156/1000: 100% 16/16 [00:10<00:00,  1.49it/s, loss=1.0944]
Epoch 157/1000: 100% 16/16 [00:10<00:00,  1.50it/s, loss=1.0943]
Epoch 158/1000: 100% 16/16 [00:10<00:00,  1.49it/s, loss=1.0943]
Epoch 159/1000: 100% 16/16 [00:10<00:00,  1.49it/s, loss=1.0942]
Epoch 160/1000: 100% 16/16 [00:10<00:00,  1.49it/s, loss=1.0939]
2025-11-05 12:34:11,358 [INFO] Epoch 160/1000 | Time: 24.25s | Loss: 1.0939 | Eval Return: -500.00
Epoch 161/1000: 100% 16/16 [00:10<00:00,  1.48it/s, loss=1.0940]
Epoch 162/1000: 100% 16/16 [00:10<00:00,  1.48it/s, loss=1.0938]
Epoch 163/1000: 100% 16/16 [00:10<00:00,  1.46it/s, loss=1.0936]
Epoch 164/1000: 100% 16/16 [00:10<00:00,  1.48it/s, loss=1.0936]
Epoch 165/1000: 100% 16/16 [00:10<00:00,  1.49it/s, loss=1.0936]
Epoch 166/1000: 100% 16/16 [00:10<00:00,  1.49it/s, loss=1.0936]
Epoch 167/1000: 100% 16/16 [00:10<00:00,  1.50it/s, loss=1.0935]
Epoch 168/1000: 100% 16/16 [00:10<00:00,  1.49it/s, loss=1.0934]
Epoch 169/1000: 100% 16/16 [00:10<00:00,  1.49it/s, loss=1.0932]
Epoch 170/1000: 100% 16/16 [00:10<00:00,  1.49it/s, loss=1.0930]
2025-11-05 12:36:12,617 [INFO] Epoch 170/1000 | Time: 24.22s | Loss: 1.0930 | Eval Return: -500.00
Epoch 171/1000: 100% 16/16 [00:10<00:00,  1.48it/s, loss=1.0930]
Epoch 172/1000: 100% 16/16 [00:10<00:00,  1.48it/s, loss=1.0930]
Epoch 173/1000: 100% 16/16 [00:10<00:00,  1.46it/s, loss=1.0929]
Epoch 174/1000: 100% 16/16 [00:10<00:00,  1.48it/s, loss=1.0927]
Epoch 175/1000: 100% 16/16 [00:10<00:00,  1.49it/s, loss=1.0925]
Epoch 176/1000: 100% 16/16 [00:10<00:00,  1.50it/s, loss=1.0927]
Epoch 177/1000: 100% 16/16 [00:10<00:00,  1.50it/s, loss=1.0923]
Epoch 178/1000: 100% 16/16 [00:10<00:00,  1.49it/s, loss=1.0923]
Epoch 179/1000: 100% 16/16 [00:10<00:00,  1.49it/s, loss=1.0922]
Epoch 180/1000: 100% 16/16 [00:10<00:00,  1.49it/s, loss=1.0921]
2025-11-05 12:38:13,883 [INFO] Epoch 180/1000 | Time: 24.31s | Loss: 1.0921 | Eval Return: -500.00
Epoch 181/1000: 100% 16/16 [00:10<00:00,  1.48it/s, loss=1.0921]
Epoch 182/1000: 100% 16/16 [00:10<00:00,  1.48it/s, loss=1.0921]
Epoch 183/1000: 100% 16/16 [00:10<00:00,  1.46it/s, loss=1.0922]
Epoch 184/1000: 100% 16/16 [00:10<00:00,  1.48it/s, loss=1.0917]
Epoch 185/1000: 100% 16/16 [00:10<00:00,  1.49it/s, loss=1.0918]
Epoch 186/1000: 100% 16/16 [00:10<00:00,  1.49it/s, loss=1.0916]
Epoch 187/1000: 100% 16/16 [00:10<00:00,  1.50it/s, loss=1.0914]
Epoch 188/1000: 100% 16/16 [00:10<00:00,  1.49it/s, loss=1.0915]
Epoch 189/1000: 100% 16/16 [00:10<00:00,  1.49it/s, loss=1.0915]
Epoch 190/1000: 100% 16/16 [00:10<00:00,  1.49it/s, loss=1.0914]
2025-11-05 12:40:13,536 [INFO] Epoch 190/1000 | Time: 22.67s | Loss: 1.0914 | Eval Return: -441.10
2025-11-05 12:40:13,549 [INFO] New best eval return: -441.10. Saved best model.
Epoch 191/1000: 100% 16/16 [00:10<00:00,  1.48it/s, loss=1.0912]
Epoch 192/1000: 100% 16/16 [00:10<00:00,  1.49it/s, loss=1.0912]
Epoch 193/1000: 100% 16/16 [00:10<00:00,  1.47it/s, loss=1.0909]
Epoch 194/1000: 100% 16/16 [00:10<00:00,  1.48it/s, loss=1.0909]
Epoch 195/1000: 100% 16/16 [00:10<00:00,  1.49it/s, loss=1.0906]
Epoch 196/1000: 100% 16/16 [00:10<00:00,  1.50it/s, loss=1.0906]
Epoch 197/1000: 100% 16/16 [00:10<00:00,  1.49it/s, loss=1.0906]
Epoch 198/1000: 100% 16/16 [00:10<00:00,  1.49it/s, loss=1.0905]
Epoch 199/1000: 100% 16/16 [00:10<00:00,  1.48it/s, loss=1.0906]
Epoch 200/1000: 100% 16/16 [00:10<00:00,  1.49it/s, loss=1.0902]
2025-11-05 12:42:11,677 [INFO] Epoch 200/1000 | Time: 21.15s | Loss: 1.0902 | Eval Return: -378.60
2025-11-05 12:42:11,687 [INFO] New best eval return: -378.60. Saved best model.
Epoch 201/1000: 100% 16/16 [00:10<00:00,  1.48it/s, loss=1.0901]
Epoch 202/1000: 100% 16/16 [00:10<00:00,  1.48it/s, loss=1.0901]
Epoch 203/1000: 100% 16/16 [00:10<00:00,  1.48it/s, loss=1.0899]
Epoch 204/1000: 100% 16/16 [00:10<00:00,  1.48it/s, loss=1.0900]
Epoch 205/1000: 100% 16/16 [00:10<00:00,  1.49it/s, loss=1.0898]
Epoch 206/1000: 100% 16/16 [00:10<00:00,  1.49it/s, loss=1.0899]
Epoch 207/1000: 100% 16/16 [00:10<00:00,  1.49it/s, loss=1.0895]
Epoch 208/1000: 100% 16/16 [00:10<00:00,  1.49it/s, loss=1.0897]
Epoch 209/1000: 100% 16/16 [00:10<00:00,  1.49it/s, loss=1.0894]
Epoch 210/1000: 100% 16/16 [00:10<00:00,  1.49it/s, loss=1.0894]
2025-11-05 12:44:08,456 [INFO] Epoch 210/1000 | Time: 19.84s | Loss: 1.0894 | Eval Return: -327.40
2025-11-05 12:44:08,467 [INFO] New best eval return: -327.40. Saved best model.
Epoch 211/1000: 100% 16/16 [00:10<00:00,  1.48it/s, loss=1.0891]
Epoch 212/1000: 100% 16/16 [00:10<00:00,  1.48it/s, loss=1.0890]
Epoch 213/1000: 100% 16/16 [00:10<00:00,  1.48it/s, loss=1.0890]
Epoch 214/1000: 100% 16/16 [00:10<00:00,  1.48it/s, loss=1.0890]
Epoch 215/1000: 100% 16/16 [00:10<00:00,  1.49it/s, loss=1.0888]
Epoch 216/1000: 100% 16/16 [00:10<00:00,  1.49it/s, loss=1.0888]
Epoch 217/1000: 100% 16/16 [00:10<00:00,  1.49it/s, loss=1.0886]
Epoch 218/1000: 100% 16/16 [00:10<00:00,  1.49it/s, loss=1.0885]
Epoch 219/1000: 100% 16/16 [00:10<00:00,  1.49it/s, loss=1.0883]
Epoch 220/1000: 100% 16/16 [00:10<00:00,  1.49it/s, loss=1.0885]
2025-11-05 12:46:04,924 [INFO] Epoch 220/1000 | Time: 19.48s | Loss: 1.0885 | Eval Return: -316.10
2025-11-05 12:46:04,934 [INFO] New best eval return: -316.10. Saved best model.
Epoch 221/1000: 100% 16/16 [00:10<00:00,  1.48it/s, loss=1.0884]
Epoch 222/1000: 100% 16/16 [00:10<00:00,  1.49it/s, loss=1.0882]
Epoch 223/1000: 100% 16/16 [00:10<00:00,  1.48it/s, loss=1.0879]
Epoch 224/1000: 100% 16/16 [00:10<00:00,  1.49it/s, loss=1.0879]
Epoch 225/1000: 100% 16/16 [00:10<00:00,  1.49it/s, loss=1.0878]
Epoch 226/1000: 100% 16/16 [00:10<00:00,  1.49it/s, loss=1.0878]
Epoch 227/1000: 100% 16/16 [00:10<00:00,  1.49it/s, loss=1.0875]
Epoch 228/1000: 100% 16/16 [00:10<00:00,  1.49it/s, loss=1.0875]
Epoch 229/1000: 100% 16/16 [00:10<00:00,  1.49it/s, loss=1.0875]
Epoch 230/1000: 100% 16/16 [00:10<00:00,  1.49it/s, loss=1.0873]
2025-11-05 12:48:02,179 [INFO] Epoch 230/1000 | Time: 20.32s | Loss: 1.0873 | Eval Return: -358.90
Epoch 231/1000: 100% 16/16 [00:10<00:00,  1.49it/s, loss=1.0871]
Epoch 232/1000: 100% 16/16 [00:10<00:00,  1.49it/s, loss=1.0872]
Epoch 233/1000: 100% 16/16 [00:10<00:00,  1.47it/s, loss=1.0872]
Epoch 234/1000: 100% 16/16 [00:10<00:00,  1.48it/s, loss=1.0868]
Epoch 235/1000: 100% 16/16 [00:10<00:00,  1.49it/s, loss=1.0865]
Epoch 236/1000: 100% 16/16 [00:10<00:00,  1.49it/s, loss=1.0868]
Epoch 237/1000: 100% 16/16 [00:10<00:00,  1.49it/s, loss=1.0866]
Epoch 238/1000: 100% 16/16 [00:10<00:00,  1.49it/s, loss=1.0867]
Epoch 239/1000: 100% 16/16 [00:10<00:00,  1.48it/s, loss=1.0866]
Epoch 240/1000: 100% 16/16 [00:10<00:00,  1.48it/s, loss=1.0864]
2025-11-05 12:50:00,531 [INFO] Epoch 240/1000 | Time: 21.37s | Loss: 1.0864 | Eval Return: -402.50
Epoch 241/1000: 100% 16/16 [00:10<00:00,  1.48it/s, loss=1.0861]
Epoch 242/1000: 100% 16/16 [00:10<00:00,  1.48it/s, loss=1.0861]
Epoch 243/1000: 100% 16/16 [00:10<00:00,  1.47it/s, loss=1.0860]
Epoch 244/1000: 100% 16/16 [00:10<00:00,  1.48it/s, loss=1.0860]
Epoch 245/1000: 100% 16/16 [00:10<00:00,  1.48it/s, loss=1.0859]
Epoch 246/1000: 100% 16/16 [00:10<00:00,  1.49it/s, loss=1.0857]
Epoch 247/1000: 100% 16/16 [00:10<00:00,  1.49it/s, loss=1.0855]
Epoch 248/1000: 100% 16/16 [00:10<00:00,  1.49it/s, loss=1.0854]
Epoch 249/1000: 100% 16/16 [00:10<00:00,  1.49it/s, loss=1.0853]
Epoch 250/1000: 100% 16/16 [00:10<00:00,  1.48it/s, loss=1.0850]
2025-11-05 12:51:56,759 [INFO] Epoch 250/1000 | Time: 19.17s | Loss: 1.0850 | Eval Return: -304.10
2025-11-05 12:51:56,770 [INFO] New best eval return: -304.10. Saved best model.
Epoch 251/1000: 100% 16/16 [00:10<00:00,  1.48it/s, loss=1.0849]
Epoch 252/1000: 100% 16/16 [00:10<00:00,  1.49it/s, loss=1.0849]
Epoch 253/1000: 100% 16/16 [00:10<00:00,  1.48it/s, loss=1.0850]
Epoch 254/1000: 100% 16/16 [00:10<00:00,  1.48it/s, loss=1.0849]
Epoch 255/1000: 100% 16/16 [00:10<00:00,  1.49it/s, loss=1.0847]
Epoch 256/1000: 100% 16/16 [00:10<00:00,  1.49it/s, loss=1.0847]
Epoch 257/1000: 100% 16/16 [00:10<00:00,  1.49it/s, loss=1.0844]
Epoch 258/1000: 100% 16/16 [00:10<00:00,  1.49it/s, loss=1.0842]
Epoch 259/1000: 100% 16/16 [00:10<00:00,  1.49it/s, loss=1.0843]
Epoch 260/1000: 100% 16/16 [00:10<00:00,  1.49it/s, loss=1.0839]
2025-11-05 12:53:54,585 [INFO] Epoch 260/1000 | Time: 20.87s | Loss: 1.0839 | Eval Return: -373.30
Epoch 261/1000: 100% 16/16 [00:10<00:00,  1.48it/s, loss=1.0838]
Epoch 262/1000: 100% 16/16 [00:10<00:00,  1.48it/s, loss=1.0840]
Epoch 263/1000: 100% 16/16 [00:10<00:00,  1.47it/s, loss=1.0835]
Epoch 264/1000: 100% 16/16 [00:10<00:00,  1.48it/s, loss=1.0837]
Epoch 265/1000: 100% 16/16 [00:10<00:00,  1.49it/s, loss=1.0833]
Epoch 266/1000: 100% 16/16 [00:10<00:00,  1.49it/s, loss=1.0834]
Epoch 267/1000: 100% 16/16 [00:10<00:00,  1.49it/s, loss=1.0833]
Epoch 268/1000: 100% 16/16 [00:10<00:00,  1.48it/s, loss=1.0829]
Epoch 269/1000: 100% 16/16 [00:10<00:00,  1.49it/s, loss=1.0829]
Epoch 270/1000: 100% 16/16 [00:10<00:00,  1.49it/s, loss=1.0827]
2025-11-05 12:55:49,772 [INFO] Epoch 270/1000 | Time: 18.07s | Loss: 1.0827 | Eval Return: -260.70
2025-11-05 12:55:49,792 [INFO] New best eval return: -260.70. Saved best model.
Epoch 271/1000: 100% 16/16 [00:10<00:00,  1.48it/s, loss=1.0829]
Epoch 272/1000: 100% 16/16 [00:10<00:00,  1.48it/s, loss=1.0827]
Epoch 273/1000: 100% 16/16 [00:10<00:00,  1.48it/s, loss=1.0827]
Epoch 274/1000: 100% 16/16 [00:10<00:00,  1.48it/s, loss=1.0823]
Epoch 275/1000: 100% 16/16 [00:10<00:00,  1.49it/s, loss=1.0821]
Epoch 276/1000: 100% 16/16 [00:10<00:00,  1.49it/s, loss=1.0822]
Epoch 277/1000: 100% 16/16 [00:10<00:00,  1.49it/s, loss=1.0819]
Epoch 278/1000: 100% 16/16 [00:10<00:00,  1.49it/s, loss=1.0814]
Epoch 279/1000: 100% 16/16 [00:10<00:00,  1.49it/s, loss=1.0818]
Epoch 280/1000: 100% 16/16 [00:10<00:00,  1.48it/s, loss=1.0817]
2025-11-05 12:57:44,306 [INFO] Epoch 280/1000 | Time: 17.53s | Loss: 1.0817 | Eval Return: -244.20
2025-11-05 12:57:44,316 [INFO] New best eval return: -244.20. Saved best model.
Epoch 281/1000: 100% 16/16 [00:10<00:00,  1.48it/s, loss=1.0812]
Epoch 282/1000: 100% 16/16 [00:10<00:00,  1.49it/s, loss=1.0815]
Epoch 283/1000: 100% 16/16 [00:10<00:00,  1.48it/s, loss=1.0812]
Epoch 284/1000: 100% 16/16 [00:10<00:00,  1.48it/s, loss=1.0812]
Epoch 285/1000: 100% 16/16 [00:10<00:00,  1.49it/s, loss=1.0806]
Epoch 286/1000: 100% 16/16 [00:10<00:00,  1.49it/s, loss=1.0808]
Epoch 287/1000: 100% 16/16 [00:10<00:00,  1.49it/s, loss=1.0808]
Epoch 288/1000: 100% 16/16 [00:10<00:00,  1.49it/s, loss=1.0806]
Epoch 289/1000: 100% 16/16 [00:10<00:00,  1.49it/s, loss=1.0803]
Epoch 290/1000: 100% 16/16 [00:10<00:00,  1.49it/s, loss=1.0806]
2025-11-05 12:59:38,357 [INFO] Epoch 290/1000 | Time: 17.13s | Loss: 1.0806 | Eval Return: -216.00
2025-11-05 12:59:38,374 [INFO] New best eval return: -216.00. Saved best model.
Epoch 291/1000: 100% 16/16 [00:10<00:00,  1.48it/s, loss=1.0804]
Epoch 292/1000: 100% 16/16 [00:10<00:00,  1.48it/s, loss=1.0804]
Epoch 293/1000: 100% 16/16 [00:10<00:00,  1.48it/s, loss=1.0798]
Epoch 294/1000: 100% 16/16 [00:10<00:00,  1.49it/s, loss=1.0796]
Epoch 295/1000: 100% 16/16 [00:10<00:00,  1.49it/s, loss=1.0798]
Epoch 296/1000: 100% 16/16 [00:10<00:00,  1.49it/s, loss=1.0796]
Epoch 297/1000: 100% 16/16 [00:10<00:00,  1.49it/s, loss=1.0796]
Epoch 298/1000: 100% 16/16 [00:10<00:00,  1.49it/s, loss=1.0793]
Epoch 299/1000: 100% 16/16 [00:10<00:00,  1.49it/s, loss=1.0789]
Epoch 300/1000: 100% 16/16 [00:10<00:00,  1.49it/s, loss=1.0790]
2025-11-05 13:01:31,927 [INFO] Epoch 300/1000 | Time: 16.56s | Loss: 1.0790 | Eval Return: -219.10
Epoch 301/1000: 100% 16/16 [00:10<00:00,  1.48it/s, loss=1.0788]
Epoch 302/1000: 100% 16/16 [00:10<00:00,  1.48it/s, loss=1.0788]
Epoch 303/1000: 100% 16/16 [00:10<00:00,  1.48it/s, loss=1.0786]
Epoch 304/1000: 100% 16/16 [00:10<00:00,  1.48it/s, loss=1.0782]
Epoch 305/1000: 100% 16/16 [00:10<00:00,  1.49it/s, loss=1.0783]
Epoch 306/1000: 100% 16/16 [00:10<00:00,  1.49it/s, loss=1.0783]
Epoch 307/1000: 100% 16/16 [00:10<00:00,  1.49it/s, loss=1.0778]
Epoch 308/1000: 100% 16/16 [00:10<00:00,  1.49it/s, loss=1.0782]
Epoch 309/1000: 100% 16/16 [00:10<00:00,  1.49it/s, loss=1.0778]
Epoch 310/1000: 100% 16/16 [00:10<00:00,  1.49it/s, loss=1.0780]
2025-11-05 13:03:25,704 [INFO] Epoch 310/1000 | Time: 16.80s | Loss: 1.0780 | Eval Return: -209.30
2025-11-05 13:03:25,719 [INFO] New best eval return: -209.30. Saved best model.
Epoch 311/1000: 100% 16/16 [00:10<00:00,  1.48it/s, loss=1.0774]
Epoch 312/1000: 100% 16/16 [00:10<00:00,  1.49it/s, loss=1.0775]
Epoch 313/1000: 100% 16/16 [00:10<00:00,  1.48it/s, loss=1.0773]
Epoch 314/1000: 100% 16/16 [00:10<00:00,  1.48it/s, loss=1.0770]
Epoch 315/1000: 100% 16/16 [00:10<00:00,  1.49it/s, loss=1.0769]
Epoch 316/1000: 100% 16/16 [00:10<00:00,  1.48it/s, loss=1.0766]
Epoch 317/1000: 100% 16/16 [00:10<00:00,  1.49it/s, loss=1.0766]
Epoch 318/1000: 100% 16/16 [00:10<00:00,  1.49it/s, loss=1.0765]
Epoch 319/1000: 100% 16/16 [00:10<00:00,  1.49it/s, loss=1.0765]
Epoch 320/1000: 100% 16/16 [00:10<00:00,  1.49it/s, loss=1.0762]
2025-11-05 13:05:19,091 [INFO] Epoch 320/1000 | Time: 16.42s | Loss: 1.0762 | Eval Return: -198.70
2025-11-05 13:05:19,102 [INFO] New best eval return: -198.70. Saved best model.
Epoch 321/1000: 100% 16/16 [00:10<00:00,  1.47it/s, loss=1.0763]
Epoch 322/1000: 100% 16/16 [00:10<00:00,  1.48it/s, loss=1.0757]
Epoch 323/1000: 100% 16/16 [00:10<00:00,  1.48it/s, loss=1.0755]
Epoch 324/1000: 100% 16/16 [00:10<00:00,  1.48it/s, loss=1.0753]
Epoch 325/1000: 100% 16/16 [00:10<00:00,  1.49it/s, loss=1.0751]
Epoch 326/1000: 100% 16/16 [00:10<00:00,  1.49it/s, loss=1.0752]
Epoch 327/1000: 100% 16/16 [00:10<00:00,  1.49it/s, loss=1.0747]
Epoch 328/1000: 100% 16/16 [00:10<00:00,  1.48it/s, loss=1.0753]
Epoch 329/1000: 100% 16/16 [00:10<00:00,  1.49it/s, loss=1.0745]
Epoch 330/1000: 100% 16/16 [00:10<00:00,  1.49it/s, loss=1.0745]
2025-11-05 13:07:13,204 [INFO] Epoch 330/1000 | Time: 17.10s | Loss: 1.0745 | Eval Return: -228.00
Epoch 331/1000: 100% 16/16 [00:10<00:00,  1.48it/s, loss=1.0747]
Epoch 332/1000: 100% 16/16 [00:10<00:00,  1.48it/s, loss=1.0742]
Epoch 333/1000: 100% 16/16 [00:10<00:00,  1.48it/s, loss=1.0742]
Epoch 334/1000: 100% 16/16 [00:10<00:00,  1.48it/s, loss=1.0740]
Epoch 335/1000: 100% 16/16 [00:10<00:00,  1.49it/s, loss=1.0739]
Epoch 336/1000: 100% 16/16 [00:10<00:00,  1.49it/s, loss=1.0734]
Epoch 337/1000: 100% 16/16 [00:10<00:00,  1.49it/s, loss=1.0733]
Epoch 338/1000: 100% 16/16 [00:10<00:00,  1.49it/s, loss=1.0731]
Epoch 339/1000: 100% 16/16 [00:10<00:00,  1.49it/s, loss=1.0731]
Epoch 340/1000: 100% 16/16 [00:10<00:00,  1.48it/s, loss=1.0732]
2025-11-05 13:09:06,466 [INFO] Epoch 340/1000 | Time: 16.30s | Loss: 1.0732 | Eval Return: -189.10
2025-11-05 13:09:06,477 [INFO] New best eval return: -189.10. Saved best model.
Epoch 341/1000: 100% 16/16 [00:10<00:00,  1.48it/s, loss=1.0732]
Epoch 342/1000: 100% 16/16 [00:10<00:00,  1.49it/s, loss=1.0726]
Epoch 343/1000: 100% 16/16 [00:10<00:00,  1.48it/s, loss=1.0723]
Epoch 344/1000: 100% 16/16 [00:10<00:00,  1.49it/s, loss=1.0724]
Epoch 345/1000: 100% 16/16 [00:10<00:00,  1.49it/s, loss=1.0724]
Epoch 346/1000: 100% 16/16 [00:10<00:00,  1.49it/s, loss=1.0719]
Epoch 347/1000: 100% 16/16 [00:10<00:00,  1.49it/s, loss=1.0717]
Epoch 348/1000: 100% 16/16 [00:10<00:00,  1.49it/s, loss=1.0716]
Epoch 349/1000: 100% 16/16 [00:10<00:00,  1.49it/s, loss=1.0715]
Epoch 350/1000: 100% 16/16 [00:10<00:00,  1.49it/s, loss=1.0716]
2025-11-05 13:10:58,738 [INFO] Epoch 350/1000 | Time: 15.31s | Loss: 1.0716 | Eval Return: -171.30
2025-11-05 13:10:58,748 [INFO] New best eval return: -171.30. Saved best model.
Epoch 351/1000: 100% 16/16 [00:10<00:00,  1.47it/s, loss=1.0714]
Epoch 352/1000: 100% 16/16 [00:10<00:00,  1.49it/s, loss=1.0705]
Epoch 353/1000: 100% 16/16 [00:10<00:00,  1.49it/s, loss=1.0709]
Epoch 354/1000: 100% 16/16 [00:10<00:00,  1.49it/s, loss=1.0706]
Epoch 355/1000: 100% 16/16 [00:10<00:00,  1.49it/s, loss=1.0707]
Epoch 356/1000: 100% 16/16 [00:10<00:00,  1.49it/s, loss=1.0700]
Epoch 357/1000: 100% 16/16 [00:10<00:00,  1.49it/s, loss=1.0700]
Epoch 358/1000: 100% 16/16 [00:10<00:00,  1.49it/s, loss=1.0702]
Epoch 359/1000: 100% 16/16 [00:10<00:00,  1.49it/s, loss=1.0697]
Epoch 360/1000: 100% 16/16 [00:10<00:00,  1.49it/s, loss=1.0698]
2025-11-05 13:12:52,739 [INFO] Epoch 360/1000 | Time: 17.00s | Loss: 1.0698 | Eval Return: -208.90
Epoch 361/1000: 100% 16/16 [00:10<00:00,  1.48it/s, loss=1.0695]
Epoch 362/1000: 100% 16/16 [00:10<00:00,  1.49it/s, loss=1.0691]
Epoch 363/1000: 100% 16/16 [00:10<00:00,  1.48it/s, loss=1.0692]
Epoch 364/1000: 100% 16/16 [00:10<00:00,  1.48it/s, loss=1.0690]
Epoch 365/1000: 100% 16/16 [00:10<00:00,  1.49it/s, loss=1.0689]
Epoch 366/1000: 100% 16/16 [00:10<00:00,  1.49it/s, loss=1.0685]
Epoch 367/1000: 100% 16/16 [00:10<00:00,  1.49it/s, loss=1.0682]
Epoch 368/1000: 100% 16/16 [00:10<00:00,  1.49it/s, loss=1.0682]
Epoch 369/1000: 100% 16/16 [00:10<00:00,  1.49it/s, loss=1.0679]
Epoch 370/1000: 100% 16/16 [00:10<00:00,  1.49it/s, loss=1.0678]
2025-11-05 13:14:45,363 [INFO] Epoch 370/1000 | Time: 15.64s | Loss: 1.0678 | Eval Return: -180.00
Epoch 371/1000: 100% 16/16 [00:10<00:00,  1.48it/s, loss=1.0675]
Epoch 372/1000: 100% 16/16 [00:10<00:00,  1.49it/s, loss=1.0674]
Epoch 373/1000: 100% 16/16 [00:10<00:00,  1.48it/s, loss=1.0677]
Epoch 374/1000: 100% 16/16 [00:10<00:00,  1.48it/s, loss=1.0671]
Epoch 375/1000: 100% 16/16 [00:10<00:00,  1.49it/s, loss=1.0671]
Epoch 376/1000: 100% 16/16 [00:10<00:00,  1.48it/s, loss=1.0670]
Epoch 377/1000: 100% 16/16 [00:10<00:00,  1.49it/s, loss=1.0668]
Epoch 378/1000: 100% 16/16 [00:10<00:00,  1.49it/s, loss=1.0666]
Epoch 379/1000: 100% 16/16 [00:10<00:00,  1.49it/s, loss=1.0662]
Epoch 380/1000: 100% 16/16 [00:10<00:00,  1.49it/s, loss=1.0659]
2025-11-05 13:16:39,480 [INFO] Epoch 380/1000 | Time: 17.11s | Loss: 1.0659 | Eval Return: -213.50
Epoch 381/1000: 100% 16/16 [00:10<00:00,  1.48it/s, loss=1.0661]
Epoch 382/1000: 100% 16/16 [00:10<00:00,  1.48it/s, loss=1.0659]
Epoch 383/1000: 100% 16/16 [00:10<00:00,  1.48it/s, loss=1.0650]
Epoch 384/1000: 100% 16/16 [00:10<00:00,  1.48it/s, loss=1.0648]
Epoch 385/1000: 100% 16/16 [00:10<00:00,  1.49it/s, loss=1.0651]
Epoch 386/1000: 100% 16/16 [00:10<00:00,  1.49it/s, loss=1.0649]
Epoch 387/1000: 100% 16/16 [00:10<00:00,  1.49it/s, loss=1.0646]
Epoch 388/1000: 100% 16/16 [00:10<00:00,  1.49it/s, loss=1.0644]
Epoch 389/1000: 100% 16/16 [00:10<00:00,  1.49it/s, loss=1.0640]
Epoch 390/1000: 100% 16/16 [00:10<00:00,  1.49it/s, loss=1.0643]
2025-11-05 13:18:34,674 [INFO] Epoch 390/1000 | Time: 18.29s | Loss: 1.0643 | Eval Return: -279.70
Epoch 391/1000: 100% 16/16 [00:10<00:00,  1.48it/s, loss=1.0643]
Epoch 392/1000: 100% 16/16 [00:10<00:00,  1.48it/s, loss=1.0636]
Epoch 393/1000: 100% 16/16 [00:10<00:00,  1.48it/s, loss=1.0634]
Epoch 394/1000: 100% 16/16 [00:10<00:00,  1.49it/s, loss=1.0631]
Epoch 395/1000: 100% 16/16 [00:10<00:00,  1.49it/s, loss=1.0632]
Epoch 396/1000: 100% 16/16 [00:10<00:00,  1.49it/s, loss=1.0631]
Epoch 397/1000: 100% 16/16 [00:10<00:00,  1.49it/s, loss=1.0625]
Epoch 398/1000: 100% 16/16 [00:10<00:00,  1.49it/s, loss=1.0627]
Epoch 399/1000: 100% 16/16 [00:10<00:00,  1.48it/s, loss=1.0623]
Epoch 400/1000: 100% 16/16 [00:10<00:00,  1.49it/s, loss=1.0622]
2025-11-05 13:20:28,899 [INFO] Epoch 400/1000 | Time: 17.23s | Loss: 1.0622 | Eval Return: -216.60
Epoch 401/1000: 100% 16/16 [00:10<00:00,  1.48it/s, loss=1.0620]
Epoch 402/1000: 100% 16/16 [00:10<00:00,  1.48it/s, loss=1.0621]
Epoch 403/1000: 100% 16/16 [00:10<00:00,  1.48it/s, loss=1.0616]
Epoch 404/1000: 100% 16/16 [00:10<00:00,  1.48it/s, loss=1.0618]
Epoch 405/1000: 100% 16/16 [00:10<00:00,  1.49it/s, loss=1.0613]
Epoch 406/1000: 100% 16/16 [00:10<00:00,  1.49it/s, loss=1.0612]
Epoch 407/1000: 100% 16/16 [00:10<00:00,  1.49it/s, loss=1.0606]
Epoch 408/1000: 100% 16/16 [00:10<00:00,  1.49it/s, loss=1.0604]
Epoch 409/1000: 100% 16/16 [00:10<00:00,  1.48it/s, loss=1.0601]
Epoch 410/1000: 100% 16/16 [00:10<00:00,  1.48it/s, loss=1.0599]
2025-11-05 13:22:24,009 [INFO] Epoch 410/1000 | Time: 18.04s | Loss: 1.0599 | Eval Return: -263.20
Epoch 411/1000: 100% 16/16 [00:10<00:00,  1.48it/s, loss=1.0604]
Epoch 412/1000: 100% 16/16 [00:10<00:00,  1.49it/s, loss=1.0598]
Epoch 413/1000: 100% 16/16 [00:10<00:00,  1.48it/s, loss=1.0594]
Epoch 414/1000: 100% 16/16 [00:10<00:00,  1.49it/s, loss=1.0593]
Epoch 415/1000: 100% 16/16 [00:10<00:00,  1.49it/s, loss=1.0591]
Epoch 416/1000: 100% 16/16 [00:10<00:00,  1.49it/s, loss=1.0589]
Epoch 417/1000: 100% 16/16 [00:10<00:00,  1.49it/s, loss=1.0589]
Epoch 418/1000: 100% 16/16 [00:10<00:00,  1.49it/s, loss=1.0586]
Epoch 419/1000: 100% 16/16 [00:10<00:00,  1.49it/s, loss=1.0579]
Epoch 420/1000: 100% 16/16 [00:10<00:00,  1.49it/s, loss=1.0581]
2025-11-05 13:24:19,107 [INFO] Epoch 420/1000 | Time: 18.09s | Loss: 1.0581 | Eval Return: -246.00
Epoch 421/1000: 100% 16/16 [00:10<00:00,  1.48it/s, loss=1.0582]
Epoch 422/1000: 100% 16/16 [00:10<00:00,  1.48it/s, loss=1.0573]
Epoch 423/1000: 100% 16/16 [00:10<00:00,  1.48it/s, loss=1.0576]
Epoch 424/1000: 100% 16/16 [00:10<00:00,  1.49it/s, loss=1.0577]
Epoch 425/1000: 100% 16/16 [00:10<00:00,  1.49it/s, loss=1.0568]
Epoch 426/1000: 100% 16/16 [00:10<00:00,  1.49it/s, loss=1.0566]
Epoch 427/1000: 100% 16/16 [00:10<00:00,  1.49it/s, loss=1.0563]
Epoch 428/1000: 100% 16/16 [00:10<00:00,  1.49it/s, loss=1.0562]
Epoch 429/1000: 100% 16/16 [00:10<00:00,  1.49it/s, loss=1.0560]
Epoch 430/1000: 100% 16/16 [00:10<00:00,  1.49it/s, loss=1.0558]
2025-11-05 13:26:14,135 [INFO] Epoch 430/1000 | Time: 18.01s | Loss: 1.0558 | Eval Return: -261.00
Epoch 431/1000: 100% 16/16 [00:10<00:00,  1.48it/s, loss=1.0554]
Epoch 432/1000: 100% 16/16 [00:10<00:00,  1.49it/s, loss=1.0553]
Epoch 433/1000: 100% 16/16 [00:10<00:00,  1.48it/s, loss=1.0557]
Epoch 434/1000: 100% 16/16 [00:10<00:00,  1.48it/s, loss=1.0541]
Epoch 435/1000: 100% 16/16 [00:10<00:00,  1.49it/s, loss=1.0542]
Epoch 436/1000: 100% 16/16 [00:10<00:00,  1.49it/s, loss=1.0544]
Epoch 437/1000: 100% 16/16 [00:10<00:00,  1.49it/s, loss=1.0539]
Epoch 438/1000: 100% 16/16 [00:10<00:00,  1.49it/s, loss=1.0540]
Epoch 439/1000: 100% 16/16 [00:10<00:00,  1.49it/s, loss=1.0536]
Epoch 440/1000: 100% 16/16 [00:10<00:00,  1.49it/s, loss=1.0535]
2025-11-05 13:28:11,302 [INFO] Epoch 440/1000 | Time: 20.18s | Loss: 1.0535 | Eval Return: -327.90
Epoch 441/1000: 100% 16/16 [00:10<00:00,  1.48it/s, loss=1.0538]
Epoch 442/1000: 100% 16/16 [00:10<00:00,  1.48it/s, loss=1.0526]
Epoch 443/1000: 100% 16/16 [00:10<00:00,  1.47it/s, loss=1.0528]
Epoch 444/1000: 100% 16/16 [00:10<00:00,  1.48it/s, loss=1.0525]
Epoch 445/1000: 100% 16/16 [00:10<00:00,  1.49it/s, loss=1.0526]
Epoch 446/1000: 100% 16/16 [00:10<00:00,  1.49it/s, loss=1.0527]
Epoch 447/1000: 100% 16/16 [00:10<00:00,  1.49it/s, loss=1.0515]
Epoch 448/1000: 100% 16/16 [00:10<00:00,  1.49it/s, loss=1.0520]
Epoch 449/1000: 100% 16/16 [00:10<00:00,  1.49it/s, loss=1.0514]
Epoch 450/1000: 100% 16/16 [00:10<00:00,  1.49it/s, loss=1.0514]
2025-11-05 13:30:08,230 [INFO] Epoch 450/1000 | Time: 19.91s | Loss: 1.0514 | Eval Return: -314.70
Epoch 451/1000: 100% 16/16 [00:10<00:00,  1.48it/s, loss=1.0514]
Epoch 452/1000: 100% 16/16 [00:10<00:00,  1.48it/s, loss=1.0507]
Epoch 453/1000: 100% 16/16 [00:10<00:00,  1.47it/s, loss=1.0508]
Epoch 454/1000: 100% 16/16 [00:10<00:00,  1.49it/s, loss=1.0499]
Epoch 455/1000: 100% 16/16 [00:10<00:00,  1.49it/s, loss=1.0503]
Epoch 456/1000: 100% 16/16 [00:10<00:00,  1.49it/s, loss=1.0501]
Epoch 457/1000: 100% 16/16 [00:10<00:00,  1.49it/s, loss=1.0494]
Epoch 458/1000: 100% 16/16 [00:10<00:00,  1.48it/s, loss=1.0496]
Epoch 459/1000: 100% 16/16 [00:10<00:00,  1.49it/s, loss=1.0497]
Epoch 460/1000: 100% 16/16 [00:10<00:00,  1.49it/s, loss=1.0486]
2025-11-05 13:32:04,019 [INFO] Epoch 460/1000 | Time: 18.76s | Loss: 1.0486 | Eval Return: -286.10
Epoch 461/1000: 100% 16/16 [00:10<00:00,  1.48it/s, loss=1.0486]
Epoch 462/1000: 100% 16/16 [00:10<00:00,  1.48it/s, loss=1.0487]
Epoch 463/1000: 100% 16/16 [00:10<00:00,  1.48it/s, loss=1.0488]
Epoch 464/1000: 100% 16/16 [00:10<00:00,  1.48it/s, loss=1.0483]
Epoch 465/1000: 100% 16/16 [00:10<00:00,  1.49it/s, loss=1.0474]
Epoch 466/1000: 100% 16/16 [00:10<00:00,  1.49it/s, loss=1.0472]
Epoch 467/1000: 100% 16/16 [00:10<00:00,  1.49it/s, loss=1.0475]
Epoch 468/1000: 100% 16/16 [00:10<00:00,  1.49it/s, loss=1.0475]
Epoch 469/1000: 100% 16/16 [00:10<00:00,  1.48it/s, loss=1.0468]
Epoch 470/1000: 100% 16/16 [00:10<00:00,  1.49it/s, loss=1.0469]
2025-11-05 13:34:00,266 [INFO] Epoch 470/1000 | Time: 19.24s | Loss: 1.0469 | Eval Return: -294.60
Epoch 471/1000: 100% 16/16 [00:10<00:00,  1.48it/s, loss=1.0462]
Epoch 472/1000: 100% 16/16 [00:10<00:00,  1.48it/s, loss=1.0461]
Epoch 473/1000: 100% 16/16 [00:10<00:00,  1.48it/s, loss=1.0460]
Epoch 474/1000: 100% 16/16 [00:10<00:00,  1.48it/s, loss=1.0454]
Epoch 475/1000: 100% 16/16 [00:10<00:00,  1.49it/s, loss=1.0448]
Epoch 476/1000: 100% 16/16 [00:10<00:00,  1.49it/s, loss=1.0458]
Epoch 477/1000: 100% 16/16 [00:10<00:00,  1.49it/s, loss=1.0452]
Epoch 478/1000: 100% 16/16 [00:10<00:00,  1.49it/s, loss=1.0446]
Epoch 479/1000: 100% 16/16 [00:10<00:00,  1.49it/s, loss=1.0445]
Epoch 480/1000: 100% 16/16 [00:10<00:00,  1.49it/s, loss=1.0440]
2025-11-05 13:35:57,006 [INFO] Epoch 480/1000 | Time: 19.79s | Loss: 1.0440 | Eval Return: -312.60
Epoch 481/1000: 100% 16/16 [00:10<00:00,  1.48it/s, loss=1.0444]
Epoch 482/1000: 100% 16/16 [00:10<00:00,  1.49it/s, loss=1.0439]
Epoch 483/1000: 100% 16/16 [00:10<00:00,  1.48it/s, loss=1.0437]
Epoch 484/1000: 100% 16/16 [00:10<00:00,  1.48it/s, loss=1.0437]
Epoch 485/1000: 100% 16/16 [00:10<00:00,  1.49it/s, loss=1.0430]
Epoch 486/1000: 100% 16/16 [00:10<00:00,  1.49it/s, loss=1.0427]
Epoch 487/1000: 100% 16/16 [00:10<00:00,  1.49it/s, loss=1.0425]
Epoch 488/1000: 100% 16/16 [00:10<00:00,  1.49it/s, loss=1.0423]
Epoch 489/1000: 100% 16/16 [00:10<00:00,  1.49it/s, loss=1.0422]
Epoch 490/1000: 100% 16/16 [00:10<00:00,  1.49it/s, loss=1.0414]
2025-11-05 13:37:54,422 [INFO] Epoch 490/1000 | Time: 20.45s | Loss: 1.0414 | Eval Return: -345.00
Epoch 491/1000: 100% 16/16 [00:10<00:00,  1.48it/s, loss=1.0414]
Epoch 492/1000: 100% 16/16 [00:10<00:00,  1.48it/s, loss=1.0413]
Epoch 493/1000: 100% 16/16 [00:10<00:00,  1.47it/s, loss=1.0408]
Epoch 494/1000: 100% 16/16 [00:10<00:00,  1.49it/s, loss=1.0412]
Epoch 495/1000: 100% 16/16 [00:10<00:00,  1.49it/s, loss=1.0403]
Epoch 496/1000: 100% 16/16 [00:10<00:00,  1.49it/s, loss=1.0406]
Epoch 497/1000: 100% 16/16 [00:10<00:00,  1.49it/s, loss=1.0395]
Epoch 498/1000: 100% 16/16 [00:10<00:00,  1.49it/s, loss=1.0399]
Epoch 499/1000: 100% 16/16 [00:10<00:00,  1.49it/s, loss=1.0399]
Epoch 500/1000: 100% 16/16 [00:10<00:00,  1.49it/s, loss=1.0393]
2025-11-05 13:39:52,984 [INFO] Epoch 500/1000 | Time: 21.54s | Loss: 1.0393 | Eval Return: -366.20
Epoch 501/1000: 100% 16/16 [00:10<00:00,  1.49it/s, loss=1.0393]
Epoch 502/1000: 100% 16/16 [00:10<00:00,  1.48it/s, loss=1.0389]
Epoch 503/1000: 100% 16/16 [00:10<00:00,  1.47it/s, loss=1.0381]
Epoch 504/1000: 100% 16/16 [00:10<00:00,  1.49it/s, loss=1.0382]
Epoch 505/1000: 100% 16/16 [00:10<00:00,  1.49it/s, loss=1.0380]
Epoch 506/1000: 100% 16/16 [00:10<00:00,  1.49it/s, loss=1.0378]
Epoch 507/1000: 100% 16/16 [00:10<00:00,  1.49it/s, loss=1.0372]
Epoch 508/1000: 100% 16/16 [00:10<00:00,  1.49it/s, loss=1.0375]
Epoch 509/1000: 100% 16/16 [00:10<00:00,  1.48it/s, loss=1.0374]
Epoch 510/1000: 100% 16/16 [00:10<00:00,  1.49it/s, loss=1.0367]
2025-11-05 13:41:50,925 [INFO] Epoch 510/1000 | Time: 21.02s | Loss: 1.0367 | Eval Return: -348.20
Epoch 511/1000: 100% 16/16 [00:10<00:00,  1.48it/s, loss=1.0369]
Epoch 512/1000: 100% 16/16 [00:10<00:00,  1.48it/s, loss=1.0360]
Epoch 513/1000: 100% 16/16 [00:10<00:00,  1.47it/s, loss=1.0361]
Epoch 514/1000: 100% 16/16 [00:10<00:00,  1.48it/s, loss=1.0355]
Epoch 515/1000: 100% 16/16 [00:10<00:00,  1.49it/s, loss=1.0355]
Epoch 516/1000: 100% 16/16 [00:10<00:00,  1.49it/s, loss=1.0349]
Epoch 517/1000: 100% 16/16 [00:10<00:00,  1.49it/s, loss=1.0356]
Epoch 518/1000: 100% 16/16 [00:10<00:00,  1.49it/s, loss=1.0347]
Epoch 519/1000: 100% 16/16 [00:10<00:00,  1.49it/s, loss=1.0344]
Epoch 520/1000: 100% 16/16 [00:10<00:00,  1.49it/s, loss=1.0349]
2025-11-05 13:43:49,942 [INFO] Epoch 520/1000 | Time: 22.03s | Loss: 1.0349 | Eval Return: -385.20
Epoch 521/1000: 100% 16/16 [00:10<00:00,  1.48it/s, loss=1.0341]
Epoch 522/1000: 100% 16/16 [00:10<00:00,  1.48it/s, loss=1.0338]
Epoch 523/1000: 100% 16/16 [00:10<00:00,  1.47it/s, loss=1.0332]
Epoch 524/1000: 100% 16/16 [00:10<00:00,  1.48it/s, loss=1.0330]
Epoch 525/1000: 100% 16/16 [00:10<00:00,  1.49it/s, loss=1.0330]
Epoch 526/1000: 100% 16/16 [00:10<00:00,  1.49it/s, loss=1.0329]
Epoch 527/1000: 100% 16/16 [00:10<00:00,  1.50it/s, loss=1.0317]
Epoch 528/1000: 100% 16/16 [00:10<00:00,  1.49it/s, loss=1.0320]
Epoch 529/1000: 100% 16/16 [00:10<00:00,  1.49it/s, loss=1.0322]
Epoch 530/1000: 100% 16/16 [00:10<00:00,  1.49it/s, loss=1.0315]
2025-11-05 13:45:47,169 [INFO] Epoch 530/1000 | Time: 20.20s | Loss: 1.0315 | Eval Return: -341.70
Epoch 531/1000: 100% 16/16 [00:10<00:00,  1.48it/s, loss=1.0315]
Epoch 532/1000: 100% 16/16 [00:10<00:00,  1.48it/s, loss=1.0312]
Epoch 533/1000: 100% 16/16 [00:10<00:00,  1.47it/s, loss=1.0312]
Epoch 534/1000: 100% 16/16 [00:10<00:00,  1.49it/s, loss=1.0306]
Epoch 535/1000: 100% 16/16 [00:10<00:00,  1.49it/s, loss=1.0302]
Epoch 536/1000: 100% 16/16 [00:10<00:00,  1.49it/s, loss=1.0298]
Epoch 537/1000: 100% 16/16 [00:10<00:00,  1.49it/s, loss=1.0294]
Epoch 538/1000: 100% 16/16 [00:10<00:00,  1.48it/s, loss=1.0301]
Epoch 539/1000: 100% 16/16 [00:10<00:00,  1.49it/s, loss=1.0289]
Epoch 540/1000: 100% 16/16 [00:10<00:00,  1.49it/s, loss=1.0287]
2025-11-05 13:47:45,906 [INFO] Epoch 540/1000 | Time: 21.69s | Loss: 1.0287 | Eval Return: -379.10
Epoch 541/1000: 100% 16/16 [00:10<00:00,  1.49it/s, loss=1.0289]
Epoch 542/1000: 100% 16/16 [00:10<00:00,  1.48it/s, loss=1.0278]
Epoch 543/1000: 100% 16/16 [00:10<00:00,  1.47it/s, loss=1.0284]
Epoch 544/1000: 100% 16/16 [00:10<00:00,  1.48it/s, loss=1.0277]
Epoch 545/1000: 100% 16/16 [00:10<00:00,  1.49it/s, loss=1.0276]
Epoch 546/1000: 100% 16/16 [00:10<00:00,  1.49it/s, loss=1.0274]
Epoch 547/1000: 100% 16/16 [00:10<00:00,  1.49it/s, loss=1.0275]
Epoch 548/1000: 100% 16/16 [00:10<00:00,  1.49it/s, loss=1.0268]
Epoch 549/1000: 100% 16/16 [00:10<00:00,  1.49it/s, loss=1.0267]
Epoch 550/1000: 100% 16/16 [00:10<00:00,  1.49it/s, loss=1.0262]
2025-11-05 13:49:45,294 [INFO] Epoch 550/1000 | Time: 22.38s | Loss: 1.0262 | Eval Return: -407.50
Epoch 551/1000: 100% 16/16 [00:10<00:00,  1.48it/s, loss=1.0260]
Epoch 552/1000: 100% 16/16 [00:10<00:00,  1.48it/s, loss=1.0265]
Epoch 553/1000: 100% 16/16 [00:10<00:00,  1.47it/s, loss=1.0253]
Epoch 554/1000: 100% 16/16 [00:10<00:00,  1.48it/s, loss=1.0251]
Epoch 555/1000: 100% 16/16 [00:10<00:00,  1.48it/s, loss=1.0253]
Epoch 556/1000: 100% 16/16 [00:10<00:00,  1.49it/s, loss=1.0243]
Epoch 557/1000: 100% 16/16 [00:10<00:00,  1.50it/s, loss=1.0247]
Epoch 558/1000: 100% 16/16 [00:10<00:00,  1.49it/s, loss=1.0235]
Epoch 559/1000: 100% 16/16 [00:10<00:00,  1.49it/s, loss=1.0233]
Epoch 560/1000: 100% 16/16 [00:10<00:00,  1.49it/s, loss=1.0230]
2025-11-05 13:51:45,775 [INFO] Epoch 560/1000 | Time: 23.45s | Loss: 1.0230 | Eval Return: -436.80
Epoch 561/1000: 100% 16/16 [00:10<00:00,  1.49it/s, loss=1.0230]
Epoch 562/1000: 100% 16/16 [00:10<00:00,  1.48it/s, loss=1.0232]
Epoch 563/1000: 100% 16/16 [00:10<00:00,  1.47it/s, loss=1.0227]
Epoch 564/1000: 100% 16/16 [00:10<00:00,  1.48it/s, loss=1.0222]
Epoch 565/1000: 100% 16/16 [00:10<00:00,  1.49it/s, loss=1.0227]
Epoch 566/1000: 100% 16/16 [00:10<00:00,  1.49it/s, loss=1.0220]
Epoch 567/1000: 100% 16/16 [00:10<00:00,  1.50it/s, loss=1.0218]
Epoch 568/1000: 100% 16/16 [00:10<00:00,  1.49it/s, loss=1.0207]
Epoch 569/1000: 100% 16/16 [00:10<00:00,  1.49it/s, loss=1.0214]
Epoch 570/1000: 100% 16/16 [00:10<00:00,  1.49it/s, loss=1.0215]
2025-11-05 13:53:45,278 [INFO] Epoch 570/1000 | Time: 22.54s | Loss: 1.0215 | Eval Return: -412.50
Epoch 571/1000: 100% 16/16 [00:10<00:00,  1.48it/s, loss=1.0202]
Epoch 572/1000: 100% 16/16 [00:10<00:00,  1.48it/s, loss=1.0200]
Epoch 573/1000: 100% 16/16 [00:10<00:00,  1.47it/s, loss=1.0199]
Epoch 574/1000: 100% 16/16 [00:10<00:00,  1.49it/s, loss=1.0196]
Epoch 575/1000: 100% 16/16 [00:10<00:00,  1.49it/s, loss=1.0190]
Epoch 576/1000: 100% 16/16 [00:10<00:00,  1.49it/s, loss=1.0190]
Epoch 577/1000: 100% 16/16 [00:10<00:00,  1.49it/s, loss=1.0185]
Epoch 578/1000: 100% 16/16 [00:10<00:00,  1.49it/s, loss=1.0184]
Epoch 579/1000: 100% 16/16 [00:10<00:00,  1.49it/s, loss=1.0182]
Epoch 580/1000: 100% 16/16 [00:10<00:00,  1.49it/s, loss=1.0183]
2025-11-05 13:55:44,807 [INFO] Epoch 580/1000 | Time: 22.48s | Loss: 1.0183 | Eval Return: -414.00
Epoch 581/1000: 100% 16/16 [00:10<00:00,  1.48it/s, loss=1.0176]
Epoch 582/1000: 100% 16/16 [00:10<00:00,  1.48it/s, loss=1.0173]
Epoch 583/1000: 100% 16/16 [00:10<00:00,  1.46it/s, loss=1.0171]
Epoch 584/1000: 100% 16/16 [00:10<00:00,  1.48it/s, loss=1.0166]
Epoch 585/1000: 100% 16/16 [00:10<00:00,  1.48it/s, loss=1.0162]
Epoch 586/1000: 100% 16/16 [00:10<00:00,  1.49it/s, loss=1.0162]
Epoch 587/1000: 100% 16/16 [00:10<00:00,  1.49it/s, loss=1.0161]
Epoch 588/1000: 100% 16/16 [00:10<00:00,  1.49it/s, loss=1.0157]
Epoch 589/1000: 100% 16/16 [00:10<00:00,  1.48it/s, loss=1.0147]
Epoch 590/1000: 100% 16/16 [00:10<00:00,  1.49it/s, loss=1.0158]
2025-11-05 13:57:42,081 [INFO] Epoch 590/1000 | Time: 20.26s | Loss: 1.0158 | Eval Return: -349.80
Epoch 591/1000: 100% 16/16 [00:10<00:00,  1.48it/s, loss=1.0143]
Epoch 592/1000: 100% 16/16 [00:10<00:00,  1.49it/s, loss=1.0151]
Epoch 593/1000: 100% 16/16 [00:10<00:00,  1.48it/s, loss=1.0143]
Epoch 594/1000: 100% 16/16 [00:10<00:00,  1.48it/s, loss=1.0140]
Epoch 595/1000: 100% 16/16 [00:10<00:00,  1.49it/s, loss=1.0136]
Epoch 596/1000: 100% 16/16 [00:10<00:00,  1.49it/s, loss=1.0136]
Epoch 597/1000: 100% 16/16 [00:10<00:00,  1.49it/s, loss=1.0133]
Epoch 598/1000: 100% 16/16 [00:10<00:00,  1.49it/s, loss=1.0126]
Epoch 599/1000: 100% 16/16 [00:10<00:00,  1.49it/s, loss=1.0128]
Epoch 600/1000: 100% 16/16 [00:10<00:00,  1.49it/s, loss=1.0126]
2025-11-05 13:59:42,202 [INFO] Epoch 600/1000 | Time: 23.17s | Loss: 1.0126 | Eval Return: -423.50
Epoch 601/1000: 100% 16/16 [00:10<00:00,  1.48it/s, loss=1.0116]
Epoch 602/1000: 100% 16/16 [00:10<00:00,  1.49it/s, loss=1.0119]
Epoch 603/1000: 100% 16/16 [00:10<00:00,  1.46it/s, loss=1.0113]
Epoch 604/1000: 100% 16/16 [00:10<00:00,  1.48it/s, loss=1.0110]
Epoch 605/1000: 100% 16/16 [00:10<00:00,  1.49it/s, loss=1.0103]
Epoch 606/1000: 100% 16/16 [00:10<00:00,  1.49it/s, loss=1.0111]
Epoch 607/1000: 100% 16/16 [00:10<00:00,  1.49it/s, loss=1.0112]
Epoch 608/1000: 100% 16/16 [00:10<00:00,  1.49it/s, loss=1.0102]
Epoch 609/1000: 100% 16/16 [00:10<00:00,  1.49it/s, loss=1.0096]
Epoch 610/1000: 100% 16/16 [00:10<00:00,  1.49it/s, loss=1.0094]
2025-11-05 14:01:39,441 [INFO] Epoch 610/1000 | Time: 20.20s | Loss: 1.0094 | Eval Return: -320.00
Epoch 611/1000: 100% 16/16 [00:10<00:00,  1.48it/s, loss=1.0097]
Epoch 612/1000: 100% 16/16 [00:10<00:00,  1.48it/s, loss=1.0092]
Epoch 613/1000: 100% 16/16 [00:10<00:00,  1.48it/s, loss=1.0082]
Epoch 614/1000: 100% 16/16 [00:10<00:00,  1.49it/s, loss=1.0086]
Epoch 615/1000: 100% 16/16 [00:10<00:00,  1.49it/s, loss=1.0086]
Epoch 616/1000: 100% 16/16 [00:10<00:00,  1.49it/s, loss=1.0078]
Epoch 617/1000: 100% 16/16 [00:10<00:00,  1.49it/s, loss=1.0078]
Epoch 618/1000: 100% 16/16 [00:10<00:00,  1.49it/s, loss=1.0068]
Epoch 619/1000: 100% 16/16 [00:10<00:00,  1.49it/s, loss=1.0068]
Epoch 620/1000: 100% 16/16 [00:10<00:00,  1.48it/s, loss=1.0070]
2025-11-05 14:03:36,573 [INFO] Epoch 620/1000 | Time: 20.19s | Loss: 1.0070 | Eval Return: -323.60
Epoch 621/1000: 100% 16/16 [00:10<00:00,  1.49it/s, loss=1.0064]
Epoch 622/1000: 100% 16/16 [00:10<00:00,  1.49it/s, loss=1.0066]
Epoch 623/1000: 100% 16/16 [00:10<00:00,  1.48it/s, loss=1.0058]
Epoch 624/1000: 100% 16/16 [00:10<00:00,  1.48it/s, loss=1.0054]
Epoch 625/1000: 100% 16/16 [00:10<00:00,  1.49it/s, loss=1.0052]
Epoch 626/1000: 100% 16/16 [00:10<00:00,  1.49it/s, loss=1.0056]
Epoch 627/1000: 100% 16/16 [00:10<00:00,  1.49it/s, loss=1.0049]
Epoch 628/1000: 100% 16/16 [00:10<00:00,  1.49it/s, loss=1.0053]
Epoch 629/1000: 100% 16/16 [00:10<00:00,  1.48it/s, loss=1.0050]
Epoch 630/1000: 100% 16/16 [00:10<00:00,  1.49it/s, loss=1.0043]
2025-11-05 14:05:34,412 [INFO] Epoch 630/1000 | Time: 20.98s | Loss: 1.0043 | Eval Return: -361.10
Epoch 631/1000: 100% 16/16 [00:10<00:00,  1.48it/s, loss=1.0038]
Epoch 632/1000: 100% 16/16 [00:10<00:00,  1.48it/s, loss=1.0033]
Epoch 633/1000: 100% 16/16 [00:10<00:00,  1.48it/s, loss=1.0031]
Epoch 634/1000: 100% 16/16 [00:10<00:00,  1.48it/s, loss=1.0028]
Epoch 635/1000: 100% 16/16 [00:10<00:00,  1.49it/s, loss=1.0018]
Epoch 636/1000: 100% 16/16 [00:10<00:00,  1.49it/s, loss=1.0020]
Epoch 637/1000: 100% 16/16 [00:10<00:00,  1.49it/s, loss=1.0027]
Epoch 638/1000: 100% 16/16 [00:10<00:00,  1.49it/s, loss=1.0013]
Epoch 639/1000: 100% 16/16 [00:10<00:00,  1.49it/s, loss=1.0009]
Epoch 640/1000: 100% 16/16 [00:10<00:00,  1.48it/s, loss=1.0005]
2025-11-05 14:07:33,230 [INFO] Epoch 640/1000 | Time: 21.82s | Loss: 1.0005 | Eval Return: -368.90
Epoch 641/1000: 100% 16/16 [00:10<00:00,  1.49it/s, loss=1.0005]
Epoch 642/1000: 100% 16/16 [00:10<00:00,  1.48it/s, loss=1.0003]
Epoch 643/1000: 100% 16/16 [00:10<00:00,  1.47it/s, loss=0.9999]
Epoch 644/1000: 100% 16/16 [00:10<00:00,  1.48it/s, loss=0.9999]
Epoch 645/1000: 100% 16/16 [00:10<00:00,  1.49it/s, loss=0.9996]
Epoch 646/1000: 100% 16/16 [00:10<00:00,  1.49it/s, loss=0.9997]
Epoch 647/1000: 100% 16/16 [00:10<00:00,  1.49it/s, loss=0.9994]
Epoch 648/1000: 100% 16/16 [00:10<00:00,  1.49it/s, loss=0.9988]
Epoch 649/1000: 100% 16/16 [00:10<00:00,  1.49it/s, loss=0.9983]
Epoch 650/1000: 100% 16/16 [00:10<00:00,  1.49it/s, loss=0.9983]
2025-11-05 14:09:30,767 [INFO] Epoch 650/1000 | Time: 20.60s | Loss: 0.9983 | Eval Return: -329.60
Epoch 651/1000: 100% 16/16 [00:10<00:00,  1.48it/s, loss=0.9979]
Epoch 652/1000: 100% 16/16 [00:10<00:00,  1.49it/s, loss=0.9972]
Epoch 653/1000: 100% 16/16 [00:10<00:00,  1.47it/s, loss=0.9976]
Epoch 654/1000: 100% 16/16 [00:10<00:00,  1.48it/s, loss=0.9962]
Epoch 655/1000: 100% 16/16 [00:10<00:00,  1.48it/s, loss=0.9962]
Epoch 656/1000: 100% 16/16 [00:10<00:00,  1.49it/s, loss=0.9961]
Epoch 657/1000: 100% 16/16 [00:10<00:00,  1.49it/s, loss=0.9962]
Epoch 658/1000: 100% 16/16 [00:10<00:00,  1.49it/s, loss=0.9957]
Epoch 659/1000: 100% 16/16 [00:10<00:00,  1.49it/s, loss=0.9962]
Epoch 660/1000: 100% 16/16 [00:10<00:00,  1.49it/s, loss=0.9954]
2025-11-05 14:11:28,581 [INFO] Epoch 660/1000 | Time: 20.83s | Loss: 0.9954 | Eval Return: -351.00
Epoch 661/1000: 100% 16/16 [00:10<00:00,  1.49it/s, loss=0.9952]
Epoch 662/1000: 100% 16/16 [00:10<00:00,  1.48it/s, loss=0.9952]
Epoch 663/1000: 100% 16/16 [00:10<00:00,  1.47it/s, loss=0.9940]
Epoch 664/1000: 100% 16/16 [00:10<00:00,  1.48it/s, loss=0.9945]
Epoch 665/1000: 100% 16/16 [00:10<00:00,  1.49it/s, loss=0.9934]
Epoch 666/1000: 100% 16/16 [00:10<00:00,  1.49it/s, loss=0.9942]
Epoch 667/1000: 100% 16/16 [00:10<00:00,  1.49it/s, loss=0.9937]
Epoch 668/1000: 100% 16/16 [00:10<00:00,  1.49it/s, loss=0.9931]
Epoch 669/1000: 100% 16/16 [00:10<00:00,  1.48it/s, loss=0.9923]
Epoch 670/1000: 100% 16/16 [00:10<00:00,  1.48it/s, loss=0.9928]
2025-11-05 14:13:26,166 [INFO] Epoch 670/1000 | Time: 20.61s | Loss: 0.9928 | Eval Return: -354.40
Epoch 671/1000: 100% 16/16 [00:10<00:00,  1.48it/s, loss=0.9920]
Epoch 672/1000: 100% 16/16 [00:10<00:00,  1.49it/s, loss=0.9911]
Epoch 673/1000: 100% 16/16 [00:10<00:00,  1.47it/s, loss=0.9911]
Epoch 674/1000: 100% 16/16 [00:10<00:00,  1.48it/s, loss=0.9912]
Epoch 675/1000: 100% 16/16 [00:10<00:00,  1.49it/s, loss=0.9905]
Epoch 676/1000: 100% 16/16 [00:10<00:00,  1.49it/s, loss=0.9906]
Epoch 677/1000: 100% 16/16 [00:10<00:00,  1.49it/s, loss=0.9902]
Epoch 678/1000: 100% 16/16 [00:10<00:00,  1.49it/s, loss=0.9905]
Epoch 679/1000: 100% 16/16 [00:10<00:00,  1.49it/s, loss=0.9897]
Epoch 680/1000: 100% 16/16 [00:10<00:00,  1.49it/s, loss=0.9902]
2025-11-05 14:15:23,900 [INFO] Epoch 680/1000 | Time: 20.71s | Loss: 0.9902 | Eval Return: -353.90
Epoch 681/1000: 100% 16/16 [00:10<00:00,  1.49it/s, loss=0.9895]
Epoch 682/1000: 100% 16/16 [00:10<00:00,  1.49it/s, loss=0.9889]
Epoch 683/1000: 100% 16/16 [00:10<00:00,  1.47it/s, loss=0.9881]
Epoch 684/1000: 100% 16/16 [00:10<00:00,  1.48it/s, loss=0.9888]
Epoch 685/1000: 100% 16/16 [00:10<00:00,  1.48it/s, loss=0.9883]
Epoch 686/1000: 100% 16/16 [00:10<00:00,  1.49it/s, loss=0.9890]
Epoch 687/1000: 100% 16/16 [00:10<00:00,  1.49it/s, loss=0.9875]
Epoch 688/1000: 100% 16/16 [00:10<00:00,  1.49it/s, loss=0.9874]
Epoch 689/1000: 100% 16/16 [00:10<00:00,  1.49it/s, loss=0.9868]
Epoch 690/1000: 100% 16/16 [00:10<00:00,  1.49it/s, loss=0.9870]
2025-11-05 14:17:20,606 [INFO] Epoch 690/1000 | Time: 19.73s | Loss: 0.9870 | Eval Return: -312.50
Epoch 691/1000: 100% 16/16 [00:10<00:00,  1.48it/s, loss=0.9867]
Epoch 692/1000: 100% 16/16 [00:10<00:00,  1.48it/s, loss=0.9866]
Epoch 693/1000: 100% 16/16 [00:10<00:00,  1.48it/s, loss=0.9862]
Epoch 694/1000: 100% 16/16 [00:10<00:00,  1.49it/s, loss=0.9855]
Epoch 695/1000: 100% 16/16 [00:10<00:00,  1.49it/s, loss=0.9854]
Epoch 696/1000: 100% 16/16 [00:10<00:00,  1.49it/s, loss=0.9851]
Epoch 697/1000: 100% 16/16 [00:10<00:00,  1.49it/s, loss=0.9843]
Epoch 698/1000: 100% 16/16 [00:10<00:00,  1.49it/s, loss=0.9830]
Epoch 699/1000: 100% 16/16 [00:10<00:00,  1.49it/s, loss=0.9835]
Epoch 700/1000: 100% 16/16 [00:10<00:00,  1.49it/s, loss=0.9827]
2025-11-05 14:19:18,550 [INFO] Epoch 700/1000 | Time: 20.93s | Loss: 0.9827 | Eval Return: -350.90
Epoch 701/1000: 100% 16/16 [00:10<00:00,  1.49it/s, loss=0.9841]
Epoch 702/1000: 100% 16/16 [00:10<00:00,  1.48it/s, loss=0.9825]
Epoch 703/1000: 100% 16/16 [00:10<00:00,  1.47it/s, loss=0.9828]
Epoch 704/1000: 100% 16/16 [00:10<00:00,  1.48it/s, loss=0.9824]
Epoch 705/1000: 100% 16/16 [00:10<00:00,  1.49it/s, loss=0.9821]
Epoch 706/1000: 100% 16/16 [00:10<00:00,  1.49it/s, loss=0.9823]
Epoch 707/1000: 100% 16/16 [00:10<00:00,  1.49it/s, loss=0.9814]
Epoch 708/1000: 100% 16/16 [00:10<00:00,  1.49it/s, loss=0.9812]
Epoch 709/1000: 100% 16/16 [00:10<00:00,  1.48it/s, loss=0.9804]
Epoch 710/1000: 100% 16/16 [00:10<00:00,  1.49it/s, loss=0.9805]
2025-11-05 14:21:16,763 [INFO] Epoch 710/1000 | Time: 21.21s | Loss: 0.9805 | Eval Return: -375.40
Epoch 711/1000: 100% 16/16 [00:10<00:00,  1.49it/s, loss=0.9806]
Epoch 712/1000: 100% 16/16 [00:10<00:00,  1.48it/s, loss=0.9804]
Epoch 713/1000: 100% 16/16 [00:10<00:00,  1.47it/s, loss=0.9803]
Epoch 714/1000: 100% 16/16 [00:10<00:00,  1.48it/s, loss=0.9794]
Epoch 715/1000: 100% 16/16 [00:10<00:00,  1.49it/s, loss=0.9791]
Epoch 716/1000: 100% 16/16 [00:10<00:00,  1.49it/s, loss=0.9791]
Epoch 717/1000: 100% 16/16 [00:10<00:00,  1.49it/s, loss=0.9791]
Epoch 718/1000: 100% 16/16 [00:10<00:00,  1.49it/s, loss=0.9786]
Epoch 719/1000: 100% 16/16 [00:10<00:00,  1.49it/s, loss=0.9786]
Epoch 720/1000: 100% 16/16 [00:10<00:00,  1.49it/s, loss=0.9776]
2025-11-05 14:23:15,418 [INFO] Epoch 720/1000 | Time: 21.74s | Loss: 0.9776 | Eval Return: -407.90
Epoch 721/1000: 100% 16/16 [00:10<00:00,  1.49it/s, loss=0.9773]
Epoch 722/1000: 100% 16/16 [00:10<00:00,  1.48it/s, loss=0.9779]
Epoch 723/1000: 100% 16/16 [00:10<00:00,  1.47it/s, loss=0.9773]
Epoch 724/1000: 100% 16/16 [00:10<00:00,  1.49it/s, loss=0.9765]
Epoch 725/1000: 100% 16/16 [00:10<00:00,  1.49it/s, loss=0.9759]
Epoch 726/1000: 100% 16/16 [00:10<00:00,  1.49it/s, loss=0.9766]
Epoch 727/1000: 100% 16/16 [00:10<00:00,  1.49it/s, loss=0.9754]
Epoch 728/1000: 100% 16/16 [00:10<00:00,  1.49it/s, loss=0.9755]
Epoch 729/1000: 100% 16/16 [00:10<00:00,  1.49it/s, loss=0.9756]
Epoch 730/1000: 100% 16/16 [00:10<00:00,  1.48it/s, loss=0.9750]
2025-11-05 14:25:13,593 [INFO] Epoch 730/1000 | Time: 21.19s | Loss: 0.9750 | Eval Return: -377.40
Epoch 731/1000: 100% 16/16 [00:10<00:00,  1.48it/s, loss=0.9752]
Epoch 732/1000: 100% 16/16 [00:10<00:00,  1.48it/s, loss=0.9733]
Epoch 733/1000: 100% 16/16 [00:10<00:00,  1.47it/s, loss=0.9742]
Epoch 734/1000: 100% 16/16 [00:10<00:00,  1.49it/s, loss=0.9733]
Epoch 735/1000: 100% 16/16 [00:10<00:00,  1.48it/s, loss=0.9729]
Epoch 736/1000: 100% 16/16 [00:10<00:00,  1.49it/s, loss=0.9734]
Epoch 737/1000: 100% 16/16 [00:10<00:00,  1.49it/s, loss=0.9736]
Epoch 738/1000: 100% 16/16 [00:10<00:00,  1.49it/s, loss=0.9716]
Epoch 739/1000: 100% 16/16 [00:10<00:00,  1.49it/s, loss=0.9724]
Epoch 740/1000: 100% 16/16 [00:10<00:00,  1.49it/s, loss=0.9720]
2025-11-05 14:27:12,425 [INFO] Epoch 740/1000 | Time: 21.80s | Loss: 0.9720 | Eval Return: -394.50
Epoch 741/1000: 100% 16/16 [00:10<00:00,  1.49it/s, loss=0.9715]
Epoch 742/1000: 100% 16/16 [00:10<00:00,  1.48it/s, loss=0.9712]
Epoch 743/1000: 100% 16/16 [00:10<00:00,  1.47it/s, loss=0.9722]
Epoch 744/1000: 100% 16/16 [00:10<00:00,  1.49it/s, loss=0.9710]
Epoch 745/1000: 100% 16/16 [00:10<00:00,  1.49it/s, loss=0.9709]
Epoch 746/1000: 100% 16/16 [00:10<00:00,  1.49it/s, loss=0.9710]
Epoch 747/1000: 100% 16/16 [00:10<00:00,  1.50it/s, loss=0.9705]
Epoch 748/1000: 100% 16/16 [00:10<00:00,  1.49it/s, loss=0.9697]
Epoch 749/1000: 100% 16/16 [00:10<00:00,  1.48it/s, loss=0.9689]
Epoch 750/1000: 100% 16/16 [00:10<00:00,  1.49it/s, loss=0.9683]
2025-11-05 14:29:10,764 [INFO] Epoch 750/1000 | Time: 21.41s | Loss: 0.9683 | Eval Return: -381.70
Epoch 751/1000: 100% 16/16 [00:10<00:00,  1.48it/s, loss=0.9688]
Epoch 752/1000: 100% 16/16 [00:10<00:00,  1.48it/s, loss=0.9689]
Epoch 753/1000: 100% 16/16 [00:10<00:00,  1.47it/s, loss=0.9690]
Epoch 754/1000: 100% 16/16 [00:10<00:00,  1.48it/s, loss=0.9682]
Epoch 755/1000: 100% 16/16 [00:10<00:00,  1.49it/s, loss=0.9671]
Epoch 756/1000: 100% 16/16 [00:10<00:00,  1.49it/s, loss=0.9670]
Epoch 757/1000: 100% 16/16 [00:10<00:00,  1.49it/s, loss=0.9669]
Epoch 758/1000: 100% 16/16 [00:10<00:00,  1.49it/s, loss=0.9668]
Epoch 759/1000: 100% 16/16 [00:10<00:00,  1.49it/s, loss=0.9659]
Epoch 760/1000: 100% 16/16 [00:10<00:00,  1.49it/s, loss=0.9657]
2025-11-05 14:31:09,636 [INFO] Epoch 760/1000 | Time: 21.84s | Loss: 0.9657 | Eval Return: -393.00
Epoch 761/1000: 100% 16/16 [00:10<00:00,  1.48it/s, loss=0.9659]
Epoch 762/1000: 100% 16/16 [00:10<00:00,  1.48it/s, loss=0.9650]
Epoch 763/1000: 100% 16/16 [00:10<00:00,  1.47it/s, loss=0.9660]
Epoch 764/1000: 100% 16/16 [00:10<00:00,  1.49it/s, loss=0.9649]
Epoch 765/1000: 100% 16/16 [00:10<00:00,  1.49it/s, loss=0.9645]
Epoch 766/1000: 100% 16/16 [00:10<00:00,  1.49it/s, loss=0.9655]
Epoch 767/1000: 100% 16/16 [00:10<00:00,  1.49it/s, loss=0.9639]
Epoch 768/1000: 100% 16/16 [00:10<00:00,  1.49it/s, loss=0.9633]
Epoch 769/1000: 100% 16/16 [00:10<00:00,  1.49it/s, loss=0.9639]
Epoch 770/1000: 100% 16/16 [00:10<00:00,  1.49it/s, loss=0.9636]
2025-11-05 14:33:07,073 [INFO] Epoch 770/1000 | Time: 20.50s | Loss: 0.9636 | Eval Return: -349.00
Epoch 771/1000: 100% 16/16 [00:10<00:00,  1.48it/s, loss=0.9623]
Epoch 772/1000: 100% 16/16 [00:10<00:00,  1.48it/s, loss=0.9629]
Epoch 773/1000: 100% 16/16 [00:10<00:00,  1.48it/s, loss=0.9627]
Epoch 774/1000: 100% 16/16 [00:10<00:00,  1.49it/s, loss=0.9629]
Epoch 775/1000: 100% 16/16 [00:10<00:00,  1.49it/s, loss=0.9621]
Epoch 776/1000: 100% 16/16 [00:10<00:00,  1.49it/s, loss=0.9627]
Epoch 777/1000: 100% 16/16 [00:10<00:00,  1.49it/s, loss=0.9619]
Epoch 778/1000: 100% 16/16 [00:10<00:00,  1.49it/s, loss=0.9610]
Epoch 779/1000: 100% 16/16 [00:10<00:00,  1.49it/s, loss=0.9609]
Epoch 780/1000: 100% 16/16 [00:10<00:00,  1.49it/s, loss=0.9607]
2025-11-05 14:35:05,346 [INFO] Epoch 780/1000 | Time: 21.35s | Loss: 0.9607 | Eval Return: -377.90
Epoch 781/1000: 100% 16/16 [00:10<00:00,  1.49it/s, loss=0.9603]
Epoch 782/1000: 100% 16/16 [00:10<00:00,  1.48it/s, loss=0.9605]
Epoch 783/1000: 100% 16/16 [00:10<00:00,  1.47it/s, loss=0.9605]
Epoch 784/1000: 100% 16/16 [00:10<00:00,  1.48it/s, loss=0.9598]
Epoch 785/1000: 100% 16/16 [00:10<00:00,  1.49it/s, loss=0.9593]
Epoch 786/1000: 100% 16/16 [00:10<00:00,  1.49it/s, loss=0.9580]
Epoch 787/1000: 100% 16/16 [00:10<00:00,  1.49it/s, loss=0.9588]
Epoch 788/1000: 100% 16/16 [00:10<00:00,  1.49it/s, loss=0.9574]
Epoch 789/1000: 100% 16/16 [00:10<00:00,  1.48it/s, loss=0.9572]
Epoch 790/1000: 100% 16/16 [00:10<00:00,  1.49it/s, loss=0.9573]
2025-11-05 14:37:04,072 [INFO] Epoch 790/1000 | Time: 21.72s | Loss: 0.9573 | Eval Return: -394.70
Epoch 791/1000: 100% 16/16 [00:10<00:00,  1.48it/s, loss=0.9567]
Epoch 792/1000: 100% 16/16 [00:10<00:00,  1.48it/s, loss=0.9563]
Epoch 793/1000: 100% 16/16 [00:10<00:00,  1.47it/s, loss=0.9573]
Epoch 794/1000: 100% 16/16 [00:10<00:00,  1.49it/s, loss=0.9565]
Epoch 795/1000: 100% 16/16 [00:10<00:00,  1.49it/s, loss=0.9556]
Epoch 796/1000: 100% 16/16 [00:10<00:00,  1.49it/s, loss=0.9561]
Epoch 797/1000: 100% 16/16 [00:10<00:00,  1.49it/s, loss=0.9551]
Epoch 798/1000: 100% 16/16 [00:10<00:00,  1.49it/s, loss=0.9557]
Epoch 799/1000: 100% 16/16 [00:10<00:00,  1.49it/s, loss=0.9557]
Epoch 800/1000: 100% 16/16 [00:10<00:00,  1.49it/s, loss=0.9536]
2025-11-05 14:39:03,858 [INFO] Epoch 800/1000 | Time: 22.80s | Loss: 0.9536 | Eval Return: -432.10
Epoch 801/1000: 100% 16/16 [00:10<00:00,  1.49it/s, loss=0.9547]
Epoch 802/1000: 100% 16/16 [00:10<00:00,  1.49it/s, loss=0.9542]
Epoch 803/1000: 100% 16/16 [00:10<00:00,  1.47it/s, loss=0.9537]
Epoch 804/1000: 100% 16/16 [00:10<00:00,  1.48it/s, loss=0.9539]
Epoch 805/1000: 100% 16/16 [00:10<00:00,  1.48it/s, loss=0.9540]
Epoch 806/1000: 100% 16/16 [00:10<00:00,  1.49it/s, loss=0.9534]
Epoch 807/1000: 100% 16/16 [00:10<00:00,  1.49it/s, loss=0.9529]
Epoch 808/1000: 100% 16/16 [00:10<00:00,  1.49it/s, loss=0.9529]
Epoch 809/1000: 100% 16/16 [00:10<00:00,  1.49it/s, loss=0.9527]
Epoch 810/1000: 100% 16/16 [00:10<00:00,  1.49it/s, loss=0.9518]
2025-11-05 14:41:02,587 [INFO] Epoch 810/1000 | Time: 21.77s | Loss: 0.9518 | Eval Return: -385.80
Epoch 811/1000: 100% 16/16 [00:10<00:00,  1.48it/s, loss=0.9516]
Epoch 812/1000: 100% 16/16 [00:10<00:00,  1.48it/s, loss=0.9516]
Epoch 813/1000: 100% 16/16 [00:10<00:00,  1.47it/s, loss=0.9509]
Epoch 814/1000: 100% 16/16 [00:10<00:00,  1.49it/s, loss=0.9497]
Epoch 815/1000: 100% 16/16 [00:10<00:00,  1.49it/s, loss=0.9504]
Epoch 816/1000: 100% 16/16 [00:10<00:00,  1.49it/s, loss=0.9498]
Epoch 817/1000: 100% 16/16 [00:10<00:00,  1.49it/s, loss=0.9492]
Epoch 818/1000: 100% 16/16 [00:10<00:00,  1.49it/s, loss=0.9499]
Epoch 819/1000: 100% 16/16 [00:10<00:00,  1.49it/s, loss=0.9494]
Epoch 820/1000: 100% 16/16 [00:10<00:00,  1.48it/s, loss=0.9494]
2025-11-05 14:43:02,068 [INFO] Epoch 820/1000 | Time: 22.48s | Loss: 0.9494 | Eval Return: -412.50
Epoch 821/1000: 100% 16/16 [00:10<00:00,  1.49it/s, loss=0.9484]
Epoch 822/1000: 100% 16/16 [00:10<00:00,  1.48it/s, loss=0.9485]
Epoch 823/1000: 100% 16/16 [00:10<00:00,  1.47it/s, loss=0.9474]
Epoch 824/1000: 100% 16/16 [00:10<00:00,  1.48it/s, loss=0.9484]
Epoch 825/1000: 100% 16/16 [00:10<00:00,  1.49it/s, loss=0.9477]
Epoch 826/1000: 100% 16/16 [00:10<00:00,  1.49it/s, loss=0.9476]
Epoch 827/1000: 100% 16/16 [00:10<00:00,  1.49it/s, loss=0.9466]
Epoch 828/1000: 100% 16/16 [00:10<00:00,  1.49it/s, loss=0.9461]
Epoch 829/1000: 100% 16/16 [00:10<00:00,  1.48it/s, loss=0.9465]
Epoch 830/1000: 100% 16/16 [00:10<00:00,  1.49it/s, loss=0.9461]
2025-11-05 14:45:02,347 [INFO] Epoch 830/1000 | Time: 23.24s | Loss: 0.9461 | Eval Return: -418.40
Epoch 831/1000: 100% 16/16 [00:10<00:00,  1.49it/s, loss=0.9446]
Epoch 832/1000: 100% 16/16 [00:10<00:00,  1.49it/s, loss=0.9460]
Epoch 833/1000: 100% 16/16 [00:10<00:00,  1.46it/s, loss=0.9453]
Epoch 834/1000: 100% 16/16 [00:10<00:00,  1.47it/s, loss=0.9442]
Epoch 835/1000: 100% 16/16 [00:10<00:00,  1.49it/s, loss=0.9436]
Epoch 836/1000: 100% 16/16 [00:10<00:00,  1.49it/s, loss=0.9444]
Epoch 837/1000: 100% 16/16 [00:10<00:00,  1.50it/s, loss=0.9436]
Epoch 838/1000: 100% 16/16 [00:10<00:00,  1.49it/s, loss=0.9436]
Epoch 839/1000: 100% 16/16 [00:10<00:00,  1.49it/s, loss=0.9436]
Epoch 840/1000: 100% 16/16 [00:10<00:00,  1.49it/s, loss=0.9430]
2025-11-05 14:47:02,613 [INFO] Epoch 840/1000 | Time: 23.28s | Loss: 0.9430 | Eval Return: -440.40
Epoch 841/1000: 100% 16/16 [00:10<00:00,  1.48it/s, loss=0.9429]
Epoch 842/1000: 100% 16/16 [00:10<00:00,  1.48it/s, loss=0.9436]
Epoch 843/1000: 100% 16/16 [00:10<00:00,  1.47it/s, loss=0.9423]
Epoch 844/1000: 100% 16/16 [00:10<00:00,  1.49it/s, loss=0.9413]
Epoch 845/1000: 100% 16/16 [00:10<00:00,  1.49it/s, loss=0.9418]
Epoch 846/1000: 100% 16/16 [00:10<00:00,  1.49it/s, loss=0.9408]
Epoch 847/1000: 100% 16/16 [00:10<00:00,  1.50it/s, loss=0.9408]
Epoch 848/1000: 100% 16/16 [00:10<00:00,  1.49it/s, loss=0.9408]
Epoch 849/1000: 100% 16/16 [00:10<00:00,  1.49it/s, loss=0.9413]
Epoch 850/1000: 100% 16/16 [00:10<00:00,  1.49it/s, loss=0.9401]
2025-11-05 14:49:02,588 [INFO] Epoch 850/1000 | Time: 23.03s | Loss: 0.9401 | Eval Return: -425.30
Epoch 851/1000: 100% 16/16 [00:10<00:00,  1.48it/s, loss=0.9399]
Epoch 852/1000: 100% 16/16 [00:10<00:00,  1.48it/s, loss=0.9399]
Epoch 853/1000: 100% 16/16 [00:10<00:00,  1.46it/s, loss=0.9393]
Epoch 854/1000: 100% 16/16 [00:10<00:00,  1.48it/s, loss=0.9407]
Epoch 855/1000: 100% 16/16 [00:10<00:00,  1.49it/s, loss=0.9381]
Epoch 856/1000: 100% 16/16 [00:10<00:00,  1.49it/s, loss=0.9388]
Epoch 857/1000: 100% 16/16 [00:10<00:00,  1.49it/s, loss=0.9392]
Epoch 858/1000: 100% 16/16 [00:10<00:00,  1.49it/s, loss=0.9392]
Epoch 859/1000: 100% 16/16 [00:10<00:00,  1.49it/s, loss=0.9379]
Epoch 860/1000: 100% 16/16 [00:10<00:00,  1.49it/s, loss=0.9372]
2025-11-05 14:51:02,334 [INFO] Epoch 860/1000 | Time: 22.71s | Loss: 0.9372 | Eval Return: -421.10
Epoch 861/1000: 100% 16/16 [00:10<00:00,  1.48it/s, loss=0.9376]
Epoch 862/1000: 100% 16/16 [00:10<00:00,  1.48it/s, loss=0.9360]
Epoch 863/1000: 100% 16/16 [00:10<00:00,  1.47it/s, loss=0.9366]
Epoch 864/1000: 100% 16/16 [00:10<00:00,  1.49it/s, loss=0.9357]
Epoch 865/1000: 100% 16/16 [00:10<00:00,  1.49it/s, loss=0.9358]
Epoch 866/1000: 100% 16/16 [00:10<00:00,  1.49it/s, loss=0.9355]
Epoch 867/1000: 100% 16/16 [00:10<00:00,  1.50it/s, loss=0.9359]
Epoch 868/1000: 100% 16/16 [00:10<00:00,  1.49it/s, loss=0.9343]
Epoch 869/1000: 100% 16/16 [00:10<00:00,  1.49it/s, loss=0.9340]
Epoch 870/1000: 100% 16/16 [00:10<00:00,  1.49it/s, loss=0.9341]
2025-11-05 14:53:02,071 [INFO] Epoch 870/1000 | Time: 22.78s | Loss: 0.9341 | Eval Return: -400.50
Epoch 871/1000: 100% 16/16 [00:10<00:00,  1.48it/s, loss=0.9351]
Epoch 872/1000: 100% 16/16 [00:10<00:00,  1.48it/s, loss=0.9337]
Epoch 873/1000: 100% 16/16 [00:10<00:00,  1.47it/s, loss=0.9335]
Epoch 874/1000: 100% 16/16 [00:10<00:00,  1.48it/s, loss=0.9334]
Epoch 875/1000: 100% 16/16 [00:10<00:00,  1.49it/s, loss=0.9337]
Epoch 876/1000: 100% 16/16 [00:10<00:00,  1.49it/s, loss=0.9333]
Epoch 877/1000: 100% 16/16 [00:10<00:00,  1.49it/s, loss=0.9319]
Epoch 878/1000: 100% 16/16 [00:10<00:00,  1.49it/s, loss=0.9331]
Epoch 879/1000: 100% 16/16 [00:10<00:00,  1.48it/s, loss=0.9319]
Epoch 880/1000: 100% 16/16 [00:10<00:00,  1.49it/s, loss=0.9322]
2025-11-05 14:55:01,692 [INFO] Epoch 880/1000 | Time: 22.55s | Loss: 0.9322 | Eval Return: -418.50
Epoch 881/1000: 100% 16/16 [00:10<00:00,  1.48it/s, loss=0.9324]
Epoch 882/1000: 100% 16/16 [00:10<00:00,  1.48it/s, loss=0.9311]
Epoch 883/1000: 100% 16/16 [00:10<00:00,  1.47it/s, loss=0.9310]
Epoch 884/1000: 100% 16/16 [00:10<00:00,  1.48it/s, loss=0.9302]
Epoch 885/1000: 100% 16/16 [00:10<00:00,  1.49it/s, loss=0.9305]
Epoch 886/1000: 100% 16/16 [00:10<00:00,  1.49it/s, loss=0.9305]
Epoch 887/1000: 100% 16/16 [00:10<00:00,  1.50it/s, loss=0.9297]
Epoch 888/1000: 100% 16/16 [00:10<00:00,  1.49it/s, loss=0.9299]
Epoch 889/1000: 100% 16/16 [00:10<00:00,  1.49it/s, loss=0.9292]
Epoch 890/1000: 100% 16/16 [00:10<00:00,  1.49it/s, loss=0.9286]
2025-11-05 14:57:02,941 [INFO] Epoch 890/1000 | Time: 24.26s | Loss: 0.9286 | Eval Return: -466.60
Epoch 891/1000: 100% 16/16 [00:10<00:00,  1.49it/s, loss=0.9296]
Epoch 892/1000: 100% 16/16 [00:10<00:00,  1.48it/s, loss=0.9284]
Epoch 893/1000: 100% 16/16 [00:10<00:00,  1.46it/s, loss=0.9288]
Epoch 894/1000: 100% 16/16 [00:10<00:00,  1.48it/s, loss=0.9284]
Epoch 895/1000: 100% 16/16 [00:10<00:00,  1.49it/s, loss=0.9285]
Epoch 896/1000: 100% 16/16 [00:10<00:00,  1.49it/s, loss=0.9279]
Epoch 897/1000: 100% 16/16 [00:10<00:00,  1.50it/s, loss=0.9274]
Epoch 898/1000: 100% 16/16 [00:10<00:00,  1.49it/s, loss=0.9255]
Epoch 899/1000: 100% 16/16 [00:10<00:00,  1.49it/s, loss=0.9251]
Epoch 900/1000: 100% 16/16 [00:10<00:00,  1.49it/s, loss=0.9266]
2025-11-05 14:59:03,013 [INFO] Epoch 900/1000 | Time: 23.15s | Loss: 0.9266 | Eval Return: -435.30
Epoch 901/1000: 100% 16/16 [00:10<00:00,  1.48it/s, loss=0.9261]
Epoch 902/1000: 100% 16/16 [00:10<00:00,  1.48it/s, loss=0.9259]
Epoch 903/1000: 100% 16/16 [00:10<00:00,  1.47it/s, loss=0.9256]
Epoch 904/1000: 100% 16/16 [00:10<00:00,  1.48it/s, loss=0.9250]
Epoch 905/1000: 100% 16/16 [00:10<00:00,  1.49it/s, loss=0.9254]
Epoch 906/1000: 100% 16/16 [00:10<00:00,  1.49it/s, loss=0.9240]
Epoch 907/1000: 100% 16/16 [00:10<00:00,  1.50it/s, loss=0.9238]
Epoch 908/1000: 100% 16/16 [00:10<00:00,  1.49it/s, loss=0.9247]
Epoch 909/1000: 100% 16/16 [00:10<00:00,  1.49it/s, loss=0.9231]
Epoch 910/1000: 100% 16/16 [00:10<00:00,  1.49it/s, loss=0.9230]
2025-11-05 15:01:02,625 [INFO] Epoch 910/1000 | Time: 22.67s | Loss: 0.9230 | Eval Return: -416.20
Epoch 911/1000: 100% 16/16 [00:10<00:00,  1.48it/s, loss=0.9229]
Epoch 912/1000: 100% 16/16 [00:10<00:00,  1.48it/s, loss=0.9232]
Epoch 913/1000: 100% 16/16 [00:10<00:00,  1.47it/s, loss=0.9224]
Epoch 914/1000: 100% 16/16 [00:10<00:00,  1.48it/s, loss=0.9217]
Epoch 915/1000: 100% 16/16 [00:10<00:00,  1.49it/s, loss=0.9216]
Epoch 916/1000: 100% 16/16 [00:10<00:00,  1.49it/s, loss=0.9213]
Epoch 917/1000: 100% 16/16 [00:10<00:00,  1.49it/s, loss=0.9207]
Epoch 918/1000: 100% 16/16 [00:10<00:00,  1.49it/s, loss=0.9206]
Epoch 919/1000: 100% 16/16 [00:10<00:00,  1.49it/s, loss=0.9216]
Epoch 920/1000: 100% 16/16 [00:10<00:00,  1.49it/s, loss=0.9201]
2025-11-05 15:03:03,289 [INFO] Epoch 920/1000 | Time: 23.61s | Loss: 0.9201 | Eval Return: -456.20
Epoch 921/1000: 100% 16/16 [00:10<00:00,  1.49it/s, loss=0.9203]
Epoch 922/1000: 100% 16/16 [00:10<00:00,  1.49it/s, loss=0.9195]
Epoch 923/1000: 100% 16/16 [00:10<00:00,  1.47it/s, loss=0.9195]
Epoch 924/1000: 100% 16/16 [00:10<00:00,  1.48it/s, loss=0.9202]
Epoch 925/1000: 100% 16/16 [00:10<00:00,  1.49it/s, loss=0.9193]
Epoch 926/1000: 100% 16/16 [00:10<00:00,  1.49it/s, loss=0.9186]
Epoch 927/1000: 100% 16/16 [00:10<00:00,  1.50it/s, loss=0.9192]
Epoch 928/1000: 100% 16/16 [00:10<00:00,  1.50it/s, loss=0.9185]
Epoch 929/1000: 100% 16/16 [00:10<00:00,  1.49it/s, loss=0.9182]
Epoch 930/1000: 100% 16/16 [00:10<00:00,  1.49it/s, loss=0.9183]
2025-11-05 15:05:03,959 [INFO] Epoch 930/1000 | Time: 23.79s | Loss: 0.9183 | Eval Return: -468.60
Epoch 931/1000: 100% 16/16 [00:10<00:00,  1.49it/s, loss=0.9173]
Epoch 932/1000: 100% 16/16 [00:10<00:00,  1.48it/s, loss=0.9176]
Epoch 933/1000: 100% 16/16 [00:10<00:00,  1.46it/s, loss=0.9169]
Epoch 934/1000: 100% 16/16 [00:10<00:00,  1.49it/s, loss=0.9170]
Epoch 935/1000: 100% 16/16 [00:10<00:00,  1.49it/s, loss=0.9163]
Epoch 936/1000: 100% 16/16 [00:10<00:00,  1.49it/s, loss=0.9170]
Epoch 937/1000: 100% 16/16 [00:10<00:00,  1.50it/s, loss=0.9164]
Epoch 938/1000: 100% 16/16 [00:10<00:00,  1.49it/s, loss=0.9162]
Epoch 939/1000: 100% 16/16 [00:10<00:00,  1.49it/s, loss=0.9158]
Epoch 940/1000: 100% 16/16 [00:10<00:00,  1.49it/s, loss=0.9146]
2025-11-05 15:07:04,852 [INFO] Epoch 940/1000 | Time: 24.02s | Loss: 0.9146 | Eval Return: -466.40
Epoch 941/1000: 100% 16/16 [00:10<00:00,  1.48it/s, loss=0.9152]
Epoch 942/1000: 100% 16/16 [00:10<00:00,  1.48it/s, loss=0.9156]
Epoch 943/1000: 100% 16/16 [00:10<00:00,  1.47it/s, loss=0.9137]
Epoch 944/1000: 100% 16/16 [00:10<00:00,  1.48it/s, loss=0.9147]
Epoch 945/1000: 100% 16/16 [00:10<00:00,  1.49it/s, loss=0.9134]
Epoch 946/1000: 100% 16/16 [00:10<00:00,  1.50it/s, loss=0.9140]
Epoch 947/1000: 100% 16/16 [00:10<00:00,  1.50it/s, loss=0.9135]
Epoch 948/1000: 100% 16/16 [00:10<00:00,  1.50it/s, loss=0.9125]
Epoch 949/1000: 100% 16/16 [00:10<00:00,  1.49it/s, loss=0.9130]
Epoch 950/1000: 100% 16/16 [00:10<00:00,  1.49it/s, loss=0.9114]
2025-11-05 15:09:05,714 [INFO] Epoch 950/1000 | Time: 23.96s | Loss: 0.9114 | Eval Return: -465.90
Epoch 951/1000: 100% 16/16 [00:10<00:00,  1.48it/s, loss=0.9122]
Epoch 952/1000: 100% 16/16 [00:10<00:00,  1.48it/s, loss=0.9121]
Epoch 953/1000: 100% 16/16 [00:10<00:00,  1.47it/s, loss=0.9125]
Epoch 954/1000: 100% 16/16 [00:10<00:00,  1.48it/s, loss=0.9116]
Epoch 955/1000: 100% 16/16 [00:10<00:00,  1.49it/s, loss=0.9122]
Epoch 956/1000: 100% 16/16 [00:10<00:00,  1.50it/s, loss=0.9106]
Epoch 957/1000: 100% 16/16 [00:10<00:00,  1.50it/s, loss=0.9104]
Epoch 958/1000: 100% 16/16 [00:10<00:00,  1.49it/s, loss=0.9109]
Epoch 959/1000: 100% 16/16 [00:10<00:00,  1.49it/s, loss=0.9107]
Epoch 960/1000: 100% 16/16 [00:10<00:00,  1.49it/s, loss=0.9093]
2025-11-05 15:11:07,193 [INFO] Epoch 960/1000 | Time: 24.57s | Loss: 0.9093 | Eval Return: -492.10
Epoch 961/1000: 100% 16/16 [00:10<00:00,  1.49it/s, loss=0.9096]
Epoch 962/1000: 100% 16/16 [00:10<00:00,  1.48it/s, loss=0.9101]
Epoch 963/1000: 100% 16/16 [00:10<00:00,  1.47it/s, loss=0.9092]
Epoch 964/1000: 100% 16/16 [00:10<00:00,  1.48it/s, loss=0.9083]
Epoch 965/1000: 100% 16/16 [00:10<00:00,  1.49it/s, loss=0.9080]
Epoch 966/1000: 100% 16/16 [00:10<00:00,  1.50it/s, loss=0.9081]
Epoch 967/1000: 100% 16/16 [00:10<00:00,  1.49it/s, loss=0.9091]
Epoch 968/1000: 100% 16/16 [00:10<00:00,  1.49it/s, loss=0.9078]
Epoch 969/1000: 100% 16/16 [00:10<00:00,  1.49it/s, loss=0.9076]
Epoch 970/1000: 100% 16/16 [00:10<00:00,  1.49it/s, loss=0.9076]
2025-11-05 15:13:07,851 [INFO] Epoch 970/1000 | Time: 23.67s | Loss: 0.9076 | Eval Return: -457.50
Epoch 971/1000: 100% 16/16 [00:10<00:00,  1.49it/s, loss=0.9067]
Epoch 972/1000: 100% 16/16 [00:10<00:00,  1.49it/s, loss=0.9076]
Epoch 973/1000: 100% 16/16 [00:10<00:00,  1.48it/s, loss=0.9070]
Epoch 974/1000: 100% 16/16 [00:10<00:00,  1.47it/s, loss=0.9059]
Epoch 975/1000: 100% 16/16 [00:10<00:00,  1.48it/s, loss=0.9060]
Epoch 976/1000: 100% 16/16 [00:10<00:00,  1.49it/s, loss=0.9060]
Epoch 977/1000: 100% 16/16 [00:10<00:00,  1.50it/s, loss=0.9053]
Epoch 978/1000: 100% 16/16 [00:10<00:00,  1.49it/s, loss=0.9063]
Epoch 979/1000: 100% 16/16 [00:10<00:00,  1.49it/s, loss=0.9051]
Epoch 980/1000: 100% 16/16 [00:10<00:00,  1.49it/s, loss=0.9042]
2025-11-05 15:15:09,058 [INFO] Epoch 980/1000 | Time: 24.34s | Loss: 0.9042 | Eval Return: -488.90
Epoch 981/1000: 100% 16/16 [00:10<00:00,  1.49it/s, loss=0.9034]
Epoch 982/1000: 100% 16/16 [00:10<00:00,  1.49it/s, loss=0.9049]
Epoch 983/1000: 100% 16/16 [00:10<00:00,  1.48it/s, loss=0.9027]
Epoch 984/1000: 100% 16/16 [00:10<00:00,  1.47it/s, loss=0.9043]
Epoch 985/1000: 100% 16/16 [00:10<00:00,  1.48it/s, loss=0.9032]
Epoch 986/1000: 100% 16/16 [00:10<00:00,  1.49it/s, loss=0.9029]
Epoch 987/1000: 100% 16/16 [00:10<00:00,  1.49it/s, loss=0.9035]
Epoch 988/1000: 100% 16/16 [00:10<00:00,  1.49it/s, loss=0.9019]
Epoch 989/1000: 100% 16/16 [00:10<00:00,  1.49it/s, loss=0.9030]
Epoch 990/1000: 100% 16/16 [00:10<00:00,  1.49it/s, loss=0.9018]
2025-11-05 15:17:09,015 [INFO] Epoch 990/1000 | Time: 22.96s | Loss: 0.9018 | Eval Return: -426.30
Epoch 991/1000: 100% 16/16 [00:10<00:00,  1.48it/s, loss=0.9009]
Epoch 992/1000: 100% 16/16 [00:10<00:00,  1.49it/s, loss=0.9012]
Epoch 993/1000: 100% 16/16 [00:10<00:00,  1.47it/s, loss=0.9000]
Epoch 994/1000: 100% 16/16 [00:10<00:00,  1.48it/s, loss=0.9005]
Epoch 995/1000: 100% 16/16 [00:10<00:00,  1.49it/s, loss=0.8998]
Epoch 996/1000: 100% 16/16 [00:10<00:00,  1.49it/s, loss=0.9015]
Epoch 997/1000: 100% 16/16 [00:10<00:00,  1.50it/s, loss=0.8998]
Epoch 998/1000: 100% 16/16 [00:10<00:00,  1.49it/s, loss=0.8999]
Epoch 999/1000: 100% 16/16 [00:10<00:00,  1.49it/s, loss=0.8996]
Epoch 1000/1000: 100% 16/16 [00:10<00:00,  1.49it/s, loss=0.8988]
2025-11-05 15:19:08,841 [INFO] Epoch 1000/1000 | Time: 22.93s | Loss: 0.8988 | Eval Return: -448.50
2025-11-05 15:19:08,886 [INFO] Training complete.