2025-11-05 09:27:21.535252: E external/local_xla/xla/stream_executor/cuda/cuda_fft.cc:467] Unable to register cuFFT factory: Attempting to register factory for plugin cuFFT when one has already been registered
WARNING: All log messages before absl::InitializeLog() is called are written to STDERR
E0000 00:00:1762334841.749740    2932 cuda_dnn.cc:8579] Unable to register cuDNN factory: Attempting to register factory for plugin cuDNN when one has already been registered
E0000 00:00:1762334841.810395    2932 cuda_blas.cc:1407] Unable to register cuBLAS factory: Attempting to register factory for plugin cuBLAS when one has already been registered
W0000 00:00:1762334842.287467    2932 computation_placer.cc:177] computation placer already registered. Please check linkage and avoid linking the same target more than once.
W0000 00:00:1762334842.287504    2932 computation_placer.cc:177] computation placer already registered. Please check linkage and avoid linking the same target more than once.
W0000 00:00:1762334842.287509    2932 computation_placer.cc:177] computation placer already registered. Please check linkage and avoid linking the same target more than once.
W0000 00:00:1762334842.287516    2932 computation_placer.cc:177] computation placer already registered. Please check linkage and avoid linking the same target more than once.
2025-11-05 09:27:22.329023: I tensorflow/core/platform/cpu_feature_guard.cc:210] This TensorFlow binary is optimized to use available CPU instructions in performance-critical operations.
To enable the following instructions: AVX2 AVX512F FMA, in other operations, rebuild TensorFlow with the appropriate compiler flags.
2025-11-05 09:27:28,379 [INFO] Checking for dataset...
2025-11-05 09:27:28,380 [INFO] Dataset found at /content/neuromorphic_decision_transformer/data/CartPole-v1/dataset.npz.
2025-11-05 09:27:28,380 [INFO] Starting training...
2025-11-05 09:27:28,408 [INFO] Dataset size: 1000 clips
2025-11-05 09:27:28,409 [INFO] DataLoader created with num_workers=0 and pin_memory=False.
2025-11-05 09:27:33,664 [INFO] Starting training loop...
Epoch 1/1000: 100% 16/16 [00:02<00:00,  6.87it/s, loss=0.7002]
Epoch 2/1000: 100% 16/16 [00:01<00:00, 15.64it/s, loss=0.6944]
Epoch 3/1000: 100% 16/16 [00:01<00:00, 15.58it/s, loss=0.6923]
Epoch 4/1000: 100% 16/16 [00:01<00:00, 15.59it/s, loss=0.6917]
Epoch 5/1000: 100% 16/16 [00:01<00:00, 15.56it/s, loss=0.6907]
Epoch 6/1000: 100% 16/16 [00:01<00:00, 15.53it/s, loss=0.6901]
Epoch 7/1000: 100% 16/16 [00:01<00:00, 15.55it/s, loss=0.6900]
Epoch 8/1000: 100% 16/16 [00:01<00:00, 15.39it/s, loss=0.6878]
Epoch 9/1000: 100% 16/16 [00:01<00:00, 15.20it/s, loss=0.6882]
Epoch 10/1000: 100% 16/16 [00:01<00:00, 15.56it/s, loss=0.6883]
2025-11-05 09:27:45,552 [INFO] Epoch 10/1000 | Time: 1.30s | Loss: 0.6883 | Eval Return: 9.40
2025-11-05 09:27:45,567 [INFO] New best eval return: 9.40. Saved best model.
Epoch 11/1000: 100% 16/16 [00:01<00:00, 15.55it/s, loss=0.6864]
Epoch 12/1000: 100% 16/16 [00:01<00:00, 15.50it/s, loss=0.6856]
Epoch 13/1000: 100% 16/16 [00:01<00:00, 15.49it/s, loss=0.6853]
Epoch 14/1000: 100% 16/16 [00:01<00:00, 15.47it/s, loss=0.6843]
Epoch 15/1000: 100% 16/16 [00:01<00:00, 15.46it/s, loss=0.6829]
Epoch 16/1000: 100% 16/16 [00:01<00:00, 15.43it/s, loss=0.6835]
Epoch 17/1000: 100% 16/16 [00:01<00:00, 15.46it/s, loss=0.6809]
Epoch 18/1000: 100% 16/16 [00:01<00:00, 15.43it/s, loss=0.6782]
Epoch 19/1000: 100% 16/16 [00:01<00:00, 15.26it/s, loss=0.6754]
Epoch 20/1000: 100% 16/16 [00:01<00:00, 15.13it/s, loss=0.6730]
2025-11-05 09:27:56,277 [INFO] Epoch 20/1000 | Time: 1.39s | Loss: 0.6730 | Eval Return: 9.30
Epoch 21/1000: 100% 16/16 [00:01<00:00, 15.41it/s, loss=0.6691]
Epoch 22/1000: 100% 16/16 [00:01<00:00, 15.37it/s, loss=0.6670]
Epoch 23/1000: 100% 16/16 [00:01<00:00, 15.37it/s, loss=0.6618]
Epoch 24/1000: 100% 16/16 [00:01<00:00, 15.38it/s, loss=0.6557]
Epoch 25/1000: 100% 16/16 [00:01<00:00, 15.32it/s, loss=0.6512]
Epoch 26/1000: 100% 16/16 [00:01<00:00, 15.28it/s, loss=0.6491]
Epoch 27/1000: 100% 16/16 [00:01<00:00, 15.32it/s, loss=0.6461]
Epoch 28/1000: 100% 16/16 [00:01<00:00, 15.22it/s, loss=0.6425]
Epoch 29/1000: 100% 16/16 [00:01<00:00, 15.24it/s, loss=0.6375]
Epoch 30/1000: 100% 16/16 [00:01<00:00, 15.14it/s, loss=0.6329]
2025-11-05 09:28:07,067 [INFO] Epoch 30/1000 | Time: 1.39s | Loss: 0.6329 | Eval Return: 9.40
Epoch 31/1000: 100% 16/16 [00:01<00:00, 15.00it/s, loss=0.6274]
Epoch 32/1000: 100% 16/16 [00:01<00:00, 15.21it/s, loss=0.6251]
Epoch 33/1000: 100% 16/16 [00:01<00:00, 15.14it/s, loss=0.6245]
Epoch 34/1000: 100% 16/16 [00:01<00:00, 15.15it/s, loss=0.6219]
Epoch 35/1000: 100% 16/16 [00:01<00:00, 15.12it/s, loss=0.6176]
Epoch 36/1000: 100% 16/16 [00:01<00:00, 15.16it/s, loss=0.6139]
Epoch 37/1000: 100% 16/16 [00:01<00:00, 15.11it/s, loss=0.6140]
Epoch 38/1000: 100% 16/16 [00:01<00:00, 15.06it/s, loss=0.6097]
Epoch 39/1000: 100% 16/16 [00:01<00:00, 15.12it/s, loss=0.6098]
Epoch 40/1000: 100% 16/16 [00:01<00:00, 15.09it/s, loss=0.6055]
2025-11-05 09:28:17,888 [INFO] Epoch 40/1000 | Time: 1.29s | Loss: 0.6055 | Eval Return: 9.30
Epoch 41/1000: 100% 16/16 [00:01<00:00, 14.86it/s, loss=0.6055]
Epoch 42/1000: 100% 16/16 [00:01<00:00, 14.73it/s, loss=0.6056]
Epoch 43/1000: 100% 16/16 [00:01<00:00, 14.86it/s, loss=0.6015]
Epoch 44/1000: 100% 16/16 [00:01<00:00, 15.01it/s, loss=0.6023]
Epoch 45/1000: 100% 16/16 [00:01<00:00, 14.96it/s, loss=0.5970]
Epoch 46/1000: 100% 16/16 [00:01<00:00, 14.91it/s, loss=0.5997]
Epoch 47/1000: 100% 16/16 [00:01<00:00, 14.90it/s, loss=0.5959]
Epoch 48/1000: 100% 16/16 [00:01<00:00, 14.88it/s, loss=0.5942]
Epoch 49/1000: 100% 16/16 [00:01<00:00, 14.93it/s, loss=0.5945]
Epoch 50/1000: 100% 16/16 [00:01<00:00, 14.88it/s, loss=0.5930]
2025-11-05 09:28:28,854 [INFO] Epoch 50/1000 | Time: 1.29s | Loss: 0.5930 | Eval Return: 9.10
Epoch 51/1000: 100% 16/16 [00:01<00:00, 14.93it/s, loss=0.5909]
Epoch 52/1000: 100% 16/16 [00:01<00:00, 14.63it/s, loss=0.5915]
Epoch 53/1000: 100% 16/16 [00:01<00:00, 14.64it/s, loss=0.5910]
Epoch 54/1000: 100% 16/16 [00:01<00:00, 14.81it/s, loss=0.5898]
Epoch 55/1000: 100% 16/16 [00:01<00:00, 14.83it/s, loss=0.5840]
Epoch 56/1000: 100% 16/16 [00:01<00:00, 14.76it/s, loss=0.5875]
Epoch 57/1000: 100% 16/16 [00:01<00:00, 14.77it/s, loss=0.5874]
Epoch 58/1000: 100% 16/16 [00:01<00:00, 14.73it/s, loss=0.5841]
Epoch 59/1000: 100% 16/16 [00:01<00:00, 14.74it/s, loss=0.5843]
Epoch 60/1000: 100% 16/16 [00:01<00:00, 14.73it/s, loss=0.5840]
2025-11-05 09:28:39,953 [INFO] Epoch 60/1000 | Time: 1.33s | Loss: 0.5840 | Eval Return: 9.20
Epoch 61/1000: 100% 16/16 [00:01<00:00, 14.68it/s, loss=0.5846]
Epoch 62/1000: 100% 16/16 [00:01<00:00, 14.63it/s, loss=0.5826]
Epoch 63/1000: 100% 16/16 [00:01<00:00, 14.48it/s, loss=0.5831]
Epoch 64/1000: 100% 16/16 [00:01<00:00, 14.48it/s, loss=0.5810]
Epoch 65/1000: 100% 16/16 [00:01<00:00, 14.59it/s, loss=0.5765]
Epoch 66/1000: 100% 16/16 [00:01<00:00, 14.54it/s, loss=0.5792]
Epoch 67/1000: 100% 16/16 [00:01<00:00, 14.47it/s, loss=0.5772]
Epoch 68/1000: 100% 16/16 [00:01<00:00, 14.59it/s, loss=0.5754]
Epoch 69/1000: 100% 16/16 [00:01<00:00, 14.52it/s, loss=0.5739]
Epoch 70/1000: 100% 16/16 [00:01<00:00, 14.54it/s, loss=0.5743]
2025-11-05 09:28:51,201 [INFO] Epoch 70/1000 | Time: 1.35s | Loss: 0.5743 | Eval Return: 9.70
2025-11-05 09:28:51,212 [INFO] New best eval return: 9.70. Saved best model.
Epoch 71/1000: 100% 16/16 [00:01<00:00, 14.56it/s, loss=0.5762]
Epoch 72/1000: 100% 16/16 [00:01<00:00, 14.45it/s, loss=0.5752]
Epoch 73/1000: 100% 16/16 [00:01<00:00, 14.47it/s, loss=0.5729]
Epoch 74/1000: 100% 16/16 [00:01<00:00, 14.38it/s, loss=0.5707]
Epoch 75/1000: 100% 16/16 [00:01<00:00, 14.51it/s, loss=0.5702]
Epoch 76/1000: 100% 16/16 [00:01<00:00, 14.50it/s, loss=0.5705]
Epoch 77/1000: 100% 16/16 [00:01<00:00, 14.51it/s, loss=0.5713]
Epoch 78/1000: 100% 16/16 [00:01<00:00, 14.52it/s, loss=0.5732]
Epoch 79/1000: 100% 16/16 [00:01<00:00, 14.49it/s, loss=0.5699]
Epoch 80/1000: 100% 16/16 [00:01<00:00, 14.48it/s, loss=0.5705]
2025-11-05 09:29:02,510 [INFO] Epoch 80/1000 | Time: 1.35s | Loss: 0.5705 | Eval Return: 9.50
Epoch 81/1000: 100% 16/16 [00:01<00:00, 14.57it/s, loss=0.5749]
Epoch 82/1000: 100% 16/16 [00:01<00:00, 14.44it/s, loss=0.5699]
Epoch 83/1000: 100% 16/16 [00:01<00:00, 14.57it/s, loss=0.5664]
Epoch 84/1000: 100% 16/16 [00:01<00:00, 14.44it/s, loss=0.5687]
Epoch 85/1000: 100% 16/16 [00:01<00:00, 14.48it/s, loss=0.5658]
Epoch 86/1000: 100% 16/16 [00:01<00:00, 14.53it/s, loss=0.5661]
Epoch 87/1000: 100% 16/16 [00:01<00:00, 14.61it/s, loss=0.5744]
Epoch 88/1000: 100% 16/16 [00:01<00:00, 14.67it/s, loss=0.5629]
Epoch 89/1000: 100% 16/16 [00:01<00:00, 14.70it/s, loss=0.5643]
Epoch 90/1000: 100% 16/16 [00:01<00:00, 14.61it/s, loss=0.5653]
2025-11-05 09:29:13,730 [INFO] Epoch 90/1000 | Time: 1.32s | Loss: 0.5653 | Eval Return: 9.30
Epoch 91/1000: 100% 16/16 [00:01<00:00, 14.63it/s, loss=0.5622]
Epoch 92/1000: 100% 16/16 [00:01<00:00, 14.71it/s, loss=0.5614]
Epoch 93/1000: 100% 16/16 [00:01<00:00, 14.73it/s, loss=0.5611]
Epoch 94/1000: 100% 16/16 [00:01<00:00, 14.76it/s, loss=0.5634]
Epoch 95/1000: 100% 16/16 [00:01<00:00, 14.52it/s, loss=0.5609]
Epoch 96/1000: 100% 16/16 [00:01<00:00, 14.46it/s, loss=0.5616]
Epoch 97/1000: 100% 16/16 [00:01<00:00, 14.72it/s, loss=0.5593]
Epoch 98/1000: 100% 16/16 [00:01<00:00, 14.77it/s, loss=0.5588]
Epoch 99/1000: 100% 16/16 [00:01<00:00, 14.80it/s, loss=0.5619]
Epoch 100/1000: 100% 16/16 [00:01<00:00, 14.77it/s, loss=0.5609]
2025-11-05 09:29:24,853 [INFO] Epoch 100/1000 | Time: 1.31s | Loss: 0.5609 | Eval Return: 9.20
Epoch 101/1000: 100% 16/16 [00:01<00:00, 14.81it/s, loss=0.5590]
Epoch 102/1000: 100% 16/16 [00:01<00:00, 14.84it/s, loss=0.5581]
Epoch 103/1000: 100% 16/16 [00:01<00:00, 14.86it/s, loss=0.5611]
Epoch 104/1000: 100% 16/16 [00:01<00:00, 14.84it/s, loss=0.5572]
Epoch 105/1000: 100% 16/16 [00:01<00:00, 14.84it/s, loss=0.5545]
Epoch 106/1000: 100% 16/16 [00:01<00:00, 14.52it/s, loss=0.5561]
Epoch 107/1000: 100% 16/16 [00:01<00:00, 14.54it/s, loss=0.5554]
Epoch 108/1000: 100% 16/16 [00:01<00:00, 14.85it/s, loss=0.5548]
Epoch 109/1000: 100% 16/16 [00:01<00:00, 14.78it/s, loss=0.5536]
Epoch 110/1000: 100% 16/16 [00:01<00:00, 14.81it/s, loss=0.5541]
2025-11-05 09:29:35,921 [INFO] Epoch 110/1000 | Time: 1.30s | Loss: 0.5541 | Eval Return: 9.30
Epoch 111/1000: 100% 16/16 [00:01<00:00, 14.89it/s, loss=0.5524]
Epoch 112/1000: 100% 16/16 [00:01<00:00, 14.87it/s, loss=0.5521]
Epoch 113/1000: 100% 16/16 [00:01<00:00, 14.87it/s, loss=0.5551]
Epoch 114/1000: 100% 16/16 [00:01<00:00, 14.82it/s, loss=0.5557]
Epoch 115/1000: 100% 16/16 [00:01<00:00, 14.78it/s, loss=0.5524]
Epoch 116/1000: 100% 16/16 [00:01<00:00, 14.83it/s, loss=0.5501]
Epoch 117/1000: 100% 16/16 [00:01<00:00, 14.58it/s, loss=0.5518]
Epoch 118/1000: 100% 16/16 [00:01<00:00, 14.61it/s, loss=0.5541]
Epoch 119/1000: 100% 16/16 [00:01<00:00, 14.82it/s, loss=0.5511]
Epoch 120/1000: 100% 16/16 [00:01<00:00, 14.81it/s, loss=0.5510]
2025-11-05 09:29:46,973 [INFO] Epoch 120/1000 | Time: 1.31s | Loss: 0.5510 | Eval Return: 9.40
Epoch 121/1000: 100% 16/16 [00:01<00:00, 14.82it/s, loss=0.5503]
Epoch 122/1000: 100% 16/16 [00:01<00:00, 14.74it/s, loss=0.5541]
Epoch 123/1000: 100% 16/16 [00:01<00:00, 14.80it/s, loss=0.5519]
Epoch 124/1000: 100% 16/16 [00:01<00:00, 14.82it/s, loss=0.5497]
Epoch 125/1000: 100% 16/16 [00:01<00:00, 14.80it/s, loss=0.5503]
Epoch 126/1000: 100% 16/16 [00:01<00:00, 14.80it/s, loss=0.5497]
Epoch 127/1000: 100% 16/16 [00:01<00:00, 14.67it/s, loss=0.5511]
Epoch 128/1000: 100% 16/16 [00:01<00:00, 14.52it/s, loss=0.5496]
Epoch 129/1000: 100% 16/16 [00:01<00:00, 14.60it/s, loss=0.5467]
Epoch 130/1000: 100% 16/16 [00:01<00:00, 14.78it/s, loss=0.5537]
2025-11-05 09:29:58,074 [INFO] Epoch 130/1000 | Time: 1.32s | Loss: 0.5537 | Eval Return: 9.70
Epoch 131/1000: 100% 16/16 [00:01<00:00, 14.73it/s, loss=0.5510]
Epoch 132/1000: 100% 16/16 [00:01<00:00, 14.70it/s, loss=0.5463]
Epoch 133/1000: 100% 16/16 [00:01<00:00, 14.73it/s, loss=0.5482]
Epoch 134/1000: 100% 16/16 [00:01<00:00, 14.68it/s, loss=0.5457]
Epoch 135/1000: 100% 16/16 [00:01<00:00, 14.72it/s, loss=0.5481]
Epoch 136/1000: 100% 16/16 [00:01<00:00, 14.73it/s, loss=0.5430]
Epoch 137/1000: 100% 16/16 [00:01<00:00, 14.63it/s, loss=0.5436]
Epoch 138/1000: 100% 16/16 [00:01<00:00, 14.54it/s, loss=0.5452]
Epoch 139/1000: 100% 16/16 [00:01<00:00, 14.51it/s, loss=0.5440]
Epoch 140/1000: 100% 16/16 [00:01<00:00, 14.61it/s, loss=0.5426]
2025-11-05 09:30:09,231 [INFO] Epoch 140/1000 | Time: 1.33s | Loss: 0.5426 | Eval Return: 9.70
Epoch 141/1000: 100% 16/16 [00:01<00:00, 14.75it/s, loss=0.5491]
Epoch 142/1000: 100% 16/16 [00:01<00:00, 14.70it/s, loss=0.5456]
Epoch 143/1000: 100% 16/16 [00:01<00:00, 14.71it/s, loss=0.5454]
Epoch 144/1000: 100% 16/16 [00:01<00:00, 14.71it/s, loss=0.5425]
Epoch 145/1000: 100% 16/16 [00:01<00:00, 14.64it/s, loss=0.5435]
Epoch 146/1000: 100% 16/16 [00:01<00:00, 14.68it/s, loss=0.5446]
Epoch 147/1000: 100% 16/16 [00:01<00:00, 14.61it/s, loss=0.5472]
Epoch 148/1000: 100% 16/16 [00:01<00:00, 14.63it/s, loss=0.5405]
Epoch 149/1000: 100% 16/16 [00:01<00:00, 14.41it/s, loss=0.5409]
Epoch 150/1000: 100% 16/16 [00:01<00:00, 14.37it/s, loss=0.5421]
2025-11-05 09:30:20,428 [INFO] Epoch 150/1000 | Time: 1.36s | Loss: 0.5421 | Eval Return: 9.30
Epoch 151/1000: 100% 16/16 [00:01<00:00, 14.75it/s, loss=0.5399]
Epoch 152/1000: 100% 16/16 [00:01<00:00, 14.55it/s, loss=0.5574]
Epoch 153/1000: 100% 16/16 [00:01<00:00, 14.60it/s, loss=0.5479]
Epoch 154/1000: 100% 16/16 [00:01<00:00, 14.64it/s, loss=0.5452]
Epoch 155/1000: 100% 16/16 [00:01<00:00, 14.52it/s, loss=0.5387]
Epoch 156/1000: 100% 16/16 [00:01<00:00, 14.53it/s, loss=0.5417]
Epoch 157/1000: 100% 16/16 [00:01<00:00, 14.59it/s, loss=0.5394]
Epoch 158/1000: 100% 16/16 [00:01<00:00, 14.60it/s, loss=0.5431]
Epoch 159/1000: 100% 16/16 [00:01<00:00, 14.55it/s, loss=0.5450]
Epoch 160/1000: 100% 16/16 [00:01<00:00, 14.50it/s, loss=0.5384]
2025-11-05 09:30:31,771 [INFO] Epoch 160/1000 | Time: 1.46s | Loss: 0.5384 | Eval Return: 9.40
Epoch 161/1000: 100% 16/16 [00:01<00:00, 14.61it/s, loss=0.5401]
Epoch 162/1000: 100% 16/16 [00:01<00:00, 14.64it/s, loss=0.5370]
Epoch 163/1000: 100% 16/16 [00:01<00:00, 14.63it/s, loss=0.5389]
Epoch 164/1000: 100% 16/16 [00:01<00:00, 14.64it/s, loss=0.5426]
Epoch 165/1000: 100% 16/16 [00:01<00:00, 14.66it/s, loss=0.5359]
Epoch 166/1000: 100% 16/16 [00:01<00:00, 14.63it/s, loss=0.5345]
Epoch 167/1000: 100% 16/16 [00:01<00:00, 14.67it/s, loss=0.5349]
Epoch 168/1000: 100% 16/16 [00:01<00:00, 14.63it/s, loss=0.5422]
Epoch 169/1000: 100% 16/16 [00:01<00:00, 14.66it/s, loss=0.5368]
Epoch 170/1000: 100% 16/16 [00:01<00:00, 14.58it/s, loss=0.5337]
2025-11-05 09:30:43,041 [INFO] Epoch 170/1000 | Time: 1.43s | Loss: 0.5337 | Eval Return: 9.30
Epoch 171/1000: 100% 16/16 [00:01<00:00, 14.50it/s, loss=0.5368]
Epoch 172/1000: 100% 16/16 [00:01<00:00, 14.64it/s, loss=0.5382]
Epoch 173/1000: 100% 16/16 [00:01<00:00, 14.67it/s, loss=0.5353]
Epoch 174/1000: 100% 16/16 [00:01<00:00, 14.73it/s, loss=0.5374]
Epoch 175/1000: 100% 16/16 [00:01<00:00, 14.70it/s, loss=0.5437]
Epoch 176/1000: 100% 16/16 [00:01<00:00, 14.64it/s, loss=0.5354]
Epoch 177/1000: 100% 16/16 [00:01<00:00, 14.70it/s, loss=0.5327]
Epoch 178/1000: 100% 16/16 [00:01<00:00, 14.71it/s, loss=0.5323]
Epoch 179/1000: 100% 16/16 [00:01<00:00, 14.68it/s, loss=0.5325]
Epoch 180/1000: 100% 16/16 [00:01<00:00, 14.69it/s, loss=0.5329]
2025-11-05 09:30:54,194 [INFO] Epoch 180/1000 | Time: 1.33s | Loss: 0.5329 | Eval Return: 9.70
Epoch 181/1000: 100% 16/16 [00:01<00:00, 14.62it/s, loss=0.5327]
Epoch 182/1000: 100% 16/16 [00:01<00:00, 14.40it/s, loss=0.5372]
Epoch 183/1000: 100% 16/16 [00:01<00:00, 14.73it/s, loss=0.5287]
Epoch 184/1000: 100% 16/16 [00:01<00:00, 14.71it/s, loss=0.5313]
Epoch 185/1000: 100% 16/16 [00:01<00:00, 14.71it/s, loss=0.5294]
Epoch 186/1000: 100% 16/16 [00:01<00:00, 14.74it/s, loss=0.5323]
Epoch 187/1000: 100% 16/16 [00:01<00:00, 14.69it/s, loss=0.5311]
Epoch 188/1000: 100% 16/16 [00:01<00:00, 14.71it/s, loss=0.5326]
Epoch 189/1000: 100% 16/16 [00:01<00:00, 14.71it/s, loss=0.5319]
Epoch 190/1000: 100% 16/16 [00:01<00:00, 14.71it/s, loss=0.5296]
2025-11-05 09:31:05,338 [INFO] Epoch 190/1000 | Time: 1.32s | Loss: 0.5296 | Eval Return: 9.60
Epoch 191/1000: 100% 16/16 [00:01<00:00, 14.66it/s, loss=0.5299]
Epoch 192/1000: 100% 16/16 [00:01<00:00, 14.50it/s, loss=0.5272]
Epoch 193/1000: 100% 16/16 [00:01<00:00, 14.56it/s, loss=0.5306]
Epoch 194/1000: 100% 16/16 [00:01<00:00, 14.67it/s, loss=0.5322]
Epoch 195/1000: 100% 16/16 [00:01<00:00, 14.77it/s, loss=0.5291]
Epoch 196/1000: 100% 16/16 [00:01<00:00, 14.67it/s, loss=0.5274]
Epoch 197/1000: 100% 16/16 [00:01<00:00, 14.73it/s, loss=0.5295]
Epoch 198/1000: 100% 16/16 [00:01<00:00, 14.69it/s, loss=0.5258]
Epoch 199/1000: 100% 16/16 [00:01<00:00, 14.73it/s, loss=0.5235]
Epoch 200/1000: 100% 16/16 [00:01<00:00, 14.72it/s, loss=0.5297]
2025-11-05 09:31:16,480 [INFO] Epoch 200/1000 | Time: 1.32s | Loss: 0.5297 | Eval Return: 9.40
Epoch 201/1000: 100% 16/16 [00:01<00:00, 14.86it/s, loss=0.5222]
Epoch 202/1000: 100% 16/16 [00:01<00:00, 14.63it/s, loss=0.5250]
Epoch 203/1000: 100% 16/16 [00:01<00:00, 14.52it/s, loss=0.5246]
Epoch 204/1000: 100% 16/16 [00:01<00:00, 14.73it/s, loss=0.5249]
Epoch 205/1000: 100% 16/16 [00:01<00:00, 14.69it/s, loss=0.5291]
Epoch 206/1000: 100% 16/16 [00:01<00:00, 14.63it/s, loss=0.5251]
Epoch 207/1000: 100% 16/16 [00:01<00:00, 14.68it/s, loss=0.5276]
Epoch 208/1000: 100% 16/16 [00:01<00:00, 14.77it/s, loss=0.5227]
Epoch 209/1000: 100% 16/16 [00:01<00:00, 14.73it/s, loss=0.5192]
Epoch 210/1000: 100% 16/16 [00:01<00:00, 14.72it/s, loss=0.5242]
2025-11-05 09:31:27,622 [INFO] Epoch 210/1000 | Time: 1.33s | Loss: 0.5242 | Eval Return: 9.20
Epoch 211/1000: 100% 16/16 [00:01<00:00, 14.81it/s, loss=0.5266]
Epoch 212/1000: 100% 16/16 [00:01<00:00, 14.74it/s, loss=0.5231]
Epoch 213/1000: 100% 16/16 [00:01<00:00, 14.63it/s, loss=0.5208]
Epoch 214/1000: 100% 16/16 [00:01<00:00, 14.50it/s, loss=0.5219]
Epoch 215/1000: 100% 16/16 [00:01<00:00, 14.70it/s, loss=0.5243]
Epoch 216/1000: 100% 16/16 [00:01<00:00, 14.72it/s, loss=0.5267]
Epoch 217/1000: 100% 16/16 [00:01<00:00, 14.66it/s, loss=0.5207]
Epoch 218/1000: 100% 16/16 [00:01<00:00, 14.64it/s, loss=0.5195]
Epoch 219/1000: 100% 16/16 [00:01<00:00, 14.75it/s, loss=0.5215]
Epoch 220/1000: 100% 16/16 [00:01<00:00, 14.77it/s, loss=0.5235]
2025-11-05 09:31:38,740 [INFO] Epoch 220/1000 | Time: 1.31s | Loss: 0.5235 | Eval Return: 9.20
Epoch 221/1000: 100% 16/16 [00:01<00:00, 14.82it/s, loss=0.5241]
Epoch 222/1000: 100% 16/16 [00:01<00:00, 14.81it/s, loss=0.5179]
Epoch 223/1000: 100% 16/16 [00:01<00:00, 14.73it/s, loss=0.5188]
Epoch 224/1000: 100% 16/16 [00:01<00:00, 14.52it/s, loss=0.5243]
Epoch 225/1000: 100% 16/16 [00:01<00:00, 14.52it/s, loss=0.5192]
Epoch 226/1000: 100% 16/16 [00:01<00:00, 14.72it/s, loss=0.5171]
Epoch 227/1000: 100% 16/16 [00:01<00:00, 14.67it/s, loss=0.5199]
Epoch 228/1000: 100% 16/16 [00:01<00:00, 14.69it/s, loss=0.5164]
Epoch 229/1000: 100% 16/16 [00:01<00:00, 14.67it/s, loss=0.5201]
Epoch 230/1000: 100% 16/16 [00:01<00:00, 14.78it/s, loss=0.5177]
2025-11-05 09:31:49,855 [INFO] Epoch 230/1000 | Time: 1.30s | Loss: 0.5177 | Eval Return: 9.20
Epoch 231/1000: 100% 16/16 [00:01<00:00, 14.76it/s, loss=0.5180]
Epoch 232/1000: 100% 16/16 [00:01<00:00, 14.80it/s, loss=0.5179]
Epoch 233/1000: 100% 16/16 [00:01<00:00, 14.71it/s, loss=0.5188]
Epoch 234/1000: 100% 16/16 [00:01<00:00, 14.74it/s, loss=0.5160]
Epoch 235/1000: 100% 16/16 [00:01<00:00, 14.58it/s, loss=0.5195]
Epoch 236/1000: 100% 16/16 [00:01<00:00, 14.57it/s, loss=0.5153]
Epoch 237/1000: 100% 16/16 [00:01<00:00, 14.68it/s, loss=0.5164]
Epoch 238/1000: 100% 16/16 [00:01<00:00, 14.79it/s, loss=0.5180]
Epoch 239/1000: 100% 16/16 [00:01<00:00, 14.70it/s, loss=0.5111]
Epoch 240/1000: 100% 16/16 [00:01<00:00, 14.73it/s, loss=0.5126]
2025-11-05 09:32:01,012 [INFO] Epoch 240/1000 | Time: 1.36s | Loss: 0.5126 | Eval Return: 9.40
Epoch 241/1000: 100% 16/16 [00:01<00:00, 14.74it/s, loss=0.5155]
Epoch 242/1000: 100% 16/16 [00:01<00:00, 14.77it/s, loss=0.5148]
Epoch 243/1000: 100% 16/16 [00:01<00:00, 14.73it/s, loss=0.5171]
Epoch 244/1000: 100% 16/16 [00:01<00:00, 14.67it/s, loss=0.5208]
Epoch 245/1000: 100% 16/16 [00:01<00:00, 14.65it/s, loss=0.5146]
Epoch 246/1000: 100% 16/16 [00:01<00:00, 14.46it/s, loss=0.5136]
Epoch 247/1000: 100% 16/16 [00:01<00:00, 14.53it/s, loss=0.5126]
Epoch 248/1000: 100% 16/16 [00:01<00:00, 14.71it/s, loss=0.5114]
Epoch 249/1000: 100% 16/16 [00:01<00:00, 14.67it/s, loss=0.5198]
Epoch 250/1000: 100% 16/16 [00:01<00:00, 14.64it/s, loss=0.5173]
2025-11-05 09:32:12,194 [INFO] Epoch 250/1000 | Time: 1.35s | Loss: 0.5173 | Eval Return: 9.30
Epoch 251/1000: 100% 16/16 [00:01<00:00, 14.74it/s, loss=0.5106]
Epoch 252/1000: 100% 16/16 [00:01<00:00, 14.68it/s, loss=0.5146]
Epoch 253/1000: 100% 16/16 [00:01<00:00, 14.65it/s, loss=0.5138]
Epoch 254/1000: 100% 16/16 [00:01<00:00, 14.63it/s, loss=0.5118]
Epoch 255/1000: 100% 16/16 [00:01<00:00, 14.73it/s, loss=0.5102]
Epoch 256/1000: 100% 16/16 [00:01<00:00, 14.55it/s, loss=0.5098]
Epoch 257/1000: 100% 16/16 [00:01<00:00, 14.47it/s, loss=0.5175]
Epoch 258/1000: 100% 16/16 [00:01<00:00, 14.66it/s, loss=0.5070]
Epoch 259/1000: 100% 16/16 [00:01<00:00, 14.66it/s, loss=0.5091]
Epoch 260/1000: 100% 16/16 [00:01<00:00, 14.62it/s, loss=0.5085]
2025-11-05 09:32:23,374 [INFO] Epoch 260/1000 | Time: 1.33s | Loss: 0.5085 | Eval Return: 9.40
Epoch 261/1000: 100% 16/16 [00:01<00:00, 14.69it/s, loss=0.5107]
Epoch 262/1000: 100% 16/16 [00:01<00:00, 14.67it/s, loss=0.5088]
Epoch 263/1000: 100% 16/16 [00:01<00:00, 14.62it/s, loss=0.5079]
Epoch 264/1000: 100% 16/16 [00:01<00:00, 14.65it/s, loss=0.5060]
Epoch 265/1000: 100% 16/16 [00:01<00:00, 14.64it/s, loss=0.5078]
Epoch 266/1000: 100% 16/16 [00:01<00:00, 14.65it/s, loss=0.5080]
Epoch 267/1000: 100% 16/16 [00:01<00:00, 14.49it/s, loss=0.5093]
Epoch 268/1000: 100% 16/16 [00:01<00:00, 14.49it/s, loss=0.5121]
Epoch 269/1000: 100% 16/16 [00:01<00:00, 14.54it/s, loss=0.5105]
Epoch 270/1000: 100% 16/16 [00:01<00:00, 14.70it/s, loss=0.5056]
2025-11-05 09:32:34,546 [INFO] Epoch 270/1000 | Time: 1.31s | Loss: 0.5056 | Eval Return: 9.30
Epoch 271/1000: 100% 16/16 [00:01<00:00, 14.68it/s, loss=0.5049]
Epoch 272/1000: 100% 16/16 [00:01<00:00, 14.61it/s, loss=0.5056]
Epoch 273/1000: 100% 16/16 [00:01<00:00, 14.61it/s, loss=0.5033]
Epoch 274/1000: 100% 16/16 [00:01<00:00, 14.60it/s, loss=0.5043]
Epoch 275/1000: 100% 16/16 [00:01<00:00, 14.69it/s, loss=0.5061]
Epoch 276/1000: 100% 16/16 [00:01<00:00, 14.61it/s, loss=0.5017]
Epoch 277/1000: 100% 16/16 [00:01<00:00, 14.64it/s, loss=0.5102]
Epoch 278/1000: 100% 16/16 [00:01<00:00, 14.42it/s, loss=0.5057]
Epoch 279/1000: 100% 16/16 [00:01<00:00, 14.56it/s, loss=0.5081]
Epoch 280/1000: 100% 16/16 [00:01<00:00, 14.62it/s, loss=0.5051]
2025-11-05 09:32:45,733 [INFO] Epoch 280/1000 | Time: 1.32s | Loss: 0.5051 | Eval Return: 9.60
Epoch 281/1000: 100% 16/16 [00:01<00:00, 14.68it/s, loss=0.5023]
Epoch 282/1000: 100% 16/16 [00:01<00:00, 14.66it/s, loss=0.5070]
Epoch 283/1000: 100% 16/16 [00:01<00:00, 14.62it/s, loss=0.5034]
Epoch 284/1000: 100% 16/16 [00:01<00:00, 14.62it/s, loss=0.5021]
Epoch 285/1000: 100% 16/16 [00:01<00:00, 14.66it/s, loss=0.5056]
Epoch 286/1000: 100% 16/16 [00:01<00:00, 14.63it/s, loss=0.5071]
Epoch 287/1000: 100% 16/16 [00:01<00:00, 14.62it/s, loss=0.5092]
Epoch 288/1000: 100% 16/16 [00:01<00:00, 14.63it/s, loss=0.5113]
Epoch 289/1000: 100% 16/16 [00:01<00:00, 14.48it/s, loss=0.4979]
Epoch 290/1000: 100% 16/16 [00:01<00:00, 14.47it/s, loss=0.5006]
2025-11-05 09:32:56,913 [INFO] Epoch 290/1000 | Time: 1.33s | Loss: 0.5006 | Eval Return: 9.30
Epoch 291/1000: 100% 16/16 [00:01<00:00, 14.76it/s, loss=0.5029]
Epoch 292/1000: 100% 16/16 [00:01<00:00, 14.64it/s, loss=0.5018]
Epoch 293/1000: 100% 16/16 [00:01<00:00, 14.66it/s, loss=0.4971]
Epoch 294/1000: 100% 16/16 [00:01<00:00, 14.69it/s, loss=0.5017]
Epoch 295/1000: 100% 16/16 [00:01<00:00, 14.69it/s, loss=0.4970]
Epoch 296/1000: 100% 16/16 [00:01<00:00, 14.64it/s, loss=0.5001]
Epoch 297/1000: 100% 16/16 [00:01<00:00, 14.63it/s, loss=0.5003]
Epoch 298/1000: 100% 16/16 [00:01<00:00, 14.76it/s, loss=0.4983]
Epoch 299/1000: 100% 16/16 [00:01<00:00, 14.60it/s, loss=0.4976]
Epoch 300/1000: 100% 16/16 [00:01<00:00, 14.53it/s, loss=0.4943]
2025-11-05 09:33:08,195 [INFO] Epoch 300/1000 | Time: 1.47s | Loss: 0.4943 | Eval Return: 9.10
Epoch 301/1000: 100% 16/16 [00:01<00:00, 14.76it/s, loss=0.4997]
Epoch 302/1000: 100% 16/16 [00:01<00:00, 14.77it/s, loss=0.5044]
Epoch 303/1000: 100% 16/16 [00:01<00:00, 14.68it/s, loss=0.4949]
Epoch 304/1000: 100% 16/16 [00:01<00:00, 14.62it/s, loss=0.4953]
Epoch 305/1000: 100% 16/16 [00:01<00:00, 14.64it/s, loss=0.4974]
Epoch 306/1000: 100% 16/16 [00:01<00:00, 14.56it/s, loss=0.4969]
Epoch 307/1000: 100% 16/16 [00:01<00:00, 14.67it/s, loss=0.4942]
Epoch 308/1000: 100% 16/16 [00:01<00:00, 14.58it/s, loss=0.4926]
Epoch 309/1000: 100% 16/16 [00:01<00:00, 14.75it/s, loss=0.4938]
Epoch 310/1000: 100% 16/16 [00:01<00:00, 14.52it/s, loss=0.4921]
2025-11-05 09:33:19,413 [INFO] Epoch 310/1000 | Time: 1.39s | Loss: 0.4921 | Eval Return: 9.20
Epoch 311/1000: 100% 16/16 [00:01<00:00, 14.53it/s, loss=0.4987]
Epoch 312/1000: 100% 16/16 [00:01<00:00, 14.62it/s, loss=0.4955]
Epoch 313/1000: 100% 16/16 [00:01<00:00, 14.69it/s, loss=0.4924]
Epoch 314/1000: 100% 16/16 [00:01<00:00, 14.70it/s, loss=0.5033]
Epoch 315/1000: 100% 16/16 [00:01<00:00, 14.77it/s, loss=0.5027]
Epoch 316/1000: 100% 16/16 [00:01<00:00, 14.71it/s, loss=0.4964]
Epoch 317/1000: 100% 16/16 [00:01<00:00, 14.69it/s, loss=0.4947]
Epoch 318/1000: 100% 16/16 [00:01<00:00, 14.77it/s, loss=0.4904]
Epoch 319/1000: 100% 16/16 [00:01<00:00, 14.79it/s, loss=0.4945]
Epoch 320/1000: 100% 16/16 [00:01<00:00, 14.73it/s, loss=0.4955]
2025-11-05 09:33:30,648 [INFO] Epoch 320/1000 | Time: 1.43s | Loss: 0.4955 | Eval Return: 9.50
Epoch 321/1000: 100% 16/16 [00:01<00:00, 14.54it/s, loss=0.4959]
Epoch 322/1000: 100% 16/16 [00:01<00:00, 14.56it/s, loss=0.4951]
Epoch 323/1000: 100% 16/16 [00:01<00:00, 14.68it/s, loss=0.4943]
Epoch 324/1000: 100% 16/16 [00:01<00:00, 14.70it/s, loss=0.4890]
Epoch 325/1000: 100% 16/16 [00:01<00:00, 14.68it/s, loss=0.4921]
Epoch 326/1000: 100% 16/16 [00:01<00:00, 14.59it/s, loss=0.4958]
Epoch 327/1000: 100% 16/16 [00:01<00:00, 14.74it/s, loss=0.4960]
Epoch 328/1000: 100% 16/16 [00:01<00:00, 14.72it/s, loss=0.4948]
Epoch 329/1000: 100% 16/16 [00:01<00:00, 14.65it/s, loss=0.4913]
Epoch 330/1000: 100% 16/16 [00:01<00:00, 14.63it/s, loss=0.4902]
2025-11-05 09:33:41,797 [INFO] Epoch 330/1000 | Time: 1.32s | Loss: 0.4902 | Eval Return: 9.20
Epoch 331/1000: 100% 16/16 [00:01<00:00, 14.45it/s, loss=0.4898]
Epoch 332/1000: 100% 16/16 [00:01<00:00, 14.38it/s, loss=0.4882]
Epoch 333/1000: 100% 16/16 [00:01<00:00, 14.44it/s, loss=0.4909]
Epoch 334/1000: 100% 16/16 [00:01<00:00, 14.63it/s, loss=0.4895]
Epoch 335/1000: 100% 16/16 [00:01<00:00, 14.65it/s, loss=0.4889]
Epoch 336/1000: 100% 16/16 [00:01<00:00, 14.59it/s, loss=0.4867]
Epoch 337/1000: 100% 16/16 [00:01<00:00, 14.60it/s, loss=0.4875]
Epoch 338/1000: 100% 16/16 [00:01<00:00, 14.60it/s, loss=0.4932]
Epoch 339/1000: 100% 16/16 [00:01<00:00, 14.58it/s, loss=0.4888]
Epoch 340/1000: 100% 16/16 [00:01<00:00, 14.64it/s, loss=0.4835]
2025-11-05 09:33:53,026 [INFO] Epoch 340/1000 | Time: 1.33s | Loss: 0.4835 | Eval Return: 9.70
Epoch 341/1000: 100% 16/16 [00:01<00:00, 14.70it/s, loss=0.4840]
Epoch 342/1000: 100% 16/16 [00:01<00:00, 14.51it/s, loss=0.4953]
Epoch 343/1000: 100% 16/16 [00:01<00:00, 14.51it/s, loss=0.4870]
Epoch 344/1000: 100% 16/16 [00:01<00:00, 14.57it/s, loss=0.4867]
Epoch 345/1000: 100% 16/16 [00:01<00:00, 14.56it/s, loss=0.4826]
Epoch 346/1000: 100% 16/16 [00:01<00:00, 14.57it/s, loss=0.4859]
Epoch 347/1000: 100% 16/16 [00:01<00:00, 14.55it/s, loss=0.4879]
Epoch 348/1000: 100% 16/16 [00:01<00:00, 14.58it/s, loss=0.4817]
Epoch 349/1000: 100% 16/16 [00:01<00:00, 14.65it/s, loss=0.4822]
Epoch 350/1000: 100% 16/16 [00:01<00:00, 14.60it/s, loss=0.4827]
2025-11-05 09:34:04,236 [INFO] Epoch 350/1000 | Time: 1.33s | Loss: 0.4827 | Eval Return: 9.20
Epoch 351/1000: 100% 16/16 [00:01<00:00, 14.66it/s, loss=0.4855]
Epoch 352/1000: 100% 16/16 [00:01<00:00, 14.48it/s, loss=0.4876]
Epoch 353/1000: 100% 16/16 [00:01<00:00, 14.50it/s, loss=0.4827]
Epoch 354/1000: 100% 16/16 [00:01<00:00, 14.50it/s, loss=0.4801]
Epoch 355/1000: 100% 16/16 [00:01<00:00, 14.64it/s, loss=0.4826]
Epoch 356/1000: 100% 16/16 [00:01<00:00, 14.59it/s, loss=0.4841]
Epoch 357/1000: 100% 16/16 [00:01<00:00, 14.62it/s, loss=0.4846]
Epoch 358/1000: 100% 16/16 [00:01<00:00, 14.58it/s, loss=0.4803]
Epoch 359/1000: 100% 16/16 [00:01<00:00, 14.56it/s, loss=0.4854]
Epoch 360/1000: 100% 16/16 [00:01<00:00, 14.52it/s, loss=0.4899]
2025-11-05 09:34:15,459 [INFO] Epoch 360/1000 | Time: 1.33s | Loss: 0.4899 | Eval Return: 9.20
Epoch 361/1000: 100% 16/16 [00:01<00:00, 14.61it/s, loss=0.4838]
Epoch 362/1000: 100% 16/16 [00:01<00:00, 14.61it/s, loss=0.4765]
Epoch 363/1000: 100% 16/16 [00:01<00:00, 14.63it/s, loss=0.4780]
Epoch 364/1000: 100% 16/16 [00:01<00:00, 14.50it/s, loss=0.4805]
Epoch 365/1000: 100% 16/16 [00:01<00:00, 14.52it/s, loss=0.4818]
Epoch 366/1000: 100% 16/16 [00:01<00:00, 14.65it/s, loss=0.4779]
Epoch 367/1000: 100% 16/16 [00:01<00:00, 14.70it/s, loss=0.4823]
Epoch 368/1000: 100% 16/16 [00:01<00:00, 14.67it/s, loss=0.4773]
Epoch 369/1000: 100% 16/16 [00:01<00:00, 14.64it/s, loss=0.4780]
Epoch 370/1000: 100% 16/16 [00:01<00:00, 14.60it/s, loss=0.4793]
2025-11-05 09:34:26,648 [INFO] Epoch 370/1000 | Time: 1.33s | Loss: 0.4793 | Eval Return: 9.70
Epoch 371/1000: 100% 16/16 [00:01<00:00, 14.66it/s, loss=0.4777]
Epoch 372/1000: 100% 16/16 [00:01<00:00, 14.67it/s, loss=0.4776]
Epoch 373/1000: 100% 16/16 [00:01<00:00, 14.61it/s, loss=0.4798]
Epoch 374/1000: 100% 16/16 [00:01<00:00, 14.57it/s, loss=0.4810]
Epoch 375/1000: 100% 16/16 [00:01<00:00, 14.44it/s, loss=0.4777]
Epoch 376/1000: 100% 16/16 [00:01<00:00, 14.57it/s, loss=0.4754]
Epoch 377/1000: 100% 16/16 [00:01<00:00, 14.69it/s, loss=0.4747]
Epoch 378/1000: 100% 16/16 [00:01<00:00, 14.67it/s, loss=0.4767]
Epoch 379/1000: 100% 16/16 [00:01<00:00, 14.62it/s, loss=0.4791]
Epoch 380/1000: 100% 16/16 [00:01<00:00, 14.73it/s, loss=0.4733]
2025-11-05 09:34:37,827 [INFO] Epoch 380/1000 | Time: 1.32s | Loss: 0.4733 | Eval Return: 8.90
Epoch 381/1000: 100% 16/16 [00:01<00:00, 14.78it/s, loss=0.4729]
Epoch 382/1000: 100% 16/16 [00:01<00:00, 14.70it/s, loss=0.4731]
Epoch 383/1000: 100% 16/16 [00:01<00:00, 14.70it/s, loss=0.4798]
Epoch 384/1000: 100% 16/16 [00:01<00:00, 14.72it/s, loss=0.4776]
Epoch 385/1000: 100% 16/16 [00:01<00:00, 14.46it/s, loss=0.4822]
Epoch 386/1000: 100% 16/16 [00:01<00:00, 14.54it/s, loss=0.4766]
Epoch 387/1000: 100% 16/16 [00:01<00:00, 14.76it/s, loss=0.4746]
Epoch 388/1000: 100% 16/16 [00:01<00:00, 14.68it/s, loss=0.4719]
Epoch 389/1000: 100% 16/16 [00:01<00:00, 14.65it/s, loss=0.4707]
Epoch 390/1000: 100% 16/16 [00:01<00:00, 14.72it/s, loss=0.4704]
2025-11-05 09:34:48,950 [INFO] Epoch 390/1000 | Time: 1.30s | Loss: 0.4704 | Eval Return: 9.10
Epoch 391/1000: 100% 16/16 [00:01<00:00, 14.69it/s, loss=0.4755]
Epoch 392/1000: 100% 16/16 [00:01<00:00, 14.73it/s, loss=0.4753]
Epoch 393/1000: 100% 16/16 [00:01<00:00, 14.75it/s, loss=0.4707]
Epoch 394/1000: 100% 16/16 [00:01<00:00, 14.76it/s, loss=0.4730]
Epoch 395/1000: 100% 16/16 [00:01<00:00, 14.58it/s, loss=0.4704]
Epoch 396/1000: 100% 16/16 [00:01<00:00, 14.48it/s, loss=0.4717]
Epoch 397/1000: 100% 16/16 [00:01<00:00, 14.55it/s, loss=0.4691]
Epoch 398/1000: 100% 16/16 [00:01<00:00, 14.77it/s, loss=0.4746]
Epoch 399/1000: 100% 16/16 [00:01<00:00, 14.74it/s, loss=0.4618]
Epoch 400/1000: 100% 16/16 [00:01<00:00, 14.65it/s, loss=0.4660]
2025-11-05 09:35:00,081 [INFO] Epoch 400/1000 | Time: 1.31s | Loss: 0.4660 | Eval Return: 9.10
Epoch 401/1000: 100% 16/16 [00:01<00:00, 14.77it/s, loss=0.4693]
Epoch 402/1000: 100% 16/16 [00:01<00:00, 14.73it/s, loss=0.4669]
Epoch 403/1000: 100% 16/16 [00:01<00:00, 14.74it/s, loss=0.4712]
Epoch 404/1000: 100% 16/16 [00:01<00:00, 14.74it/s, loss=0.4641]
Epoch 405/1000: 100% 16/16 [00:01<00:00, 14.71it/s, loss=0.4659]
Epoch 406/1000: 100% 16/16 [00:01<00:00, 14.65it/s, loss=0.4642]
Epoch 407/1000: 100% 16/16 [00:01<00:00, 14.56it/s, loss=0.4645]
Epoch 408/1000: 100% 16/16 [00:01<00:00, 14.61it/s, loss=0.4643]
Epoch 409/1000: 100% 16/16 [00:01<00:00, 14.69it/s, loss=0.4683]
Epoch 410/1000: 100% 16/16 [00:01<00:00, 14.76it/s, loss=0.4667]
2025-11-05 09:35:11,209 [INFO] Epoch 410/1000 | Time: 1.31s | Loss: 0.4667 | Eval Return: 9.20
Epoch 411/1000: 100% 16/16 [00:01<00:00, 14.84it/s, loss=0.4646]
Epoch 412/1000: 100% 16/16 [00:01<00:00, 14.71it/s, loss=0.4646]
Epoch 413/1000: 100% 16/16 [00:01<00:00, 14.65it/s, loss=0.4646]
Epoch 414/1000: 100% 16/16 [00:01<00:00, 14.69it/s, loss=0.4672]
Epoch 415/1000: 100% 16/16 [00:01<00:00, 14.71it/s, loss=0.4649]
Epoch 416/1000: 100% 16/16 [00:01<00:00, 14.66it/s, loss=0.4642]
Epoch 417/1000: 100% 16/16 [00:01<00:00, 14.63it/s, loss=0.4631]
Epoch 418/1000: 100% 16/16 [00:01<00:00, 14.39it/s, loss=0.4744]
Epoch 419/1000: 100% 16/16 [00:01<00:00, 14.60it/s, loss=0.4652]
Epoch 420/1000: 100% 16/16 [00:01<00:00, 14.63it/s, loss=0.4639]
2025-11-05 09:35:22,367 [INFO] Epoch 420/1000 | Time: 1.33s | Loss: 0.4639 | Eval Return: 9.00
Epoch 421/1000: 100% 16/16 [00:01<00:00, 14.79it/s, loss=0.4625]
Epoch 422/1000: 100% 16/16 [00:01<00:00, 14.67it/s, loss=0.4623]
Epoch 423/1000: 100% 16/16 [00:01<00:00, 14.73it/s, loss=0.4637]
Epoch 424/1000: 100% 16/16 [00:01<00:00, 14.71it/s, loss=0.4578]
Epoch 425/1000: 100% 16/16 [00:01<00:00, 14.71it/s, loss=0.4638]
Epoch 426/1000: 100% 16/16 [00:01<00:00, 14.61it/s, loss=0.4661]
Epoch 427/1000: 100% 16/16 [00:01<00:00, 14.64it/s, loss=0.4648]
Epoch 428/1000: 100% 16/16 [00:01<00:00, 14.48it/s, loss=0.4584]
Epoch 429/1000: 100% 16/16 [00:01<00:00, 14.35it/s, loss=0.4619]
Epoch 430/1000: 100% 16/16 [00:01<00:00, 14.54it/s, loss=0.4614]
2025-11-05 09:35:33,562 [INFO] Epoch 430/1000 | Time: 1.35s | Loss: 0.4614 | Eval Return: 9.70
Epoch 431/1000: 100% 16/16 [00:01<00:00, 14.69it/s, loss=0.4622]
Epoch 432/1000: 100% 16/16 [00:01<00:00, 14.66it/s, loss=0.4614]
Epoch 433/1000: 100% 16/16 [00:01<00:00, 14.65it/s, loss=0.4564]
Epoch 434/1000: 100% 16/16 [00:01<00:00, 14.63it/s, loss=0.4540]
Epoch 435/1000: 100% 16/16 [00:01<00:00, 14.66it/s, loss=0.4602]
Epoch 436/1000: 100% 16/16 [00:01<00:00, 14.69it/s, loss=0.4590]
Epoch 437/1000: 100% 16/16 [00:01<00:00, 14.66it/s, loss=0.4548]
Epoch 438/1000: 100% 16/16 [00:01<00:00, 14.72it/s, loss=0.4569]
Epoch 439/1000: 100% 16/16 [00:01<00:00, 14.43it/s, loss=0.4621]
Epoch 440/1000: 100% 16/16 [00:01<00:00, 14.52it/s, loss=0.4668]
2025-11-05 09:35:44,733 [INFO] Epoch 440/1000 | Time: 1.33s | Loss: 0.4668 | Eval Return: 9.30
Epoch 441/1000: 100% 16/16 [00:01<00:00, 14.73it/s, loss=0.4544]
Epoch 442/1000: 100% 16/16 [00:01<00:00, 14.66it/s, loss=0.4582]
Epoch 443/1000: 100% 16/16 [00:01<00:00, 14.66it/s, loss=0.4547]
Epoch 444/1000: 100% 16/16 [00:01<00:00, 14.63it/s, loss=0.4581]
Epoch 445/1000: 100% 16/16 [00:01<00:00, 14.64it/s, loss=0.4538]
Epoch 446/1000: 100% 16/16 [00:01<00:00, 14.67it/s, loss=0.4543]
Epoch 447/1000: 100% 16/16 [00:01<00:00, 14.64it/s, loss=0.4606]
Epoch 448/1000: 100% 16/16 [00:01<00:00, 14.62it/s, loss=0.4548]
Epoch 449/1000: 100% 16/16 [00:01<00:00, 14.58it/s, loss=0.4563]
Epoch 450/1000: 100% 16/16 [00:01<00:00, 14.51it/s, loss=0.4565]
2025-11-05 09:35:56,013 [INFO] Epoch 450/1000 | Time: 1.45s | Loss: 0.4565 | Eval Return: 9.50
Epoch 451/1000: 100% 16/16 [00:01<00:00, 14.58it/s, loss=0.4618]
Epoch 452/1000: 100% 16/16 [00:01<00:00, 14.66it/s, loss=0.4570]
Epoch 453/1000: 100% 16/16 [00:01<00:00, 14.65it/s, loss=0.4585]
Epoch 454/1000: 100% 16/16 [00:01<00:00, 14.79it/s, loss=0.4511]
Epoch 455/1000: 100% 16/16 [00:01<00:00, 14.66it/s, loss=0.4523]
Epoch 456/1000: 100% 16/16 [00:01<00:00, 14.70it/s, loss=0.4527]
Epoch 457/1000: 100% 16/16 [00:01<00:00, 14.66it/s, loss=0.4544]
Epoch 458/1000: 100% 16/16 [00:01<00:00, 14.69it/s, loss=0.4519]
Epoch 459/1000: 100% 16/16 [00:01<00:00, 14.61it/s, loss=0.4534]
Epoch 460/1000: 100% 16/16 [00:01<00:00, 14.49it/s, loss=0.4576]
2025-11-05 09:36:07,272 [INFO] Epoch 460/1000 | Time: 1.42s | Loss: 0.4576 | Eval Return: 9.00
Epoch 461/1000: 100% 16/16 [00:01<00:00, 14.45it/s, loss=0.4512]
Epoch 462/1000: 100% 16/16 [00:01<00:00, 14.68it/s, loss=0.4547]
Epoch 463/1000: 100% 16/16 [00:01<00:00, 14.71it/s, loss=0.4514]
Epoch 464/1000: 100% 16/16 [00:01<00:00, 14.68it/s, loss=0.4477]
Epoch 465/1000: 100% 16/16 [00:01<00:00, 14.72it/s, loss=0.4538]
Epoch 466/1000: 100% 16/16 [00:01<00:00, 14.70it/s, loss=0.4597]
Epoch 467/1000: 100% 16/16 [00:01<00:00, 14.55it/s, loss=0.4517]
Epoch 468/1000: 100% 16/16 [00:01<00:00, 14.65it/s, loss=0.4491]
Epoch 469/1000: 100% 16/16 [00:01<00:00, 14.56it/s, loss=0.4513]
Epoch 470/1000: 100% 16/16 [00:01<00:00, 14.61it/s, loss=0.4531]
2025-11-05 09:36:18,476 [INFO] Epoch 470/1000 | Time: 1.36s | Loss: 0.4531 | Eval Return: 9.30
Epoch 471/1000: 100% 16/16 [00:01<00:00, 14.52it/s, loss=0.4517]
Epoch 472/1000: 100% 16/16 [00:01<00:00, 14.51it/s, loss=0.4458]
Epoch 473/1000: 100% 16/16 [00:01<00:00, 14.67it/s, loss=0.4503]
Epoch 474/1000: 100% 16/16 [00:01<00:00, 14.71it/s, loss=0.4505]
Epoch 475/1000: 100% 16/16 [00:01<00:00, 14.68it/s, loss=0.4472]
Epoch 476/1000: 100% 16/16 [00:01<00:00, 14.64it/s, loss=0.4511]
Epoch 477/1000: 100% 16/16 [00:01<00:00, 14.70it/s, loss=0.4483]
Epoch 478/1000: 100% 16/16 [00:01<00:00, 14.68it/s, loss=0.4506]
Epoch 479/1000: 100% 16/16 [00:01<00:00, 14.72it/s, loss=0.4531]
Epoch 480/1000: 100% 16/16 [00:01<00:00, 14.69it/s, loss=0.4460]
2025-11-05 09:36:29,618 [INFO] Epoch 480/1000 | Time: 1.31s | Loss: 0.4460 | Eval Return: 9.10
Epoch 481/1000: 100% 16/16 [00:01<00:00, 14.67it/s, loss=0.4442]
Epoch 482/1000: 100% 16/16 [00:01<00:00, 14.57it/s, loss=0.4476]
Epoch 483/1000: 100% 16/16 [00:01<00:00, 14.60it/s, loss=0.4452]
Epoch 484/1000: 100% 16/16 [00:01<00:00, 14.73it/s, loss=0.4406]
Epoch 485/1000: 100% 16/16 [00:01<00:00, 14.59it/s, loss=0.4443]
Epoch 486/1000: 100% 16/16 [00:01<00:00, 14.72it/s, loss=0.4442]
Epoch 487/1000: 100% 16/16 [00:01<00:00, 14.53it/s, loss=0.4420]
Epoch 488/1000: 100% 16/16 [00:01<00:00, 14.71it/s, loss=0.4411]
Epoch 489/1000: 100% 16/16 [00:01<00:00, 14.74it/s, loss=0.4481]
Epoch 490/1000: 100% 16/16 [00:01<00:00, 14.72it/s, loss=0.4442]
2025-11-05 09:36:40,770 [INFO] Epoch 490/1000 | Time: 1.32s | Loss: 0.4442 | Eval Return: 9.60
Epoch 491/1000: 100% 16/16 [00:01<00:00, 14.76it/s, loss=0.4383]
Epoch 492/1000: 100% 16/16 [00:01<00:00, 14.63it/s, loss=0.4424]
Epoch 493/1000: 100% 16/16 [00:01<00:00, 14.53it/s, loss=0.4445]
Epoch 494/1000: 100% 16/16 [00:01<00:00, 14.52it/s, loss=0.4409]
Epoch 495/1000: 100% 16/16 [00:01<00:00, 14.70it/s, loss=0.4397]
Epoch 496/1000: 100% 16/16 [00:01<00:00, 14.60it/s, loss=0.4421]
Epoch 497/1000: 100% 16/16 [00:01<00:00, 14.63it/s, loss=0.4435]
Epoch 498/1000: 100% 16/16 [00:01<00:00, 14.64it/s, loss=0.4399]
Epoch 499/1000: 100% 16/16 [00:01<00:00, 14.61it/s, loss=0.4425]
Epoch 500/1000: 100% 16/16 [00:01<00:00, 14.65it/s, loss=0.4425]
2025-11-05 09:36:51,956 [INFO] Epoch 500/1000 | Time: 1.34s | Loss: 0.4425 | Eval Return: 9.20
Epoch 501/1000: 100% 16/16 [00:01<00:00, 14.78it/s, loss=0.4390]
Epoch 502/1000: 100% 16/16 [00:01<00:00, 14.69it/s, loss=0.4373]
Epoch 503/1000: 100% 16/16 [00:01<00:00, 14.58it/s, loss=0.4397]
Epoch 504/1000: 100% 16/16 [00:01<00:00, 14.51it/s, loss=0.4394]
Epoch 505/1000: 100% 16/16 [00:01<00:00, 14.66it/s, loss=0.4361]
Epoch 506/1000: 100% 16/16 [00:01<00:00, 14.68it/s, loss=0.4446]
Epoch 507/1000: 100% 16/16 [00:01<00:00, 14.66it/s, loss=0.4377]
Epoch 508/1000: 100% 16/16 [00:01<00:00, 14.67it/s, loss=0.4460]
Epoch 509/1000: 100% 16/16 [00:01<00:00, 14.69it/s, loss=0.4342]
Epoch 510/1000: 100% 16/16 [00:01<00:00, 14.63it/s, loss=0.4413]
2025-11-05 09:37:03,118 [INFO] Epoch 510/1000 | Time: 1.33s | Loss: 0.4413 | Eval Return: 9.40
Epoch 511/1000: 100% 16/16 [00:01<00:00, 14.69it/s, loss=0.4329]
Epoch 512/1000: 100% 16/16 [00:01<00:00, 14.67it/s, loss=0.4322]
Epoch 513/1000: 100% 16/16 [00:01<00:00, 14.64it/s, loss=0.4378]
Epoch 514/1000: 100% 16/16 [00:01<00:00, 14.45it/s, loss=0.4365]
Epoch 515/1000: 100% 16/16 [00:01<00:00, 14.35it/s, loss=0.4361]
Epoch 516/1000: 100% 16/16 [00:01<00:00, 14.56it/s, loss=0.4396]
Epoch 517/1000: 100% 16/16 [00:01<00:00, 14.54it/s, loss=0.4348]
Epoch 518/1000: 100% 16/16 [00:01<00:00, 14.59it/s, loss=0.4301]
Epoch 519/1000: 100% 16/16 [00:01<00:00, 14.66it/s, loss=0.4347]
Epoch 520/1000: 100% 16/16 [00:01<00:00, 14.60it/s, loss=0.4323]
2025-11-05 09:37:14,351 [INFO] Epoch 520/1000 | Time: 1.35s | Loss: 0.4323 | Eval Return: 9.10
Epoch 521/1000: 100% 16/16 [00:01<00:00, 14.64it/s, loss=0.4308]
Epoch 522/1000: 100% 16/16 [00:01<00:00, 14.65it/s, loss=0.4401]
Epoch 523/1000: 100% 16/16 [00:01<00:00, 14.55it/s, loss=0.4368]
Epoch 524/1000: 100% 16/16 [00:01<00:00, 14.57it/s, loss=0.4336]
Epoch 525/1000: 100% 16/16 [00:01<00:00, 14.39it/s, loss=0.4302]
Epoch 526/1000: 100% 16/16 [00:01<00:00, 14.58it/s, loss=0.4344]
Epoch 527/1000: 100% 16/16 [00:01<00:00, 14.64it/s, loss=0.4337]
Epoch 528/1000: 100% 16/16 [00:01<00:00, 14.69it/s, loss=0.4330]
Epoch 529/1000: 100% 16/16 [00:01<00:00, 14.69it/s, loss=0.4304]
Epoch 530/1000: 100% 16/16 [00:01<00:00, 14.65it/s, loss=0.4263]
2025-11-05 09:37:25,542 [INFO] Epoch 530/1000 | Time: 1.33s | Loss: 0.4263 | Eval Return: 9.30
Epoch 531/1000: 100% 16/16 [00:01<00:00, 14.67it/s, loss=0.4326]
Epoch 532/1000: 100% 16/16 [00:01<00:00, 14.66it/s, loss=0.4317]
Epoch 533/1000: 100% 16/16 [00:01<00:00, 14.62it/s, loss=0.4300]
Epoch 534/1000: 100% 16/16 [00:01<00:00, 14.64it/s, loss=0.4338]
Epoch 535/1000: 100% 16/16 [00:01<00:00, 14.61it/s, loss=0.4291]
Epoch 536/1000: 100% 16/16 [00:01<00:00, 14.52it/s, loss=0.4345]
Epoch 537/1000: 100% 16/16 [00:01<00:00, 14.57it/s, loss=0.4299]
Epoch 538/1000: 100% 16/16 [00:01<00:00, 14.65it/s, loss=0.4296]
Epoch 539/1000: 100% 16/16 [00:01<00:00, 14.61it/s, loss=0.4290]
Epoch 540/1000: 100% 16/16 [00:01<00:00, 14.66it/s, loss=0.4281]
2025-11-05 09:37:36,764 [INFO] Epoch 540/1000 | Time: 1.37s | Loss: 0.4281 | Eval Return: 9.40
Epoch 541/1000: 100% 16/16 [00:01<00:00, 14.78it/s, loss=0.4302]
Epoch 542/1000: 100% 16/16 [00:01<00:00, 14.71it/s, loss=0.4275]
Epoch 543/1000: 100% 16/16 [00:01<00:00, 14.74it/s, loss=0.4336]
Epoch 544/1000: 100% 16/16 [00:01<00:00, 14.70it/s, loss=0.4264]
Epoch 545/1000: 100% 16/16 [00:01<00:00, 14.70it/s, loss=0.4295]
Epoch 546/1000: 100% 16/16 [00:01<00:00, 14.52it/s, loss=0.4269]
Epoch 547/1000: 100% 16/16 [00:01<00:00, 14.41it/s, loss=0.4288]
Epoch 548/1000: 100% 16/16 [00:01<00:00, 14.60it/s, loss=0.4279]
Epoch 549/1000: 100% 16/16 [00:01<00:00, 14.69it/s, loss=0.4253]
Epoch 550/1000: 100% 16/16 [00:01<00:00, 14.73it/s, loss=0.4242]
2025-11-05 09:37:47,930 [INFO] Epoch 550/1000 | Time: 1.33s | Loss: 0.4242 | Eval Return: 9.80
2025-11-05 09:37:47,942 [INFO] New best eval return: 9.80. Saved best model.
Epoch 551/1000: 100% 16/16 [00:01<00:00, 14.72it/s, loss=0.4225]
Epoch 552/1000: 100% 16/16 [00:01<00:00, 14.70it/s, loss=0.4277]
Epoch 553/1000: 100% 16/16 [00:01<00:00, 14.68it/s, loss=0.4233]
Epoch 554/1000: 100% 16/16 [00:01<00:00, 14.69it/s, loss=0.4295]
Epoch 555/1000: 100% 16/16 [00:01<00:00, 14.67it/s, loss=0.4247]
Epoch 556/1000: 100% 16/16 [00:01<00:00, 14.70it/s, loss=0.4186]
Epoch 557/1000: 100% 16/16 [00:01<00:00, 14.48it/s, loss=0.4259]
Epoch 558/1000: 100% 16/16 [00:01<00:00, 14.48it/s, loss=0.4300]
Epoch 559/1000: 100% 16/16 [00:01<00:00, 14.65it/s, loss=0.4189]
Epoch 560/1000: 100% 16/16 [00:01<00:00, 14.66it/s, loss=0.4229]
2025-11-05 09:37:59,115 [INFO] Epoch 560/1000 | Time: 1.32s | Loss: 0.4229 | Eval Return: 9.40
Epoch 561/1000: 100% 16/16 [00:01<00:00, 14.70it/s, loss=0.4247]
Epoch 562/1000: 100% 16/16 [00:01<00:00, 14.67it/s, loss=0.4247]
Epoch 563/1000: 100% 16/16 [00:01<00:00, 14.62it/s, loss=0.4192]
Epoch 564/1000: 100% 16/16 [00:01<00:00, 14.64it/s, loss=0.4217]
Epoch 565/1000: 100% 16/16 [00:01<00:00, 14.62it/s, loss=0.4145]
Epoch 566/1000: 100% 16/16 [00:01<00:00, 14.69it/s, loss=0.4262]
Epoch 567/1000: 100% 16/16 [00:01<00:00, 14.65it/s, loss=0.4220]
Epoch 568/1000: 100% 16/16 [00:01<00:00, 14.39it/s, loss=0.4190]
Epoch 569/1000: 100% 16/16 [00:01<00:00, 14.52it/s, loss=0.4237]
Epoch 570/1000: 100% 16/16 [00:01<00:00, 14.64it/s, loss=0.4193]
2025-11-05 09:38:10,284 [INFO] Epoch 570/1000 | Time: 1.31s | Loss: 0.4193 | Eval Return: 9.00
Epoch 571/1000: 100% 16/16 [00:01<00:00, 14.69it/s, loss=0.4212]
Epoch 572/1000: 100% 16/16 [00:01<00:00, 14.55it/s, loss=0.4270]
Epoch 573/1000: 100% 16/16 [00:01<00:00, 14.62it/s, loss=0.4169]
Epoch 574/1000: 100% 16/16 [00:01<00:00, 14.64it/s, loss=0.4161]
Epoch 575/1000: 100% 16/16 [00:01<00:00, 14.63it/s, loss=0.4179]
Epoch 576/1000: 100% 16/16 [00:01<00:00, 14.63it/s, loss=0.4219]
Epoch 577/1000: 100% 16/16 [00:01<00:00, 14.57it/s, loss=0.4158]
Epoch 578/1000: 100% 16/16 [00:01<00:00, 14.57it/s, loss=0.4166]
Epoch 579/1000: 100% 16/16 [00:01<00:00, 14.39it/s, loss=0.4232]
Epoch 580/1000: 100% 16/16 [00:01<00:00, 14.50it/s, loss=0.4155]
2025-11-05 09:38:21,493 [INFO] Epoch 580/1000 | Time: 1.33s | Loss: 0.4155 | Eval Return: 9.20
Epoch 581/1000: 100% 16/16 [00:01<00:00, 14.70it/s, loss=0.4159]
Epoch 582/1000: 100% 16/16 [00:01<00:00, 14.63it/s, loss=0.4131]
Epoch 583/1000: 100% 16/16 [00:01<00:00, 14.64it/s, loss=0.4154]
Epoch 584/1000: 100% 16/16 [00:01<00:00, 14.62it/s, loss=0.4198]
Epoch 585/1000: 100% 16/16 [00:01<00:00, 14.54it/s, loss=0.4122]
Epoch 586/1000: 100% 16/16 [00:01<00:00, 14.59it/s, loss=0.4151]
Epoch 587/1000: 100% 16/16 [00:01<00:00, 14.62it/s, loss=0.4144]
Epoch 588/1000: 100% 16/16 [00:01<00:00, 14.63it/s, loss=0.4107]
Epoch 589/1000: 100% 16/16 [00:01<00:00, 14.43it/s, loss=0.4179]
Epoch 590/1000: 100% 16/16 [00:01<00:00, 14.46it/s, loss=0.4298]
2025-11-05 09:38:32,825 [INFO] Epoch 590/1000 | Time: 1.47s | Loss: 0.4298 | Eval Return: 9.70
Epoch 591/1000: 100% 16/16 [00:01<00:00, 14.65it/s, loss=0.4158]
Epoch 592/1000: 100% 16/16 [00:01<00:00, 14.53it/s, loss=0.4116]
Epoch 593/1000: 100% 16/16 [00:01<00:00, 14.57it/s, loss=0.4149]
Epoch 594/1000: 100% 16/16 [00:01<00:00, 14.59it/s, loss=0.4136]
Epoch 595/1000: 100% 16/16 [00:01<00:00, 14.55it/s, loss=0.4103]
Epoch 596/1000: 100% 16/16 [00:01<00:00, 14.54it/s, loss=0.4094]
Epoch 597/1000: 100% 16/16 [00:01<00:00, 14.59it/s, loss=0.4148]
Epoch 598/1000: 100% 16/16 [00:01<00:00, 14.60it/s, loss=0.4121]
Epoch 599/1000: 100% 16/16 [00:01<00:00, 14.61it/s, loss=0.4147]
Epoch 600/1000: 100% 16/16 [00:01<00:00, 14.35it/s, loss=0.4072]
2025-11-05 09:38:44,145 [INFO] Epoch 600/1000 | Time: 1.44s | Loss: 0.4072 | Eval Return: 9.80
Epoch 601/1000: 100% 16/16 [00:01<00:00, 14.45it/s, loss=0.4076]
Epoch 602/1000: 100% 16/16 [00:01<00:00, 14.56it/s, loss=0.4109]
Epoch 603/1000: 100% 16/16 [00:01<00:00, 14.56it/s, loss=0.4128]
Epoch 604/1000: 100% 16/16 [00:01<00:00, 14.55it/s, loss=0.4141]
Epoch 605/1000: 100% 16/16 [00:01<00:00, 14.62it/s, loss=0.4090]
Epoch 606/1000: 100% 16/16 [00:01<00:00, 14.52it/s, loss=0.4084]
Epoch 607/1000: 100% 16/16 [00:01<00:00, 14.60it/s, loss=0.4070]
Epoch 608/1000: 100% 16/16 [00:01<00:00, 14.58it/s, loss=0.4080]
Epoch 609/1000: 100% 16/16 [00:01<00:00, 14.54it/s, loss=0.4081]
Epoch 610/1000: 100% 16/16 [00:01<00:00, 14.53it/s, loss=0.4080]
2025-11-05 09:38:55,474 [INFO] Epoch 610/1000 | Time: 1.42s | Loss: 0.4080 | Eval Return: 8.90
Epoch 611/1000: 100% 16/16 [00:01<00:00, 14.44it/s, loss=0.4044]
Epoch 612/1000: 100% 16/16 [00:01<00:00, 14.51it/s, loss=0.4087]
Epoch 613/1000: 100% 16/16 [00:01<00:00, 14.57it/s, loss=0.4008]
Epoch 614/1000: 100% 16/16 [00:01<00:00, 14.61it/s, loss=0.4085]
Epoch 615/1000: 100% 16/16 [00:01<00:00, 14.56it/s, loss=0.4080]
Epoch 616/1000: 100% 16/16 [00:01<00:00, 14.63it/s, loss=0.4071]
Epoch 617/1000: 100% 16/16 [00:01<00:00, 14.64it/s, loss=0.4012]
Epoch 618/1000: 100% 16/16 [00:01<00:00, 14.61it/s, loss=0.4036]
Epoch 619/1000: 100% 16/16 [00:01<00:00, 14.57it/s, loss=0.4101]
Epoch 620/1000: 100% 16/16 [00:01<00:00, 14.62it/s, loss=0.4045]
2025-11-05 09:39:06,708 [INFO] Epoch 620/1000 | Time: 1.35s | Loss: 0.4045 | Eval Return: 9.40
Epoch 621/1000: 100% 16/16 [00:01<00:00, 14.36it/s, loss=0.4069]
Epoch 622/1000: 100% 16/16 [00:01<00:00, 14.39it/s, loss=0.4035]
Epoch 623/1000: 100% 16/16 [00:01<00:00, 14.67it/s, loss=0.4034]
Epoch 624/1000: 100% 16/16 [00:01<00:00, 14.64it/s, loss=0.4049]
Epoch 625/1000: 100% 16/16 [00:01<00:00, 14.73it/s, loss=0.4007]
Epoch 626/1000: 100% 16/16 [00:01<00:00, 14.71it/s, loss=0.4000]
Epoch 627/1000: 100% 16/16 [00:01<00:00, 14.72it/s, loss=0.4058]
Epoch 628/1000: 100% 16/16 [00:01<00:00, 14.70it/s, loss=0.4000]
Epoch 629/1000: 100% 16/16 [00:01<00:00, 14.67it/s, loss=0.4043]
Epoch 630/1000: 100% 16/16 [00:01<00:00, 14.69it/s, loss=0.3996]
2025-11-05 09:39:17,881 [INFO] Epoch 630/1000 | Time: 1.32s | Loss: 0.3996 | Eval Return: 9.10
Epoch 631/1000: 100% 16/16 [00:01<00:00, 14.62it/s, loss=0.3986]
Epoch 632/1000: 100% 16/16 [00:01<00:00, 14.38it/s, loss=0.4039]
Epoch 633/1000: 100% 16/16 [00:01<00:00, 14.53it/s, loss=0.4052]
Epoch 634/1000: 100% 16/16 [00:01<00:00, 14.67it/s, loss=0.3943]
Epoch 635/1000: 100% 16/16 [00:01<00:00, 14.63it/s, loss=0.4030]
Epoch 636/1000: 100% 16/16 [00:01<00:00, 14.65it/s, loss=0.4001]
Epoch 637/1000: 100% 16/16 [00:01<00:00, 14.70it/s, loss=0.4003]
Epoch 638/1000: 100% 16/16 [00:01<00:00, 14.64it/s, loss=0.3984]
Epoch 639/1000: 100% 16/16 [00:01<00:00, 14.62it/s, loss=0.3967]
Epoch 640/1000: 100% 16/16 [00:01<00:00, 14.60it/s, loss=0.3996]
2025-11-05 09:39:29,089 [INFO] Epoch 640/1000 | Time: 1.34s | Loss: 0.3996 | Eval Return: 9.70
Epoch 641/1000: 100% 16/16 [00:01<00:00, 14.72it/s, loss=0.4013]
Epoch 642/1000: 100% 16/16 [00:01<00:00, 14.58it/s, loss=0.3986]
Epoch 643/1000: 100% 16/16 [00:01<00:00, 14.52it/s, loss=0.3953]
Epoch 644/1000: 100% 16/16 [00:01<00:00, 14.39it/s, loss=0.3976]
Epoch 645/1000: 100% 16/16 [00:01<00:00, 14.63it/s, loss=0.3977]
Epoch 646/1000: 100% 16/16 [00:01<00:00, 14.62it/s, loss=0.3915]
Epoch 647/1000: 100% 16/16 [00:01<00:00, 14.64it/s, loss=0.3963]
Epoch 648/1000: 100% 16/16 [00:01<00:00, 14.62it/s, loss=0.3998]
Epoch 649/1000: 100% 16/16 [00:01<00:00, 14.56it/s, loss=0.3969]
Epoch 650/1000: 100% 16/16 [00:01<00:00, 14.62it/s, loss=0.3953]
2025-11-05 09:39:40,270 [INFO] Epoch 650/1000 | Time: 1.31s | Loss: 0.3953 | Eval Return: 8.70
Epoch 651/1000: 100% 16/16 [00:01<00:00, 14.74it/s, loss=0.4040]
Epoch 652/1000: 100% 16/16 [00:01<00:00, 14.60it/s, loss=0.4051]
Epoch 653/1000: 100% 16/16 [00:01<00:00, 14.51it/s, loss=0.3929]
Epoch 654/1000: 100% 16/16 [00:01<00:00, 14.40it/s, loss=0.3952]
Epoch 655/1000: 100% 16/16 [00:01<00:00, 14.51it/s, loss=0.3966]
Epoch 656/1000: 100% 16/16 [00:01<00:00, 14.62it/s, loss=0.3939]
Epoch 657/1000: 100% 16/16 [00:01<00:00, 14.61it/s, loss=0.4028]
Epoch 658/1000: 100% 16/16 [00:01<00:00, 14.60it/s, loss=0.3958]
Epoch 659/1000: 100% 16/16 [00:01<00:00, 14.62it/s, loss=0.3923]
Epoch 660/1000: 100% 16/16 [00:01<00:00, 14.57it/s, loss=0.3954]
2025-11-05 09:39:51,496 [INFO] Epoch 660/1000 | Time: 1.33s | Loss: 0.3954 | Eval Return: 9.20
Epoch 661/1000: 100% 16/16 [00:01<00:00, 14.68it/s, loss=0.3984]
Epoch 662/1000: 100% 16/16 [00:01<00:00, 14.64it/s, loss=0.3955]
Epoch 663/1000: 100% 16/16 [00:01<00:00, 14.61it/s, loss=0.3911]
Epoch 664/1000: 100% 16/16 [00:01<00:00, 14.49it/s, loss=0.3933]
Epoch 665/1000: 100% 16/16 [00:01<00:00, 14.48it/s, loss=0.3921]
Epoch 666/1000: 100% 16/16 [00:01<00:00, 14.64it/s, loss=0.3944]
Epoch 667/1000: 100% 16/16 [00:01<00:00, 14.64it/s, loss=0.3986]
Epoch 668/1000: 100% 16/16 [00:01<00:00, 14.64it/s, loss=0.4060]
Epoch 669/1000: 100% 16/16 [00:01<00:00, 14.63it/s, loss=0.3963]
Epoch 670/1000: 100% 16/16 [00:01<00:00, 14.64it/s, loss=0.3896]
2025-11-05 09:40:02,679 [INFO] Epoch 670/1000 | Time: 1.32s | Loss: 0.3896 | Eval Return: 8.80
Epoch 671/1000: 100% 16/16 [00:01<00:00, 14.70it/s, loss=0.3930]
Epoch 672/1000: 100% 16/16 [00:01<00:00, 14.62it/s, loss=0.3926]
Epoch 673/1000: 100% 16/16 [00:01<00:00, 14.66it/s, loss=0.3881]
Epoch 674/1000: 100% 16/16 [00:01<00:00, 14.65it/s, loss=0.3955]
Epoch 675/1000: 100% 16/16 [00:01<00:00, 14.48it/s, loss=0.3895]
Epoch 676/1000: 100% 16/16 [00:01<00:00, 14.50it/s, loss=0.3893]
Epoch 677/1000: 100% 16/16 [00:01<00:00, 14.65it/s, loss=0.3885]
Epoch 678/1000: 100% 16/16 [00:01<00:00, 14.56it/s, loss=0.3898]
Epoch 679/1000: 100% 16/16 [00:01<00:00, 14.61it/s, loss=0.3913]
Epoch 680/1000: 100% 16/16 [00:01<00:00, 14.60it/s, loss=0.3848]
2025-11-05 09:40:13,859 [INFO] Epoch 680/1000 | Time: 1.31s | Loss: 0.3848 | Eval Return: 9.00
Epoch 681/1000: 100% 16/16 [00:01<00:00, 14.71it/s, loss=0.3973]
Epoch 682/1000: 100% 16/16 [00:01<00:00, 14.59it/s, loss=0.3891]
Epoch 683/1000: 100% 16/16 [00:01<00:00, 14.63it/s, loss=0.3852]
Epoch 684/1000: 100% 16/16 [00:01<00:00, 14.65it/s, loss=0.3862]
Epoch 685/1000: 100% 16/16 [00:01<00:00, 14.58it/s, loss=0.3877]
Epoch 686/1000: 100% 16/16 [00:01<00:00, 14.53it/s, loss=0.3834]
Epoch 687/1000: 100% 16/16 [00:01<00:00, 14.52it/s, loss=0.3870]
Epoch 688/1000: 100% 16/16 [00:01<00:00, 14.71it/s, loss=0.3873]
Epoch 689/1000: 100% 16/16 [00:01<00:00, 14.71it/s, loss=0.3831]
Epoch 690/1000: 100% 16/16 [00:01<00:00, 14.62it/s, loss=0.3845]
2025-11-05 09:40:25,027 [INFO] Epoch 690/1000 | Time: 1.32s | Loss: 0.3845 | Eval Return: 9.10
Epoch 691/1000: 100% 16/16 [00:01<00:00, 14.53it/s, loss=0.3859]
Epoch 692/1000: 100% 16/16 [00:01<00:00, 14.66it/s, loss=0.3910]
Epoch 693/1000: 100% 16/16 [00:01<00:00, 14.65it/s, loss=0.3841]
Epoch 694/1000: 100% 16/16 [00:01<00:00, 14.48it/s, loss=0.3838]
Epoch 695/1000: 100% 16/16 [00:01<00:00, 14.49it/s, loss=0.3829]
Epoch 696/1000: 100% 16/16 [00:01<00:00, 14.46it/s, loss=0.3834]
Epoch 697/1000: 100% 16/16 [00:01<00:00, 14.34it/s, loss=0.3860]
Epoch 698/1000: 100% 16/16 [00:01<00:00, 14.42it/s, loss=0.3858]
Epoch 699/1000: 100% 16/16 [00:01<00:00, 14.55it/s, loss=0.3857]
Epoch 700/1000: 100% 16/16 [00:01<00:00, 14.48it/s, loss=0.3806]
2025-11-05 09:40:36,288 [INFO] Epoch 700/1000 | Time: 1.33s | Loss: 0.3806 | Eval Return: 9.40
Epoch 701/1000: 100% 16/16 [00:01<00:00, 14.64it/s, loss=0.3791]
Epoch 702/1000: 100% 16/16 [00:01<00:00, 14.60it/s, loss=0.3810]
Epoch 703/1000: 100% 16/16 [00:01<00:00, 14.56it/s, loss=0.3869]
Epoch 704/1000: 100% 16/16 [00:01<00:00, 14.60it/s, loss=0.3810]
Epoch 705/1000: 100% 16/16 [00:01<00:00, 14.67it/s, loss=0.3838]
Epoch 706/1000: 100% 16/16 [00:01<00:00, 14.61it/s, loss=0.3837]
Epoch 707/1000: 100% 16/16 [00:01<00:00, 14.50it/s, loss=0.3890]
Epoch 708/1000: 100% 16/16 [00:01<00:00, 14.52it/s, loss=0.3824]
Epoch 709/1000: 100% 16/16 [00:01<00:00, 14.51it/s, loss=0.3771]
Epoch 710/1000: 100% 16/16 [00:01<00:00, 14.63it/s, loss=0.3816]
2025-11-05 09:40:47,509 [INFO] Epoch 710/1000 | Time: 1.33s | Loss: 0.3816 | Eval Return: 9.30
Epoch 711/1000: 100% 16/16 [00:01<00:00, 14.75it/s, loss=0.3802]
Epoch 712/1000: 100% 16/16 [00:01<00:00, 14.69it/s, loss=0.3786]
Epoch 713/1000: 100% 16/16 [00:01<00:00, 14.65it/s, loss=0.3785]
Epoch 714/1000: 100% 16/16 [00:01<00:00, 14.65it/s, loss=0.3788]
Epoch 715/1000: 100% 16/16 [00:01<00:00, 14.64it/s, loss=0.3784]
Epoch 716/1000: 100% 16/16 [00:01<00:00, 14.62it/s, loss=0.3753]
Epoch 717/1000: 100% 16/16 [00:01<00:00, 14.64it/s, loss=0.3809]
Epoch 718/1000: 100% 16/16 [00:01<00:00, 14.46it/s, loss=0.3790]
Epoch 719/1000: 100% 16/16 [00:01<00:00, 14.51it/s, loss=0.3782]
Epoch 720/1000: 100% 16/16 [00:01<00:00, 14.61it/s, loss=0.3795]
2025-11-05 09:40:58,707 [INFO] Epoch 720/1000 | Time: 1.35s | Loss: 0.3795 | Eval Return: 9.30
Epoch 721/1000: 100% 16/16 [00:01<00:00, 14.76it/s, loss=0.3813]
Epoch 722/1000: 100% 16/16 [00:01<00:00, 14.64it/s, loss=0.3770]
Epoch 723/1000: 100% 16/16 [00:01<00:00, 14.62it/s, loss=0.3802]
Epoch 724/1000: 100% 16/16 [00:01<00:00, 14.62it/s, loss=0.3794]
Epoch 725/1000: 100% 16/16 [00:01<00:00, 14.60it/s, loss=0.3740]
Epoch 726/1000: 100% 16/16 [00:01<00:00, 14.62it/s, loss=0.3751]
Epoch 727/1000: 100% 16/16 [00:01<00:00, 14.57it/s, loss=0.3763]
Epoch 728/1000: 100% 16/16 [00:01<00:00, 14.56it/s, loss=0.3759]
Epoch 729/1000: 100% 16/16 [00:01<00:00, 14.42it/s, loss=0.3712]
Epoch 730/1000: 100% 16/16 [00:01<00:00, 14.47it/s, loss=0.3719]
2025-11-05 09:41:09,927 [INFO] Epoch 730/1000 | Time: 1.35s | Loss: 0.3719 | Eval Return: 9.80
Epoch 731/1000: 100% 16/16 [00:01<00:00, 14.70it/s, loss=0.3765]
Epoch 732/1000: 100% 16/16 [00:01<00:00, 14.65it/s, loss=0.3718]
Epoch 733/1000: 100% 16/16 [00:01<00:00, 14.63it/s, loss=0.3718]
Epoch 734/1000: 100% 16/16 [00:01<00:00, 14.69it/s, loss=0.3729]
Epoch 735/1000: 100% 16/16 [00:01<00:00, 14.73it/s, loss=0.3706]
Epoch 736/1000: 100% 16/16 [00:01<00:00, 14.71it/s, loss=0.3740]
Epoch 737/1000: 100% 16/16 [00:01<00:00, 14.71it/s, loss=0.3769]
Epoch 738/1000: 100% 16/16 [00:01<00:00, 14.67it/s, loss=0.3766]
Epoch 739/1000: 100% 16/16 [00:01<00:00, 14.59it/s, loss=0.3752]
Epoch 740/1000: 100% 16/16 [00:01<00:00, 14.39it/s, loss=0.3751]
2025-11-05 09:41:21,214 [INFO] Epoch 740/1000 | Time: 1.47s | Loss: 0.3751 | Eval Return: 9.50
Epoch 741/1000: 100% 16/16 [00:01<00:00, 14.62it/s, loss=0.3756]
Epoch 742/1000: 100% 16/16 [00:01<00:00, 14.63it/s, loss=0.3731]
Epoch 743/1000: 100% 16/16 [00:01<00:00, 14.63it/s, loss=0.3686]
Epoch 744/1000: 100% 16/16 [00:01<00:00, 14.61it/s, loss=0.3690]
Epoch 745/1000: 100% 16/16 [00:01<00:00, 14.66it/s, loss=0.3724]
Epoch 746/1000: 100% 16/16 [00:01<00:00, 14.69it/s, loss=0.3701]
Epoch 747/1000: 100% 16/16 [00:01<00:00, 14.63it/s, loss=0.3713]
Epoch 748/1000: 100% 16/16 [00:01<00:00, 14.57it/s, loss=0.3732]
Epoch 749/1000: 100% 16/16 [00:01<00:00, 14.61it/s, loss=0.3707]
Epoch 750/1000: 100% 16/16 [00:01<00:00, 14.42it/s, loss=0.3742]
2025-11-05 09:41:32,489 [INFO] Epoch 750/1000 | Time: 1.43s | Loss: 0.3742 | Eval Return: 9.20
Epoch 751/1000: 100% 16/16 [00:01<00:00, 14.49it/s, loss=0.3724]
Epoch 752/1000: 100% 16/16 [00:01<00:00, 14.66it/s, loss=0.3662]
Epoch 753/1000: 100% 16/16 [00:01<00:00, 14.51it/s, loss=0.3698]
Epoch 754/1000: 100% 16/16 [00:01<00:00, 14.64it/s, loss=0.3661]
Epoch 755/1000: 100% 16/16 [00:01<00:00, 14.55it/s, loss=0.3664]
Epoch 756/1000: 100% 16/16 [00:01<00:00, 14.65it/s, loss=0.3686]
Epoch 757/1000: 100% 16/16 [00:01<00:00, 14.74it/s, loss=0.3677]
Epoch 758/1000: 100% 16/16 [00:01<00:00, 14.70it/s, loss=0.3705]
Epoch 759/1000: 100% 16/16 [00:01<00:00, 14.65it/s, loss=0.3694]
Epoch 760/1000: 100% 16/16 [00:01<00:00, 14.63it/s, loss=0.3651]
2025-11-05 09:41:43,793 [INFO] Epoch 760/1000 | Time: 1.44s | Loss: 0.3651 | Eval Return: 9.40
Epoch 761/1000: 100% 16/16 [00:01<00:00, 14.61it/s, loss=0.3680]
Epoch 762/1000: 100% 16/16 [00:01<00:00, 14.65it/s, loss=0.3684]
Epoch 763/1000: 100% 16/16 [00:01<00:00, 14.73it/s, loss=0.3679]
Epoch 764/1000: 100% 16/16 [00:01<00:00, 14.66it/s, loss=0.3628]
Epoch 765/1000: 100% 16/16 [00:01<00:00, 14.65it/s, loss=0.3630]
Epoch 766/1000: 100% 16/16 [00:01<00:00, 14.70it/s, loss=0.3651]
Epoch 767/1000: 100% 16/16 [00:01<00:00, 14.72it/s, loss=0.3689]
Epoch 768/1000: 100% 16/16 [00:01<00:00, 14.69it/s, loss=0.3724]
Epoch 769/1000: 100% 16/16 [00:01<00:00, 14.71it/s, loss=0.3725]
Epoch 770/1000: 100% 16/16 [00:01<00:00, 14.64it/s, loss=0.3591]
2025-11-05 09:41:54,932 [INFO] Epoch 770/1000 | Time: 1.33s | Loss: 0.3591 | Eval Return: 9.60
Epoch 771/1000: 100% 16/16 [00:01<00:00, 14.63it/s, loss=0.3661]
Epoch 772/1000: 100% 16/16 [00:01<00:00, 14.39it/s, loss=0.3622]
Epoch 773/1000: 100% 16/16 [00:01<00:00, 14.47it/s, loss=0.3664]
Epoch 774/1000: 100% 16/16 [00:01<00:00, 14.48it/s, loss=0.3648]
Epoch 775/1000: 100% 16/16 [00:01<00:00, 14.53it/s, loss=0.3631]
Epoch 776/1000: 100% 16/16 [00:01<00:00, 14.60it/s, loss=0.3636]
Epoch 777/1000: 100% 16/16 [00:01<00:00, 14.63it/s, loss=0.3582]
Epoch 778/1000: 100% 16/16 [00:01<00:00, 14.66it/s, loss=0.3616]
Epoch 779/1000: 100% 16/16 [00:01<00:00, 14.62it/s, loss=0.3597]
Epoch 780/1000: 100% 16/16 [00:01<00:00, 14.67it/s, loss=0.3676]
2025-11-05 09:42:06,162 [INFO] Epoch 780/1000 | Time: 1.34s | Loss: 0.3676 | Eval Return: 9.60
Epoch 781/1000: 100% 16/16 [00:01<00:00, 14.61it/s, loss=0.3668]
Epoch 782/1000: 100% 16/16 [00:01<00:00, 14.44it/s, loss=0.3629]
Epoch 783/1000: 100% 16/16 [00:01<00:00, 14.34it/s, loss=0.3581]
Epoch 784/1000: 100% 16/16 [00:01<00:00, 14.54it/s, loss=0.3598]
Epoch 785/1000: 100% 16/16 [00:01<00:00, 14.67it/s, loss=0.3732]
Epoch 786/1000: 100% 16/16 [00:01<00:00, 14.59it/s, loss=0.3611]
Epoch 787/1000: 100% 16/16 [00:01<00:00, 14.68it/s, loss=0.3557]
Epoch 788/1000: 100% 16/16 [00:01<00:00, 14.64it/s, loss=0.3619]
Epoch 789/1000: 100% 16/16 [00:01<00:00, 14.60it/s, loss=0.3575]
Epoch 790/1000: 100% 16/16 [00:01<00:00, 14.60it/s, loss=0.3581]
2025-11-05 09:42:17,387 [INFO] Epoch 790/1000 | Time: 1.34s | Loss: 0.3581 | Eval Return: 8.80
Epoch 791/1000: 100% 16/16 [00:01<00:00, 14.67it/s, loss=0.3641]
Epoch 792/1000: 100% 16/16 [00:01<00:00, 14.61it/s, loss=0.3617]
Epoch 793/1000: 100% 16/16 [00:01<00:00, 14.50it/s, loss=0.3635]
Epoch 794/1000: 100% 16/16 [00:01<00:00, 14.44it/s, loss=0.3581]
Epoch 795/1000: 100% 16/16 [00:01<00:00, 14.54it/s, loss=0.3551]
Epoch 796/1000: 100% 16/16 [00:01<00:00, 14.65it/s, loss=0.3585]
Epoch 797/1000: 100% 16/16 [00:01<00:00, 14.69it/s, loss=0.3556]
Epoch 798/1000: 100% 16/16 [00:01<00:00, 14.65it/s, loss=0.3605]
Epoch 799/1000: 100% 16/16 [00:01<00:00, 14.63it/s, loss=0.3573]
Epoch 800/1000: 100% 16/16 [00:01<00:00, 14.63it/s, loss=0.3598]
2025-11-05 09:42:28,571 [INFO] Epoch 800/1000 | Time: 1.32s | Loss: 0.3598 | Eval Return: 9.30
Epoch 801/1000: 100% 16/16 [00:01<00:00, 14.70it/s, loss=0.3563]
Epoch 802/1000: 100% 16/16 [00:01<00:00, 14.65it/s, loss=0.3552]
Epoch 803/1000: 100% 16/16 [00:01<00:00, 14.61it/s, loss=0.3544]
Epoch 804/1000: 100% 16/16 [00:01<00:00, 14.39it/s, loss=0.3556]
Epoch 805/1000: 100% 16/16 [00:01<00:00, 14.47it/s, loss=0.3582]
Epoch 806/1000: 100% 16/16 [00:01<00:00, 14.67it/s, loss=0.3537]
Epoch 807/1000: 100% 16/16 [00:01<00:00, 14.70it/s, loss=0.3575]
Epoch 808/1000: 100% 16/16 [00:01<00:00, 14.69it/s, loss=0.3543]
Epoch 809/1000: 100% 16/16 [00:01<00:00, 14.71it/s, loss=0.3599]
Epoch 810/1000: 100% 16/16 [00:01<00:00, 14.66it/s, loss=0.3577]
2025-11-05 09:42:39,769 [INFO] Epoch 810/1000 | Time: 1.33s | Loss: 0.3577 | Eval Return: 9.20
Epoch 811/1000: 100% 16/16 [00:01<00:00, 14.72it/s, loss=0.3519]
Epoch 812/1000: 100% 16/16 [00:01<00:00, 14.64it/s, loss=0.3553]
Epoch 813/1000: 100% 16/16 [00:01<00:00, 14.69it/s, loss=0.3579]
Epoch 814/1000: 100% 16/16 [00:01<00:00, 14.53it/s, loss=0.3568]
Epoch 815/1000: 100% 16/16 [00:01<00:00, 14.53it/s, loss=0.3525]
Epoch 816/1000: 100% 16/16 [00:01<00:00, 14.64it/s, loss=0.3530]
Epoch 817/1000: 100% 16/16 [00:01<00:00, 14.73it/s, loss=0.3533]
Epoch 818/1000: 100% 16/16 [00:01<00:00, 14.64it/s, loss=0.3506]
Epoch 819/1000: 100% 16/16 [00:01<00:00, 14.70it/s, loss=0.3521]
Epoch 820/1000: 100% 16/16 [00:01<00:00, 14.70it/s, loss=0.3501]
2025-11-05 09:42:50,925 [INFO] Epoch 820/1000 | Time: 1.32s | Loss: 0.3501 | Eval Return: 9.50
Epoch 821/1000: 100% 16/16 [00:01<00:00, 14.77it/s, loss=0.3525]
Epoch 822/1000: 100% 16/16 [00:01<00:00, 14.74it/s, loss=0.3532]
Epoch 823/1000: 100% 16/16 [00:01<00:00, 14.78it/s, loss=0.3567]
Epoch 824/1000: 100% 16/16 [00:01<00:00, 14.66it/s, loss=0.3487]
Epoch 825/1000: 100% 16/16 [00:01<00:00, 14.60it/s, loss=0.3494]
Epoch 826/1000: 100% 16/16 [00:01<00:00, 14.53it/s, loss=0.3464]
Epoch 827/1000: 100% 16/16 [00:01<00:00, 14.73it/s, loss=0.3534]
Epoch 828/1000: 100% 16/16 [00:01<00:00, 14.68it/s, loss=0.3530]
Epoch 829/1000: 100% 16/16 [00:01<00:00, 14.71it/s, loss=0.3532]
Epoch 830/1000: 100% 16/16 [00:01<00:00, 14.75it/s, loss=0.3497]
2025-11-05 09:43:02,051 [INFO] Epoch 830/1000 | Time: 1.32s | Loss: 0.3497 | Eval Return: 9.40
Epoch 831/1000: 100% 16/16 [00:01<00:00, 14.81it/s, loss=0.3519]
Epoch 832/1000: 100% 16/16 [00:01<00:00, 14.76it/s, loss=0.3446]
Epoch 833/1000: 100% 16/16 [00:01<00:00, 14.70it/s, loss=0.3531]
Epoch 834/1000: 100% 16/16 [00:01<00:00, 14.75it/s, loss=0.3494]
Epoch 835/1000: 100% 16/16 [00:01<00:00, 14.63it/s, loss=0.3457]
Epoch 836/1000: 100% 16/16 [00:01<00:00, 14.50it/s, loss=0.3481]
Epoch 837/1000: 100% 16/16 [00:01<00:00, 14.49it/s, loss=0.3496]
Epoch 838/1000: 100% 16/16 [00:01<00:00, 14.71it/s, loss=0.3480]
Epoch 839/1000: 100% 16/16 [00:01<00:00, 14.69it/s, loss=0.3454]
Epoch 840/1000: 100% 16/16 [00:01<00:00, 14.64it/s, loss=0.3510]
2025-11-05 09:43:13,206 [INFO] Epoch 840/1000 | Time: 1.33s | Loss: 0.3510 | Eval Return: 9.30
Epoch 841/1000: 100% 16/16 [00:01<00:00, 14.71it/s, loss=0.3513]
Epoch 842/1000: 100% 16/16 [00:01<00:00, 14.75it/s, loss=0.3485]
Epoch 843/1000: 100% 16/16 [00:01<00:00, 14.73it/s, loss=0.3446]
Epoch 844/1000: 100% 16/16 [00:01<00:00, 14.65it/s, loss=0.3490]
Epoch 845/1000: 100% 16/16 [00:01<00:00, 14.68it/s, loss=0.3479]
Epoch 846/1000: 100% 16/16 [00:01<00:00, 14.61it/s, loss=0.3448]
Epoch 847/1000: 100% 16/16 [00:01<00:00, 14.49it/s, loss=0.3520]
Epoch 848/1000: 100% 16/16 [00:01<00:00, 14.45it/s, loss=0.3548]
Epoch 849/1000: 100% 16/16 [00:01<00:00, 14.72it/s, loss=0.3517]
Epoch 850/1000: 100% 16/16 [00:01<00:00, 14.67it/s, loss=0.3436]
2025-11-05 09:43:24,377 [INFO] Epoch 850/1000 | Time: 1.33s | Loss: 0.3436 | Eval Return: 9.20
Epoch 851/1000: 100% 16/16 [00:01<00:00, 14.72it/s, loss=0.3463]
Epoch 852/1000: 100% 16/16 [00:01<00:00, 14.63it/s, loss=0.3456]
Epoch 853/1000: 100% 16/16 [00:01<00:00, 14.64it/s, loss=0.3422]
Epoch 854/1000: 100% 16/16 [00:01<00:00, 14.61it/s, loss=0.3415]
Epoch 855/1000: 100% 16/16 [00:01<00:00, 14.65it/s, loss=0.3389]
Epoch 856/1000: 100% 16/16 [00:01<00:00, 14.66it/s, loss=0.3442]
Epoch 857/1000: 100% 16/16 [00:01<00:00, 14.63it/s, loss=0.3425]
Epoch 858/1000: 100% 16/16 [00:01<00:00, 14.50it/s, loss=0.3448]
Epoch 859/1000: 100% 16/16 [00:01<00:00, 14.43it/s, loss=0.3429]
Epoch 860/1000: 100% 16/16 [00:01<00:00, 14.61it/s, loss=0.3392]
2025-11-05 09:43:35,563 [INFO] Epoch 860/1000 | Time: 1.32s | Loss: 0.3392 | Eval Return: 9.30
Epoch 861/1000: 100% 16/16 [00:01<00:00, 14.71it/s, loss=0.3434]
Epoch 862/1000: 100% 16/16 [00:01<00:00, 14.67it/s, loss=0.3453]
Epoch 863/1000: 100% 16/16 [00:01<00:00, 14.66it/s, loss=0.3404]
Epoch 864/1000: 100% 16/16 [00:01<00:00, 14.70it/s, loss=0.3418]
Epoch 865/1000: 100% 16/16 [00:01<00:00, 14.66it/s, loss=0.3422]
Epoch 866/1000: 100% 16/16 [00:01<00:00, 14.59it/s, loss=0.3417]
Epoch 867/1000: 100% 16/16 [00:01<00:00, 14.49it/s, loss=0.3484]
Epoch 868/1000: 100% 16/16 [00:01<00:00, 14.47it/s, loss=0.3406]
Epoch 869/1000: 100% 16/16 [00:01<00:00, 14.35it/s, loss=0.3488]
Epoch 870/1000: 100% 16/16 [00:01<00:00, 14.44it/s, loss=0.3401]
2025-11-05 09:43:46,803 [INFO] Epoch 870/1000 | Time: 1.36s | Loss: 0.3401 | Eval Return: 9.50
Epoch 871/1000: 100% 16/16 [00:01<00:00, 14.69it/s, loss=0.3396]
Epoch 872/1000: 100% 16/16 [00:01<00:00, 14.66it/s, loss=0.3370]
Epoch 873/1000: 100% 16/16 [00:01<00:00, 14.55it/s, loss=0.3486]
Epoch 874/1000: 100% 16/16 [00:01<00:00, 14.63it/s, loss=0.3373]
Epoch 875/1000: 100% 16/16 [00:01<00:00, 14.59it/s, loss=0.3432]
Epoch 876/1000: 100% 16/16 [00:01<00:00, 14.64it/s, loss=0.3361]
Epoch 877/1000: 100% 16/16 [00:01<00:00, 14.64it/s, loss=0.3372]
Epoch 878/1000: 100% 16/16 [00:01<00:00, 14.50it/s, loss=0.3415]
Epoch 879/1000: 100% 16/16 [00:01<00:00, 14.23it/s, loss=0.3337]
Epoch 880/1000: 100% 16/16 [00:01<00:00, 14.49it/s, loss=0.3366]
2025-11-05 09:43:58,221 [INFO] Epoch 880/1000 | Time: 1.53s | Loss: 0.3366 | Eval Return: 9.90
2025-11-05 09:43:58,240 [INFO] New best eval return: 9.90. Saved best model.
Epoch 881/1000: 100% 16/16 [00:01<00:00, 14.59it/s, loss=0.3418]
Epoch 882/1000: 100% 16/16 [00:01<00:00, 14.58it/s, loss=0.3382]
Epoch 883/1000: 100% 16/16 [00:01<00:00, 14.59it/s, loss=0.3422]
Epoch 884/1000: 100% 16/16 [00:01<00:00, 14.65it/s, loss=0.3427]
Epoch 885/1000: 100% 16/16 [00:01<00:00, 14.62it/s, loss=0.3402]
Epoch 886/1000: 100% 16/16 [00:01<00:00, 14.54it/s, loss=0.3389]
Epoch 887/1000: 100% 16/16 [00:01<00:00, 14.60it/s, loss=0.3359]
Epoch 888/1000: 100% 16/16 [00:01<00:00, 14.61it/s, loss=0.3355]
Epoch 889/1000: 100% 16/16 [00:01<00:00, 14.62it/s, loss=0.3381]
Epoch 890/1000: 100% 16/16 [00:01<00:00, 14.40it/s, loss=0.3344]
2025-11-05 09:44:09,513 [INFO] Epoch 890/1000 | Time: 1.41s | Loss: 0.3344 | Eval Return: 8.90
Epoch 891/1000: 100% 16/16 [00:01<00:00, 14.51it/s, loss=0.3339]
Epoch 892/1000: 100% 16/16 [00:01<00:00, 14.65it/s, loss=0.3371]
Epoch 893/1000: 100% 16/16 [00:01<00:00, 14.71it/s, loss=0.3384]
Epoch 894/1000: 100% 16/16 [00:01<00:00, 14.74it/s, loss=0.3338]
Epoch 895/1000: 100% 16/16 [00:01<00:00, 14.71it/s, loss=0.3317]
Epoch 896/1000: 100% 16/16 [00:01<00:00, 14.68it/s, loss=0.3370]
Epoch 897/1000: 100% 16/16 [00:01<00:00, 14.64it/s, loss=0.3343]
Epoch 898/1000: 100% 16/16 [00:01<00:00, 14.62it/s, loss=0.3321]
Epoch 899/1000: 100% 16/16 [00:01<00:00, 14.61it/s, loss=0.3327]
Epoch 900/1000: 100% 16/16 [00:01<00:00, 14.58it/s, loss=0.3336]
2025-11-05 09:44:20,769 [INFO] Epoch 900/1000 | Time: 1.42s | Loss: 0.3336 | Eval Return: 9.10
Epoch 901/1000: 100% 16/16 [00:01<00:00, 14.47it/s, loss=0.3406]
Epoch 902/1000: 100% 16/16 [00:01<00:00, 14.55it/s, loss=0.3338]
Epoch 903/1000: 100% 16/16 [00:01<00:00, 14.65it/s, loss=0.3349]
Epoch 904/1000: 100% 16/16 [00:01<00:00, 14.59it/s, loss=0.3342]
Epoch 905/1000: 100% 16/16 [00:01<00:00, 14.52it/s, loss=0.3327]
Epoch 906/1000: 100% 16/16 [00:01<00:00, 14.47it/s, loss=0.3303]
Epoch 907/1000: 100% 16/16 [00:01<00:00, 14.63it/s, loss=0.3357]
Epoch 908/1000: 100% 16/16 [00:01<00:00, 14.64it/s, loss=0.3311]
Epoch 909/1000: 100% 16/16 [00:01<00:00, 14.50it/s, loss=0.3386]
Epoch 910/1000: 100% 16/16 [00:01<00:00, 14.61it/s, loss=0.3286]
2025-11-05 09:44:32,019 [INFO] Epoch 910/1000 | Time: 1.34s | Loss: 0.3286 | Eval Return: 9.20
Epoch 911/1000: 100% 16/16 [00:01<00:00, 14.60it/s, loss=0.3329]
Epoch 912/1000: 100% 16/16 [00:01<00:00, 14.45it/s, loss=0.3330]
Epoch 913/1000: 100% 16/16 [00:01<00:00, 14.39it/s, loss=0.3325]
Epoch 914/1000: 100% 16/16 [00:01<00:00, 14.64it/s, loss=0.3296]
Epoch 915/1000: 100% 16/16 [00:01<00:00, 14.63it/s, loss=0.3307]
Epoch 916/1000: 100% 16/16 [00:01<00:00, 14.65it/s, loss=0.3301]
Epoch 917/1000: 100% 16/16 [00:01<00:00, 14.63it/s, loss=0.3337]
Epoch 918/1000: 100% 16/16 [00:01<00:00, 14.66it/s, loss=0.3282]
Epoch 919/1000: 100% 16/16 [00:01<00:00, 14.62it/s, loss=0.3286]
Epoch 920/1000: 100% 16/16 [00:01<00:00, 14.54it/s, loss=0.3258]
2025-11-05 09:44:43,223 [INFO] Epoch 920/1000 | Time: 1.33s | Loss: 0.3258 | Eval Return: 9.30
Epoch 921/1000: 100% 16/16 [00:01<00:00, 14.66it/s, loss=0.3296]
Epoch 922/1000: 100% 16/16 [00:01<00:00, 14.48it/s, loss=0.3284]
Epoch 923/1000: 100% 16/16 [00:01<00:00, 14.21it/s, loss=0.3262]
Epoch 924/1000: 100% 16/16 [00:01<00:00, 14.47it/s, loss=0.3292]
Epoch 925/1000: 100% 16/16 [00:01<00:00, 14.60it/s, loss=0.3295]
Epoch 926/1000: 100% 16/16 [00:01<00:00, 14.53it/s, loss=0.3354]
Epoch 927/1000: 100% 16/16 [00:01<00:00, 14.61it/s, loss=0.3270]
Epoch 928/1000: 100% 16/16 [00:01<00:00, 14.61it/s, loss=0.3275]
Epoch 929/1000: 100% 16/16 [00:01<00:00, 14.54it/s, loss=0.3281]
Epoch 930/1000: 100% 16/16 [00:01<00:00, 14.64it/s, loss=0.3262]
2025-11-05 09:44:54,490 [INFO] Epoch 930/1000 | Time: 1.35s | Loss: 0.3262 | Eval Return: 9.60
Epoch 931/1000: 100% 16/16 [00:01<00:00, 14.61it/s, loss=0.3225]
Epoch 932/1000: 100% 16/16 [00:01<00:00, 14.64it/s, loss=0.3216]
Epoch 933/1000: 100% 16/16 [00:01<00:00, 14.41it/s, loss=0.3243]
Epoch 934/1000: 100% 16/16 [00:01<00:00, 14.40it/s, loss=0.3332]
Epoch 935/1000: 100% 16/16 [00:01<00:00, 14.54it/s, loss=0.3299]
Epoch 936/1000: 100% 16/16 [00:01<00:00, 14.57it/s, loss=0.3215]
Epoch 937/1000: 100% 16/16 [00:01<00:00, 14.57it/s, loss=0.3259]
Epoch 938/1000: 100% 16/16 [00:01<00:00, 14.61it/s, loss=0.3239]
Epoch 939/1000: 100% 16/16 [00:01<00:00, 14.56it/s, loss=0.3282]
Epoch 940/1000: 100% 16/16 [00:01<00:00, 14.50it/s, loss=0.3272]
2025-11-05 09:45:05,713 [INFO] Epoch 940/1000 | Time: 1.32s | Loss: 0.3272 | Eval Return: 9.10
Epoch 941/1000: 100% 16/16 [00:01<00:00, 14.66it/s, loss=0.3191]
Epoch 942/1000: 100% 16/16 [00:01<00:00, 14.70it/s, loss=0.3215]
Epoch 943/1000: 100% 16/16 [00:01<00:00, 14.60it/s, loss=0.3257]
Epoch 944/1000: 100% 16/16 [00:01<00:00, 14.52it/s, loss=0.3210]
Epoch 945/1000: 100% 16/16 [00:01<00:00, 14.43it/s, loss=0.3245]
Epoch 946/1000: 100% 16/16 [00:01<00:00, 14.62it/s, loss=0.3243]
Epoch 947/1000: 100% 16/16 [00:01<00:00, 14.59it/s, loss=0.3272]
Epoch 948/1000: 100% 16/16 [00:01<00:00, 14.55it/s, loss=0.3168]
Epoch 949/1000: 100% 16/16 [00:01<00:00, 14.64it/s, loss=0.3213]
Epoch 950/1000: 100% 16/16 [00:01<00:00, 14.67it/s, loss=0.3260]
2025-11-05 09:45:16,903 [INFO] Epoch 950/1000 | Time: 1.32s | Loss: 0.3260 | Eval Return: 9.20
Epoch 951/1000: 100% 16/16 [00:01<00:00, 14.65it/s, loss=0.3357]
Epoch 952/1000: 100% 16/16 [00:01<00:00, 14.52it/s, loss=0.3272]
Epoch 953/1000: 100% 16/16 [00:01<00:00, 14.51it/s, loss=0.3174]
Epoch 954/1000: 100% 16/16 [00:01<00:00, 14.44it/s, loss=0.3295]
Epoch 955/1000: 100% 16/16 [00:01<00:00, 14.27it/s, loss=0.3267]
Epoch 956/1000: 100% 16/16 [00:01<00:00, 14.40it/s, loss=0.3233]
Epoch 957/1000: 100% 16/16 [00:01<00:00, 14.49it/s, loss=0.3179]
Epoch 958/1000: 100% 16/16 [00:01<00:00, 14.53it/s, loss=0.3243]
Epoch 959/1000: 100% 16/16 [00:01<00:00, 14.60it/s, loss=0.3199]
Epoch 960/1000: 100% 16/16 [00:01<00:00, 14.52it/s, loss=0.3157]
2025-11-05 09:45:28,192 [INFO] Epoch 960/1000 | Time: 1.34s | Loss: 0.3157 | Eval Return: 9.30
Epoch 961/1000: 100% 16/16 [00:01<00:00, 14.65it/s, loss=0.3228]
Epoch 962/1000: 100% 16/16 [00:01<00:00, 14.61it/s, loss=0.3216]
Epoch 963/1000: 100% 16/16 [00:01<00:00, 14.63it/s, loss=0.3182]
Epoch 964/1000: 100% 16/16 [00:01<00:00, 14.51it/s, loss=0.3201]
Epoch 965/1000: 100% 16/16 [00:01<00:00, 14.48it/s, loss=0.3189]
Epoch 966/1000: 100% 16/16 [00:01<00:00, 14.44it/s, loss=0.3220]
Epoch 967/1000: 100% 16/16 [00:01<00:00, 14.45it/s, loss=0.3204]
Epoch 968/1000: 100% 16/16 [00:01<00:00, 14.49it/s, loss=0.3224]
Epoch 969/1000: 100% 16/16 [00:01<00:00, 14.59it/s, loss=0.3240]
Epoch 970/1000: 100% 16/16 [00:01<00:00, 14.61it/s, loss=0.3213]
2025-11-05 09:45:39,432 [INFO] Epoch 970/1000 | Time: 1.33s | Loss: 0.3213 | Eval Return: 9.20
Epoch 971/1000: 100% 16/16 [00:01<00:00, 14.74it/s, loss=0.3172]
Epoch 972/1000: 100% 16/16 [00:01<00:00, 14.58it/s, loss=0.3122]
Epoch 973/1000: 100% 16/16 [00:01<00:00, 14.51it/s, loss=0.3196]
Epoch 974/1000: 100% 16/16 [00:01<00:00, 14.52it/s, loss=0.3200]
Epoch 975/1000: 100% 16/16 [00:01<00:00, 14.55it/s, loss=0.3138]
Epoch 976/1000: 100% 16/16 [00:01<00:00, 14.42it/s, loss=0.3165]
Epoch 977/1000: 100% 16/16 [00:01<00:00, 14.26it/s, loss=0.3164]
Epoch 978/1000: 100% 16/16 [00:01<00:00, 14.70it/s, loss=0.3196]
Epoch 979/1000: 100% 16/16 [00:01<00:00, 14.64it/s, loss=0.3155]
Epoch 980/1000: 100% 16/16 [00:01<00:00, 14.59it/s, loss=0.3202]
2025-11-05 09:45:50,669 [INFO] Epoch 980/1000 | Time: 1.33s | Loss: 0.3202 | Eval Return: 9.30
Epoch 981/1000: 100% 16/16 [00:01<00:00, 14.61it/s, loss=0.3128]
Epoch 982/1000: 100% 16/16 [00:01<00:00, 14.57it/s, loss=0.3167]
Epoch 983/1000: 100% 16/16 [00:01<00:00, 14.60it/s, loss=0.3153]
Epoch 984/1000: 100% 16/16 [00:01<00:00, 14.63it/s, loss=0.3178]
Epoch 985/1000: 100% 16/16 [00:01<00:00, 14.54it/s, loss=0.3118]
Epoch 986/1000: 100% 16/16 [00:01<00:00, 14.50it/s, loss=0.3140]
Epoch 987/1000: 100% 16/16 [00:01<00:00, 14.28it/s, loss=0.3126]
Epoch 988/1000: 100% 16/16 [00:01<00:00, 14.50it/s, loss=0.3101]
Epoch 989/1000: 100% 16/16 [00:01<00:00, 14.56it/s, loss=0.3137]
Epoch 990/1000: 100% 16/16 [00:01<00:00, 14.51it/s, loss=0.3141]
2025-11-05 09:46:01,927 [INFO] Epoch 990/1000 | Time: 1.34s | Loss: 0.3141 | Eval Return: 9.50
Epoch 991/1000: 100% 16/16 [00:01<00:00, 14.61it/s, loss=0.3135]
Epoch 992/1000: 100% 16/16 [00:01<00:00, 14.52it/s, loss=0.3131]
Epoch 993/1000: 100% 16/16 [00:01<00:00, 14.56it/s, loss=0.3185]
Epoch 994/1000: 100% 16/16 [00:01<00:00, 14.60it/s, loss=0.3101]
Epoch 995/1000: 100% 16/16 [00:01<00:00, 14.59it/s, loss=0.3135]
Epoch 996/1000: 100% 16/16 [00:01<00:00, 14.53it/s, loss=0.3138]
Epoch 997/1000: 100% 16/16 [00:01<00:00, 14.49it/s, loss=0.3063]
Epoch 998/1000: 100% 16/16 [00:01<00:00, 14.37it/s, loss=0.3131]
Epoch 999/1000: 100% 16/16 [00:01<00:00, 14.44it/s, loss=0.3237]
Epoch 1000/1000: 100% 16/16 [00:01<00:00, 14.54it/s, loss=0.3102]
2025-11-05 09:46:13,199 [INFO] Epoch 1000/1000 | Time: 1.35s | Loss: 0.3102 | Eval Return: 9.30
2025-11-05 09:46:13,231 [INFO] Training complete.