2025-11-05 15:19:13.898036: E external/local_xla/xla/stream_executor/cuda/cuda_fft.cc:467] Unable to register cuFFT factory: Attempting to register factory for plugin cuFFT when one has already been registered
WARNING: All log messages before absl::InitializeLog() is called are written to STDERR
E0000 00:00:1762355953.918727   58966 cuda_dnn.cc:8579] Unable to register cuDNN factory: Attempting to register factory for plugin cuDNN when one has already been registered
E0000 00:00:1762355953.925181   58966 cuda_blas.cc:1407] Unable to register cuBLAS factory: Attempting to register factory for plugin cuBLAS when one has already been registered
W0000 00:00:1762355953.941951   58966 computation_placer.cc:177] computation placer already registered. Please check linkage and avoid linking the same target more than once.
W0000 00:00:1762355953.941978   58966 computation_placer.cc:177] computation placer already registered. Please check linkage and avoid linking the same target more than once.
W0000 00:00:1762355953.941983   58966 computation_placer.cc:177] computation placer already registered. Please check linkage and avoid linking the same target more than once.
W0000 00:00:1762355953.941988   58966 computation_placer.cc:177] computation placer already registered. Please check linkage and avoid linking the same target more than once.
2025-11-05 15:19:13.946993: I tensorflow/core/platform/cpu_feature_guard.cc:210] This TensorFlow binary is optimized to use available CPU instructions in performance-critical operations.
To enable the following instructions: AVX2 AVX512F FMA, in other operations, rebuild TensorFlow with the appropriate compiler flags.
2025-11-05 15:19:20,258 [INFO] Checking for dataset...
2025-11-05 15:19:20,260 [INFO] Dataset not found at /content/neuromorphic_decision_transformer/neuromorphic_decision_transformer/data/MountainCar-v0/dataset.npz. Generating new dataset...
2025-11-05 15:19:25,670 [INFO] Dataset generated and saved to /content/neuromorphic_decision_transformer/neuromorphic_decision_transformer/data/MountainCar-v0/dataset.npz
2025-11-05 15:19:25,670 [INFO] Starting training...
2025-11-05 15:19:25,701 [INFO] Dataset size: 1000 clips
2025-11-05 15:19:25,702 [INFO] DataLoader created with num_workers=0 and pin_memory=False.
2025-11-05 15:19:27,030 [INFO] Starting training loop...
Epoch 1/1000: 100% 16/16 [00:03<00:00,  4.76it/s, loss=1.1326]
Epoch 2/1000: 100% 16/16 [00:02<00:00,  5.65it/s, loss=1.1064]
Epoch 3/1000: 100% 16/16 [00:02<00:00,  5.60it/s, loss=1.1032]
Epoch 4/1000: 100% 16/16 [00:02<00:00,  5.59it/s, loss=1.1018]
Epoch 5/1000: 100% 16/16 [00:02<00:00,  5.58it/s, loss=1.1015]
Epoch 6/1000: 100% 16/16 [00:02<00:00,  5.56it/s, loss=1.1016]
Epoch 7/1000: 100% 16/16 [00:02<00:00,  5.55it/s, loss=1.1011]
Epoch 8/1000: 100% 16/16 [00:02<00:00,  5.49it/s, loss=1.1009]
Epoch 9/1000: 100% 16/16 [00:02<00:00,  5.50it/s, loss=1.1007]
Epoch 10/1000: 100% 16/16 [00:02<00:00,  5.48it/s, loss=1.1003]
2025-11-05 15:20:02,003 [INFO] Epoch 10/1000 | Time: 8.61s | Loss: 1.1003 | Eval Return: -200.00
2025-11-05 15:20:02,015 [INFO] New best eval return: -200.00. Saved best model.
Epoch 11/1000: 100% 16/16 [00:02<00:00,  5.37it/s, loss=1.1002]
Epoch 12/1000: 100% 16/16 [00:02<00:00,  5.50it/s, loss=1.1001]
Epoch 13/1000: 100% 16/16 [00:02<00:00,  5.50it/s, loss=1.1001]
Epoch 14/1000: 100% 16/16 [00:02<00:00,  5.47it/s, loss=1.1001]
Epoch 15/1000: 100% 16/16 [00:02<00:00,  5.49it/s, loss=1.0998]
Epoch 16/1000: 100% 16/16 [00:02<00:00,  5.51it/s, loss=1.0996]
Epoch 17/1000: 100% 16/16 [00:02<00:00,  5.51it/s, loss=1.0995]
Epoch 18/1000: 100% 16/16 [00:02<00:00,  5.51it/s, loss=1.0995]
Epoch 19/1000: 100% 16/16 [00:02<00:00,  5.53it/s, loss=1.0991]
Epoch 20/1000: 100% 16/16 [00:02<00:00,  5.52it/s, loss=1.0993]
2025-11-05 15:20:36,494 [INFO] Epoch 20/1000 | Time: 8.24s | Loss: 1.0993 | Eval Return: -200.00
Epoch 21/1000: 100% 16/16 [00:02<00:00,  5.45it/s, loss=1.0992]
Epoch 22/1000: 100% 16/16 [00:02<00:00,  5.58it/s, loss=1.0992]
Epoch 23/1000: 100% 16/16 [00:02<00:00,  5.57it/s, loss=1.0992]
Epoch 24/1000: 100% 16/16 [00:02<00:00,  5.55it/s, loss=1.0993]
Epoch 25/1000: 100% 16/16 [00:02<00:00,  5.54it/s, loss=1.0991]
Epoch 26/1000: 100% 16/16 [00:02<00:00,  5.55it/s, loss=1.0992]
Epoch 27/1000: 100% 16/16 [00:02<00:00,  5.54it/s, loss=1.0990]
Epoch 28/1000: 100% 16/16 [00:02<00:00,  5.53it/s, loss=1.0991]
Epoch 29/1000: 100% 16/16 [00:02<00:00,  5.51it/s, loss=1.0993]
Epoch 30/1000: 100% 16/16 [00:02<00:00,  5.55it/s, loss=1.0991]
2025-11-05 15:21:10,359 [INFO] Epoch 30/1000 | Time: 7.84s | Loss: 1.0991 | Eval Return: -200.00
Epoch 31/1000: 100% 16/16 [00:02<00:00,  5.44it/s, loss=1.0990]
Epoch 32/1000: 100% 16/16 [00:02<00:00,  5.55it/s, loss=1.0987]
Epoch 33/1000: 100% 16/16 [00:02<00:00,  5.57it/s, loss=1.0987]
Epoch 34/1000: 100% 16/16 [00:02<00:00,  5.55it/s, loss=1.0986]
Epoch 35/1000: 100% 16/16 [00:02<00:00,  5.52it/s, loss=1.0987]
Epoch 36/1000: 100% 16/16 [00:02<00:00,  5.51it/s, loss=1.0986]
Epoch 37/1000: 100% 16/16 [00:02<00:00,  5.51it/s, loss=1.0987]
Epoch 38/1000: 100% 16/16 [00:02<00:00,  5.52it/s, loss=1.0988]
Epoch 39/1000: 100% 16/16 [00:02<00:00,  5.51it/s, loss=1.0985]
Epoch 40/1000: 100% 16/16 [00:02<00:00,  5.50it/s, loss=1.0987]
2025-11-05 15:21:44,350 [INFO] Epoch 40/1000 | Time: 7.90s | Loss: 1.0987 | Eval Return: -200.00
Epoch 41/1000: 100% 16/16 [00:02<00:00,  5.44it/s, loss=1.0987]
Epoch 42/1000: 100% 16/16 [00:02<00:00,  5.55it/s, loss=1.0985]
Epoch 43/1000: 100% 16/16 [00:02<00:00,  5.56it/s, loss=1.0984]
Epoch 44/1000: 100% 16/16 [00:02<00:00,  5.57it/s, loss=1.0984]
Epoch 45/1000: 100% 16/16 [00:02<00:00,  5.56it/s, loss=1.0984]
Epoch 46/1000: 100% 16/16 [00:02<00:00,  5.53it/s, loss=1.0984]
Epoch 47/1000: 100% 16/16 [00:02<00:00,  5.52it/s, loss=1.0985]
Epoch 48/1000: 100% 16/16 [00:02<00:00,  5.54it/s, loss=1.0985]
Epoch 49/1000: 100% 16/16 [00:02<00:00,  5.50it/s, loss=1.0984]
Epoch 50/1000: 100% 16/16 [00:02<00:00,  5.51it/s, loss=1.0984]
2025-11-05 15:22:19,036 [INFO] Epoch 50/1000 | Time: 8.64s | Loss: 1.0984 | Eval Return: -200.00
Epoch 51/1000: 100% 16/16 [00:02<00:00,  5.47it/s, loss=1.0984]
Epoch 52/1000: 100% 16/16 [00:02<00:00,  5.59it/s, loss=1.0982]
Epoch 53/1000: 100% 16/16 [00:02<00:00,  5.54it/s, loss=1.0987]
Epoch 54/1000: 100% 16/16 [00:02<00:00,  5.57it/s, loss=1.0986]
Epoch 55/1000: 100% 16/16 [00:02<00:00,  5.55it/s, loss=1.0984]
Epoch 56/1000: 100% 16/16 [00:02<00:00,  5.54it/s, loss=1.0984]
Epoch 57/1000: 100% 16/16 [00:02<00:00,  5.51it/s, loss=1.0985]
Epoch 58/1000: 100% 16/16 [00:02<00:00,  5.53it/s, loss=1.0984]
Epoch 59/1000: 100% 16/16 [00:02<00:00,  5.52it/s, loss=1.0983]
Epoch 60/1000: 100% 16/16 [00:02<00:00,  5.51it/s, loss=1.0983]
2025-11-05 15:22:53,618 [INFO] Epoch 60/1000 | Time: 8.55s | Loss: 1.0983 | Eval Return: -200.00
Epoch 61/1000: 100% 16/16 [00:02<00:00,  5.48it/s, loss=1.0982]
Epoch 62/1000: 100% 16/16 [00:02<00:00,  5.58it/s, loss=1.0984]
Epoch 63/1000: 100% 16/16 [00:02<00:00,  5.55it/s, loss=1.0983]
Epoch 64/1000: 100% 16/16 [00:02<00:00,  5.54it/s, loss=1.0982]
Epoch 65/1000: 100% 16/16 [00:02<00:00,  5.55it/s, loss=1.0985]
Epoch 66/1000: 100% 16/16 [00:02<00:00,  5.55it/s, loss=1.0983]
Epoch 67/1000: 100% 16/16 [00:02<00:00,  5.52it/s, loss=1.0982]
Epoch 68/1000: 100% 16/16 [00:02<00:00,  5.50it/s, loss=1.0980]
Epoch 69/1000: 100% 16/16 [00:02<00:00,  5.52it/s, loss=1.0983]
Epoch 70/1000: 100% 16/16 [00:02<00:00,  5.55it/s, loss=1.0982]
2025-11-05 15:23:28,153 [INFO] Epoch 70/1000 | Time: 8.50s | Loss: 1.0982 | Eval Return: -200.00
Epoch 71/1000: 100% 16/16 [00:02<00:00,  5.47it/s, loss=1.0981]
Epoch 72/1000: 100% 16/16 [00:02<00:00,  5.59it/s, loss=1.0982]
Epoch 73/1000: 100% 16/16 [00:02<00:00,  5.59it/s, loss=1.0984]
Epoch 74/1000: 100% 16/16 [00:02<00:00,  5.54it/s, loss=1.0983]
Epoch 75/1000: 100% 16/16 [00:02<00:00,  5.56it/s, loss=1.0983]
Epoch 76/1000: 100% 16/16 [00:02<00:00,  5.55it/s, loss=1.0980]
Epoch 77/1000: 100% 16/16 [00:02<00:00,  5.52it/s, loss=1.0982]
Epoch 78/1000: 100% 16/16 [00:02<00:00,  5.51it/s, loss=1.0980]
Epoch 79/1000: 100% 16/16 [00:02<00:00,  5.51it/s, loss=1.0981]
Epoch 80/1000: 100% 16/16 [00:02<00:00,  5.52it/s, loss=1.0981]
2025-11-05 15:24:02,166 [INFO] Epoch 80/1000 | Time: 8.00s | Loss: 1.0981 | Eval Return: -200.00
Epoch 81/1000: 100% 16/16 [00:02<00:00,  5.45it/s, loss=1.0980]
Epoch 82/1000: 100% 16/16 [00:02<00:00,  5.58it/s, loss=1.0981]
Epoch 83/1000: 100% 16/16 [00:02<00:00,  5.57it/s, loss=1.0980]
Epoch 84/1000: 100% 16/16 [00:02<00:00,  5.56it/s, loss=1.0981]
Epoch 85/1000: 100% 16/16 [00:02<00:00,  5.52it/s, loss=1.0982]
Epoch 86/1000: 100% 16/16 [00:02<00:00,  5.55it/s, loss=1.0981]
Epoch 87/1000: 100% 16/16 [00:02<00:00,  5.53it/s, loss=1.0981]
Epoch 88/1000: 100% 16/16 [00:02<00:00,  5.54it/s, loss=1.0981]
Epoch 89/1000: 100% 16/16 [00:02<00:00,  5.50it/s, loss=1.0981]
Epoch 90/1000: 100% 16/16 [00:02<00:00,  5.53it/s, loss=1.0983]
2025-11-05 15:24:36,038 [INFO] Epoch 90/1000 | Time: 7.84s | Loss: 1.0983 | Eval Return: -200.00
Epoch 91/1000: 100% 16/16 [00:02<00:00,  5.42it/s, loss=1.0982]
Epoch 92/1000: 100% 16/16 [00:02<00:00,  5.56it/s, loss=1.0982]
Epoch 93/1000: 100% 16/16 [00:02<00:00,  5.56it/s, loss=1.0980]
Epoch 94/1000: 100% 16/16 [00:02<00:00,  5.55it/s, loss=1.0981]
Epoch 95/1000: 100% 16/16 [00:02<00:00,  5.54it/s, loss=1.0980]
Epoch 96/1000: 100% 16/16 [00:02<00:00,  5.52it/s, loss=1.0981]
Epoch 97/1000: 100% 16/16 [00:02<00:00,  5.54it/s, loss=1.0982]
Epoch 98/1000: 100% 16/16 [00:02<00:00,  5.53it/s, loss=1.0980]
Epoch 99/1000: 100% 16/16 [00:02<00:00,  5.52it/s, loss=1.0980]
Epoch 100/1000: 100% 16/16 [00:02<00:00,  5.48it/s, loss=1.0981]
2025-11-05 15:25:10,084 [INFO] Epoch 100/1000 | Time: 7.99s | Loss: 1.0981 | Eval Return: -200.00
Epoch 101/1000: 100% 16/16 [00:02<00:00,  5.47it/s, loss=1.0980]
Epoch 102/1000: 100% 16/16 [00:02<00:00,  5.55it/s, loss=1.0979]
Epoch 103/1000: 100% 16/16 [00:02<00:00,  5.55it/s, loss=1.0979]
Epoch 104/1000: 100% 16/16 [00:02<00:00,  5.56it/s, loss=1.0979]
Epoch 105/1000: 100% 16/16 [00:02<00:00,  5.54it/s, loss=1.0980]
Epoch 106/1000: 100% 16/16 [00:02<00:00,  5.52it/s, loss=1.0980]
Epoch 107/1000: 100% 16/16 [00:02<00:00,  5.49it/s, loss=1.0979]
Epoch 108/1000: 100% 16/16 [00:02<00:00,  5.51it/s, loss=1.0980]
Epoch 109/1000: 100% 16/16 [00:02<00:00,  5.50it/s, loss=1.0981]
Epoch 110/1000: 100% 16/16 [00:02<00:00,  5.48it/s, loss=1.0979]
2025-11-05 15:25:44,955 [INFO] Epoch 110/1000 | Time: 8.77s | Loss: 1.0979 | Eval Return: -200.00
Epoch 111/1000: 100% 16/16 [00:02<00:00,  5.44it/s, loss=1.0979]
Epoch 112/1000: 100% 16/16 [00:02<00:00,  5.56it/s, loss=1.0978]
Epoch 113/1000: 100% 16/16 [00:02<00:00,  5.54it/s, loss=1.0979]
Epoch 114/1000: 100% 16/16 [00:02<00:00,  5.57it/s, loss=1.0979]
Epoch 115/1000: 100% 16/16 [00:02<00:00,  5.53it/s, loss=1.0978]
Epoch 116/1000: 100% 16/16 [00:02<00:00,  5.52it/s, loss=1.0980]
Epoch 117/1000: 100% 16/16 [00:02<00:00,  5.49it/s, loss=1.0980]
Epoch 118/1000: 100% 16/16 [00:02<00:00,  5.50it/s, loss=1.0979]
Epoch 119/1000: 100% 16/16 [00:02<00:00,  5.51it/s, loss=1.0978]
Epoch 120/1000: 100% 16/16 [00:02<00:00,  5.49it/s, loss=1.0980]
2025-11-05 15:26:19,779 [INFO] Epoch 120/1000 | Time: 8.72s | Loss: 1.0980 | Eval Return: -200.00
Epoch 121/1000: 100% 16/16 [00:02<00:00,  5.43it/s, loss=1.0979]
Epoch 122/1000: 100% 16/16 [00:02<00:00,  5.58it/s, loss=1.0979]
Epoch 123/1000: 100% 16/16 [00:02<00:00,  5.57it/s, loss=1.0979]
Epoch 124/1000: 100% 16/16 [00:02<00:00,  5.55it/s, loss=1.0980]
Epoch 125/1000: 100% 16/16 [00:02<00:00,  5.56it/s, loss=1.0980]
Epoch 126/1000: 100% 16/16 [00:02<00:00,  5.55it/s, loss=1.0980]
Epoch 127/1000: 100% 16/16 [00:02<00:00,  5.52it/s, loss=1.0980]
Epoch 128/1000: 100% 16/16 [00:02<00:00,  5.49it/s, loss=1.0980]
Epoch 129/1000: 100% 16/16 [00:02<00:00,  5.50it/s, loss=1.0980]
Epoch 130/1000: 100% 16/16 [00:02<00:00,  5.50it/s, loss=1.0979]
2025-11-05 15:26:54,470 [INFO] Epoch 130/1000 | Time: 8.63s | Loss: 1.0979 | Eval Return: -200.00
Epoch 131/1000: 100% 16/16 [00:02<00:00,  5.48it/s, loss=1.0980]
Epoch 132/1000: 100% 16/16 [00:02<00:00,  5.59it/s, loss=1.0980]
Epoch 133/1000: 100% 16/16 [00:02<00:00,  5.58it/s, loss=1.0981]
Epoch 134/1000: 100% 16/16 [00:02<00:00,  5.54it/s, loss=1.0980]
Epoch 135/1000: 100% 16/16 [00:02<00:00,  5.56it/s, loss=1.0979]
Epoch 136/1000: 100% 16/16 [00:02<00:00,  5.54it/s, loss=1.0979]
Epoch 137/1000: 100% 16/16 [00:02<00:00,  5.53it/s, loss=1.0978]
Epoch 138/1000: 100% 16/16 [00:02<00:00,  5.49it/s, loss=1.0978]
Epoch 139/1000: 100% 16/16 [00:02<00:00,  5.48it/s, loss=1.0978]
Epoch 140/1000: 100% 16/16 [00:02<00:00,  5.48it/s, loss=1.0978]
2025-11-05 15:27:28,747 [INFO] Epoch 140/1000 | Time: 8.25s | Loss: 1.0978 | Eval Return: -200.00
Epoch 141/1000: 100% 16/16 [00:02<00:00,  5.41it/s, loss=1.0979]
Epoch 142/1000: 100% 16/16 [00:02<00:00,  5.57it/s, loss=1.0981]
Epoch 143/1000: 100% 16/16 [00:02<00:00,  5.58it/s, loss=1.0980]
Epoch 144/1000: 100% 16/16 [00:02<00:00,  5.56it/s, loss=1.0980]
Epoch 145/1000: 100% 16/16 [00:02<00:00,  5.53it/s, loss=1.0981]
Epoch 146/1000: 100% 16/16 [00:02<00:00,  5.53it/s, loss=1.0979]
Epoch 147/1000: 100% 16/16 [00:02<00:00,  5.53it/s, loss=1.0980]
Epoch 148/1000: 100% 16/16 [00:02<00:00,  5.51it/s, loss=1.0980]
Epoch 149/1000: 100% 16/16 [00:02<00:00,  5.49it/s, loss=1.0978]
Epoch 150/1000: 100% 16/16 [00:02<00:00,  5.51it/s, loss=1.0978]
2025-11-05 15:28:02,816 [INFO] Epoch 150/1000 | Time: 7.99s | Loss: 1.0978 | Eval Return: -200.00
Epoch 151/1000: 100% 16/16 [00:02<00:00,  5.45it/s, loss=1.0978]
Epoch 152/1000: 100% 16/16 [00:02<00:00,  5.55it/s, loss=1.0981]
Epoch 153/1000: 100% 16/16 [00:02<00:00,  5.58it/s, loss=1.0979]
Epoch 154/1000: 100% 16/16 [00:02<00:00,  5.57it/s, loss=1.0978]
Epoch 155/1000: 100% 16/16 [00:02<00:00,  5.55it/s, loss=1.0979]
Epoch 156/1000: 100% 16/16 [00:02<00:00,  5.51it/s, loss=1.0981]
Epoch 157/1000: 100% 16/16 [00:02<00:00,  5.54it/s, loss=1.0977]
Epoch 158/1000: 100% 16/16 [00:02<00:00,  5.53it/s, loss=1.0978]
Epoch 159/1000: 100% 16/16 [00:02<00:00,  5.52it/s, loss=1.0977]
Epoch 160/1000: 100% 16/16 [00:02<00:00,  5.50it/s, loss=1.0978]
2025-11-05 15:28:36,711 [INFO] Epoch 160/1000 | Time: 7.87s | Loss: 1.0978 | Eval Return: -200.00
Epoch 161/1000: 100% 16/16 [00:02<00:00,  5.45it/s, loss=1.0978]
Epoch 162/1000: 100% 16/16 [00:02<00:00,  5.54it/s, loss=1.0979]
Epoch 163/1000: 100% 16/16 [00:02<00:00,  5.58it/s, loss=1.0978]
Epoch 164/1000: 100% 16/16 [00:02<00:00,  5.56it/s, loss=1.0978]
Epoch 165/1000: 100% 16/16 [00:02<00:00,  5.54it/s, loss=1.0977]
Epoch 166/1000: 100% 16/16 [00:02<00:00,  5.52it/s, loss=1.0977]
Epoch 167/1000: 100% 16/16 [00:02<00:00,  5.51it/s, loss=1.0977]
Epoch 168/1000: 100% 16/16 [00:02<00:00,  5.51it/s, loss=1.0978]
Epoch 169/1000: 100% 16/16 [00:02<00:00,  5.49it/s, loss=1.0980]
Epoch 170/1000: 100% 16/16 [00:02<00:00,  5.50it/s, loss=1.0978]
2025-11-05 15:29:11,238 [INFO] Epoch 170/1000 | Time: 8.44s | Loss: 1.0978 | Eval Return: -200.00
Epoch 171/1000: 100% 16/16 [00:02<00:00,  5.44it/s, loss=1.0980]
Epoch 172/1000: 100% 16/16 [00:02<00:00,  5.57it/s, loss=1.0977]
Epoch 173/1000: 100% 16/16 [00:02<00:00,  5.53it/s, loss=1.0978]
Epoch 174/1000: 100% 16/16 [00:02<00:00,  5.57it/s, loss=1.0977]
Epoch 175/1000: 100% 16/16 [00:02<00:00,  5.54it/s, loss=1.0978]
Epoch 176/1000: 100% 16/16 [00:02<00:00,  5.53it/s, loss=1.0979]
Epoch 177/1000: 100% 16/16 [00:02<00:00,  5.48it/s, loss=1.0978]
Epoch 178/1000: 100% 16/16 [00:02<00:00,  5.51it/s, loss=1.0977]
Epoch 179/1000: 100% 16/16 [00:02<00:00,  5.50it/s, loss=1.0977]
Epoch 180/1000: 100% 16/16 [00:02<00:00,  5.50it/s, loss=1.0977]
2025-11-05 15:29:46,029 [INFO] Epoch 180/1000 | Time: 8.70s | Loss: 1.0977 | Eval Return: -200.00
Epoch 181/1000: 100% 16/16 [00:02<00:00,  5.43it/s, loss=1.0977]
Epoch 182/1000: 100% 16/16 [00:02<00:00,  5.56it/s, loss=1.0978]
Epoch 183/1000: 100% 16/16 [00:02<00:00,  5.55it/s, loss=1.0978]
Epoch 184/1000: 100% 16/16 [00:02<00:00,  5.53it/s, loss=1.0976]
Epoch 185/1000: 100% 16/16 [00:02<00:00,  5.54it/s, loss=1.0977]
Epoch 186/1000: 100% 16/16 [00:02<00:00,  5.52it/s, loss=1.0977]
Epoch 187/1000: 100% 16/16 [00:02<00:00,  5.50it/s, loss=1.0978]
Epoch 188/1000: 100% 16/16 [00:02<00:00,  5.48it/s, loss=1.0977]
Epoch 189/1000: 100% 16/16 [00:02<00:00,  5.50it/s, loss=1.0978]
Epoch 190/1000: 100% 16/16 [00:02<00:00,  5.48it/s, loss=1.0976]
2025-11-05 15:30:20,854 [INFO] Epoch 190/1000 | Time: 8.70s | Loss: 1.0976 | Eval Return: -200.00
Epoch 191/1000: 100% 16/16 [00:02<00:00,  5.43it/s, loss=1.0977]
Epoch 192/1000: 100% 16/16 [00:02<00:00,  5.57it/s, loss=1.0976]
Epoch 193/1000: 100% 16/16 [00:02<00:00,  5.57it/s, loss=1.0977]
Epoch 194/1000: 100% 16/16 [00:02<00:00,  5.53it/s, loss=1.0976]
Epoch 195/1000: 100% 16/16 [00:02<00:00,  5.55it/s, loss=1.0976]
Epoch 196/1000: 100% 16/16 [00:02<00:00,  5.53it/s, loss=1.0975]
Epoch 197/1000: 100% 16/16 [00:02<00:00,  5.53it/s, loss=1.0975]
Epoch 198/1000: 100% 16/16 [00:02<00:00,  5.49it/s, loss=1.0976]
Epoch 199/1000: 100% 16/16 [00:02<00:00,  5.50it/s, loss=1.0975]
Epoch 200/1000: 100% 16/16 [00:02<00:00,  5.51it/s, loss=1.0974]
2025-11-05 15:30:55,275 [INFO] Epoch 200/1000 | Time: 8.34s | Loss: 1.0974 | Eval Return: -200.00
Epoch 201/1000: 100% 16/16 [00:02<00:00,  5.45it/s, loss=1.0976]
Epoch 202/1000: 100% 16/16 [00:02<00:00,  5.57it/s, loss=1.0974]
Epoch 203/1000: 100% 16/16 [00:02<00:00,  5.57it/s, loss=1.0974]
Epoch 204/1000: 100% 16/16 [00:02<00:00,  5.55it/s, loss=1.0975]
Epoch 205/1000: 100% 16/16 [00:02<00:00,  5.51it/s, loss=1.0975]
Epoch 206/1000: 100% 16/16 [00:02<00:00,  5.53it/s, loss=1.0973]
Epoch 207/1000: 100% 16/16 [00:02<00:00,  5.51it/s, loss=1.0975]
Epoch 208/1000: 100% 16/16 [00:02<00:00,  5.50it/s, loss=1.0973]
Epoch 209/1000: 100% 16/16 [00:02<00:00,  5.45it/s, loss=1.0973]
Epoch 210/1000: 100% 16/16 [00:02<00:00,  5.48it/s, loss=1.0972]
2025-11-05 15:31:29,498 [INFO] Epoch 210/1000 | Time: 8.10s | Loss: 1.0972 | Eval Return: -200.00
Epoch 211/1000: 100% 16/16 [00:02<00:00,  5.41it/s, loss=1.0972]
Epoch 212/1000: 100% 16/16 [00:02<00:00,  5.54it/s, loss=1.0971]
Epoch 213/1000: 100% 16/16 [00:02<00:00,  5.55it/s, loss=1.0970]
Epoch 214/1000: 100% 16/16 [00:02<00:00,  5.54it/s, loss=1.0971]
Epoch 215/1000: 100% 16/16 [00:02<00:00,  5.51it/s, loss=1.0969]
Epoch 216/1000: 100% 16/16 [00:02<00:00,  5.51it/s, loss=1.0970]
Epoch 217/1000: 100% 16/16 [00:02<00:00,  5.51it/s, loss=1.0969]
Epoch 218/1000: 100% 16/16 [00:02<00:00,  5.50it/s, loss=1.0967]
Epoch 219/1000: 100% 16/16 [00:02<00:00,  5.49it/s, loss=1.0967]
Epoch 220/1000: 100% 16/16 [00:02<00:00,  5.51it/s, loss=1.0967]
2025-11-05 15:32:03,655 [INFO] Epoch 220/1000 | Time: 8.00s | Loss: 1.0967 | Eval Return: -200.00
Epoch 221/1000: 100% 16/16 [00:02<00:00,  5.48it/s, loss=1.0966]
Epoch 222/1000: 100% 16/16 [00:02<00:00,  5.57it/s, loss=1.0966]
Epoch 223/1000: 100% 16/16 [00:02<00:00,  5.57it/s, loss=1.0962]
Epoch 224/1000: 100% 16/16 [00:02<00:00,  5.57it/s, loss=1.0963]
Epoch 225/1000: 100% 16/16 [00:02<00:00,  5.55it/s, loss=1.0961]
Epoch 226/1000: 100% 16/16 [00:02<00:00,  5.51it/s, loss=1.0962]
Epoch 227/1000: 100% 16/16 [00:02<00:00,  5.50it/s, loss=1.0960]
Epoch 228/1000: 100% 16/16 [00:02<00:00,  5.50it/s, loss=1.0960]
Epoch 229/1000: 100% 16/16 [00:02<00:00,  5.50it/s, loss=1.0959]
Epoch 230/1000: 100% 16/16 [00:02<00:00,  5.47it/s, loss=1.0957]
2025-11-05 15:32:38,498 [INFO] Epoch 230/1000 | Time: 8.78s | Loss: 1.0957 | Eval Return: -200.00
Epoch 231/1000: 100% 16/16 [00:02<00:00,  5.41it/s, loss=1.0956]
Epoch 232/1000: 100% 16/16 [00:02<00:00,  5.55it/s, loss=1.0953]
Epoch 233/1000: 100% 16/16 [00:02<00:00,  5.53it/s, loss=1.0954]
Epoch 234/1000: 100% 16/16 [00:02<00:00,  5.56it/s, loss=1.0951]
Epoch 235/1000: 100% 16/16 [00:02<00:00,  5.55it/s, loss=1.0950]
Epoch 236/1000: 100% 16/16 [00:02<00:00,  5.54it/s, loss=1.0950]
Epoch 237/1000: 100% 16/16 [00:02<00:00,  5.49it/s, loss=1.0947]
Epoch 238/1000: 100% 16/16 [00:02<00:00,  5.50it/s, loss=1.0944]
Epoch 239/1000: 100% 16/16 [00:02<00:00,  5.50it/s, loss=1.0947]
Epoch 240/1000: 100% 16/16 [00:02<00:00,  5.49it/s, loss=1.0943]
2025-11-05 15:33:13,487 [INFO] Epoch 240/1000 | Time: 8.87s | Loss: 1.0943 | Eval Return: -200.00
Epoch 241/1000: 100% 16/16 [00:02<00:00,  5.44it/s, loss=1.0941]
Epoch 242/1000: 100% 16/16 [00:02<00:00,  5.57it/s, loss=1.0937]
Epoch 243/1000: 100% 16/16 [00:02<00:00,  5.55it/s, loss=1.0934]
Epoch 244/1000: 100% 16/16 [00:02<00:00,  5.54it/s, loss=1.0935]
Epoch 245/1000: 100% 16/16 [00:02<00:00,  5.54it/s, loss=1.0930]
Epoch 246/1000: 100% 16/16 [00:02<00:00,  5.53it/s, loss=1.0929]
Epoch 247/1000: 100% 16/16 [00:02<00:00,  5.51it/s, loss=1.0927]
Epoch 248/1000: 100% 16/16 [00:02<00:00,  5.49it/s, loss=1.0924]
Epoch 249/1000: 100% 16/16 [00:02<00:00,  5.49it/s, loss=1.0920]
Epoch 250/1000: 100% 16/16 [00:02<00:00,  5.49it/s, loss=1.0919]
2025-11-05 15:33:48,406 [INFO] Epoch 250/1000 | Time: 8.81s | Loss: 1.0919 | Eval Return: -200.00
Epoch 251/1000: 100% 16/16 [00:02<00:00,  5.43it/s, loss=1.0916]
Epoch 252/1000: 100% 16/16 [00:02<00:00,  5.55it/s, loss=1.0914]
Epoch 253/1000: 100% 16/16 [00:02<00:00,  5.56it/s, loss=1.0911]
Epoch 254/1000: 100% 16/16 [00:02<00:00,  5.52it/s, loss=1.0908]
Epoch 255/1000: 100% 16/16 [00:02<00:00,  5.54it/s, loss=1.0907]
Epoch 256/1000: 100% 16/16 [00:02<00:00,  5.53it/s, loss=1.0901]
Epoch 257/1000: 100% 16/16 [00:02<00:00,  5.52it/s, loss=1.0903]
Epoch 258/1000: 100% 16/16 [00:02<00:00,  5.48it/s, loss=1.0896]
Epoch 259/1000: 100% 16/16 [00:02<00:00,  5.51it/s, loss=1.0892]
Epoch 260/1000: 100% 16/16 [00:02<00:00,  5.50it/s, loss=1.0892]
2025-11-05 15:34:22,979 [INFO] Epoch 260/1000 | Time: 8.46s | Loss: 1.0892 | Eval Return: -200.00
Epoch 261/1000: 100% 16/16 [00:02<00:00,  5.44it/s, loss=1.0887]
Epoch 262/1000: 100% 16/16 [00:02<00:00,  5.57it/s, loss=1.0887]
Epoch 263/1000: 100% 16/16 [00:02<00:00,  5.58it/s, loss=1.0883]
Epoch 264/1000: 100% 16/16 [00:02<00:00,  5.55it/s, loss=1.0877]
Epoch 265/1000: 100% 16/16 [00:02<00:00,  5.54it/s, loss=1.0875]
Epoch 266/1000: 100% 16/16 [00:02<00:00,  5.55it/s, loss=1.0874]
Epoch 267/1000: 100% 16/16 [00:02<00:00,  5.55it/s, loss=1.0867]
Epoch 268/1000: 100% 16/16 [00:02<00:00,  5.51it/s, loss=1.0863]
Epoch 269/1000: 100% 16/16 [00:02<00:00,  5.49it/s, loss=1.0862]
Epoch 270/1000: 100% 16/16 [00:02<00:00,  5.50it/s, loss=1.0858]
2025-11-05 15:34:56,985 [INFO] Epoch 270/1000 | Time: 7.96s | Loss: 1.0858 | Eval Return: -200.00
Epoch 271/1000: 100% 16/16 [00:02<00:00,  5.43it/s, loss=1.0854]
Epoch 272/1000: 100% 16/16 [00:02<00:00,  5.59it/s, loss=1.0849]
Epoch 273/1000: 100% 16/16 [00:02<00:00,  5.57it/s, loss=1.0849]
Epoch 274/1000: 100% 16/16 [00:02<00:00,  5.57it/s, loss=1.0848]
Epoch 275/1000: 100% 16/16 [00:02<00:00,  5.54it/s, loss=1.0839]
Epoch 276/1000: 100% 16/16 [00:02<00:00,  5.54it/s, loss=1.0834]
Epoch 277/1000: 100% 16/16 [00:02<00:00,  5.54it/s, loss=1.0837]
Epoch 278/1000: 100% 16/16 [00:02<00:00,  5.52it/s, loss=1.0829]
Epoch 279/1000: 100% 16/16 [00:02<00:00,  5.51it/s, loss=1.0826]
Epoch 280/1000: 100% 16/16 [00:02<00:00,  5.50it/s, loss=1.0822]
2025-11-05 15:35:30,906 [INFO] Epoch 280/1000 | Time: 7.89s | Loss: 1.0822 | Eval Return: -200.00
Epoch 281/1000: 100% 16/16 [00:02<00:00,  5.49it/s, loss=1.0818]
Epoch 282/1000: 100% 16/16 [00:02<00:00,  5.54it/s, loss=1.0812]
Epoch 283/1000: 100% 16/16 [00:02<00:00,  5.57it/s, loss=1.0812]
Epoch 284/1000: 100% 16/16 [00:02<00:00,  5.56it/s, loss=1.0802]
Epoch 285/1000: 100% 16/16 [00:02<00:00,  5.56it/s, loss=1.0799]
Epoch 286/1000: 100% 16/16 [00:02<00:00,  5.52it/s, loss=1.0794]
Epoch 287/1000: 100% 16/16 [00:02<00:00,  5.52it/s, loss=1.0793]
Epoch 288/1000: 100% 16/16 [00:02<00:00,  5.51it/s, loss=1.0781]
Epoch 289/1000: 100% 16/16 [00:02<00:00,  5.51it/s, loss=1.0784]
Epoch 290/1000: 100% 16/16 [00:02<00:00,  5.50it/s, loss=1.0777]
2025-11-05 15:36:05,096 [INFO] Epoch 290/1000 | Time: 8.15s | Loss: 1.0777 | Eval Return: -200.00
Epoch 291/1000: 100% 16/16 [00:02<00:00,  5.47it/s, loss=1.0772]
Epoch 292/1000: 100% 16/16 [00:02<00:00,  5.57it/s, loss=1.0771]
Epoch 293/1000: 100% 16/16 [00:02<00:00,  5.54it/s, loss=1.0760]
Epoch 294/1000: 100% 16/16 [00:02<00:00,  5.57it/s, loss=1.0757]
Epoch 295/1000: 100% 16/16 [00:02<00:00,  5.55it/s, loss=1.0754]
Epoch 296/1000: 100% 16/16 [00:02<00:00,  5.52it/s, loss=1.0751]
Epoch 297/1000: 100% 16/16 [00:02<00:00,  5.48it/s, loss=1.0748]
Epoch 298/1000: 100% 16/16 [00:02<00:00,  5.52it/s, loss=1.0741]
Epoch 299/1000: 100% 16/16 [00:02<00:00,  5.51it/s, loss=1.0734]
Epoch 300/1000: 100% 16/16 [00:02<00:00,  5.51it/s, loss=1.0734]
2025-11-05 15:36:40,006 [INFO] Epoch 300/1000 | Time: 8.84s | Loss: 1.0734 | Eval Return: -200.00
Epoch 301/1000: 100% 16/16 [00:02<00:00,  5.45it/s, loss=1.0727]
Epoch 302/1000: 100% 16/16 [00:02<00:00,  5.59it/s, loss=1.0724]
Epoch 303/1000: 100% 16/16 [00:02<00:00,  5.56it/s, loss=1.0717]
Epoch 304/1000: 100% 16/16 [00:02<00:00,  5.58it/s, loss=1.0716]
Epoch 305/1000: 100% 16/16 [00:02<00:00,  5.57it/s, loss=1.0716]
Epoch 306/1000: 100% 16/16 [00:02<00:00,  5.55it/s, loss=1.0703]
Epoch 307/1000: 100% 16/16 [00:02<00:00,  5.52it/s, loss=1.0693]
Epoch 308/1000: 100% 16/16 [00:02<00:00,  5.52it/s, loss=1.0698]
Epoch 309/1000: 100% 16/16 [00:02<00:00,  5.52it/s, loss=1.0685]
Epoch 310/1000: 100% 16/16 [00:02<00:00,  5.52it/s, loss=1.0686]
2025-11-05 15:37:14,544 [INFO] Epoch 310/1000 | Time: 8.53s | Loss: 1.0686 | Eval Return: -200.00
Epoch 311/1000: 100% 16/16 [00:02<00:00,  5.43it/s, loss=1.0685]
Epoch 312/1000: 100% 16/16 [00:02<00:00,  5.57it/s, loss=1.0668]
Epoch 313/1000: 100% 16/16 [00:02<00:00,  5.58it/s, loss=1.0671]
Epoch 314/1000: 100% 16/16 [00:02<00:00,  5.53it/s, loss=1.0671]
Epoch 315/1000: 100% 16/16 [00:02<00:00,  5.55it/s, loss=1.0661]
Epoch 316/1000: 100% 16/16 [00:02<00:00,  5.53it/s, loss=1.0649]
Epoch 317/1000: 100% 16/16 [00:02<00:00,  5.53it/s, loss=1.0650]
Epoch 318/1000: 100% 16/16 [00:02<00:00,  5.48it/s, loss=1.0646]
Epoch 319/1000: 100% 16/16 [00:02<00:00,  5.49it/s, loss=1.0642]
Epoch 320/1000: 100% 16/16 [00:02<00:00,  5.48it/s, loss=1.0625]
2025-11-05 15:37:48,972 [INFO] Epoch 320/1000 | Time: 8.33s | Loss: 1.0625 | Eval Return: -200.00
Epoch 321/1000: 100% 16/16 [00:02<00:00,  5.41it/s, loss=1.0627]
Epoch 322/1000: 100% 16/16 [00:02<00:00,  5.57it/s, loss=1.0622]
Epoch 323/1000: 100% 16/16 [00:02<00:00,  5.56it/s, loss=1.0615]
Epoch 324/1000: 100% 16/16 [00:02<00:00,  5.55it/s, loss=1.0611]
Epoch 325/1000: 100% 16/16 [00:02<00:00,  5.52it/s, loss=1.0605]
Epoch 326/1000: 100% 16/16 [00:02<00:00,  5.54it/s, loss=1.0598]
Epoch 327/1000: 100% 16/16 [00:02<00:00,  5.53it/s, loss=1.0592]
Epoch 328/1000: 100% 16/16 [00:02<00:00,  5.52it/s, loss=1.0591]
Epoch 329/1000: 100% 16/16 [00:02<00:00,  5.50it/s, loss=1.0585]
Epoch 330/1000: 100% 16/16 [00:02<00:00,  5.53it/s, loss=1.0574]
2025-11-05 15:38:23,010 [INFO] Epoch 330/1000 | Time: 7.96s | Loss: 1.0574 | Eval Return: -200.00
Epoch 331/1000: 100% 16/16 [00:02<00:00,  5.44it/s, loss=1.0574]
Epoch 332/1000: 100% 16/16 [00:02<00:00,  5.59it/s, loss=1.0568]
Epoch 333/1000: 100% 16/16 [00:02<00:00,  5.58it/s, loss=1.0565]
Epoch 334/1000: 100% 16/16 [00:02<00:00,  5.58it/s, loss=1.0555]
Epoch 335/1000: 100% 16/16 [00:02<00:00,  5.54it/s, loss=1.0551]
Epoch 336/1000: 100% 16/16 [00:02<00:00,  5.49it/s, loss=1.0545]
Epoch 337/1000: 100% 16/16 [00:02<00:00,  5.52it/s, loss=1.0538]
Epoch 338/1000: 100% 16/16 [00:02<00:00,  5.51it/s, loss=1.0534]
Epoch 339/1000: 100% 16/16 [00:02<00:00,  5.49it/s, loss=1.0536]
Epoch 340/1000: 100% 16/16 [00:02<00:00,  5.47it/s, loss=1.0525]
2025-11-05 15:38:57,330 [INFO] Epoch 340/1000 | Time: 8.26s | Loss: 1.0525 | Eval Return: -200.00
Epoch 341/1000: 100% 16/16 [00:02<00:00,  5.44it/s, loss=1.0521]
Epoch 342/1000: 100% 16/16 [00:02<00:00,  5.54it/s, loss=1.0514]
Epoch 343/1000: 100% 16/16 [00:02<00:00,  5.55it/s, loss=1.0506]
Epoch 344/1000: 100% 16/16 [00:02<00:00,  5.55it/s, loss=1.0497]
Epoch 345/1000: 100% 16/16 [00:02<00:00,  5.54it/s, loss=1.0491]
Epoch 346/1000: 100% 16/16 [00:02<00:00,  5.49it/s, loss=1.0492]
Epoch 347/1000: 100% 16/16 [00:02<00:00,  5.50it/s, loss=1.0485]
Epoch 348/1000: 100% 16/16 [00:02<00:00,  5.51it/s, loss=1.0479]
Epoch 349/1000: 100% 16/16 [00:02<00:00,  5.50it/s, loss=1.0467]
Epoch 350/1000: 100% 16/16 [00:02<00:00,  5.50it/s, loss=1.0464]
2025-11-05 15:39:32,341 [INFO] Epoch 350/1000 | Time: 8.88s | Loss: 1.0464 | Eval Return: -200.00
Epoch 351/1000: 100% 16/16 [00:02<00:00,  5.49it/s, loss=1.0461]
Epoch 352/1000: 100% 16/16 [00:02<00:00,  5.57it/s, loss=1.0461]
Epoch 353/1000: 100% 16/16 [00:02<00:00,  5.55it/s, loss=1.0435]
Epoch 354/1000: 100% 16/16 [00:02<00:00,  5.56it/s, loss=1.0449]
Epoch 355/1000: 100% 16/16 [00:02<00:00,  5.54it/s, loss=1.0438]
Epoch 356/1000: 100% 16/16 [00:02<00:00,  5.52it/s, loss=1.0430]
Epoch 357/1000: 100% 16/16 [00:02<00:00,  5.48it/s, loss=1.0429]
Epoch 358/1000: 100% 16/16 [00:02<00:00,  5.49it/s, loss=1.0411]
Epoch 359/1000: 100% 16/16 [00:02<00:00,  5.50it/s, loss=1.0415]
Epoch 360/1000: 100% 16/16 [00:02<00:00,  5.46it/s, loss=1.0405]
2025-11-05 15:40:07,785 [INFO] Epoch 360/1000 | Time: 9.36s | Loss: 1.0405 | Eval Return: -200.00
Epoch 361/1000: 100% 16/16 [00:02<00:00,  5.44it/s, loss=1.0396]
Epoch 362/1000: 100% 16/16 [00:02<00:00,  5.55it/s, loss=1.0394]
Epoch 363/1000: 100% 16/16 [00:02<00:00,  5.52it/s, loss=1.0388]
Epoch 364/1000: 100% 16/16 [00:02<00:00,  5.52it/s, loss=1.0379]
Epoch 365/1000: 100% 16/16 [00:02<00:00,  5.52it/s, loss=1.0382]
Epoch 366/1000: 100% 16/16 [00:02<00:00,  5.50it/s, loss=1.0379]
Epoch 367/1000: 100% 16/16 [00:02<00:00,  5.47it/s, loss=1.0361]
Epoch 368/1000: 100% 16/16 [00:02<00:00,  5.46it/s, loss=1.0359]
Epoch 369/1000: 100% 16/16 [00:02<00:00,  5.47it/s, loss=1.0353]
Epoch 370/1000: 100% 16/16 [00:02<00:00,  5.47it/s, loss=1.0350]
2025-11-05 15:40:43,062 [INFO] Epoch 370/1000 | Time: 9.07s | Loss: 1.0350 | Eval Return: -200.00
Epoch 371/1000: 100% 16/16 [00:02<00:00,  5.45it/s, loss=1.0343]
Epoch 372/1000: 100% 16/16 [00:02<00:00,  5.57it/s, loss=1.0340]
Epoch 373/1000: 100% 16/16 [00:02<00:00,  5.57it/s, loss=1.0326]
Epoch 374/1000: 100% 16/16 [00:02<00:00,  5.53it/s, loss=1.0323]
Epoch 375/1000: 100% 16/16 [00:02<00:00,  5.55it/s, loss=1.0315]
Epoch 376/1000: 100% 16/16 [00:02<00:00,  5.53it/s, loss=1.0307]
Epoch 377/1000: 100% 16/16 [00:02<00:00,  5.51it/s, loss=1.0307]
Epoch 378/1000: 100% 16/16 [00:02<00:00,  5.47it/s, loss=1.0303]
Epoch 379/1000: 100% 16/16 [00:02<00:00,  5.49it/s, loss=1.0283]
Epoch 380/1000: 100% 16/16 [00:02<00:00,  5.49it/s, loss=1.0287]
2025-11-05 15:41:18,005 [INFO] Epoch 380/1000 | Time: 8.84s | Loss: 1.0287 | Eval Return: -200.00
Epoch 381/1000: 100% 16/16 [00:02<00:00,  5.40it/s, loss=1.0288]
Epoch 382/1000: 100% 16/16 [00:02<00:00,  5.57it/s, loss=1.0282]
Epoch 383/1000: 100% 16/16 [00:02<00:00,  5.57it/s, loss=1.0274]
Epoch 384/1000: 100% 16/16 [00:02<00:00,  5.54it/s, loss=1.0269]
Epoch 385/1000: 100% 16/16 [00:02<00:00,  5.54it/s, loss=1.0259]
Epoch 386/1000: 100% 16/16 [00:02<00:00,  5.53it/s, loss=1.0241]
Epoch 387/1000: 100% 16/16 [00:02<00:00,  5.51it/s, loss=1.0248]
Epoch 388/1000: 100% 16/16 [00:02<00:00,  5.49it/s, loss=1.0234]
Epoch 389/1000: 100% 16/16 [00:02<00:00,  5.48it/s, loss=1.0229]
Epoch 390/1000: 100% 16/16 [00:02<00:00,  5.47it/s, loss=1.0216]
2025-11-05 15:41:52,337 [INFO] Epoch 390/1000 | Time: 8.21s | Loss: 1.0216 | Eval Return: -200.00
Epoch 391/1000: 100% 16/16 [00:02<00:00,  5.39it/s, loss=1.0227]
Epoch 392/1000: 100% 16/16 [00:02<00:00,  5.55it/s, loss=1.0216]
Epoch 393/1000: 100% 16/16 [00:02<00:00,  5.55it/s, loss=1.0205]
Epoch 394/1000: 100% 16/16 [00:02<00:00,  5.55it/s, loss=1.0202]
Epoch 395/1000: 100% 16/16 [00:02<00:00,  5.51it/s, loss=1.0193]
Epoch 396/1000: 100% 16/16 [00:02<00:00,  5.52it/s, loss=1.0190]
Epoch 397/1000: 100% 16/16 [00:02<00:00,  5.52it/s, loss=1.0179]
Epoch 398/1000: 100% 16/16 [00:02<00:00,  5.50it/s, loss=1.0176]
Epoch 399/1000: 100% 16/16 [00:02<00:00,  5.47it/s, loss=1.0168]
Epoch 400/1000: 100% 16/16 [00:02<00:00,  5.49it/s, loss=1.0144]
2025-11-05 15:42:26,553 [INFO] Epoch 400/1000 | Time: 8.07s | Loss: 1.0144 | Eval Return: -200.00
Epoch 401/1000: 100% 16/16 [00:02<00:00,  5.41it/s, loss=1.0161]
Epoch 402/1000: 100% 16/16 [00:02<00:00,  5.56it/s, loss=1.0142]
Epoch 403/1000: 100% 16/16 [00:02<00:00,  5.60it/s, loss=1.0143]
Epoch 404/1000: 100% 16/16 [00:02<00:00,  5.59it/s, loss=1.0148]
Epoch 405/1000: 100% 16/16 [00:02<00:00,  5.56it/s, loss=1.0123]
Epoch 406/1000: 100% 16/16 [00:02<00:00,  5.53it/s, loss=1.0121]
Epoch 407/1000: 100% 16/16 [00:02<00:00,  5.54it/s, loss=1.0113]
Epoch 408/1000: 100% 16/16 [00:02<00:00,  5.51it/s, loss=1.0119]
Epoch 409/1000: 100% 16/16 [00:02<00:00,  5.51it/s, loss=1.0104]
Epoch 410/1000: 100% 16/16 [00:02<00:00,  5.47it/s, loss=1.0093]
2025-11-05 15:43:00,727 [INFO] Epoch 410/1000 | Time: 8.13s | Loss: 1.0093 | Eval Return: -200.00
Epoch 411/1000: 100% 16/16 [00:02<00:00,  5.42it/s, loss=1.0087]
Epoch 412/1000: 100% 16/16 [00:02<00:00,  5.57it/s, loss=1.0095]
Epoch 413/1000: 100% 16/16 [00:02<00:00,  5.57it/s, loss=1.0091]
Epoch 414/1000: 100% 16/16 [00:02<00:00,  5.58it/s, loss=1.0072]
Epoch 415/1000: 100% 16/16 [00:02<00:00,  5.56it/s, loss=1.0064]
Epoch 416/1000: 100% 16/16 [00:02<00:00,  5.54it/s, loss=1.0065]
Epoch 417/1000: 100% 16/16 [00:02<00:00,  5.52it/s, loss=1.0068]
Epoch 418/1000: 100% 16/16 [00:02<00:00,  5.53it/s, loss=1.0056]
Epoch 419/1000: 100% 16/16 [00:02<00:00,  5.51it/s, loss=1.0042]
Epoch 420/1000: 100% 16/16 [00:02<00:00,  5.48it/s, loss=1.0041]
2025-11-05 15:43:35,326 [INFO] Epoch 420/1000 | Time: 8.56s | Loss: 1.0041 | Eval Return: -200.00
Epoch 421/1000: 100% 16/16 [00:02<00:00,  5.42it/s, loss=1.0040]
Epoch 422/1000: 100% 16/16 [00:02<00:00,  5.58it/s, loss=1.0024]
Epoch 423/1000: 100% 16/16 [00:02<00:00,  5.55it/s, loss=1.0022]
Epoch 424/1000: 100% 16/16 [00:02<00:00,  5.58it/s, loss=1.0008]
Epoch 425/1000: 100% 16/16 [00:02<00:00,  5.57it/s, loss=0.9997]
Epoch 426/1000: 100% 16/16 [00:02<00:00,  5.55it/s, loss=0.9996]
Epoch 427/1000: 100% 16/16 [00:02<00:00,  5.50it/s, loss=0.9997]
Epoch 428/1000: 100% 16/16 [00:02<00:00,  5.50it/s, loss=0.9975]
Epoch 429/1000: 100% 16/16 [00:02<00:00,  5.50it/s, loss=0.9977]
Epoch 430/1000: 100% 16/16 [00:02<00:00,  5.50it/s, loss=0.9972]
2025-11-05 15:44:10,058 [INFO] Epoch 430/1000 | Time: 8.67s | Loss: 0.9972 | Eval Return: -200.00
Epoch 431/1000: 100% 16/16 [00:02<00:00,  5.45it/s, loss=0.9966]
Epoch 432/1000: 100% 16/16 [00:02<00:00,  5.57it/s, loss=0.9959]
Epoch 433/1000: 100% 16/16 [00:02<00:00,  5.56it/s, loss=0.9948]
Epoch 434/1000: 100% 16/16 [00:02<00:00,  5.54it/s, loss=0.9953]
Epoch 435/1000: 100% 16/16 [00:02<00:00,  5.55it/s, loss=0.9936]
Epoch 436/1000: 100% 16/16 [00:02<00:00,  5.54it/s, loss=0.9930]
Epoch 437/1000: 100% 16/16 [00:02<00:00,  5.54it/s, loss=0.9929]
Epoch 438/1000: 100% 16/16 [00:02<00:00,  5.50it/s, loss=0.9916]
Epoch 439/1000: 100% 16/16 [00:02<00:00,  5.51it/s, loss=0.9920]
Epoch 440/1000: 100% 16/16 [00:02<00:00,  5.51it/s, loss=0.9914]
2025-11-05 15:44:44,739 [INFO] Epoch 440/1000 | Time: 8.63s | Loss: 0.9914 | Eval Return: -200.00
Epoch 441/1000: 100% 16/16 [00:02<00:00,  5.47it/s, loss=0.9896]
Epoch 442/1000: 100% 16/16 [00:02<00:00,  5.59it/s, loss=0.9917]
Epoch 443/1000: 100% 16/16 [00:02<00:00,  5.58it/s, loss=0.9887]
Epoch 444/1000: 100% 16/16 [00:02<00:00,  5.54it/s, loss=0.9882]
Epoch 445/1000: 100% 16/16 [00:02<00:00,  5.55it/s, loss=0.9891]
Epoch 446/1000: 100% 16/16 [00:02<00:00,  5.54it/s, loss=0.9874]
Epoch 447/1000: 100% 16/16 [00:02<00:00,  5.53it/s, loss=0.9865]
Epoch 448/1000: 100% 16/16 [00:02<00:00,  5.49it/s, loss=0.9863]
Epoch 449/1000: 100% 16/16 [00:02<00:00,  5.48it/s, loss=0.9854]
Epoch 450/1000: 100% 16/16 [00:02<00:00,  5.49it/s, loss=0.9854]
2025-11-05 15:45:19,061 [INFO] Epoch 450/1000 | Time: 8.28s | Loss: 0.9854 | Eval Return: -200.00
Epoch 451/1000: 100% 16/16 [00:02<00:00,  5.40it/s, loss=0.9836]
Epoch 452/1000: 100% 16/16 [00:02<00:00,  5.55it/s, loss=0.9815]
Epoch 453/1000: 100% 16/16 [00:02<00:00,  5.56it/s, loss=0.9826]
Epoch 454/1000: 100% 16/16 [00:02<00:00,  5.55it/s, loss=0.9823]
Epoch 455/1000: 100% 16/16 [00:02<00:00,  5.53it/s, loss=0.9824]
Epoch 456/1000: 100% 16/16 [00:02<00:00,  5.54it/s, loss=0.9807]
Epoch 457/1000: 100% 16/16 [00:02<00:00,  5.52it/s, loss=0.9802]
Epoch 458/1000: 100% 16/16 [00:02<00:00,  5.51it/s, loss=0.9787]
Epoch 459/1000: 100% 16/16 [00:02<00:00,  5.47it/s, loss=0.9782]
Epoch 460/1000: 100% 16/16 [00:02<00:00,  5.50it/s, loss=0.9797]
2025-11-05 15:45:53,348 [INFO] Epoch 460/1000 | Time: 8.15s | Loss: 0.9797 | Eval Return: -200.00
Epoch 461/1000: 100% 16/16 [00:02<00:00,  5.43it/s, loss=0.9771]
Epoch 462/1000: 100% 16/16 [00:02<00:00,  5.53it/s, loss=0.9758]
Epoch 463/1000: 100% 16/16 [00:02<00:00,  5.55it/s, loss=0.9768]
Epoch 464/1000: 100% 16/16 [00:02<00:00,  5.56it/s, loss=0.9763]
Epoch 465/1000: 100% 16/16 [00:02<00:00,  5.53it/s, loss=0.9758]
Epoch 466/1000: 100% 16/16 [00:02<00:00,  5.51it/s, loss=0.9738]
Epoch 467/1000: 100% 16/16 [00:02<00:00,  5.52it/s, loss=0.9737]
Epoch 468/1000: 100% 16/16 [00:02<00:00,  5.50it/s, loss=0.9730]
Epoch 469/1000: 100% 16/16 [00:02<00:00,  5.49it/s, loss=0.9733]
Epoch 470/1000: 100% 16/16 [00:02<00:00,  5.45it/s, loss=0.9719]
2025-11-05 15:46:27,662 [INFO] Epoch 470/1000 | Time: 8.20s | Loss: 0.9719 | Eval Return: -200.00
Epoch 471/1000: 100% 16/16 [00:02<00:00,  5.45it/s, loss=0.9731]
Epoch 472/1000: 100% 16/16 [00:02<00:00,  5.55it/s, loss=0.9703]
Epoch 473/1000: 100% 16/16 [00:02<00:00,  5.57it/s, loss=0.9705]
Epoch 474/1000: 100% 16/16 [00:02<00:00,  5.57it/s, loss=0.9701]
Epoch 475/1000: 100% 16/16 [00:02<00:00,  5.55it/s, loss=0.9676]
Epoch 476/1000: 100% 16/16 [00:02<00:00,  5.53it/s, loss=0.9685]
Epoch 477/1000: 100% 16/16 [00:02<00:00,  5.51it/s, loss=0.9693]
Epoch 478/1000: 100% 16/16 [00:02<00:00,  5.51it/s, loss=0.9669]
Epoch 479/1000: 100% 16/16 [00:02<00:00,  5.50it/s, loss=0.9667]
Epoch 480/1000: 100% 16/16 [00:02<00:00,  5.48it/s, loss=0.9644]
2025-11-05 15:47:02,198 [INFO] Epoch 480/1000 | Time: 8.47s | Loss: 0.9644 | Eval Return: -200.00
Epoch 481/1000: 100% 16/16 [00:02<00:00,  5.40it/s, loss=0.9666]
Epoch 482/1000: 100% 16/16 [00:02<00:00,  5.56it/s, loss=0.9662]
Epoch 483/1000: 100% 16/16 [00:02<00:00,  5.55it/s, loss=0.9650]
Epoch 484/1000: 100% 16/16 [00:02<00:00,  5.55it/s, loss=0.9641]
Epoch 485/1000: 100% 16/16 [00:02<00:00,  5.55it/s, loss=0.9625]
Epoch 486/1000: 100% 16/16 [00:02<00:00,  5.54it/s, loss=0.9633]
Epoch 487/1000: 100% 16/16 [00:02<00:00,  5.50it/s, loss=0.9606]
Epoch 488/1000: 100% 16/16 [00:02<00:00,  5.51it/s, loss=0.9610]
Epoch 489/1000: 100% 16/16 [00:02<00:00,  5.51it/s, loss=0.9596]
Epoch 490/1000: 100% 16/16 [00:02<00:00,  5.51it/s, loss=0.9596]
2025-11-05 15:47:37,030 [INFO] Epoch 490/1000 | Time: 8.74s | Loss: 0.9596 | Eval Return: -200.00
Epoch 491/1000: 100% 16/16 [00:02<00:00,  5.45it/s, loss=0.9593]
Epoch 492/1000: 100% 16/16 [00:02<00:00,  5.58it/s, loss=0.9585]
Epoch 493/1000: 100% 16/16 [00:02<00:00,  5.56it/s, loss=0.9575]
Epoch 494/1000: 100% 16/16 [00:02<00:00,  5.57it/s, loss=0.9573]
Epoch 495/1000: 100% 16/16 [00:02<00:00,  5.55it/s, loss=0.9567]
Epoch 496/1000: 100% 16/16 [00:02<00:00,  5.53it/s, loss=0.9566]
Epoch 497/1000: 100% 16/16 [00:02<00:00,  5.51it/s, loss=0.9560]
Epoch 498/1000: 100% 16/16 [00:02<00:00,  5.50it/s, loss=0.9557]
Epoch 499/1000: 100% 16/16 [00:02<00:00,  5.51it/s, loss=0.9547]
Epoch 500/1000: 100% 16/16 [00:02<00:00,  5.48it/s, loss=0.9535]
2025-11-05 15:48:11,842 [INFO] Epoch 500/1000 | Time: 8.76s | Loss: 0.9535 | Eval Return: -200.00
Epoch 501/1000: 100% 16/16 [00:02<00:00,  5.47it/s, loss=0.9529]
Epoch 502/1000: 100% 16/16 [00:02<00:00,  5.56it/s, loss=0.9520]
Epoch 503/1000: 100% 16/16 [00:02<00:00,  5.57it/s, loss=0.9521]
Epoch 504/1000: 100% 16/16 [00:02<00:00,  5.53it/s, loss=0.9529]
Epoch 505/1000: 100% 16/16 [00:02<00:00,  5.56it/s, loss=0.9501]
Epoch 506/1000: 100% 16/16 [00:02<00:00,  5.54it/s, loss=0.9497]
Epoch 507/1000: 100% 16/16 [00:02<00:00,  5.52it/s, loss=0.9497]
Epoch 508/1000: 100% 16/16 [00:02<00:00,  5.47it/s, loss=0.9490]
Epoch 509/1000: 100% 16/16 [00:02<00:00,  5.50it/s, loss=0.9491]
Epoch 510/1000: 100% 16/16 [00:02<00:00,  5.50it/s, loss=0.9471]
2025-11-05 15:48:46,386 [INFO] Epoch 510/1000 | Time: 8.46s | Loss: 0.9471 | Eval Return: -200.00
Epoch 511/1000: 100% 16/16 [00:02<00:00,  5.42it/s, loss=0.9464]
Epoch 512/1000: 100% 16/16 [00:02<00:00,  5.58it/s, loss=0.9469]
Epoch 513/1000: 100% 16/16 [00:02<00:00,  5.58it/s, loss=0.9461]
Epoch 514/1000: 100% 16/16 [00:02<00:00,  5.56it/s, loss=0.9447]
Epoch 515/1000: 100% 16/16 [00:02<00:00,  5.53it/s, loss=0.9450]
Epoch 516/1000: 100% 16/16 [00:02<00:00,  5.55it/s, loss=0.9446]
Epoch 517/1000: 100% 16/16 [00:02<00:00,  5.54it/s, loss=0.9426]
Epoch 518/1000: 100% 16/16 [00:02<00:00,  5.51it/s, loss=0.9428]
Epoch 519/1000: 100% 16/16 [00:02<00:00,  5.49it/s, loss=0.9410]
Epoch 520/1000: 100% 16/16 [00:02<00:00,  5.49it/s, loss=0.9423]
2025-11-05 15:49:20,362 [INFO] Epoch 520/1000 | Time: 7.91s | Loss: 0.9423 | Eval Return: -200.00
Epoch 521/1000: 100% 16/16 [00:02<00:00,  5.44it/s, loss=0.9414]
Epoch 522/1000: 100% 16/16 [00:02<00:00,  5.57it/s, loss=0.9398]
Epoch 523/1000: 100% 16/16 [00:02<00:00,  5.57it/s, loss=0.9389]
Epoch 524/1000: 100% 16/16 [00:02<00:00,  5.56it/s, loss=0.9377]
Epoch 525/1000: 100% 16/16 [00:02<00:00,  5.53it/s, loss=0.9377]
Epoch 526/1000: 100% 16/16 [00:02<00:00,  5.52it/s, loss=0.9387]
Epoch 527/1000: 100% 16/16 [00:02<00:00,  5.51it/s, loss=0.9379]
Epoch 528/1000: 100% 16/16 [00:02<00:00,  5.51it/s, loss=0.9369]
Epoch 529/1000: 100% 16/16 [00:02<00:00,  5.48it/s, loss=0.9347]
Epoch 530/1000: 100% 16/16 [00:02<00:00,  5.47it/s, loss=0.9357]
2025-11-05 15:49:54,509 [INFO] Epoch 530/1000 | Time: 8.06s | Loss: 0.9357 | Eval Return: -200.00
Epoch 531/1000: 100% 16/16 [00:02<00:00,  5.42it/s, loss=0.9347]
Epoch 532/1000: 100% 16/16 [00:02<00:00,  5.54it/s, loss=0.9356]
Epoch 533/1000: 100% 16/16 [00:02<00:00,  5.57it/s, loss=0.9335]
Epoch 534/1000: 100% 16/16 [00:02<00:00,  5.56it/s, loss=0.9334]
Epoch 535/1000: 100% 16/16 [00:02<00:00,  5.55it/s, loss=0.9314]
Epoch 536/1000: 100% 16/16 [00:02<00:00,  5.51it/s, loss=0.9318]
Epoch 537/1000: 100% 16/16 [00:02<00:00,  5.53it/s, loss=0.9306]
Epoch 538/1000: 100% 16/16 [00:02<00:00,  5.52it/s, loss=0.9312]
Epoch 539/1000: 100% 16/16 [00:02<00:00,  5.53it/s, loss=0.9293]
Epoch 540/1000: 100% 16/16 [00:02<00:00,  5.48it/s, loss=0.9310]
2025-11-05 15:50:28,855 [INFO] Epoch 540/1000 | Time: 8.28s | Loss: 0.9310 | Eval Return: -200.00
Epoch 541/1000: 100% 16/16 [00:02<00:00,  5.42it/s, loss=0.9292]
Epoch 542/1000: 100% 16/16 [00:02<00:00,  5.57it/s, loss=0.9275]
Epoch 543/1000: 100% 16/16 [00:02<00:00,  5.54it/s, loss=0.9282]
Epoch 544/1000: 100% 16/16 [00:02<00:00,  5.57it/s, loss=0.9257]
Epoch 545/1000: 100% 16/16 [00:02<00:00,  5.54it/s, loss=0.9266]
Epoch 546/1000: 100% 16/16 [00:02<00:00,  5.55it/s, loss=0.9256]
Epoch 547/1000: 100% 16/16 [00:02<00:00,  5.52it/s, loss=0.9256]
Epoch 548/1000: 100% 16/16 [00:02<00:00,  5.51it/s, loss=0.9247]
Epoch 549/1000: 100% 16/16 [00:02<00:00,  5.51it/s, loss=0.9240]
Epoch 550/1000: 100% 16/16 [00:02<00:00,  5.50it/s, loss=0.9226]
2025-11-05 15:51:03,670 [INFO] Epoch 550/1000 | Time: 8.75s | Loss: 0.9226 | Eval Return: -200.00
Epoch 551/1000: 100% 16/16 [00:02<00:00,  5.43it/s, loss=0.9241]
Epoch 552/1000: 100% 16/16 [00:02<00:00,  5.58it/s, loss=0.9228]
Epoch 553/1000: 100% 16/16 [00:02<00:00,  5.56it/s, loss=0.9225]
Epoch 554/1000: 100% 16/16 [00:02<00:00,  5.54it/s, loss=0.9182]
Epoch 555/1000: 100% 16/16 [00:02<00:00,  5.57it/s, loss=0.9206]
Epoch 556/1000: 100% 16/16 [00:02<00:00,  5.55it/s, loss=0.9194]
Epoch 557/1000: 100% 16/16 [00:02<00:00,  5.52it/s, loss=0.9190]
Epoch 558/1000: 100% 16/16 [00:02<00:00,  5.49it/s, loss=0.9179]
Epoch 559/1000: 100% 16/16 [00:02<00:00,  5.50it/s, loss=0.9182]
Epoch 560/1000: 100% 16/16 [00:02<00:00,  5.51it/s, loss=0.9173]
2025-11-05 15:51:38,331 [INFO] Epoch 560/1000 | Time: 8.60s | Loss: 0.9173 | Eval Return: -200.00
Epoch 561/1000: 100% 16/16 [00:02<00:00,  5.47it/s, loss=0.9176]
Epoch 562/1000: 100% 16/16 [00:02<00:00,  5.57it/s, loss=0.9162]
Epoch 563/1000: 100% 16/16 [00:02<00:00,  5.57it/s, loss=0.9155]
Epoch 564/1000: 100% 16/16 [00:02<00:00,  5.54it/s, loss=0.9147]
Epoch 565/1000: 100% 16/16 [00:02<00:00,  5.54it/s, loss=0.9135]
Epoch 566/1000: 100% 16/16 [00:02<00:00,  5.52it/s, loss=0.9126]
Epoch 567/1000: 100% 16/16 [00:02<00:00,  5.52it/s, loss=0.9146]
Epoch 568/1000: 100% 16/16 [00:02<00:00,  5.49it/s, loss=0.9128]
Epoch 569/1000: 100% 16/16 [00:02<00:00,  5.48it/s, loss=0.9123]
Epoch 570/1000: 100% 16/16 [00:02<00:00,  5.52it/s, loss=0.9106]
2025-11-05 15:52:12,342 [INFO] Epoch 570/1000 | Time: 7.94s | Loss: 0.9106 | Eval Return: -200.00
Epoch 571/1000: 100% 16/16 [00:02<00:00,  5.43it/s, loss=0.9116]
Epoch 572/1000: 100% 16/16 [00:02<00:00,  5.58it/s, loss=0.9093]
Epoch 573/1000: 100% 16/16 [00:02<00:00,  5.57it/s, loss=0.9097]
Epoch 574/1000: 100% 16/16 [00:02<00:00,  5.58it/s, loss=0.9083]
Epoch 575/1000: 100% 16/16 [00:02<00:00,  5.54it/s, loss=0.9097]
Epoch 576/1000: 100% 16/16 [00:02<00:00,  5.55it/s, loss=0.9092]
Epoch 577/1000: 100% 16/16 [00:02<00:00,  5.55it/s, loss=0.9074]
Epoch 578/1000: 100% 16/16 [00:02<00:00,  5.54it/s, loss=0.9060]
Epoch 579/1000: 100% 16/16 [00:02<00:00,  5.52it/s, loss=0.9051]
Epoch 580/1000: 100% 16/16 [00:02<00:00,  5.53it/s, loss=0.9051]
2025-11-05 15:52:46,212 [INFO] Epoch 580/1000 | Time: 7.88s | Loss: 0.9051 | Eval Return: -200.00
Epoch 581/1000: 100% 16/16 [00:02<00:00,  5.47it/s, loss=0.9035]
Epoch 582/1000: 100% 16/16 [00:02<00:00,  5.55it/s, loss=0.9056]
Epoch 583/1000: 100% 16/16 [00:02<00:00,  5.58it/s, loss=0.9042]
Epoch 584/1000: 100% 16/16 [00:02<00:00,  5.58it/s, loss=0.9032]
Epoch 585/1000: 100% 16/16 [00:02<00:00,  5.54it/s, loss=0.9028]
Epoch 586/1000: 100% 16/16 [00:02<00:00,  5.51it/s, loss=0.9008]
Epoch 587/1000: 100% 16/16 [00:02<00:00,  5.52it/s, loss=0.9015]
Epoch 588/1000: 100% 16/16 [00:02<00:00,  5.49it/s, loss=0.9012]
Epoch 589/1000: 100% 16/16 [00:02<00:00,  5.48it/s, loss=0.8999]
Epoch 590/1000: 100% 16/16 [00:02<00:00,  5.45it/s, loss=0.8991]
2025-11-05 15:53:20,509 [INFO] Epoch 590/1000 | Time: 8.23s | Loss: 0.8991 | Eval Return: -200.00
Epoch 591/1000: 100% 16/16 [00:02<00:00,  5.43it/s, loss=0.8991]
Epoch 592/1000: 100% 16/16 [00:02<00:00,  5.52it/s, loss=0.8986]
Epoch 593/1000: 100% 16/16 [00:02<00:00,  5.53it/s, loss=0.8987]
Epoch 594/1000: 100% 16/16 [00:02<00:00,  5.55it/s, loss=0.8975]
Epoch 595/1000: 100% 16/16 [00:02<00:00,  5.53it/s, loss=0.8972]
Epoch 596/1000: 100% 16/16 [00:02<00:00,  5.52it/s, loss=0.8975]
Epoch 597/1000: 100% 16/16 [00:02<00:00,  5.49it/s, loss=0.8953]
Epoch 598/1000: 100% 16/16 [00:02<00:00,  5.50it/s, loss=0.8947]
Epoch 599/1000: 100% 16/16 [00:02<00:00,  5.51it/s, loss=0.8942]
Epoch 600/1000: 100% 16/16 [00:02<00:00,  5.51it/s, loss=0.8953]
2025-11-05 15:53:54,874 [INFO] Epoch 600/1000 | Time: 8.22s | Loss: 0.8953 | Eval Return: -200.00
Epoch 601/1000: 100% 16/16 [00:02<00:00,  5.47it/s, loss=0.8941]
Epoch 602/1000: 100% 16/16 [00:02<00:00,  5.58it/s, loss=0.8915]
Epoch 603/1000: 100% 16/16 [00:02<00:00,  5.54it/s, loss=0.8918]
Epoch 604/1000: 100% 16/16 [00:02<00:00,  5.56it/s, loss=0.8933]
Epoch 605/1000: 100% 16/16 [00:02<00:00,  5.55it/s, loss=0.8906]
Epoch 606/1000: 100% 16/16 [00:02<00:00,  5.55it/s, loss=0.8892]
Epoch 607/1000: 100% 16/16 [00:02<00:00,  5.50it/s, loss=0.8895]
Epoch 608/1000: 100% 16/16 [00:02<00:00,  5.52it/s, loss=0.8887]
Epoch 609/1000: 100% 16/16 [00:02<00:00,  5.52it/s, loss=0.8887]
Epoch 610/1000: 100% 16/16 [00:02<00:00,  5.51it/s, loss=0.8870]
2025-11-05 15:54:29,384 [INFO] Epoch 610/1000 | Time: 8.47s | Loss: 0.8870 | Eval Return: -200.00
Epoch 611/1000: 100% 16/16 [00:02<00:00,  5.46it/s, loss=0.8869]
Epoch 612/1000: 100% 16/16 [00:02<00:00,  5.58it/s, loss=0.8871]
Epoch 613/1000: 100% 16/16 [00:02<00:00,  5.55it/s, loss=0.8870]
Epoch 614/1000: 100% 16/16 [00:02<00:00,  5.53it/s, loss=0.8851]
Epoch 615/1000: 100% 16/16 [00:02<00:00,  5.56it/s, loss=0.8853]
Epoch 616/1000: 100% 16/16 [00:02<00:00,  5.53it/s, loss=0.8844]
Epoch 617/1000: 100% 16/16 [00:02<00:00,  5.53it/s, loss=0.8831]
Epoch 618/1000: 100% 16/16 [00:02<00:00,  5.50it/s, loss=0.8845]
Epoch 619/1000: 100% 16/16 [00:02<00:00,  5.52it/s, loss=0.8834]
Epoch 620/1000: 100% 16/16 [00:02<00:00,  5.51it/s, loss=0.8832]
2025-11-05 15:55:03,955 [INFO] Epoch 620/1000 | Time: 8.51s | Loss: 0.8832 | Eval Return: -200.00
Epoch 621/1000: 100% 16/16 [00:02<00:00,  5.46it/s, loss=0.8814]
Epoch 622/1000: 100% 16/16 [00:02<00:00,  5.58it/s, loss=0.8812]
Epoch 623/1000: 100% 16/16 [00:02<00:00,  5.56it/s, loss=0.8808]
Epoch 624/1000: 100% 16/16 [00:02<00:00,  5.53it/s, loss=0.8819]
Epoch 625/1000: 100% 16/16 [00:02<00:00,  5.54it/s, loss=0.8794]
Epoch 626/1000: 100% 16/16 [00:02<00:00,  5.52it/s, loss=0.8801]
Epoch 627/1000: 100% 16/16 [00:02<00:00,  5.52it/s, loss=0.8787]
Epoch 628/1000: 100% 16/16 [00:02<00:00,  5.48it/s, loss=0.8772]
Epoch 629/1000: 100% 16/16 [00:02<00:00,  5.48it/s, loss=0.8783]
Epoch 630/1000: 100% 16/16 [00:02<00:00,  5.50it/s, loss=0.8771]
2025-11-05 15:55:38,127 [INFO] Epoch 630/1000 | Time: 8.08s | Loss: 0.8771 | Eval Return: -200.00
Epoch 631/1000: 100% 16/16 [00:02<00:00,  5.42it/s, loss=0.8774]
Epoch 632/1000: 100% 16/16 [00:02<00:00,  5.59it/s, loss=0.8760]
Epoch 633/1000: 100% 16/16 [00:02<00:00,  5.57it/s, loss=0.8743]
Epoch 634/1000: 100% 16/16 [00:02<00:00,  5.58it/s, loss=0.8740]
Epoch 635/1000: 100% 16/16 [00:02<00:00,  5.53it/s, loss=0.8749]
Epoch 636/1000: 100% 16/16 [00:02<00:00,  5.54it/s, loss=0.8734]
Epoch 637/1000: 100% 16/16 [00:02<00:00,  5.53it/s, loss=0.8724]
Epoch 638/1000: 100% 16/16 [00:02<00:00,  5.54it/s, loss=0.8725]
Epoch 639/1000: 100% 16/16 [00:02<00:00,  5.49it/s, loss=0.8708]
Epoch 640/1000: 100% 16/16 [00:02<00:00,  5.51it/s, loss=0.8722]
2025-11-05 15:56:12,096 [INFO] Epoch 640/1000 | Time: 7.92s | Loss: 0.8722 | Eval Return: -200.00
Epoch 641/1000: 100% 16/16 [00:02<00:00,  5.44it/s, loss=0.8701]
Epoch 642/1000: 100% 16/16 [00:02<00:00,  5.56it/s, loss=0.8698]
Epoch 643/1000: 100% 16/16 [00:02<00:00,  5.57it/s, loss=0.8710]
Epoch 644/1000: 100% 16/16 [00:02<00:00,  5.57it/s, loss=0.8690]
Epoch 645/1000: 100% 16/16 [00:02<00:00,  5.57it/s, loss=0.8688]
Epoch 646/1000: 100% 16/16 [00:02<00:00,  5.53it/s, loss=0.8681]
Epoch 647/1000: 100% 16/16 [00:02<00:00,  5.54it/s, loss=0.8671]
Epoch 648/1000: 100% 16/16 [00:02<00:00,  5.54it/s, loss=0.8681]
Epoch 649/1000: 100% 16/16 [00:02<00:00,  5.52it/s, loss=0.8674]
Epoch 650/1000: 100% 16/16 [00:02<00:00,  5.51it/s, loss=0.8643]
2025-11-05 15:56:46,049 [INFO] Epoch 650/1000 | Time: 7.94s | Loss: 0.8643 | Eval Return: -200.00
Epoch 651/1000: 100% 16/16 [00:02<00:00,  5.42it/s, loss=0.8643]
Epoch 652/1000: 100% 16/16 [00:02<00:00,  5.55it/s, loss=0.8649]
Epoch 653/1000: 100% 16/16 [00:02<00:00,  5.54it/s, loss=0.8641]
Epoch 654/1000: 100% 16/16 [00:02<00:00,  5.55it/s, loss=0.8641]
Epoch 655/1000: 100% 16/16 [00:02<00:00,  5.54it/s, loss=0.8618]
Epoch 656/1000: 100% 16/16 [00:02<00:00,  5.51it/s, loss=0.8629]
Epoch 657/1000: 100% 16/16 [00:02<00:00,  5.51it/s, loss=0.8620]
Epoch 658/1000: 100% 16/16 [00:02<00:00,  5.50it/s, loss=0.8626]
Epoch 659/1000: 100% 16/16 [00:02<00:00,  5.48it/s, loss=0.8608]
Epoch 660/1000: 100% 16/16 [00:02<00:00,  5.51it/s, loss=0.8603]
2025-11-05 15:57:20,781 [INFO] Epoch 660/1000 | Time: 8.58s | Loss: 0.8603 | Eval Return: -200.00
Epoch 661/1000: 100% 16/16 [00:02<00:00,  5.45it/s, loss=0.8600]
Epoch 662/1000: 100% 16/16 [00:02<00:00,  5.58it/s, loss=0.8593]
Epoch 663/1000: 100% 16/16 [00:02<00:00,  5.54it/s, loss=0.8605]
Epoch 664/1000: 100% 16/16 [00:02<00:00,  5.54it/s, loss=0.8598]
Epoch 665/1000: 100% 16/16 [00:02<00:00,  5.54it/s, loss=0.8582]
Epoch 666/1000: 100% 16/16 [00:02<00:00,  5.52it/s, loss=0.8566]
Epoch 667/1000: 100% 16/16 [00:02<00:00,  5.51it/s, loss=0.8576]
Epoch 668/1000: 100% 16/16 [00:02<00:00,  5.51it/s, loss=0.8559]
Epoch 669/1000: 100% 16/16 [00:02<00:00,  5.50it/s, loss=0.8546]
Epoch 670/1000: 100% 16/16 [00:02<00:00,  5.52it/s, loss=0.8548]
2025-11-05 15:57:55,346 [INFO] Epoch 670/1000 | Time: 8.48s | Loss: 0.8548 | Eval Return: -200.00
Epoch 671/1000: 100% 16/16 [00:02<00:00,  5.48it/s, loss=0.8545]
Epoch 672/1000: 100% 16/16 [00:02<00:00,  5.58it/s, loss=0.8539]
Epoch 673/1000: 100% 16/16 [00:02<00:00,  5.57it/s, loss=0.8539]
Epoch 674/1000: 100% 16/16 [00:02<00:00,  5.54it/s, loss=0.8515]
Epoch 675/1000: 100% 16/16 [00:02<00:00,  5.57it/s, loss=0.8538]
Epoch 676/1000: 100% 16/16 [00:02<00:00,  5.54it/s, loss=0.8519]
Epoch 677/1000: 100% 16/16 [00:02<00:00,  5.53it/s, loss=0.8519]
Epoch 678/1000: 100% 16/16 [00:02<00:00,  5.50it/s, loss=0.8525]
Epoch 679/1000: 100% 16/16 [00:02<00:00,  5.50it/s, loss=0.8501]
Epoch 680/1000: 100% 16/16 [00:02<00:00,  5.49it/s, loss=0.8497]
2025-11-05 15:58:29,903 [INFO] Epoch 680/1000 | Time: 8.54s | Loss: 0.8497 | Eval Return: -200.00
Epoch 681/1000: 100% 16/16 [00:02<00:00,  5.44it/s, loss=0.8486]
Epoch 682/1000: 100% 16/16 [00:02<00:00,  5.56it/s, loss=0.8485]
Epoch 683/1000: 100% 16/16 [00:02<00:00,  5.58it/s, loss=0.8488]
Epoch 684/1000: 100% 16/16 [00:02<00:00,  5.54it/s, loss=0.8492]
Epoch 685/1000: 100% 16/16 [00:02<00:00,  5.54it/s, loss=0.8476]
Epoch 686/1000: 100% 16/16 [00:02<00:00,  5.53it/s, loss=0.8470]
Epoch 687/1000: 100% 16/16 [00:02<00:00,  5.52it/s, loss=0.8464]
Epoch 688/1000: 100% 16/16 [00:02<00:00,  5.48it/s, loss=0.8456]
Epoch 689/1000: 100% 16/16 [00:02<00:00,  5.47it/s, loss=0.8473]
Epoch 690/1000: 100% 16/16 [00:02<00:00,  5.51it/s, loss=0.8460]
2025-11-05 15:59:03,902 [INFO] Epoch 690/1000 | Time: 7.89s | Loss: 0.8460 | Eval Return: -200.00
Epoch 691/1000: 100% 16/16 [00:02<00:00,  5.45it/s, loss=0.8440]
Epoch 692/1000: 100% 16/16 [00:02<00:00,  5.56it/s, loss=0.8426]
Epoch 693/1000: 100% 16/16 [00:02<00:00,  5.58it/s, loss=0.8439]
Epoch 694/1000: 100% 16/16 [00:02<00:00,  5.57it/s, loss=0.8433]
Epoch 695/1000: 100% 16/16 [00:02<00:00,  5.54it/s, loss=0.8419]
Epoch 696/1000: 100% 16/16 [00:02<00:00,  5.54it/s, loss=0.8417]
Epoch 697/1000: 100% 16/16 [00:02<00:00,  5.52it/s, loss=0.8406]
Epoch 698/1000: 100% 16/16 [00:02<00:00,  5.51it/s, loss=0.8393]
Epoch 699/1000: 100% 16/16 [00:02<00:00,  5.50it/s, loss=0.8406]
Epoch 700/1000: 100% 16/16 [00:02<00:00,  5.51it/s, loss=0.8403]
2025-11-05 15:59:37,877 [INFO] Epoch 700/1000 | Time: 7.93s | Loss: 0.8403 | Eval Return: -200.00
Epoch 701/1000: 100% 16/16 [00:02<00:00,  5.45it/s, loss=0.8380]
Epoch 702/1000: 100% 16/16 [00:02<00:00,  5.55it/s, loss=0.8395]
Epoch 703/1000: 100% 16/16 [00:02<00:00,  5.57it/s, loss=0.8376]
Epoch 704/1000: 100% 16/16 [00:02<00:00,  5.57it/s, loss=0.8374]
Epoch 705/1000: 100% 16/16 [00:02<00:00,  5.54it/s, loss=0.8372]
Epoch 706/1000: 100% 16/16 [00:02<00:00,  5.52it/s, loss=0.8352]
Epoch 707/1000: 100% 16/16 [00:02<00:00,  5.52it/s, loss=0.8373]
Epoch 708/1000: 100% 16/16 [00:02<00:00,  5.51it/s, loss=0.8356]
Epoch 709/1000: 100% 16/16 [00:02<00:00,  5.51it/s, loss=0.8340]
Epoch 710/1000: 100% 16/16 [00:02<00:00,  5.49it/s, loss=0.8338]
2025-11-05 16:00:11,893 [INFO] Epoch 710/1000 | Time: 7.95s | Loss: 0.8338 | Eval Return: -200.00
Epoch 711/1000: 100% 16/16 [00:02<00:00,  5.47it/s, loss=0.8322]
Epoch 712/1000: 100% 16/16 [00:02<00:00,  5.58it/s, loss=0.8346]
Epoch 713/1000: 100% 16/16 [00:02<00:00,  5.57it/s, loss=0.8346]
Epoch 714/1000: 100% 16/16 [00:02<00:00,  5.57it/s, loss=0.8310]
Epoch 715/1000: 100% 16/16 [00:02<00:00,  5.55it/s, loss=0.8320]
Epoch 716/1000: 100% 16/16 [00:02<00:00,  5.55it/s, loss=0.8308]
Epoch 717/1000: 100% 16/16 [00:02<00:00,  5.51it/s, loss=0.8302]
Epoch 718/1000: 100% 16/16 [00:02<00:00,  5.53it/s, loss=0.8286]
Epoch 719/1000: 100% 16/16 [00:02<00:00,  5.52it/s, loss=0.8288]
Epoch 720/1000: 100% 16/16 [00:02<00:00,  5.52it/s, loss=0.8287]
2025-11-05 16:00:46,371 [INFO] Epoch 720/1000 | Time: 8.48s | Loss: 0.8287 | Eval Return: -200.00
Epoch 721/1000: 100% 16/16 [00:02<00:00,  5.46it/s, loss=0.8286]
Epoch 722/1000: 100% 16/16 [00:02<00:00,  5.60it/s, loss=0.8283]
Epoch 723/1000: 100% 16/16 [00:02<00:00,  5.58it/s, loss=0.8283]
Epoch 724/1000: 100% 16/16 [00:02<00:00,  5.57it/s, loss=0.8279]
Epoch 725/1000: 100% 16/16 [00:02<00:00,  5.55it/s, loss=0.8272]
Epoch 726/1000: 100% 16/16 [00:02<00:00,  5.56it/s, loss=0.8254]
Epoch 727/1000: 100% 16/16 [00:02<00:00,  5.53it/s, loss=0.8267]
Epoch 728/1000: 100% 16/16 [00:02<00:00,  5.50it/s, loss=0.8264]
Epoch 729/1000: 100% 16/16 [00:02<00:00,  5.50it/s, loss=0.8228]
Epoch 730/1000: 100% 16/16 [00:02<00:00,  5.52it/s, loss=0.8240]
2025-11-05 16:01:20,794 [INFO] Epoch 730/1000 | Time: 8.42s | Loss: 0.8240 | Eval Return: -200.00
Epoch 731/1000: 100% 16/16 [00:02<00:00,  5.49it/s, loss=0.8250]
Epoch 732/1000: 100% 16/16 [00:02<00:00,  5.59it/s, loss=0.8229]
Epoch 733/1000: 100% 16/16 [00:02<00:00,  5.58it/s, loss=0.8222]
Epoch 734/1000: 100% 16/16 [00:02<00:00,  5.55it/s, loss=0.8230]
Epoch 735/1000: 100% 16/16 [00:02<00:00,  5.55it/s, loss=0.8187]
Epoch 736/1000: 100% 16/16 [00:02<00:00,  5.55it/s, loss=0.8201]
Epoch 737/1000: 100% 16/16 [00:02<00:00,  5.54it/s, loss=0.8207]
Epoch 738/1000: 100% 16/16 [00:02<00:00,  5.51it/s, loss=0.8197]
Epoch 739/1000: 100% 16/16 [00:02<00:00,  5.52it/s, loss=0.8191]
Epoch 740/1000: 100% 16/16 [00:02<00:00,  5.54it/s, loss=0.8174]
2025-11-05 16:01:54,983 [INFO] Epoch 740/1000 | Time: 8.21s | Loss: 0.8174 | Eval Return: -200.00
Epoch 741/1000: 100% 16/16 [00:02<00:00,  5.47it/s, loss=0.8192]
Epoch 742/1000: 100% 16/16 [00:02<00:00,  5.57it/s, loss=0.8175]
Epoch 743/1000: 100% 16/16 [00:02<00:00,  5.58it/s, loss=0.8170]
Epoch 744/1000: 100% 16/16 [00:02<00:00,  5.56it/s, loss=0.8177]
Epoch 745/1000: 100% 16/16 [00:02<00:00,  5.52it/s, loss=0.8150]
Epoch 746/1000: 100% 16/16 [00:02<00:00,  5.53it/s, loss=0.8158]
Epoch 747/1000: 100% 16/16 [00:02<00:00,  5.53it/s, loss=0.8157]
Epoch 748/1000: 100% 16/16 [00:02<00:00,  5.51it/s, loss=0.8144]
Epoch 749/1000: 100% 16/16 [00:02<00:00,  5.47it/s, loss=0.8121]
Epoch 750/1000: 100% 16/16 [00:02<00:00,  5.52it/s, loss=0.8128]
2025-11-05 16:02:28,907 [INFO] Epoch 750/1000 | Time: 7.87s | Loss: 0.8128 | Eval Return: -200.00
Epoch 751/1000: 100% 16/16 [00:02<00:00,  5.44it/s, loss=0.8129]
Epoch 752/1000: 100% 16/16 [00:02<00:00,  5.55it/s, loss=0.8126]
Epoch 753/1000: 100% 16/16 [00:02<00:00,  5.57it/s, loss=0.8102]
Epoch 754/1000: 100% 16/16 [00:02<00:00,  5.57it/s, loss=0.8125]
Epoch 755/1000: 100% 16/16 [00:02<00:00,  5.53it/s, loss=0.8097]
Epoch 756/1000: 100% 16/16 [00:02<00:00,  5.52it/s, loss=0.8117]
Epoch 757/1000: 100% 16/16 [00:02<00:00,  5.55it/s, loss=0.8097]
Epoch 758/1000: 100% 16/16 [00:02<00:00,  5.53it/s, loss=0.8093]
Epoch 759/1000: 100% 16/16 [00:02<00:00,  5.53it/s, loss=0.8078]
Epoch 760/1000: 100% 16/16 [00:02<00:00,  5.50it/s, loss=0.8082]
2025-11-05 16:03:02,845 [INFO] Epoch 760/1000 | Time: 7.90s | Loss: 0.8082 | Eval Return: -200.00
Epoch 761/1000: 100% 16/16 [00:02<00:00,  5.43it/s, loss=0.8072]
Epoch 762/1000: 100% 16/16 [00:02<00:00,  5.57it/s, loss=0.8059]
Epoch 763/1000: 100% 16/16 [00:02<00:00,  5.56it/s, loss=0.8092]
Epoch 764/1000: 100% 16/16 [00:02<00:00,  5.56it/s, loss=0.8064]
Epoch 765/1000: 100% 16/16 [00:02<00:00,  5.55it/s, loss=0.8048]
Epoch 766/1000: 100% 16/16 [00:02<00:00,  5.52it/s, loss=0.8060]
Epoch 767/1000: 100% 16/16 [00:02<00:00,  5.51it/s, loss=0.8040]
Epoch 768/1000: 100% 16/16 [00:02<00:00,  5.54it/s, loss=0.8050]
Epoch 769/1000: 100% 16/16 [00:02<00:00,  5.53it/s, loss=0.8056]
Epoch 770/1000: 100% 16/16 [00:02<00:00,  5.53it/s, loss=0.8047]
2025-11-05 16:03:37,420 [INFO] Epoch 770/1000 | Time: 8.53s | Loss: 0.8047 | Eval Return: -200.00
Epoch 771/1000: 100% 16/16 [00:02<00:00,  5.44it/s, loss=0.8034]
Epoch 772/1000: 100% 16/16 [00:02<00:00,  5.60it/s, loss=0.8026]
Epoch 773/1000: 100% 16/16 [00:02<00:00,  5.54it/s, loss=0.8016]
Epoch 774/1000: 100% 16/16 [00:02<00:00,  5.58it/s, loss=0.8001]
Epoch 775/1000: 100% 16/16 [00:02<00:00,  5.56it/s, loss=0.8025]
Epoch 776/1000: 100% 16/16 [00:02<00:00,  5.54it/s, loss=0.8013]
Epoch 777/1000: 100% 16/16 [00:02<00:00,  5.51it/s, loss=0.8013]
Epoch 778/1000: 100% 16/16 [00:02<00:00,  5.50it/s, loss=0.7984]
Epoch 779/1000: 100% 16/16 [00:02<00:00,  5.51it/s, loss=0.7999]
Epoch 780/1000: 100% 16/16 [00:02<00:00,  5.52it/s, loss=0.7994]
2025-11-05 16:04:11,915 [INFO] Epoch 780/1000 | Time: 8.45s | Loss: 0.7994 | Eval Return: -200.00
Epoch 781/1000: 100% 16/16 [00:02<00:00,  5.47it/s, loss=0.7994]
Epoch 782/1000: 100% 16/16 [00:02<00:00,  5.58it/s, loss=0.7973]
Epoch 783/1000: 100% 16/16 [00:02<00:00,  5.56it/s, loss=0.7972]
Epoch 784/1000: 100% 16/16 [00:02<00:00,  5.56it/s, loss=0.7970]
Epoch 785/1000: 100% 16/16 [00:02<00:00,  5.56it/s, loss=0.7959]
Epoch 786/1000: 100% 16/16 [00:02<00:00,  5.55it/s, loss=0.7953]
Epoch 787/1000: 100% 16/16 [00:02<00:00,  5.53it/s, loss=0.7927]
Epoch 788/1000: 100% 16/16 [00:02<00:00,  5.50it/s, loss=0.7950]
Epoch 789/1000: 100% 16/16 [00:02<00:00,  5.52it/s, loss=0.7949]
Epoch 790/1000: 100% 16/16 [00:02<00:00,  5.54it/s, loss=0.7947]
2025-11-05 16:04:46,441 [INFO] Epoch 790/1000 | Time: 8.51s | Loss: 0.7947 | Eval Return: -200.00
Epoch 791/1000: 100% 16/16 [00:02<00:00,  5.48it/s, loss=0.7933]
Epoch 792/1000: 100% 16/16 [00:02<00:00,  5.57it/s, loss=0.7940]
Epoch 793/1000: 100% 16/16 [00:02<00:00,  5.57it/s, loss=0.7928]
Epoch 794/1000: 100% 16/16 [00:02<00:00,  5.55it/s, loss=0.7914]
Epoch 795/1000: 100% 16/16 [00:02<00:00,  5.55it/s, loss=0.7922]
Epoch 796/1000: 100% 16/16 [00:02<00:00,  5.53it/s, loss=0.7907]
Epoch 797/1000: 100% 16/16 [00:02<00:00,  5.51it/s, loss=0.7906]
Epoch 798/1000: 100% 16/16 [00:02<00:00,  5.50it/s, loss=0.7922]
Epoch 799/1000: 100% 16/16 [00:02<00:00,  5.49it/s, loss=0.7909]
Epoch 800/1000: 100% 16/16 [00:02<00:00,  5.51it/s, loss=0.7899]
2025-11-05 16:05:20,372 [INFO] Epoch 800/1000 | Time: 7.87s | Loss: 0.7899 | Eval Return: -200.00
Epoch 801/1000: 100% 16/16 [00:02<00:00,  5.41it/s, loss=0.7899]
Epoch 802/1000: 100% 16/16 [00:02<00:00,  5.56it/s, loss=0.7889]
Epoch 803/1000: 100% 16/16 [00:02<00:00,  5.56it/s, loss=0.7884]
Epoch 804/1000: 100% 16/16 [00:02<00:00,  5.56it/s, loss=0.7893]
Epoch 805/1000: 100% 16/16 [00:02<00:00,  5.54it/s, loss=0.7865]
Epoch 806/1000: 100% 16/16 [00:02<00:00,  5.55it/s, loss=0.7866]
Epoch 807/1000: 100% 16/16 [00:02<00:00,  5.53it/s, loss=0.7828]
Epoch 808/1000: 100% 16/16 [00:02<00:00,  5.53it/s, loss=0.7883]
Epoch 809/1000: 100% 16/16 [00:02<00:00,  5.50it/s, loss=0.7876]
Epoch 810/1000: 100% 16/16 [00:02<00:00,  5.51it/s, loss=0.7833]
2025-11-05 16:05:54,391 [INFO] Epoch 810/1000 | Time: 7.94s | Loss: 0.7833 | Eval Return: -200.00
Epoch 811/1000: 100% 16/16 [00:02<00:00,  5.44it/s, loss=0.7833]
Epoch 812/1000: 100% 16/16 [00:02<00:00,  5.54it/s, loss=0.7832]
Epoch 813/1000: 100% 16/16 [00:02<00:00,  5.57it/s, loss=0.7831]
Epoch 814/1000: 100% 16/16 [00:02<00:00,  5.56it/s, loss=0.7830]
Epoch 815/1000: 100% 16/16 [00:02<00:00,  5.55it/s, loss=0.7837]
Epoch 816/1000: 100% 16/16 [00:02<00:00,  5.50it/s, loss=0.7814]
Epoch 817/1000: 100% 16/16 [00:02<00:00,  5.53it/s, loss=0.7802]
Epoch 818/1000: 100% 16/16 [00:02<00:00,  5.54it/s, loss=0.7820]
Epoch 819/1000: 100% 16/16 [00:02<00:00,  5.52it/s, loss=0.7819]
Epoch 820/1000: 100% 16/16 [00:02<00:00,  5.50it/s, loss=0.7787]
2025-11-05 16:06:28,405 [INFO] Epoch 820/1000 | Time: 7.96s | Loss: 0.7787 | Eval Return: -200.00
Epoch 821/1000: 100% 16/16 [00:02<00:00,  5.48it/s, loss=0.7803]
Epoch 822/1000: 100% 16/16 [00:02<00:00,  5.57it/s, loss=0.7796]
Epoch 823/1000: 100% 16/16 [00:02<00:00,  5.55it/s, loss=0.7798]
Epoch 824/1000: 100% 16/16 [00:02<00:00,  5.57it/s, loss=0.7772]
Epoch 825/1000: 100% 16/16 [00:02<00:00,  5.54it/s, loss=0.7760]
Epoch 826/1000: 100% 16/16 [00:02<00:00,  5.53it/s, loss=0.7773]
Epoch 827/1000: 100% 16/16 [00:02<00:00,  5.49it/s, loss=0.7783]
Epoch 828/1000: 100% 16/16 [00:02<00:00,  5.53it/s, loss=0.7767]
Epoch 829/1000: 100% 16/16 [00:02<00:00,  5.52it/s, loss=0.7772]
Epoch 830/1000: 100% 16/16 [00:02<00:00,  5.54it/s, loss=0.7775]
2025-11-05 16:07:03,061 [INFO] Epoch 830/1000 | Time: 8.62s | Loss: 0.7775 | Eval Return: -200.00
Epoch 831/1000: 100% 16/16 [00:02<00:00,  5.44it/s, loss=0.7768]
Epoch 832/1000: 100% 16/16 [00:02<00:00,  5.59it/s, loss=0.7755]
Epoch 833/1000: 100% 16/16 [00:02<00:00,  5.55it/s, loss=0.7756]
Epoch 834/1000: 100% 16/16 [00:02<00:00,  5.57it/s, loss=0.7742]
Epoch 835/1000: 100% 16/16 [00:02<00:00,  5.56it/s, loss=0.7713]
Epoch 836/1000: 100% 16/16 [00:02<00:00,  5.55it/s, loss=0.7726]
Epoch 837/1000: 100% 16/16 [00:02<00:00,  5.51it/s, loss=0.7729]
Epoch 838/1000: 100% 16/16 [00:02<00:00,  5.50it/s, loss=0.7713]
Epoch 839/1000: 100% 16/16 [00:02<00:00,  5.51it/s, loss=0.7720]
Epoch 840/1000: 100% 16/16 [00:02<00:00,  5.52it/s, loss=0.7716]
2025-11-05 16:07:37,850 [INFO] Epoch 840/1000 | Time: 8.75s | Loss: 0.7716 | Eval Return: -200.00
Epoch 841/1000: 100% 16/16 [00:02<00:00,  5.44it/s, loss=0.7695]
Epoch 842/1000: 100% 16/16 [00:02<00:00,  5.58it/s, loss=0.7710]
Epoch 843/1000: 100% 16/16 [00:02<00:00,  5.58it/s, loss=0.7716]
Epoch 844/1000: 100% 16/16 [00:02<00:00,  5.53it/s, loss=0.7693]
Epoch 845/1000: 100% 16/16 [00:02<00:00,  5.56it/s, loss=0.7690]
Epoch 846/1000: 100% 16/16 [00:02<00:00,  5.55it/s, loss=0.7707]
Epoch 847/1000: 100% 16/16 [00:02<00:00,  5.53it/s, loss=0.7678]
Epoch 848/1000: 100% 16/16 [00:02<00:00,  5.48it/s, loss=0.7671]
Epoch 849/1000: 100% 16/16 [00:02<00:00,  5.50it/s, loss=0.7668]
Epoch 850/1000: 100% 16/16 [00:02<00:00,  5.51it/s, loss=0.7687]
2025-11-05 16:08:12,669 [INFO] Epoch 850/1000 | Time: 8.76s | Loss: 0.7687 | Eval Return: -200.00
Epoch 851/1000: 100% 16/16 [00:02<00:00,  5.43it/s, loss=0.7655]
Epoch 852/1000: 100% 16/16 [00:02<00:00,  5.59it/s, loss=0.7660]
Epoch 853/1000: 100% 16/16 [00:02<00:00,  5.57it/s, loss=0.7650]
Epoch 854/1000: 100% 16/16 [00:02<00:00,  5.55it/s, loss=0.7660]
Epoch 855/1000: 100% 16/16 [00:02<00:00,  5.54it/s, loss=0.7633]
Epoch 856/1000: 100% 16/16 [00:02<00:00,  5.54it/s, loss=0.7649]
Epoch 857/1000: 100% 16/16 [00:02<00:00,  5.54it/s, loss=0.7631]
Epoch 858/1000: 100% 16/16 [00:02<00:00,  5.51it/s, loss=0.7641]
Epoch 859/1000: 100% 16/16 [00:02<00:00,  5.49it/s, loss=0.7633]
Epoch 860/1000: 100% 16/16 [00:02<00:00,  5.51it/s, loss=0.7608]
2025-11-05 16:08:46,869 [INFO] Epoch 860/1000 | Time: 8.13s | Loss: 0.7608 | Eval Return: -200.00
Epoch 861/1000: 100% 16/16 [00:02<00:00,  5.43it/s, loss=0.7589]
Epoch 862/1000: 100% 16/16 [00:02<00:00,  5.58it/s, loss=0.7603]
Epoch 863/1000: 100% 16/16 [00:02<00:00,  5.57it/s, loss=0.7619]
Epoch 864/1000: 100% 16/16 [00:02<00:00,  5.56it/s, loss=0.7616]
Epoch 865/1000: 100% 16/16 [00:02<00:00,  5.52it/s, loss=0.7573]
Epoch 866/1000: 100% 16/16 [00:02<00:00,  5.53it/s, loss=0.7598]
Epoch 867/1000: 100% 16/16 [00:02<00:00,  5.52it/s, loss=0.7572]
Epoch 868/1000: 100% 16/16 [00:02<00:00,  5.53it/s, loss=0.7575]
Epoch 869/1000: 100% 16/16 [00:02<00:00,  5.50it/s, loss=0.7595]
Epoch 870/1000: 100% 16/16 [00:02<00:00,  5.50it/s, loss=0.7578]
2025-11-05 16:09:20,905 [INFO] Epoch 870/1000 | Time: 7.97s | Loss: 0.7578 | Eval Return: -200.00
Epoch 871/1000: 100% 16/16 [00:02<00:00,  5.48it/s, loss=0.7597]
Epoch 872/1000: 100% 16/16 [00:02<00:00,  5.54it/s, loss=0.7575]
Epoch 873/1000: 100% 16/16 [00:02<00:00,  5.55it/s, loss=0.7575]
Epoch 874/1000: 100% 16/16 [00:02<00:00,  5.56it/s, loss=0.7568]
Epoch 875/1000: 100% 16/16 [00:02<00:00,  5.55it/s, loss=0.7559]
Epoch 876/1000: 100% 16/16 [00:02<00:00,  5.51it/s, loss=0.7568]
Epoch 877/1000: 100% 16/16 [00:02<00:00,  5.51it/s, loss=0.7575]
Epoch 878/1000: 100% 16/16 [00:02<00:00,  5.53it/s, loss=0.7562]
Epoch 879/1000: 100% 16/16 [00:02<00:00,  5.52it/s, loss=0.7533]
Epoch 880/1000: 100% 16/16 [00:02<00:00,  5.49it/s, loss=0.7537]
2025-11-05 16:09:55,065 [INFO] Epoch 880/1000 | Time: 8.10s | Loss: 0.7537 | Eval Return: -200.00
Epoch 881/1000: 100% 16/16 [00:02<00:00,  5.48it/s, loss=0.7507]
Epoch 882/1000: 100% 16/16 [00:02<00:00,  5.56it/s, loss=0.7533]
Epoch 883/1000: 100% 16/16 [00:02<00:00,  5.55it/s, loss=0.7517]
Epoch 884/1000: 100% 16/16 [00:02<00:00,  5.55it/s, loss=0.7515]
Epoch 885/1000: 100% 16/16 [00:02<00:00,  5.54it/s, loss=0.7515]
Epoch 886/1000: 100% 16/16 [00:02<00:00,  5.52it/s, loss=0.7495]
Epoch 887/1000: 100% 16/16 [00:02<00:00,  5.49it/s, loss=0.7510]
Epoch 888/1000: 100% 16/16 [00:02<00:00,  5.51it/s, loss=0.7465]
Epoch 889/1000: 100% 16/16 [00:02<00:00,  5.53it/s, loss=0.7499]
Epoch 890/1000: 100% 16/16 [00:02<00:00,  5.51it/s, loss=0.7477]
2025-11-05 16:10:29,733 [INFO] Epoch 890/1000 | Time: 8.59s | Loss: 0.7477 | Eval Return: -200.00
Epoch 891/1000: 100% 16/16 [00:02<00:00,  5.45it/s, loss=0.7483]
Epoch 892/1000: 100% 16/16 [00:02<00:00,  5.57it/s, loss=0.7483]
Epoch 893/1000: 100% 16/16 [00:02<00:00,  5.52it/s, loss=0.7476]
Epoch 894/1000: 100% 16/16 [00:02<00:00,  5.55it/s, loss=0.7466]
Epoch 895/1000: 100% 16/16 [00:02<00:00,  5.54it/s, loss=0.7477]
Epoch 896/1000: 100% 16/16 [00:02<00:00,  5.52it/s, loss=0.7472]
Epoch 897/1000: 100% 16/16 [00:02<00:00,  5.50it/s, loss=0.7451]
Epoch 898/1000: 100% 16/16 [00:02<00:00,  5.49it/s, loss=0.7458]
Epoch 899/1000: 100% 16/16 [00:02<00:00,  5.51it/s, loss=0.7448]
Epoch 900/1000: 100% 16/16 [00:02<00:00,  5.51it/s, loss=0.7456]
2025-11-05 16:11:04,558 [INFO] Epoch 900/1000 | Time: 8.72s | Loss: 0.7456 | Eval Return: -200.00
Epoch 901/1000: 100% 16/16 [00:02<00:00,  5.44it/s, loss=0.7453]
Epoch 902/1000: 100% 16/16 [00:02<00:00,  5.56it/s, loss=0.7447]
Epoch 903/1000: 100% 16/16 [00:02<00:00,  5.56it/s, loss=0.7458]
Epoch 904/1000: 100% 16/16 [00:02<00:00,  5.53it/s, loss=0.7437]
Epoch 905/1000: 100% 16/16 [00:02<00:00,  5.55it/s, loss=0.7435]
Epoch 906/1000: 100% 16/16 [00:02<00:00,  5.53it/s, loss=0.7424]
Epoch 907/1000: 100% 16/16 [00:02<00:00,  5.53it/s, loss=0.7411]
Epoch 908/1000: 100% 16/16 [00:02<00:00,  5.49it/s, loss=0.7417]
Epoch 909/1000: 100% 16/16 [00:02<00:00,  5.51it/s, loss=0.7399]
Epoch 910/1000: 100% 16/16 [00:02<00:00,  5.52it/s, loss=0.7391]
2025-11-05 16:11:39,215 [INFO] Epoch 910/1000 | Time: 8.57s | Loss: 0.7391 | Eval Return: -200.00
Epoch 911/1000: 100% 16/16 [00:02<00:00,  5.45it/s, loss=0.7408]
Epoch 912/1000: 100% 16/16 [00:02<00:00,  5.56it/s, loss=0.7403]
Epoch 913/1000: 100% 16/16 [00:02<00:00,  5.57it/s, loss=0.7423]
Epoch 914/1000: 100% 16/16 [00:02<00:00,  5.54it/s, loss=0.7360]
Epoch 915/1000: 100% 16/16 [00:02<00:00,  5.53it/s, loss=0.7392]
Epoch 916/1000: 100% 16/16 [00:02<00:00,  5.54it/s, loss=0.7377]
Epoch 917/1000: 100% 16/16 [00:02<00:00,  5.52it/s, loss=0.7385]
Epoch 918/1000: 100% 16/16 [00:02<00:00,  5.51it/s, loss=0.7376]
Epoch 919/1000: 100% 16/16 [00:02<00:00,  5.49it/s, loss=0.7358]
Epoch 920/1000: 100% 16/16 [00:02<00:00,  5.51it/s, loss=0.7376]
2025-11-05 16:12:13,192 [INFO] Epoch 920/1000 | Time: 7.90s | Loss: 0.7376 | Eval Return: -200.00
Epoch 921/1000: 100% 16/16 [00:02<00:00,  5.45it/s, loss=0.7359]
Epoch 922/1000: 100% 16/16 [00:02<00:00,  5.58it/s, loss=0.7365]
Epoch 923/1000: 100% 16/16 [00:02<00:00,  5.56it/s, loss=0.7359]
Epoch 924/1000: 100% 16/16 [00:02<00:00,  5.56it/s, loss=0.7351]
Epoch 925/1000: 100% 16/16 [00:02<00:00,  5.52it/s, loss=0.7357]
Epoch 926/1000: 100% 16/16 [00:02<00:00,  5.53it/s, loss=0.7324]
Epoch 927/1000: 100% 16/16 [00:02<00:00,  5.54it/s, loss=0.7350]
Epoch 928/1000: 100% 16/16 [00:02<00:00,  5.52it/s, loss=0.7332]
Epoch 929/1000: 100% 16/16 [00:02<00:00,  5.51it/s, loss=0.7345]
Epoch 930/1000: 100% 16/16 [00:02<00:00,  5.51it/s, loss=0.7312]
2025-11-05 16:12:47,140 [INFO] Epoch 930/1000 | Time: 7.92s | Loss: 0.7312 | Eval Return: -200.00
Epoch 931/1000: 100% 16/16 [00:02<00:00,  5.47it/s, loss=0.7315]
Epoch 932/1000: 100% 16/16 [00:02<00:00,  5.55it/s, loss=0.7326]
Epoch 933/1000: 100% 16/16 [00:02<00:00,  5.57it/s, loss=0.7294]
Epoch 934/1000: 100% 16/16 [00:02<00:00,  5.56it/s, loss=0.7302]
Epoch 935/1000: 100% 16/16 [00:02<00:00,  5.54it/s, loss=0.7301]
Epoch 936/1000: 100% 16/16 [00:02<00:00,  5.51it/s, loss=0.7314]
Epoch 937/1000: 100% 16/16 [00:02<00:00,  5.51it/s, loss=0.7296]
Epoch 938/1000: 100% 16/16 [00:02<00:00,  5.50it/s, loss=0.7306]
Epoch 939/1000: 100% 16/16 [00:02<00:00,  5.51it/s, loss=0.7295]
Epoch 940/1000: 100% 16/16 [00:02<00:00,  5.49it/s, loss=0.7294]
2025-11-05 16:13:21,249 [INFO] Epoch 940/1000 | Time: 8.03s | Loss: 0.7294 | Eval Return: -200.00
Epoch 941/1000: 100% 16/16 [00:02<00:00,  5.42it/s, loss=0.7289]
Epoch 942/1000: 100% 16/16 [00:02<00:00,  5.58it/s, loss=0.7285]
Epoch 943/1000: 100% 16/16 [00:02<00:00,  5.55it/s, loss=0.7271]
Epoch 944/1000: 100% 16/16 [00:02<00:00,  5.56it/s, loss=0.7285]
Epoch 945/1000: 100% 16/16 [00:02<00:00,  5.56it/s, loss=0.7254]
Epoch 946/1000: 100% 16/16 [00:02<00:00,  5.53it/s, loss=0.7241]
Epoch 947/1000: 100% 16/16 [00:02<00:00,  5.49it/s, loss=0.7258]
Epoch 948/1000: 100% 16/16 [00:02<00:00,  5.53it/s, loss=0.7254]
Epoch 949/1000: 100% 16/16 [00:02<00:00,  5.51it/s, loss=0.7248]
Epoch 950/1000: 100% 16/16 [00:02<00:00,  5.52it/s, loss=0.7245]
2025-11-05 16:13:55,819 [INFO] Epoch 950/1000 | Time: 8.51s | Loss: 0.7245 | Eval Return: -200.00
Epoch 951/1000: 100% 16/16 [00:02<00:00,  5.43it/s, loss=0.7242]
Epoch 952/1000: 100% 16/16 [00:02<00:00,  5.57it/s, loss=0.7206]
Epoch 953/1000: 100% 16/16 [00:02<00:00,  5.55it/s, loss=0.7223]
Epoch 954/1000: 100% 16/16 [00:02<00:00,  5.56it/s, loss=0.7218]
Epoch 955/1000: 100% 16/16 [00:02<00:00,  5.56it/s, loss=0.7245]
Epoch 956/1000: 100% 16/16 [00:02<00:00,  5.54it/s, loss=0.7201]
Epoch 957/1000: 100% 16/16 [00:02<00:00,  5.51it/s, loss=0.7211]
Epoch 958/1000: 100% 16/16 [00:02<00:00,  5.50it/s, loss=0.7212]
Epoch 959/1000: 100% 16/16 [00:02<00:00,  5.50it/s, loss=0.7233]
Epoch 960/1000: 100% 16/16 [00:02<00:00,  5.50it/s, loss=0.7200]
2025-11-05 16:14:30,472 [INFO] Epoch 960/1000 | Time: 8.58s | Loss: 0.7200 | Eval Return: -200.00
Epoch 961/1000: 100% 16/16 [00:02<00:00,  5.46it/s, loss=0.7205]
Epoch 962/1000: 100% 16/16 [00:02<00:00,  5.58it/s, loss=0.7194]
Epoch 963/1000: 100% 16/16 [00:02<00:00,  5.59it/s, loss=0.7203]
Epoch 964/1000: 100% 16/16 [00:02<00:00,  5.53it/s, loss=0.7198]
Epoch 965/1000: 100% 16/16 [00:02<00:00,  5.55it/s, loss=0.7170]
Epoch 966/1000: 100% 16/16 [00:02<00:00,  5.54it/s, loss=0.7184]
Epoch 967/1000: 100% 16/16 [00:02<00:00,  5.52it/s, loss=0.7193]
Epoch 968/1000: 100% 16/16 [00:02<00:00,  5.49it/s, loss=0.7166]
Epoch 969/1000: 100% 16/16 [00:02<00:00,  5.51it/s, loss=0.7189]
Epoch 970/1000: 100% 16/16 [00:02<00:00,  5.53it/s, loss=0.7172]
2025-11-05 16:15:04,778 [INFO] Epoch 970/1000 | Time: 8.26s | Loss: 0.7172 | Eval Return: -200.00
Epoch 971/1000: 100% 16/16 [00:02<00:00,  5.40it/s, loss=0.7176]
Epoch 972/1000: 100% 16/16 [00:02<00:00,  5.57it/s, loss=0.7151]
Epoch 973/1000: 100% 16/16 [00:02<00:00,  5.58it/s, loss=0.7143]
Epoch 974/1000: 100% 16/16 [00:02<00:00,  5.56it/s, loss=0.7171]
Epoch 975/1000: 100% 16/16 [00:02<00:00,  5.53it/s, loss=0.7156]
Epoch 976/1000: 100% 16/16 [00:02<00:00,  5.54it/s, loss=0.7140]
Epoch 977/1000: 100% 16/16 [00:02<00:00,  5.54it/s, loss=0.7159]
Epoch 978/1000: 100% 16/16 [00:02<00:00,  5.53it/s, loss=0.7129]
Epoch 979/1000: 100% 16/16 [00:02<00:00,  5.49it/s, loss=0.7101]
Epoch 980/1000: 100% 16/16 [00:02<00:00,  5.52it/s, loss=0.7131]
2025-11-05 16:15:38,734 [INFO] Epoch 980/1000 | Time: 7.89s | Loss: 0.7131 | Eval Return: -200.00
Epoch 981/1000: 100% 16/16 [00:02<00:00,  5.45it/s, loss=0.7132]
Epoch 982/1000: 100% 16/16 [00:02<00:00,  5.57it/s, loss=0.7147]
Epoch 983/1000: 100% 16/16 [00:02<00:00,  5.57it/s, loss=0.7111]
Epoch 984/1000: 100% 16/16 [00:02<00:00,  5.57it/s, loss=0.7115]
Epoch 985/1000: 100% 16/16 [00:02<00:00,  5.54it/s, loss=0.7094]
Epoch 986/1000: 100% 16/16 [00:02<00:00,  5.53it/s, loss=0.7104]
Epoch 987/1000: 100% 16/16 [00:02<00:00,  5.54it/s, loss=0.7119]
Epoch 988/1000: 100% 16/16 [00:02<00:00,  5.53it/s, loss=0.7079]
Epoch 989/1000: 100% 16/16 [00:02<00:00,  5.52it/s, loss=0.7082]
Epoch 990/1000: 100% 16/16 [00:02<00:00,  5.49it/s, loss=0.7101]
2025-11-05 16:16:12,652 [INFO] Epoch 990/1000 | Time: 7.90s | Loss: 0.7101 | Eval Return: -200.00
Epoch 991/1000: 100% 16/16 [00:02<00:00,  5.48it/s, loss=0.7085]
Epoch 992/1000: 100% 16/16 [00:02<00:00,  5.57it/s, loss=0.7061]
Epoch 993/1000: 100% 16/16 [00:02<00:00,  5.56it/s, loss=0.7070]
Epoch 994/1000: 100% 16/16 [00:02<00:00,  5.57it/s, loss=0.7092]
Epoch 995/1000: 100% 16/16 [00:02<00:00,  5.56it/s, loss=0.7074]
Epoch 996/1000: 100% 16/16 [00:02<00:00,  5.54it/s, loss=0.7042]
Epoch 997/1000: 100% 16/16 [00:02<00:00,  5.52it/s, loss=0.7038]
Epoch 998/1000: 100% 16/16 [00:02<00:00,  5.53it/s, loss=0.7056]
Epoch 999/1000: 100% 16/16 [00:02<00:00,  5.53it/s, loss=0.7059]
Epoch 1000/1000: 100% 16/16 [00:02<00:00,  5.53it/s, loss=0.7051]
2025-11-05 16:16:47,035 [INFO] Epoch 1000/1000 | Time: 8.38s | Loss: 0.7051 | Eval Return: -200.00
2025-11-05 16:16:47,051 [INFO] Training complete.