2025-11-06 02:18:03.533128: E external/local_xla/xla/stream_executor/cuda/cuda_fft.cc:467] Unable to register cuFFT factory: Attempting to register factory for plugin cuFFT when one has already been registered
WARNING: All log messages before absl::InitializeLog() is called are written to STDERR
E0000 00:00:1762395483.793089   13155 cuda_dnn.cc:8579] Unable to register cuDNN factory: Attempting to register factory for plugin cuDNN when one has already been registered
E0000 00:00:1762395483.864707   13155 cuda_blas.cc:1407] Unable to register cuBLAS factory: Attempting to register factory for plugin cuBLAS when one has already been registered
W0000 00:00:1762395484.383058   13155 computation_placer.cc:177] computation placer already registered. Please check linkage and avoid linking the same target more than once.
W0000 00:00:1762395484.383103   13155 computation_placer.cc:177] computation placer already registered. Please check linkage and avoid linking the same target more than once.
W0000 00:00:1762395484.383108   13155 computation_placer.cc:177] computation placer already registered. Please check linkage and avoid linking the same target more than once.
W0000 00:00:1762395484.383114   13155 computation_placer.cc:177] computation placer already registered. Please check linkage and avoid linking the same target more than once.
2025-11-06 02:18:04.432630: I tensorflow/core/platform/cpu_feature_guard.cc:210] This TensorFlow binary is optimized to use available CPU instructions in performance-critical operations.
To enable the following instructions: AVX2 FMA, in other operations, rebuild TensorFlow with the appropriate compiler flags.
2025-11-06 02:18:11,552 [INFO] Checking for dataset...
2025-11-06 02:18:11,552 [INFO] Dataset found at /content/neuromorphic_decision_transformer/neuromorphic_decision_transformer/data/Pendulum-v1/dataset.npz.
2025-11-06 02:18:11,552 [INFO] Starting training...
2025-11-06 02:18:11,620 [INFO] Dataset size: 1000 clips
2025-11-06 02:18:11,640 [INFO] DataLoader created with num_workers=0 and pin_memory=False.
2025-11-06 02:18:14,011 [INFO] Starting training loop...
Epoch 1/1000: 100% 16/16 [00:04<00:00,  3.90it/s, loss=1.4315]
Epoch 2/1000: 100% 16/16 [00:02<00:00,  6.06it/s, loss=1.3474]
Epoch 3/1000: 100% 16/16 [00:02<00:00,  6.03it/s, loss=1.3401]
Epoch 4/1000: 100% 16/16 [00:02<00:00,  6.05it/s, loss=1.3380]
Epoch 5/1000: 100% 16/16 [00:02<00:00,  6.05it/s, loss=1.3374]
Epoch 6/1000: 100% 16/16 [00:02<00:00,  6.03it/s, loss=1.3373]
Epoch 7/1000: 100% 16/16 [00:02<00:00,  6.00it/s, loss=1.3356]
Epoch 8/1000: 100% 16/16 [00:02<00:00,  5.99it/s, loss=1.3359]
Epoch 9/1000: 100% 16/16 [00:02<00:00,  5.99it/s, loss=1.3359]
Epoch 10/1000: 100% 16/16 [00:02<00:00,  5.99it/s, loss=1.3351]
2025-11-06 02:18:47,772 [INFO] Epoch 10/1000 | Time: 8.41s | Loss: 1.3351 | Eval Return: -1319.91
2025-11-06 02:18:47,789 [INFO] New best eval return: -1319.91. Saved best model.
Epoch 11/1000: 100% 16/16 [00:02<00:00,  5.76it/s, loss=1.3340]
Epoch 12/1000: 100% 16/16 [00:02<00:00,  5.97it/s, loss=1.3340]
Epoch 13/1000: 100% 16/16 [00:02<00:00,  5.95it/s, loss=1.3344]
Epoch 14/1000: 100% 16/16 [00:02<00:00,  5.93it/s, loss=1.3335]
Epoch 15/1000: 100% 16/16 [00:02<00:00,  5.93it/s, loss=1.3337]
Epoch 16/1000: 100% 16/16 [00:02<00:00,  5.95it/s, loss=1.3331]
Epoch 17/1000: 100% 16/16 [00:02<00:00,  5.94it/s, loss=1.3333]
Epoch 18/1000: 100% 16/16 [00:02<00:00,  5.92it/s, loss=1.3329]
Epoch 19/1000: 100% 16/16 [00:02<00:00,  5.89it/s, loss=1.3332]
Epoch 20/1000: 100% 16/16 [00:02<00:00,  5.90it/s, loss=1.3332]
2025-11-06 02:19:19,987 [INFO] Epoch 20/1000 | Time: 7.84s | Loss: 1.3332 | Eval Return: -1293.94
2025-11-06 02:19:19,998 [INFO] New best eval return: -1293.94. Saved best model.
Epoch 21/1000: 100% 16/16 [00:02<00:00,  5.73it/s, loss=1.3320]
Epoch 22/1000: 100% 16/16 [00:02<00:00,  5.88it/s, loss=1.3325]
Epoch 23/1000: 100% 16/16 [00:02<00:00,  5.89it/s, loss=1.3327]
Epoch 24/1000: 100% 16/16 [00:02<00:00,  5.85it/s, loss=1.3324]
Epoch 25/1000: 100% 16/16 [00:02<00:00,  5.85it/s, loss=1.3323]
Epoch 26/1000: 100% 16/16 [00:02<00:00,  5.82it/s, loss=1.3321]
Epoch 27/1000: 100% 16/16 [00:02<00:00,  5.85it/s, loss=1.3321]
Epoch 28/1000: 100% 16/16 [00:02<00:00,  5.83it/s, loss=1.3316]
Epoch 29/1000: 100% 16/16 [00:02<00:00,  5.82it/s, loss=1.3319]
Epoch 30/1000: 100% 16/16 [00:02<00:00,  5.79it/s, loss=1.3324]
2025-11-06 02:19:52,680 [INFO] Epoch 30/1000 | Time: 8.01s | Loss: 1.3324 | Eval Return: -1324.19
Epoch 31/1000: 100% 16/16 [00:02<00:00,  5.65it/s, loss=1.3316]
Epoch 32/1000: 100% 16/16 [00:02<00:00,  5.82it/s, loss=1.3318]
Epoch 33/1000: 100% 16/16 [00:02<00:00,  5.79it/s, loss=1.3317]
Epoch 34/1000: 100% 16/16 [00:02<00:00,  5.80it/s, loss=1.3322]
Epoch 35/1000: 100% 16/16 [00:02<00:00,  5.78it/s, loss=1.3319]
Epoch 36/1000: 100% 16/16 [00:02<00:00,  5.77it/s, loss=1.3319]
Epoch 37/1000: 100% 16/16 [00:02<00:00,  5.73it/s, loss=1.3316]
Epoch 38/1000: 100% 16/16 [00:02<00:00,  5.76it/s, loss=1.3304]
Epoch 39/1000: 100% 16/16 [00:02<00:00,  5.75it/s, loss=1.3310]
Epoch 40/1000: 100% 16/16 [00:02<00:00,  5.74it/s, loss=1.3313]
2025-11-06 02:20:26,130 [INFO] Epoch 40/1000 | Time: 8.45s | Loss: 1.3313 | Eval Return: -1279.81
2025-11-06 02:20:26,141 [INFO] New best eval return: -1279.81. Saved best model.
Epoch 41/1000: 100% 16/16 [00:02<00:00,  5.62it/s, loss=1.3309]
Epoch 42/1000: 100% 16/16 [00:02<00:00,  5.76it/s, loss=1.3313]
Epoch 43/1000: 100% 16/16 [00:02<00:00,  5.74it/s, loss=1.3308]
Epoch 44/1000: 100% 16/16 [00:02<00:00,  5.70it/s, loss=1.3306]
Epoch 45/1000: 100% 16/16 [00:02<00:00,  5.73it/s, loss=1.3308]
Epoch 46/1000: 100% 16/16 [00:02<00:00,  5.71it/s, loss=1.3309]
Epoch 47/1000: 100% 16/16 [00:02<00:00,  5.72it/s, loss=1.3304]
Epoch 48/1000: 100% 16/16 [00:02<00:00,  5.67it/s, loss=1.3304]
Epoch 49/1000: 100% 16/16 [00:02<00:00,  5.67it/s, loss=1.3311]
Epoch 50/1000: 100% 16/16 [00:02<00:00,  5.67it/s, loss=1.3307]
2025-11-06 02:20:59,811 [INFO] Epoch 50/1000 | Time: 8.42s | Loss: 1.3307 | Eval Return: -1169.17
2025-11-06 02:20:59,827 [INFO] New best eval return: -1169.17. Saved best model.
Epoch 51/1000: 100% 16/16 [00:02<00:00,  5.50it/s, loss=1.3299]
Epoch 52/1000: 100% 16/16 [00:02<00:00,  5.71it/s, loss=1.3292]
Epoch 53/1000: 100% 16/16 [00:02<00:00,  5.70it/s, loss=1.3298]
Epoch 54/1000: 100% 16/16 [00:02<00:00,  5.69it/s, loss=1.3305]
Epoch 55/1000: 100% 16/16 [00:02<00:00,  5.64it/s, loss=1.3300]
Epoch 56/1000: 100% 16/16 [00:02<00:00,  5.68it/s, loss=1.3303]
Epoch 57/1000: 100% 16/16 [00:02<00:00,  5.67it/s, loss=1.3295]
Epoch 58/1000: 100% 16/16 [00:02<00:00,  5.67it/s, loss=1.3304]
Epoch 59/1000: 100% 16/16 [00:02<00:00,  5.64it/s, loss=1.3297]
Epoch 60/1000: 100% 16/16 [00:02<00:00,  5.65it/s, loss=1.3299]
2025-11-06 02:21:33,226 [INFO] Epoch 60/1000 | Time: 7.92s | Loss: 1.3299 | Eval Return: -1296.94
Epoch 61/1000: 100% 16/16 [00:02<00:00,  5.49it/s, loss=1.3300]
Epoch 62/1000: 100% 16/16 [00:02<00:00,  5.64it/s, loss=1.3292]
Epoch 63/1000: 100% 16/16 [00:02<00:00,  5.65it/s, loss=1.3288]
Epoch 64/1000: 100% 16/16 [00:02<00:00,  5.64it/s, loss=1.3291]
Epoch 65/1000: 100% 16/16 [00:02<00:00,  5.64it/s, loss=1.3290]
Epoch 66/1000: 100% 16/16 [00:02<00:00,  5.60it/s, loss=1.3283]
Epoch 67/1000: 100% 16/16 [00:02<00:00,  5.64it/s, loss=1.3284]
Epoch 68/1000: 100% 16/16 [00:02<00:00,  5.64it/s, loss=1.3278]
Epoch 69/1000: 100% 16/16 [00:02<00:00,  5.64it/s, loss=1.3287]
Epoch 70/1000: 100% 16/16 [00:02<00:00,  5.59it/s, loss=1.3277]
2025-11-06 02:22:06,753 [INFO] Epoch 70/1000 | Time: 7.90s | Loss: 1.3277 | Eval Return: -1261.78
Epoch 71/1000: 100% 16/16 [00:02<00:00,  5.52it/s, loss=1.3275]
Epoch 72/1000: 100% 16/16 [00:02<00:00,  5.64it/s, loss=1.3280]
Epoch 73/1000: 100% 16/16 [00:02<00:00,  5.61it/s, loss=1.3278]
Epoch 74/1000: 100% 16/16 [00:02<00:00,  5.64it/s, loss=1.3278]
Epoch 75/1000: 100% 16/16 [00:02<00:00,  5.64it/s, loss=1.3277]
Epoch 76/1000: 100% 16/16 [00:02<00:00,  5.61it/s, loss=1.3275]
Epoch 77/1000: 100% 16/16 [00:02<00:00,  5.59it/s, loss=1.3271]
Epoch 78/1000: 100% 16/16 [00:02<00:00,  5.61it/s, loss=1.3269]
Epoch 79/1000: 100% 16/16 [00:02<00:00,  5.59it/s, loss=1.3261]
Epoch 80/1000: 100% 16/16 [00:02<00:00,  5.58it/s, loss=1.3269]
2025-11-06 02:22:41,013 [INFO] Epoch 80/1000 | Time: 8.57s | Loss: 1.3269 | Eval Return: -1325.40
Epoch 81/1000: 100% 16/16 [00:02<00:00,  5.49it/s, loss=1.3266]
Epoch 82/1000: 100% 16/16 [00:02<00:00,  5.60it/s, loss=1.3264]
Epoch 83/1000: 100% 16/16 [00:02<00:00,  5.62it/s, loss=1.3265]
Epoch 84/1000: 100% 16/16 [00:02<00:00,  5.61it/s, loss=1.3259]
Epoch 85/1000: 100% 16/16 [00:02<00:00,  5.60it/s, loss=1.3258]
Epoch 86/1000: 100% 16/16 [00:02<00:00,  5.60it/s, loss=1.3254]
Epoch 87/1000: 100% 16/16 [00:02<00:00,  5.60it/s, loss=1.3253]
Epoch 88/1000: 100% 16/16 [00:02<00:00,  5.58it/s, loss=1.3255]
Epoch 89/1000: 100% 16/16 [00:02<00:00,  5.59it/s, loss=1.3260]
Epoch 90/1000: 100% 16/16 [00:02<00:00,  5.60it/s, loss=1.3240]
2025-11-06 02:23:15,326 [INFO] Epoch 90/1000 | Time: 8.53s | Loss: 1.3240 | Eval Return: -1261.74
Epoch 91/1000: 100% 16/16 [00:02<00:00,  5.49it/s, loss=1.3243]
Epoch 92/1000: 100% 16/16 [00:02<00:00,  5.60it/s, loss=1.3245]
Epoch 93/1000: 100% 16/16 [00:02<00:00,  5.60it/s, loss=1.3247]
Epoch 94/1000: 100% 16/16 [00:02<00:00,  5.58it/s, loss=1.3237]
Epoch 95/1000: 100% 16/16 [00:02<00:00,  5.61it/s, loss=1.3247]
Epoch 96/1000: 100% 16/16 [00:02<00:00,  5.60it/s, loss=1.3234]
Epoch 97/1000: 100% 16/16 [00:02<00:00,  5.58it/s, loss=1.3231]
Epoch 98/1000: 100% 16/16 [00:02<00:00,  5.54it/s, loss=1.3238]
Epoch 99/1000: 100% 16/16 [00:02<00:00,  5.58it/s, loss=1.3236]
Epoch 100/1000: 100% 16/16 [00:02<00:00,  5.58it/s, loss=1.3228]
2025-11-06 02:23:49,399 [INFO] Epoch 100/1000 | Time: 8.23s | Loss: 1.3228 | Eval Return: -1169.30
Epoch 101/1000: 100% 16/16 [00:02<00:00,  5.46it/s, loss=1.3226]
Epoch 102/1000: 100% 16/16 [00:02<00:00,  5.59it/s, loss=1.3212]
Epoch 103/1000: 100% 16/16 [00:02<00:00,  5.60it/s, loss=1.3223]
Epoch 104/1000: 100% 16/16 [00:02<00:00,  5.59it/s, loss=1.3218]
Epoch 105/1000: 100% 16/16 [00:02<00:00,  5.57it/s, loss=1.3215]
Epoch 106/1000: 100% 16/16 [00:02<00:00,  5.58it/s, loss=1.3220]
Epoch 107/1000: 100% 16/16 [00:02<00:00,  5.57it/s, loss=1.3213]
Epoch 108/1000: 100% 16/16 [00:02<00:00,  5.58it/s, loss=1.3214]
Epoch 109/1000: 100% 16/16 [00:02<00:00,  5.53it/s, loss=1.3209]
Epoch 110/1000: 100% 16/16 [00:02<00:00,  5.54it/s, loss=1.3209]
2025-11-06 02:24:23,268 [INFO] Epoch 110/1000 | Time: 7.97s | Loss: 1.3209 | Eval Return: -1315.98
Epoch 111/1000: 100% 16/16 [00:02<00:00,  5.46it/s, loss=1.3209]
Epoch 112/1000: 100% 16/16 [00:02<00:00,  5.58it/s, loss=1.3197]
Epoch 113/1000: 100% 16/16 [00:02<00:00,  5.57it/s, loss=1.3202]
Epoch 114/1000: 100% 16/16 [00:02<00:00,  5.56it/s, loss=1.3189]
Epoch 115/1000: 100% 16/16 [00:02<00:00,  5.54it/s, loss=1.3193]
Epoch 116/1000: 100% 16/16 [00:02<00:00,  5.53it/s, loss=1.3182]
Epoch 117/1000: 100% 16/16 [00:02<00:00,  5.55it/s, loss=1.3186]
Epoch 118/1000: 100% 16/16 [00:02<00:00,  5.56it/s, loss=1.3182]
Epoch 119/1000: 100% 16/16 [00:02<00:00,  5.54it/s, loss=1.3178]
Epoch 120/1000: 100% 16/16 [00:02<00:00,  5.51it/s, loss=1.3175]
2025-11-06 02:24:57,374 [INFO] Epoch 120/1000 | Time: 8.12s | Loss: 1.3175 | Eval Return: -1208.13
Epoch 121/1000: 100% 16/16 [00:02<00:00,  5.50it/s, loss=1.3182]
Epoch 122/1000: 100% 16/16 [00:02<00:00,  5.55it/s, loss=1.3181]
Epoch 123/1000: 100% 16/16 [00:02<00:00,  5.56it/s, loss=1.3180]
Epoch 124/1000: 100% 16/16 [00:02<00:00,  5.55it/s, loss=1.3179]
Epoch 125/1000: 100% 16/16 [00:02<00:00,  5.56it/s, loss=1.3169]
Epoch 126/1000: 100% 16/16 [00:02<00:00,  5.55it/s, loss=1.3164]
Epoch 127/1000: 100% 16/16 [00:02<00:00,  5.53it/s, loss=1.3170]
Epoch 128/1000: 100% 16/16 [00:02<00:00,  5.54it/s, loss=1.3146]
Epoch 129/1000: 100% 16/16 [00:02<00:00,  5.54it/s, loss=1.3158]
Epoch 130/1000: 100% 16/16 [00:02<00:00,  5.54it/s, loss=1.3149]
2025-11-06 02:25:31,845 [INFO] Epoch 130/1000 | Time: 8.48s | Loss: 1.3149 | Eval Return: -1330.58
Epoch 131/1000: 100% 16/16 [00:02<00:00,  5.45it/s, loss=1.3152]
Epoch 132/1000: 100% 16/16 [00:02<00:00,  5.59it/s, loss=1.3148]
Epoch 133/1000: 100% 16/16 [00:02<00:00,  5.54it/s, loss=1.3146]
Epoch 134/1000: 100% 16/16 [00:02<00:00,  5.58it/s, loss=1.3144]
Epoch 135/1000: 100% 16/16 [00:02<00:00,  5.58it/s, loss=1.3136]
Epoch 136/1000: 100% 16/16 [00:02<00:00,  5.57it/s, loss=1.3121]
Epoch 137/1000: 100% 16/16 [00:02<00:00,  5.53it/s, loss=1.3127]
Epoch 138/1000: 100% 16/16 [00:02<00:00,  5.54it/s, loss=1.3126]
Epoch 139/1000: 100% 16/16 [00:02<00:00,  5.54it/s, loss=1.3122]
Epoch 140/1000: 100% 16/16 [00:02<00:00,  5.54it/s, loss=1.3118]
2025-11-06 02:26:06,316 [INFO] Epoch 140/1000 | Time: 8.50s | Loss: 1.3118 | Eval Return: -1247.16
Epoch 141/1000: 100% 16/16 [00:02<00:00,  5.47it/s, loss=1.3111]
Epoch 142/1000: 100% 16/16 [00:02<00:00,  5.54it/s, loss=1.3117]
Epoch 143/1000: 100% 16/16 [00:02<00:00,  5.50it/s, loss=1.3104]
Epoch 144/1000: 100% 16/16 [00:02<00:00,  5.48it/s, loss=1.3098]
Epoch 145/1000: 100% 16/16 [00:02<00:00,  5.48it/s, loss=1.3100]
Epoch 146/1000: 100% 16/16 [00:02<00:00,  5.45it/s, loss=1.3093]
Epoch 147/1000: 100% 16/16 [00:02<00:00,  5.43it/s, loss=1.3089]
Epoch 148/1000: 100% 16/16 [00:02<00:00,  5.38it/s, loss=1.3090]
Epoch 149/1000: 100% 16/16 [00:02<00:00,  5.41it/s, loss=1.3086]
Epoch 150/1000: 100% 16/16 [00:02<00:00,  5.43it/s, loss=1.3076]
2025-11-06 02:26:41,278 [INFO] Epoch 150/1000 | Time: 8.58s | Loss: 1.3076 | Eval Return: -1460.91
Epoch 151/1000: 100% 16/16 [00:02<00:00,  5.41it/s, loss=1.3069]
Epoch 152/1000: 100% 16/16 [00:02<00:00,  5.53it/s, loss=1.3070]
Epoch 153/1000: 100% 16/16 [00:02<00:00,  5.52it/s, loss=1.3064]
Epoch 154/1000: 100% 16/16 [00:02<00:00,  5.47it/s, loss=1.3071]
Epoch 155/1000: 100% 16/16 [00:02<00:00,  5.51it/s, loss=1.3061]
Epoch 156/1000: 100% 16/16 [00:02<00:00,  5.51it/s, loss=1.3052]
Epoch 157/1000: 100% 16/16 [00:02<00:00,  5.51it/s, loss=1.3050]
Epoch 158/1000: 100% 16/16 [00:02<00:00,  5.49it/s, loss=1.3030]
Epoch 159/1000: 100% 16/16 [00:02<00:00,  5.51it/s, loss=1.3034]
Epoch 160/1000: 100% 16/16 [00:02<00:00,  5.51it/s, loss=1.3044]
2025-11-06 02:27:15,736 [INFO] Epoch 160/1000 | Time: 8.25s | Loss: 1.3044 | Eval Return: -1353.19
Epoch 161/1000: 100% 16/16 [00:02<00:00,  5.41it/s, loss=1.3032]
Epoch 162/1000: 100% 16/16 [00:02<00:00,  5.55it/s, loss=1.3009]
Epoch 163/1000: 100% 16/16 [00:02<00:00,  5.54it/s, loss=1.3033]
Epoch 164/1000: 100% 16/16 [00:02<00:00,  5.52it/s, loss=1.3022]
Epoch 165/1000: 100% 16/16 [00:02<00:00,  5.48it/s, loss=1.3007]
Epoch 166/1000: 100% 16/16 [00:02<00:00,  5.49it/s, loss=1.2990]
Epoch 167/1000: 100% 16/16 [00:02<00:00,  5.48it/s, loss=1.3010]
Epoch 168/1000: 100% 16/16 [00:02<00:00,  5.49it/s, loss=1.2996]
Epoch 169/1000: 100% 16/16 [00:02<00:00,  5.45it/s, loss=1.2988]
Epoch 170/1000: 100% 16/16 [00:02<00:00,  5.48it/s, loss=1.2977]
2025-11-06 02:27:49,838 [INFO] Epoch 170/1000 | Time: 7.88s | Loss: 1.2977 | Eval Return: -1463.78
Epoch 171/1000: 100% 16/16 [00:02<00:00,  5.41it/s, loss=1.2971]
Epoch 172/1000: 100% 16/16 [00:02<00:00,  5.52it/s, loss=1.2983]
Epoch 173/1000: 100% 16/16 [00:02<00:00,  5.52it/s, loss=1.2962]
Epoch 174/1000: 100% 16/16 [00:02<00:00,  5.50it/s, loss=1.2956]
Epoch 175/1000: 100% 16/16 [00:02<00:00,  5.49it/s, loss=1.2966]
Epoch 176/1000: 100% 16/16 [00:02<00:00,  5.48it/s, loss=1.2961]
Epoch 177/1000: 100% 16/16 [00:02<00:00,  5.49it/s, loss=1.2950]
Epoch 178/1000: 100% 16/16 [00:02<00:00,  5.49it/s, loss=1.2944]
Epoch 179/1000: 100% 16/16 [00:02<00:00,  5.48it/s, loss=1.2943]
Epoch 180/1000: 100% 16/16 [00:02<00:00,  5.46it/s, loss=1.2926]
2025-11-06 02:28:24,108 [INFO] Epoch 180/1000 | Time: 8.02s | Loss: 1.2926 | Eval Return: -1540.36
Epoch 181/1000: 100% 16/16 [00:02<00:00,  5.42it/s, loss=1.2934]
Epoch 182/1000: 100% 16/16 [00:02<00:00,  5.51it/s, loss=1.2923]
Epoch 183/1000: 100% 16/16 [00:02<00:00,  5.52it/s, loss=1.2916]
Epoch 184/1000: 100% 16/16 [00:02<00:00,  5.51it/s, loss=1.2904]
Epoch 185/1000: 100% 16/16 [00:02<00:00,  5.51it/s, loss=1.2911]
Epoch 186/1000: 100% 16/16 [00:02<00:00,  5.49it/s, loss=1.2900]
Epoch 187/1000: 100% 16/16 [00:02<00:00,  5.49it/s, loss=1.2893]
Epoch 188/1000: 100% 16/16 [00:02<00:00,  5.52it/s, loss=1.2881]
Epoch 189/1000: 100% 16/16 [00:02<00:00,  5.50it/s, loss=1.2889]
Epoch 190/1000: 100% 16/16 [00:02<00:00,  5.50it/s, loss=1.2877]
2025-11-06 02:28:58,527 [INFO] Epoch 190/1000 | Time: 8.21s | Loss: 1.2877 | Eval Return: -1493.23
Epoch 191/1000: 100% 16/16 [00:02<00:00,  5.43it/s, loss=1.2869]
Epoch 192/1000: 100% 16/16 [00:02<00:00,  5.54it/s, loss=1.2863]
Epoch 193/1000: 100% 16/16 [00:02<00:00,  5.49it/s, loss=1.2849]
Epoch 194/1000: 100% 16/16 [00:02<00:00,  5.52it/s, loss=1.2839]
Epoch 195/1000: 100% 16/16 [00:02<00:00,  5.51it/s, loss=1.2833]
Epoch 196/1000: 100% 16/16 [00:02<00:00,  5.49it/s, loss=1.2838]
Epoch 197/1000: 100% 16/16 [00:02<00:00,  5.47it/s, loss=1.2840]
Epoch 198/1000: 100% 16/16 [00:02<00:00,  5.49it/s, loss=1.2829]
Epoch 199/1000: 100% 16/16 [00:02<00:00,  5.49it/s, loss=1.2811]
Epoch 200/1000: 100% 16/16 [00:02<00:00,  5.50it/s, loss=1.2816]
2025-11-06 02:29:33,258 [INFO] Epoch 200/1000 | Time: 8.51s | Loss: 1.2816 | Eval Return: -1546.87
Epoch 201/1000: 100% 16/16 [00:02<00:00,  5.41it/s, loss=1.2802]
Epoch 202/1000: 100% 16/16 [00:02<00:00,  5.55it/s, loss=1.2793]
Epoch 203/1000: 100% 16/16 [00:02<00:00,  5.50it/s, loss=1.2784]
Epoch 204/1000: 100% 16/16 [00:02<00:00,  5.51it/s, loss=1.2785]
Epoch 205/1000: 100% 16/16 [00:02<00:00,  5.50it/s, loss=1.2774]
Epoch 206/1000: 100% 16/16 [00:02<00:00,  5.49it/s, loss=1.2770]
Epoch 207/1000: 100% 16/16 [00:02<00:00,  5.48it/s, loss=1.2745]
Epoch 208/1000: 100% 16/16 [00:02<00:00,  5.48it/s, loss=1.2757]
Epoch 209/1000: 100% 16/16 [00:02<00:00,  5.49it/s, loss=1.2758]
Epoch 210/1000: 100% 16/16 [00:02<00:00,  5.49it/s, loss=1.2738]
2025-11-06 02:30:08,021 [INFO] Epoch 210/1000 | Time: 8.53s | Loss: 1.2738 | Eval Return: -1479.90
Epoch 211/1000: 100% 16/16 [00:02<00:00,  5.42it/s, loss=1.2742]
Epoch 212/1000: 100% 16/16 [00:02<00:00,  5.54it/s, loss=1.2736]
Epoch 213/1000: 100% 16/16 [00:02<00:00,  5.53it/s, loss=1.2729]
Epoch 214/1000: 100% 16/16 [00:02<00:00,  5.49it/s, loss=1.2724]
Epoch 215/1000: 100% 16/16 [00:02<00:00,  5.50it/s, loss=1.2722]
Epoch 216/1000: 100% 16/16 [00:02<00:00,  5.50it/s, loss=1.2710]
Epoch 217/1000: 100% 16/16 [00:02<00:00,  5.50it/s, loss=1.2677]
Epoch 218/1000: 100% 16/16 [00:02<00:00,  5.46it/s, loss=1.2692]
Epoch 219/1000: 100% 16/16 [00:02<00:00,  5.48it/s, loss=1.2681]
Epoch 220/1000: 100% 16/16 [00:02<00:00,  5.48it/s, loss=1.2674]
2025-11-06 02:30:42,295 [INFO] Epoch 220/1000 | Time: 8.04s | Loss: 1.2674 | Eval Return: -1594.59
Epoch 221/1000: 100% 16/16 [00:02<00:00,  5.41it/s, loss=1.2668]
Epoch 222/1000: 100% 16/16 [00:02<00:00,  5.54it/s, loss=1.2663]
Epoch 223/1000: 100% 16/16 [00:02<00:00,  5.54it/s, loss=1.2653]
Epoch 224/1000: 100% 16/16 [00:02<00:00,  5.52it/s, loss=1.2657]
Epoch 225/1000: 100% 16/16 [00:02<00:00,  5.49it/s, loss=1.2640]
Epoch 226/1000: 100% 16/16 [00:02<00:00,  5.52it/s, loss=1.2631]
Epoch 227/1000: 100% 16/16 [00:02<00:00,  5.52it/s, loss=1.2615]
Epoch 228/1000: 100% 16/16 [00:02<00:00,  5.51it/s, loss=1.2622]
Epoch 229/1000: 100% 16/16 [00:02<00:00,  5.48it/s, loss=1.2605]
Epoch 230/1000: 100% 16/16 [00:02<00:00,  5.51it/s, loss=1.2590]
2025-11-06 02:31:16,273 [INFO] Epoch 230/1000 | Time: 7.81s | Loss: 1.2590 | Eval Return: -1586.98
Epoch 231/1000: 100% 16/16 [00:02<00:00,  5.45it/s, loss=1.2592]
Epoch 232/1000: 100% 16/16 [00:02<00:00,  5.55it/s, loss=1.2582]
Epoch 233/1000: 100% 16/16 [00:02<00:00,  5.56it/s, loss=1.2565]
Epoch 234/1000: 100% 16/16 [00:02<00:00,  5.54it/s, loss=1.2555]
Epoch 235/1000: 100% 16/16 [00:02<00:00,  5.51it/s, loss=1.2544]
Epoch 236/1000: 100% 16/16 [00:02<00:00,  5.48it/s, loss=1.2558]
Epoch 237/1000: 100% 16/16 [00:02<00:00,  5.50it/s, loss=1.2558]
Epoch 238/1000: 100% 16/16 [00:02<00:00,  5.49it/s, loss=1.2537]
Epoch 239/1000: 100% 16/16 [00:02<00:00,  5.47it/s, loss=1.2541]
Epoch 240/1000: 100% 16/16 [00:02<00:00,  5.46it/s, loss=1.2522]
2025-11-06 02:31:50,301 [INFO] Epoch 240/1000 | Time: 7.87s | Loss: 1.2522 | Eval Return: -1356.48
Epoch 241/1000: 100% 16/16 [00:02<00:00,  5.45it/s, loss=1.2527]
Epoch 242/1000: 100% 16/16 [00:02<00:00,  5.51it/s, loss=1.2514]
Epoch 243/1000: 100% 16/16 [00:02<00:00,  5.52it/s, loss=1.2500]
Epoch 244/1000: 100% 16/16 [00:02<00:00,  5.51it/s, loss=1.2480]
Epoch 245/1000: 100% 16/16 [00:02<00:00,  5.49it/s, loss=1.2486]
Epoch 246/1000: 100% 16/16 [00:02<00:00,  5.46it/s, loss=1.2479]
Epoch 247/1000: 100% 16/16 [00:02<00:00,  5.48it/s, loss=1.2471]
Epoch 248/1000: 100% 16/16 [00:02<00:00,  5.48it/s, loss=1.2460]
Epoch 249/1000: 100% 16/16 [00:02<00:00,  5.49it/s, loss=1.2441]
Epoch 250/1000: 100% 16/16 [00:02<00:00,  5.47it/s, loss=1.2447]
2025-11-06 02:32:24,824 [INFO] Epoch 250/1000 | Time: 8.27s | Loss: 1.2447 | Eval Return: -1552.52
Epoch 251/1000: 100% 16/16 [00:02<00:00,  5.45it/s, loss=1.2441]
Epoch 252/1000: 100% 16/16 [00:02<00:00,  5.56it/s, loss=1.2435]
Epoch 253/1000: 100% 16/16 [00:02<00:00,  5.51it/s, loss=1.2420]
Epoch 254/1000: 100% 16/16 [00:02<00:00,  5.52it/s, loss=1.2422]
Epoch 255/1000: 100% 16/16 [00:02<00:00,  5.52it/s, loss=1.2408]
Epoch 256/1000: 100% 16/16 [00:02<00:00,  5.53it/s, loss=1.2396]
Epoch 257/1000: 100% 16/16 [00:02<00:00,  5.48it/s, loss=1.2374]
Epoch 258/1000: 100% 16/16 [00:02<00:00,  5.51it/s, loss=1.2384]
Epoch 259/1000: 100% 16/16 [00:02<00:00,  5.52it/s, loss=1.2377]
Epoch 260/1000: 100% 16/16 [00:02<00:00,  5.51it/s, loss=1.2374]
2025-11-06 02:32:59,622 [INFO] Epoch 260/1000 | Time: 8.65s | Loss: 1.2374 | Eval Return: -1625.82
Epoch 261/1000: 100% 16/16 [00:02<00:00,  5.45it/s, loss=1.2358]
Epoch 262/1000: 100% 16/16 [00:02<00:00,  5.55it/s, loss=1.2348]
Epoch 263/1000: 100% 16/16 [00:02<00:00,  5.50it/s, loss=1.2340]
Epoch 264/1000: 100% 16/16 [00:02<00:00,  5.50it/s, loss=1.2334]
Epoch 265/1000: 100% 16/16 [00:02<00:00,  5.50it/s, loss=1.2307]
Epoch 266/1000: 100% 16/16 [00:02<00:00,  5.48it/s, loss=1.2316]
Epoch 267/1000: 100% 16/16 [00:02<00:00,  5.44it/s, loss=1.2313]
Epoch 268/1000: 100% 16/16 [00:02<00:00,  5.43it/s, loss=1.2292]
Epoch 269/1000: 100% 16/16 [00:02<00:00,  5.44it/s, loss=1.2289]
Epoch 270/1000: 100% 16/16 [00:02<00:00,  5.46it/s, loss=1.2274]
2025-11-06 02:33:34,632 [INFO] Epoch 270/1000 | Time: 8.71s | Loss: 1.2274 | Eval Return: -1679.35
Epoch 271/1000: 100% 16/16 [00:02<00:00,  5.43it/s, loss=1.2272]
Epoch 272/1000: 100% 16/16 [00:02<00:00,  5.54it/s, loss=1.2256]
Epoch 273/1000: 100% 16/16 [00:02<00:00,  5.52it/s, loss=1.2258]
Epoch 274/1000: 100% 16/16 [00:02<00:00,  5.50it/s, loss=1.2267]
Epoch 275/1000: 100% 16/16 [00:02<00:00,  5.51it/s, loss=1.2236]
Epoch 276/1000: 100% 16/16 [00:02<00:00,  5.50it/s, loss=1.2240]
Epoch 277/1000: 100% 16/16 [00:02<00:00,  5.50it/s, loss=1.2225]
Epoch 278/1000: 100% 16/16 [00:02<00:00,  5.49it/s, loss=1.2235]
Epoch 279/1000: 100% 16/16 [00:02<00:00,  5.49it/s, loss=1.2200]
Epoch 280/1000: 100% 16/16 [00:02<00:00,  5.50it/s, loss=1.2197]
2025-11-06 02:34:09,283 [INFO] Epoch 280/1000 | Time: 8.44s | Loss: 1.2197 | Eval Return: -1549.59
Epoch 281/1000: 100% 16/16 [00:02<00:00,  5.37it/s, loss=1.2193]
Epoch 282/1000: 100% 16/16 [00:02<00:00,  5.54it/s, loss=1.2175]
Epoch 283/1000: 100% 16/16 [00:02<00:00,  5.53it/s, loss=1.2178]
Epoch 284/1000: 100% 16/16 [00:02<00:00,  5.52it/s, loss=1.2171]
Epoch 285/1000: 100% 16/16 [00:02<00:00,  5.48it/s, loss=1.2140]
Epoch 286/1000: 100% 16/16 [00:02<00:00,  5.49it/s, loss=1.2143]
Epoch 287/1000: 100% 16/16 [00:02<00:00,  5.46it/s, loss=1.2160]
Epoch 288/1000: 100% 16/16 [00:02<00:00,  5.46it/s, loss=1.2151]
Epoch 289/1000: 100% 16/16 [00:02<00:00,  5.42it/s, loss=1.2126]
Epoch 290/1000: 100% 16/16 [00:02<00:00,  5.46it/s, loss=1.2104]
2025-11-06 02:34:43,804 [INFO] Epoch 290/1000 | Time: 8.21s | Loss: 1.2104 | Eval Return: -1503.70
Epoch 291/1000: 100% 16/16 [00:02<00:00,  5.39it/s, loss=1.2069]
Epoch 292/1000: 100% 16/16 [00:02<00:00,  5.51it/s, loss=1.2108]
Epoch 293/1000: 100% 16/16 [00:02<00:00,  5.52it/s, loss=1.2105]
Epoch 294/1000: 100% 16/16 [00:02<00:00,  5.51it/s, loss=1.2072]
Epoch 295/1000: 100% 16/16 [00:02<00:00,  5.48it/s, loss=1.2087]
Epoch 296/1000: 100% 16/16 [00:02<00:00,  5.47it/s, loss=1.2044]
Epoch 297/1000: 100% 16/16 [00:02<00:00,  5.49it/s, loss=1.2037]
Epoch 298/1000: 100% 16/16 [00:02<00:00,  5.48it/s, loss=1.2056]
Epoch 299/1000: 100% 16/16 [00:02<00:00,  5.48it/s, loss=1.2046]
Epoch 300/1000: 100% 16/16 [00:02<00:00,  5.46it/s, loss=1.2016]
2025-11-06 02:35:18,403 [INFO] Epoch 300/1000 | Time: 8.32s | Loss: 1.2016 | Eval Return: -1505.79
Epoch 301/1000: 100% 16/16 [00:02<00:00,  5.41it/s, loss=1.2030]
Epoch 302/1000: 100% 16/16 [00:02<00:00,  5.50it/s, loss=1.1997]
Epoch 303/1000: 100% 16/16 [00:02<00:00,  5.53it/s, loss=1.2015]
Epoch 304/1000: 100% 16/16 [00:02<00:00,  5.51it/s, loss=1.2003]
Epoch 305/1000: 100% 16/16 [00:02<00:00,  5.50it/s, loss=1.1988]
Epoch 306/1000: 100% 16/16 [00:02<00:00,  5.46it/s, loss=1.1950]
Epoch 307/1000: 100% 16/16 [00:02<00:00,  5.46it/s, loss=1.1965]
Epoch 308/1000: 100% 16/16 [00:02<00:00,  5.47it/s, loss=1.1946]
Epoch 309/1000: 100% 16/16 [00:02<00:00,  5.46it/s, loss=1.1946]
Epoch 310/1000: 100% 16/16 [00:02<00:00,  5.46it/s, loss=1.1936]
2025-11-06 02:35:53,535 [INFO] Epoch 310/1000 | Time: 8.83s | Loss: 1.1936 | Eval Return: -1509.78
Epoch 311/1000: 100% 16/16 [00:02<00:00,  5.43it/s, loss=1.1926]
Epoch 312/1000: 100% 16/16 [00:02<00:00,  5.53it/s, loss=1.1913]
Epoch 313/1000: 100% 16/16 [00:02<00:00,  5.49it/s, loss=1.1926]
Epoch 314/1000: 100% 16/16 [00:02<00:00,  5.51it/s, loss=1.1907]
Epoch 315/1000: 100% 16/16 [00:02<00:00,  5.49it/s, loss=1.1891]
Epoch 316/1000: 100% 16/16 [00:02<00:00,  5.49it/s, loss=1.1885]
Epoch 317/1000: 100% 16/16 [00:02<00:00,  5.46it/s, loss=1.1882]
Epoch 318/1000: 100% 16/16 [00:02<00:00,  5.47it/s, loss=1.1898]
Epoch 319/1000: 100% 16/16 [00:02<00:00,  5.46it/s, loss=1.1851]
Epoch 320/1000: 100% 16/16 [00:02<00:00,  5.46it/s, loss=1.1856]
2025-11-06 02:36:28,930 [INFO] Epoch 320/1000 | Time: 9.11s | Loss: 1.1856 | Eval Return: -1615.63
Epoch 321/1000: 100% 16/16 [00:02<00:00,  5.42it/s, loss=1.1854]
Epoch 322/1000: 100% 16/16 [00:02<00:00,  5.53it/s, loss=1.1838]
Epoch 323/1000: 100% 16/16 [00:02<00:00,  5.50it/s, loss=1.1840]
Epoch 324/1000: 100% 16/16 [00:02<00:00,  5.49it/s, loss=1.1811]
Epoch 325/1000: 100% 16/16 [00:02<00:00,  5.49it/s, loss=1.1805]
Epoch 326/1000: 100% 16/16 [00:02<00:00,  5.47it/s, loss=1.1805]
Epoch 327/1000: 100% 16/16 [00:02<00:00,  5.46it/s, loss=1.1788]
Epoch 328/1000: 100% 16/16 [00:02<00:00,  5.45it/s, loss=1.1825]
Epoch 329/1000: 100% 16/16 [00:02<00:00,  5.47it/s, loss=1.1748]
Epoch 330/1000: 100% 16/16 [00:02<00:00,  5.47it/s, loss=1.1761]
2025-11-06 02:37:04,273 [INFO] Epoch 330/1000 | Time: 9.03s | Loss: 1.1761 | Eval Return: -1436.80
Epoch 331/1000: 100% 16/16 [00:02<00:00,  5.43it/s, loss=1.1755]
Epoch 332/1000: 100% 16/16 [00:02<00:00,  5.54it/s, loss=1.1752]
Epoch 333/1000: 100% 16/16 [00:02<00:00,  5.52it/s, loss=1.1735]
Epoch 334/1000: 100% 16/16 [00:02<00:00,  5.45it/s, loss=1.1718]
Epoch 335/1000: 100% 16/16 [00:02<00:00,  5.48it/s, loss=1.1702]
Epoch 336/1000: 100% 16/16 [00:02<00:00,  5.47it/s, loss=1.1720]
Epoch 337/1000: 100% 16/16 [00:02<00:00,  5.46it/s, loss=1.1739]
Epoch 338/1000: 100% 16/16 [00:02<00:00,  5.44it/s, loss=1.1700]
Epoch 339/1000: 100% 16/16 [00:02<00:00,  5.44it/s, loss=1.1702]
Epoch 340/1000: 100% 16/16 [00:02<00:00,  5.47it/s, loss=1.1670]
2025-11-06 02:37:39,256 [INFO] Epoch 340/1000 | Time: 8.65s | Loss: 1.1670 | Eval Return: -1547.55
Epoch 341/1000: 100% 16/16 [00:02<00:00,  5.41it/s, loss=1.1655]
Epoch 342/1000: 100% 16/16 [00:02<00:00,  5.54it/s, loss=1.1651]
Epoch 343/1000: 100% 16/16 [00:02<00:00,  5.53it/s, loss=1.1646]
Epoch 344/1000: 100% 16/16 [00:02<00:00,  5.52it/s, loss=1.1651]
Epoch 345/1000: 100% 16/16 [00:02<00:00,  5.48it/s, loss=1.1644]
Epoch 346/1000: 100% 16/16 [00:02<00:00,  5.50it/s, loss=1.1621]
Epoch 347/1000: 100% 16/16 [00:02<00:00,  5.49it/s, loss=1.1622]
Epoch 348/1000: 100% 16/16 [00:02<00:00,  5.49it/s, loss=1.1620]
Epoch 349/1000: 100% 16/16 [00:02<00:00,  5.46it/s, loss=1.1606]
Epoch 350/1000: 100% 16/16 [00:02<00:00,  5.48it/s, loss=1.1598]
2025-11-06 02:38:13,793 [INFO] Epoch 350/1000 | Time: 8.31s | Loss: 1.1598 | Eval Return: -1629.65
Epoch 351/1000: 100% 16/16 [00:02<00:00,  5.41it/s, loss=1.1581]
Epoch 352/1000: 100% 16/16 [00:02<00:00,  5.52it/s, loss=1.1561]
Epoch 353/1000: 100% 16/16 [00:02<00:00,  5.52it/s, loss=1.1579]
Epoch 354/1000: 100% 16/16 [00:02<00:00,  5.51it/s, loss=1.1558]
Epoch 355/1000: 100% 16/16 [00:02<00:00,  5.49it/s, loss=1.1551]
Epoch 356/1000: 100% 16/16 [00:02<00:00,  5.46it/s, loss=1.1546]
Epoch 357/1000: 100% 16/16 [00:02<00:00,  5.46it/s, loss=1.1558]
Epoch 358/1000: 100% 16/16 [00:02<00:00,  5.45it/s, loss=1.1512]
Epoch 359/1000: 100% 16/16 [00:02<00:00,  5.45it/s, loss=1.1499]
Epoch 360/1000: 100% 16/16 [00:02<00:00,  5.43it/s, loss=1.1499]
2025-11-06 02:38:48,466 [INFO] Epoch 360/1000 | Time: 8.35s | Loss: 1.1499 | Eval Return: -1502.44
Epoch 361/1000: 100% 16/16 [00:02<00:00,  5.41it/s, loss=1.1489]
Epoch 362/1000: 100% 16/16 [00:02<00:00,  5.50it/s, loss=1.1478]
Epoch 363/1000: 100% 16/16 [00:02<00:00,  5.49it/s, loss=1.1455]
Epoch 364/1000: 100% 16/16 [00:02<00:00,  5.50it/s, loss=1.1473]
Epoch 365/1000: 100% 16/16 [00:02<00:00,  5.48it/s, loss=1.1450]
Epoch 366/1000: 100% 16/16 [00:02<00:00,  5.48it/s, loss=1.1437]
Epoch 367/1000: 100% 16/16 [00:02<00:00,  5.48it/s, loss=1.1425]
Epoch 368/1000: 100% 16/16 [00:02<00:00,  5.49it/s, loss=1.1435]
Epoch 369/1000: 100% 16/16 [00:02<00:00,  5.49it/s, loss=1.1409]
Epoch 370/1000: 100% 16/16 [00:02<00:00,  5.48it/s, loss=1.1416]
2025-11-06 02:39:23,585 [INFO] Epoch 370/1000 | Time: 8.84s | Loss: 1.1416 | Eval Return: -1593.53
Epoch 371/1000: 100% 16/16 [00:02<00:00,  5.45it/s, loss=1.1400]
Epoch 372/1000: 100% 16/16 [00:02<00:00,  5.54it/s, loss=1.1391]
Epoch 373/1000: 100% 16/16 [00:02<00:00,  5.50it/s, loss=1.1370]
Epoch 374/1000: 100% 16/16 [00:02<00:00,  5.52it/s, loss=1.1350]
Epoch 375/1000: 100% 16/16 [00:02<00:00,  5.49it/s, loss=1.1356]
Epoch 376/1000: 100% 16/16 [00:02<00:00,  5.48it/s, loss=1.1346]
Epoch 377/1000: 100% 16/16 [00:02<00:00,  5.43it/s, loss=1.1348]
Epoch 378/1000: 100% 16/16 [00:02<00:00,  5.44it/s, loss=1.1338]
Epoch 379/1000: 100% 16/16 [00:02<00:00,  5.44it/s, loss=1.1335]
Epoch 380/1000: 100% 16/16 [00:02<00:00,  5.44it/s, loss=1.1319]
2025-11-06 02:39:59,007 [INFO] Epoch 380/1000 | Time: 9.11s | Loss: 1.1319 | Eval Return: -1595.70
Epoch 381/1000: 100% 16/16 [00:02<00:00,  5.42it/s, loss=1.1299]
Epoch 382/1000: 100% 16/16 [00:02<00:00,  5.52it/s, loss=1.1301]
Epoch 383/1000: 100% 16/16 [00:02<00:00,  5.49it/s, loss=1.1307]
Epoch 384/1000: 100% 16/16 [00:02<00:00,  5.49it/s, loss=1.1289]
Epoch 385/1000: 100% 16/16 [00:02<00:00,  5.49it/s, loss=1.1280]
Epoch 386/1000: 100% 16/16 [00:02<00:00,  5.48it/s, loss=1.1269]
Epoch 387/1000: 100% 16/16 [00:02<00:00,  5.46it/s, loss=1.1283]
Epoch 388/1000: 100% 16/16 [00:02<00:00,  5.45it/s, loss=1.1251]
Epoch 389/1000: 100% 16/16 [00:02<00:00,  5.49it/s, loss=1.1240]
Epoch 390/1000: 100% 16/16 [00:02<00:00,  5.49it/s, loss=1.1222]
2025-11-06 02:40:34,248 [INFO] Epoch 390/1000 | Time: 8.94s | Loss: 1.1222 | Eval Return: -1640.15
Epoch 391/1000: 100% 16/16 [00:02<00:00,  5.40it/s, loss=1.1206]
Epoch 392/1000: 100% 16/16 [00:02<00:00,  5.54it/s, loss=1.1222]
Epoch 393/1000: 100% 16/16 [00:02<00:00,  5.52it/s, loss=1.1232]
Epoch 394/1000: 100% 16/16 [00:02<00:00,  5.48it/s, loss=1.1189]
Epoch 395/1000: 100% 16/16 [00:02<00:00,  5.49it/s, loss=1.1186]
Epoch 396/1000: 100% 16/16 [00:02<00:00,  5.48it/s, loss=1.1234]
Epoch 397/1000: 100% 16/16 [00:02<00:00,  5.46it/s, loss=1.1150]
Epoch 398/1000: 100% 16/16 [00:02<00:00,  5.43it/s, loss=1.1169]
Epoch 399/1000: 100% 16/16 [00:02<00:00,  5.43it/s, loss=1.1169]
Epoch 400/1000: 100% 16/16 [00:02<00:00,  5.45it/s, loss=1.1147]
2025-11-06 02:41:09,205 [INFO] Epoch 400/1000 | Time: 8.62s | Loss: 1.1147 | Eval Return: -1512.40
Epoch 401/1000: 100% 16/16 [00:02<00:00,  5.34it/s, loss=1.1137]
Epoch 402/1000: 100% 16/16 [00:02<00:00,  5.52it/s, loss=1.1134]
Epoch 403/1000: 100% 16/16 [00:02<00:00,  5.51it/s, loss=1.1140]
Epoch 404/1000: 100% 16/16 [00:02<00:00,  5.50it/s, loss=1.1103]
Epoch 405/1000: 100% 16/16 [00:02<00:00,  5.47it/s, loss=1.1114]
Epoch 406/1000: 100% 16/16 [00:02<00:00,  5.48it/s, loss=1.1085]
Epoch 407/1000: 100% 16/16 [00:02<00:00,  5.47it/s, loss=1.1081]
Epoch 408/1000: 100% 16/16 [00:02<00:00,  5.47it/s, loss=1.1062]
Epoch 409/1000: 100% 16/16 [00:02<00:00,  5.45it/s, loss=1.1070]
Epoch 410/1000: 100% 16/16 [00:02<00:00,  5.48it/s, loss=1.1069]
2025-11-06 02:41:43,987 [INFO] Epoch 410/1000 | Time: 8.42s | Loss: 1.1069 | Eval Return: -1641.16
Epoch 411/1000: 100% 16/16 [00:02<00:00,  5.39it/s, loss=1.1070]
Epoch 412/1000: 100% 16/16 [00:02<00:00,  5.53it/s, loss=1.1062]
Epoch 413/1000: 100% 16/16 [00:02<00:00,  5.53it/s, loss=1.1035]
Epoch 414/1000: 100% 16/16 [00:02<00:00,  5.51it/s, loss=1.1018]
Epoch 415/1000: 100% 16/16 [00:02<00:00,  5.49it/s, loss=1.1010]
Epoch 416/1000: 100% 16/16 [00:02<00:00,  5.49it/s, loss=1.1005]
Epoch 417/1000: 100% 16/16 [00:02<00:00,  5.50it/s, loss=1.1003]
Epoch 418/1000: 100% 16/16 [00:02<00:00,  5.50it/s, loss=1.0992]
Epoch 419/1000: 100% 16/16 [00:02<00:00,  5.49it/s, loss=1.0991]
Epoch 420/1000: 100% 16/16 [00:02<00:00,  5.46it/s, loss=1.0996]
2025-11-06 02:42:18,550 [INFO] Epoch 420/1000 | Time: 8.33s | Loss: 1.0996 | Eval Return: -1567.28
Epoch 421/1000: 100% 16/16 [00:02<00:00,  5.42it/s, loss=1.0946]
Epoch 422/1000: 100% 16/16 [00:02<00:00,  5.51it/s, loss=1.0940]
Epoch 423/1000: 100% 16/16 [00:02<00:00,  5.52it/s, loss=1.0963]
Epoch 424/1000: 100% 16/16 [00:02<00:00,  5.52it/s, loss=1.0954]
Epoch 425/1000: 100% 16/16 [00:02<00:00,  5.52it/s, loss=1.0928]
Epoch 426/1000: 100% 16/16 [00:02<00:00,  5.49it/s, loss=1.0906]
Epoch 427/1000: 100% 16/16 [00:02<00:00,  5.49it/s, loss=1.0922]
Epoch 428/1000: 100% 16/16 [00:02<00:00,  5.51it/s, loss=1.0894]
Epoch 429/1000: 100% 16/16 [00:02<00:00,  5.50it/s, loss=1.0901]
Epoch 430/1000: 100% 16/16 [00:02<00:00,  5.49it/s, loss=1.0897]
2025-11-06 02:42:53,530 [INFO] Epoch 430/1000 | Time: 8.78s | Loss: 1.0897 | Eval Return: -1628.84
Epoch 431/1000: 100% 16/16 [00:02<00:00,  5.43it/s, loss=1.0878]
Epoch 432/1000: 100% 16/16 [00:02<00:00,  5.52it/s, loss=1.0878]
Epoch 433/1000: 100% 16/16 [00:02<00:00,  5.50it/s, loss=1.0866]
Epoch 434/1000: 100% 16/16 [00:02<00:00,  5.52it/s, loss=1.0860]
Epoch 435/1000: 100% 16/16 [00:02<00:00,  5.52it/s, loss=1.0848]
Epoch 436/1000: 100% 16/16 [00:02<00:00,  5.52it/s, loss=1.0839]
Epoch 437/1000: 100% 16/16 [00:02<00:00,  5.48it/s, loss=1.0824]
Epoch 438/1000: 100% 16/16 [00:02<00:00,  5.51it/s, loss=1.0794]
Epoch 439/1000: 100% 16/16 [00:02<00:00,  5.52it/s, loss=1.0808]
Epoch 440/1000: 100% 16/16 [00:02<00:00,  5.51it/s, loss=1.0825]
2025-11-06 02:43:28,696 [INFO] Epoch 440/1000 | Time: 8.99s | Loss: 1.0825 | Eval Return: -1551.00
Epoch 441/1000: 100% 16/16 [00:02<00:00,  5.44it/s, loss=1.0789]
Epoch 442/1000: 100% 16/16 [00:02<00:00,  5.57it/s, loss=1.0785]
Epoch 443/1000: 100% 16/16 [00:02<00:00,  5.55it/s, loss=1.0784]
Epoch 444/1000: 100% 16/16 [00:02<00:00,  5.53it/s, loss=1.0753]
Epoch 445/1000: 100% 16/16 [00:02<00:00,  5.55it/s, loss=1.0789]
Epoch 446/1000: 100% 16/16 [00:02<00:00,  5.54it/s, loss=1.0768]
Epoch 447/1000: 100% 16/16 [00:02<00:00,  5.54it/s, loss=1.0751]
Epoch 448/1000: 100% 16/16 [00:02<00:00,  5.51it/s, loss=1.0711]
Epoch 449/1000: 100% 16/16 [00:02<00:00,  5.54it/s, loss=1.0714]
Epoch 450/1000: 100% 16/16 [00:02<00:00,  5.53it/s, loss=1.0719]
2025-11-06 02:44:03,687 [INFO] Epoch 450/1000 | Time: 8.95s | Loss: 1.0719 | Eval Return: -1612.04
Epoch 451/1000: 100% 16/16 [00:02<00:00,  5.45it/s, loss=1.0705]
Epoch 452/1000: 100% 16/16 [00:02<00:00,  5.59it/s, loss=1.0693]
Epoch 453/1000: 100% 16/16 [00:02<00:00,  5.57it/s, loss=1.0656]
Epoch 454/1000: 100% 16/16 [00:02<00:00,  5.54it/s, loss=1.0670]
Epoch 455/1000: 100% 16/16 [00:02<00:00,  5.56it/s, loss=1.0673]
Epoch 456/1000: 100% 16/16 [00:02<00:00,  5.56it/s, loss=1.0666]
Epoch 457/1000: 100% 16/16 [00:02<00:00,  5.55it/s, loss=1.0650]
Epoch 458/1000: 100% 16/16 [00:02<00:00,  5.54it/s, loss=1.0671]
Epoch 459/1000: 100% 16/16 [00:02<00:00,  5.52it/s, loss=1.0638]
Epoch 460/1000: 100% 16/16 [00:02<00:00,  5.56it/s, loss=1.0631]
2025-11-06 02:44:38,093 [INFO] Epoch 460/1000 | Time: 8.41s | Loss: 1.0631 | Eval Return: -1687.51
Epoch 461/1000: 100% 16/16 [00:02<00:00,  5.39it/s, loss=1.0622]
Epoch 462/1000: 100% 16/16 [00:02<00:00,  5.59it/s, loss=1.0633]
Epoch 463/1000: 100% 16/16 [00:02<00:00,  5.60it/s, loss=1.0613]
Epoch 464/1000: 100% 16/16 [00:02<00:00,  5.60it/s, loss=1.0594]
Epoch 465/1000: 100% 16/16 [00:02<00:00,  5.56it/s, loss=1.0609]
Epoch 466/1000: 100% 16/16 [00:02<00:00,  5.57it/s, loss=1.0568]
Epoch 467/1000: 100% 16/16 [00:02<00:00,  5.57it/s, loss=1.0561]
Epoch 468/1000: 100% 16/16 [00:02<00:00,  5.57it/s, loss=1.0551]
Epoch 469/1000: 100% 16/16 [00:02<00:00,  5.54it/s, loss=1.0574]
Epoch 470/1000: 100% 16/16 [00:02<00:00,  5.54it/s, loss=1.0560]
2025-11-06 02:45:12,238 [INFO] Epoch 470/1000 | Time: 8.21s | Loss: 1.0560 | Eval Return: -1592.51
Epoch 471/1000: 100% 16/16 [00:02<00:00,  5.48it/s, loss=1.0526]
Epoch 472/1000: 100% 16/16 [00:02<00:00,  5.56it/s, loss=1.0536]
Epoch 473/1000: 100% 16/16 [00:02<00:00,  5.60it/s, loss=1.0534]
Epoch 474/1000: 100% 16/16 [00:02<00:00,  5.60it/s, loss=1.0521]
Epoch 475/1000: 100% 16/16 [00:02<00:00,  5.60it/s, loss=1.0518]
Epoch 476/1000: 100% 16/16 [00:02<00:00,  5.54it/s, loss=1.0527]
Epoch 477/1000: 100% 16/16 [00:02<00:00,  5.57it/s, loss=1.0503]
Epoch 478/1000: 100% 16/16 [00:02<00:00,  5.58it/s, loss=1.0471]
Epoch 479/1000: 100% 16/16 [00:02<00:00,  5.57it/s, loss=1.0487]
Epoch 480/1000: 100% 16/16 [00:02<00:00,  5.54it/s, loss=1.0469]
2025-11-06 02:45:46,433 [INFO] Epoch 480/1000 | Time: 8.31s | Loss: 1.0469 | Eval Return: -1549.20
Epoch 481/1000: 100% 16/16 [00:02<00:00,  5.47it/s, loss=1.0458]
Epoch 482/1000: 100% 16/16 [00:02<00:00,  5.59it/s, loss=1.0444]
Epoch 483/1000: 100% 16/16 [00:02<00:00,  5.58it/s, loss=1.0437]
Epoch 484/1000: 100% 16/16 [00:02<00:00,  5.62it/s, loss=1.0438]
Epoch 485/1000: 100% 16/16 [00:02<00:00,  5.61it/s, loss=1.0415]
Epoch 486/1000: 100% 16/16 [00:02<00:00,  5.59it/s, loss=1.0424]
Epoch 487/1000: 100% 16/16 [00:02<00:00,  5.55it/s, loss=1.0414]
Epoch 488/1000: 100% 16/16 [00:02<00:00,  5.59it/s, loss=1.0365]
Epoch 489/1000: 100% 16/16 [00:02<00:00,  5.57it/s, loss=1.0400]
Epoch 490/1000: 100% 16/16 [00:02<00:00,  5.58it/s, loss=1.0396]
2025-11-06 02:46:21,094 [INFO] Epoch 490/1000 | Time: 8.82s | Loss: 1.0396 | Eval Return: -1591.48
Epoch 491/1000: 100% 16/16 [00:02<00:00,  5.47it/s, loss=1.0383]
Epoch 492/1000: 100% 16/16 [00:02<00:00,  5.59it/s, loss=1.0374]
Epoch 493/1000: 100% 16/16 [00:02<00:00,  5.59it/s, loss=1.0343]
Epoch 494/1000: 100% 16/16 [00:02<00:00,  5.60it/s, loss=1.0338]
Epoch 495/1000: 100% 16/16 [00:02<00:00,  5.60it/s, loss=1.0325]
Epoch 496/1000: 100% 16/16 [00:02<00:00,  5.60it/s, loss=1.0329]
Epoch 497/1000: 100% 16/16 [00:02<00:00,  5.58it/s, loss=1.0312]
Epoch 498/1000: 100% 16/16 [00:02<00:00,  5.55it/s, loss=1.0335]
Epoch 499/1000: 100% 16/16 [00:02<00:00,  5.56it/s, loss=1.0321]
Epoch 500/1000: 100% 16/16 [00:02<00:00,  5.56it/s, loss=1.0278]
2025-11-06 02:46:56,002 [INFO] Epoch 500/1000 | Time: 9.06s | Loss: 1.0278 | Eval Return: -1601.69
Epoch 501/1000: 100% 16/16 [00:02<00:00,  5.43it/s, loss=1.0304]
Epoch 502/1000: 100% 16/16 [00:02<00:00,  5.60it/s, loss=1.0269]
Epoch 503/1000: 100% 16/16 [00:02<00:00,  5.60it/s, loss=1.0282]
Epoch 504/1000: 100% 16/16 [00:02<00:00,  5.55it/s, loss=1.0281]
Epoch 505/1000: 100% 16/16 [00:02<00:00,  5.57it/s, loss=1.0258]
Epoch 506/1000: 100% 16/16 [00:02<00:00,  5.57it/s, loss=1.0272]
Epoch 507/1000: 100% 16/16 [00:02<00:00,  5.59it/s, loss=1.0261]
Epoch 508/1000: 100% 16/16 [00:02<00:00,  5.56it/s, loss=1.0227]
Epoch 509/1000: 100% 16/16 [00:02<00:00,  5.55it/s, loss=1.0225]
Epoch 510/1000: 100% 16/16 [00:02<00:00,  5.57it/s, loss=1.0203]
2025-11-06 02:47:30,462 [INFO] Epoch 510/1000 | Time: 8.53s | Loss: 1.0203 | Eval Return: -1629.62
Epoch 511/1000: 100% 16/16 [00:02<00:00,  5.48it/s, loss=1.0219]
Epoch 512/1000: 100% 16/16 [00:02<00:00,  5.61it/s, loss=1.0211]
Epoch 513/1000: 100% 16/16 [00:02<00:00,  5.60it/s, loss=1.0216]
Epoch 514/1000: 100% 16/16 [00:02<00:00,  5.60it/s, loss=1.0197]
Epoch 515/1000: 100% 16/16 [00:02<00:00,  5.56it/s, loss=1.0163]
Epoch 516/1000: 100% 16/16 [00:02<00:00,  5.60it/s, loss=1.0168]
Epoch 517/1000: 100% 16/16 [00:02<00:00,  5.60it/s, loss=1.0185]
Epoch 518/1000: 100% 16/16 [00:02<00:00,  5.59it/s, loss=1.0170]
Epoch 519/1000: 100% 16/16 [00:02<00:00,  5.55it/s, loss=1.0157]
Epoch 520/1000: 100% 16/16 [00:02<00:00,  5.55it/s, loss=1.0147]
2025-11-06 02:48:04,978 [INFO] Epoch 520/1000 | Time: 8.68s | Loss: 1.0147 | Eval Return: -1599.94
Epoch 521/1000: 100% 16/16 [00:02<00:00,  5.45it/s, loss=1.0125]
Epoch 522/1000: 100% 16/16 [00:02<00:00,  5.60it/s, loss=1.0146]
Epoch 523/1000: 100% 16/16 [00:02<00:00,  5.60it/s, loss=1.0107]
Epoch 524/1000: 100% 16/16 [00:02<00:00,  5.60it/s, loss=1.0115]
Epoch 525/1000: 100% 16/16 [00:02<00:00,  5.60it/s, loss=1.0090]
Epoch 526/1000: 100% 16/16 [00:02<00:00,  5.57it/s, loss=1.0100]
Epoch 527/1000: 100% 16/16 [00:02<00:00,  5.59it/s, loss=1.0106]
Epoch 528/1000: 100% 16/16 [00:02<00:00,  5.59it/s, loss=1.0068]
Epoch 529/1000: 100% 16/16 [00:02<00:00,  5.58it/s, loss=1.0070]
Epoch 530/1000: 100% 16/16 [00:02<00:00,  5.56it/s, loss=1.0055]
2025-11-06 02:48:39,679 [INFO] Epoch 530/1000 | Time: 8.87s | Loss: 1.0055 | Eval Return: -1645.74
Epoch 531/1000: 100% 16/16 [00:02<00:00,  5.52it/s, loss=1.0043]
Epoch 532/1000: 100% 16/16 [00:02<00:00,  5.62it/s, loss=1.0071]
Epoch 533/1000: 100% 16/16 [00:02<00:00,  5.60it/s, loss=1.0043]
Epoch 534/1000: 100% 16/16 [00:02<00:00,  5.60it/s, loss=1.0028]
Epoch 535/1000: 100% 16/16 [00:02<00:00,  5.60it/s, loss=1.0031]
Epoch 536/1000: 100% 16/16 [00:02<00:00,  5.59it/s, loss=1.0027]
Epoch 537/1000: 100% 16/16 [00:02<00:00,  5.57it/s, loss=1.0009]
Epoch 538/1000: 100% 16/16 [00:02<00:00,  5.60it/s, loss=1.0040]
Epoch 539/1000: 100% 16/16 [00:02<00:00,  5.60it/s, loss=0.9994]
Epoch 540/1000: 100% 16/16 [00:02<00:00,  5.60it/s, loss=0.9986]
2025-11-06 02:49:14,652 [INFO] Epoch 540/1000 | Time: 9.20s | Loss: 0.9986 | Eval Return: -1499.92
Epoch 541/1000: 100% 16/16 [00:02<00:00,  5.50it/s, loss=0.9983]
Epoch 542/1000: 100% 16/16 [00:02<00:00,  5.62it/s, loss=0.9976]
Epoch 543/1000: 100% 16/16 [00:02<00:00,  5.60it/s, loss=0.9960]
Epoch 544/1000: 100% 16/16 [00:02<00:00,  5.61it/s, loss=0.9949]
Epoch 545/1000: 100% 16/16 [00:02<00:00,  5.60it/s, loss=0.9954]
Epoch 546/1000: 100% 16/16 [00:02<00:00,  5.60it/s, loss=0.9944]
Epoch 547/1000: 100% 16/16 [00:02<00:00,  5.59it/s, loss=0.9903]
Epoch 548/1000: 100% 16/16 [00:02<00:00,  5.59it/s, loss=0.9905]
Epoch 549/1000: 100% 16/16 [00:02<00:00,  5.60it/s, loss=0.9901]
Epoch 550/1000: 100% 16/16 [00:02<00:00,  5.59it/s, loss=0.9895]
2025-11-06 02:49:49,560 [INFO] Epoch 550/1000 | Time: 9.14s | Loss: 0.9895 | Eval Return: -1671.84
Epoch 551/1000: 100% 16/16 [00:02<00:00,  5.44it/s, loss=0.9892]
Epoch 552/1000: 100% 16/16 [00:02<00:00,  5.63it/s, loss=0.9891]
Epoch 553/1000: 100% 16/16 [00:02<00:00,  5.61it/s, loss=0.9885]
Epoch 554/1000: 100% 16/16 [00:02<00:00,  5.58it/s, loss=0.9895]
Epoch 555/1000: 100% 16/16 [00:02<00:00,  5.62it/s, loss=0.9856]
Epoch 556/1000: 100% 16/16 [00:02<00:00,  5.60it/s, loss=0.9843]
Epoch 557/1000: 100% 16/16 [00:02<00:00,  5.60it/s, loss=0.9850]
Epoch 558/1000: 100% 16/16 [00:02<00:00,  5.58it/s, loss=0.9846]
Epoch 559/1000: 100% 16/16 [00:02<00:00,  5.57it/s, loss=0.9857]
Epoch 560/1000: 100% 16/16 [00:02<00:00,  5.60it/s, loss=0.9843]
2025-11-06 02:50:24,013 [INFO] Epoch 560/1000 | Time: 8.63s | Loss: 0.9843 | Eval Return: -1607.23
Epoch 561/1000: 100% 16/16 [00:02<00:00,  5.47it/s, loss=0.9799]
Epoch 562/1000: 100% 16/16 [00:02<00:00,  5.61it/s, loss=0.9809]
Epoch 563/1000: 100% 16/16 [00:02<00:00,  5.60it/s, loss=0.9787]
Epoch 564/1000: 100% 16/16 [00:02<00:00,  5.60it/s, loss=0.9798]
Epoch 565/1000: 100% 16/16 [00:02<00:00,  5.58it/s, loss=0.9802]
Epoch 566/1000: 100% 16/16 [00:02<00:00,  5.60it/s, loss=0.9787]
Epoch 567/1000: 100% 16/16 [00:02<00:00,  5.60it/s, loss=0.9777]
Epoch 568/1000: 100% 16/16 [00:02<00:00,  5.59it/s, loss=0.9785]
Epoch 569/1000: 100% 16/16 [00:02<00:00,  5.58it/s, loss=0.9790]
Epoch 570/1000: 100% 16/16 [00:02<00:00,  5.57it/s, loss=0.9746]
2025-11-06 02:50:58,326 [INFO] Epoch 570/1000 | Time: 8.50s | Loss: 0.9746 | Eval Return: -1588.80
Epoch 571/1000: 100% 16/16 [00:02<00:00,  5.45it/s, loss=0.9760]
Epoch 572/1000: 100% 16/16 [00:02<00:00,  5.59it/s, loss=0.9731]
Epoch 573/1000: 100% 16/16 [00:02<00:00,  5.60it/s, loss=0.9776]
Epoch 574/1000: 100% 16/16 [00:02<00:00,  5.60it/s, loss=0.9701]
Epoch 575/1000: 100% 16/16 [00:02<00:00,  5.60it/s, loss=0.9719]
Epoch 576/1000: 100% 16/16 [00:02<00:00,  5.58it/s, loss=0.9723]
Epoch 577/1000: 100% 16/16 [00:02<00:00,  5.61it/s, loss=0.9712]
Epoch 578/1000: 100% 16/16 [00:02<00:00,  5.61it/s, loss=0.9683]
Epoch 579/1000: 100% 16/16 [00:02<00:00,  5.60it/s, loss=0.9725]
Epoch 580/1000: 100% 16/16 [00:02<00:00,  5.57it/s, loss=0.9687]
2025-11-06 02:51:33,042 [INFO] Epoch 580/1000 | Time: 8.91s | Loss: 0.9687 | Eval Return: -1506.17
Epoch 581/1000: 100% 16/16 [00:02<00:00,  5.49it/s, loss=0.9661]
Epoch 582/1000: 100% 16/16 [00:02<00:00,  5.58it/s, loss=0.9683]
Epoch 583/1000: 100% 16/16 [00:02<00:00,  5.62it/s, loss=0.9665]
Epoch 584/1000: 100% 16/16 [00:02<00:00,  5.60it/s, loss=0.9650]
Epoch 585/1000: 100% 16/16 [00:02<00:00,  5.60it/s, loss=0.9623]
Epoch 586/1000: 100% 16/16 [00:02<00:00,  5.59it/s, loss=0.9662]
Epoch 587/1000: 100% 16/16 [00:02<00:00,  5.57it/s, loss=0.9612]
Epoch 588/1000: 100% 16/16 [00:02<00:00,  5.59it/s, loss=0.9617]
Epoch 589/1000: 100% 16/16 [00:02<00:00,  5.58it/s, loss=0.9626]
Epoch 590/1000: 100% 16/16 [00:02<00:00,  5.59it/s, loss=0.9604]
2025-11-06 02:52:07,929 [INFO] Epoch 590/1000 | Time: 9.06s | Loss: 0.9604 | Eval Return: -1721.11
Epoch 591/1000: 100% 16/16 [00:02<00:00,  5.46it/s, loss=0.9598]
Epoch 592/1000: 100% 16/16 [00:02<00:00,  5.61it/s, loss=0.9598]
Epoch 593/1000: 100% 16/16 [00:02<00:00,  5.60it/s, loss=0.9604]
Epoch 594/1000: 100% 16/16 [00:02<00:00,  5.59it/s, loss=0.9597]
Epoch 595/1000: 100% 16/16 [00:02<00:00,  5.60it/s, loss=0.9591]
Epoch 596/1000: 100% 16/16 [00:02<00:00,  5.60it/s, loss=0.9573]
Epoch 597/1000: 100% 16/16 [00:02<00:00,  5.60it/s, loss=0.9572]
Epoch 598/1000: 100% 16/16 [00:02<00:00,  5.58it/s, loss=0.9532]
Epoch 599/1000: 100% 16/16 [00:02<00:00,  5.58it/s, loss=0.9517]
Epoch 600/1000: 100% 16/16 [00:02<00:00,  5.60it/s, loss=0.9527]
2025-11-06 02:52:42,744 [INFO] Epoch 600/1000 | Time: 9.00s | Loss: 0.9527 | Eval Return: -1635.66
Epoch 601/1000: 100% 16/16 [00:02<00:00,  5.48it/s, loss=0.9553]
Epoch 602/1000: 100% 16/16 [00:02<00:00,  5.61it/s, loss=0.9534]
Epoch 603/1000: 100% 16/16 [00:02<00:00,  5.62it/s, loss=0.9522]
Epoch 604/1000: 100% 16/16 [00:02<00:00,  5.58it/s, loss=0.9499]
Epoch 605/1000: 100% 16/16 [00:02<00:00,  5.60it/s, loss=0.9503]
Epoch 606/1000: 100% 16/16 [00:02<00:00,  5.60it/s, loss=0.9486]
Epoch 607/1000: 100% 16/16 [00:02<00:00,  5.59it/s, loss=0.9504]
Epoch 608/1000: 100% 16/16 [00:02<00:00,  5.58it/s, loss=0.9437]
Epoch 609/1000: 100% 16/16 [00:02<00:00,  5.58it/s, loss=0.9492]
Epoch 610/1000: 100% 16/16 [00:02<00:00,  5.58it/s, loss=0.9444]
2025-11-06 02:53:17,007 [INFO] Epoch 610/1000 | Time: 8.45s | Loss: 0.9444 | Eval Return: -1510.88
Epoch 611/1000: 100% 16/16 [00:02<00:00,  5.46it/s, loss=0.9452]
Epoch 612/1000: 100% 16/16 [00:02<00:00,  5.60it/s, loss=0.9420]
Epoch 613/1000: 100% 16/16 [00:02<00:00,  5.59it/s, loss=0.9457]
Epoch 614/1000: 100% 16/16 [00:02<00:00,  5.61it/s, loss=0.9420]
Epoch 615/1000: 100% 16/16 [00:02<00:00,  5.55it/s, loss=0.9443]
Epoch 616/1000: 100% 16/16 [00:02<00:00,  5.60it/s, loss=0.9390]
Epoch 617/1000: 100% 16/16 [00:02<00:00,  5.61it/s, loss=0.9387]
Epoch 618/1000: 100% 16/16 [00:02<00:00,  5.60it/s, loss=0.9393]
Epoch 619/1000: 100% 16/16 [00:02<00:00,  5.59it/s, loss=0.9405]
Epoch 620/1000: 100% 16/16 [00:02<00:00,  5.56it/s, loss=0.9372]
2025-11-06 02:53:51,346 [INFO] Epoch 620/1000 | Time: 8.52s | Loss: 0.9372 | Eval Return: -1538.44
Epoch 621/1000: 100% 16/16 [00:02<00:00,  5.48it/s, loss=0.9359]
Epoch 622/1000: 100% 16/16 [00:02<00:00,  5.58it/s, loss=0.9350]
Epoch 623/1000: 100% 16/16 [00:02<00:00,  5.62it/s, loss=0.9351]
Epoch 624/1000: 100% 16/16 [00:02<00:00,  5.60it/s, loss=0.9356]
Epoch 625/1000: 100% 16/16 [00:02<00:00,  5.59it/s, loss=0.9330]
Epoch 626/1000: 100% 16/16 [00:02<00:00,  5.57it/s, loss=0.9382]
Epoch 627/1000: 100% 16/16 [00:02<00:00,  5.58it/s, loss=0.9346]
Epoch 628/1000: 100% 16/16 [00:02<00:00,  5.58it/s, loss=0.9316]
Epoch 629/1000: 100% 16/16 [00:02<00:00,  5.60it/s, loss=0.9324]
Epoch 630/1000: 100% 16/16 [00:02<00:00,  5.58it/s, loss=0.9348]
2025-11-06 02:54:26,296 [INFO] Epoch 630/1000 | Time: 9.12s | Loss: 0.9348 | Eval Return: -1615.38
Epoch 631/1000: 100% 16/16 [00:02<00:00,  5.46it/s, loss=0.9294]
Epoch 632/1000: 100% 16/16 [00:02<00:00,  5.60it/s, loss=0.9278]
Epoch 633/1000: 100% 16/16 [00:02<00:00,  5.59it/s, loss=0.9277]
Epoch 634/1000: 100% 16/16 [00:02<00:00,  5.60it/s, loss=0.9276]
Epoch 635/1000: 100% 16/16 [00:02<00:00,  5.60it/s, loss=0.9280]
Epoch 636/1000: 100% 16/16 [00:02<00:00,  5.60it/s, loss=0.9304]
Epoch 637/1000: 100% 16/16 [00:02<00:00,  5.57it/s, loss=0.9276]
Epoch 638/1000: 100% 16/16 [00:02<00:00,  5.58it/s, loss=0.9236]
Epoch 639/1000: 100% 16/16 [00:02<00:00,  5.59it/s, loss=0.9275]
Epoch 640/1000: 100% 16/16 [00:02<00:00,  5.59it/s, loss=0.9250]
2025-11-06 02:55:01,596 [INFO] Epoch 640/1000 | Time: 9.47s | Loss: 0.9250 | Eval Return: -1588.07
Epoch 641/1000: 100% 16/16 [00:02<00:00,  5.49it/s, loss=0.9256]
Epoch 642/1000: 100% 16/16 [00:02<00:00,  5.63it/s, loss=0.9223]
Epoch 643/1000: 100% 16/16 [00:02<00:00,  5.60it/s, loss=0.9225]
Epoch 644/1000: 100% 16/16 [00:02<00:00,  5.60it/s, loss=0.9216]
Epoch 645/1000: 100% 16/16 [00:02<00:00,  5.59it/s, loss=0.9237]
Epoch 646/1000: 100% 16/16 [00:02<00:00,  5.60it/s, loss=0.9228]
Epoch 647/1000: 100% 16/16 [00:02<00:00,  5.59it/s, loss=0.9191]
Epoch 648/1000: 100% 16/16 [00:02<00:00,  5.58it/s, loss=0.9190]
Epoch 649/1000: 100% 16/16 [00:02<00:00,  5.59it/s, loss=0.9186]
Epoch 650/1000: 100% 16/16 [00:02<00:00,  5.59it/s, loss=0.9165]
2025-11-06 02:55:36,610 [INFO] Epoch 650/1000 | Time: 9.22s | Loss: 0.9165 | Eval Return: -1614.80
Epoch 651/1000: 100% 16/16 [00:02<00:00,  5.48it/s, loss=0.9147]
Epoch 652/1000: 100% 16/16 [00:02<00:00,  5.62it/s, loss=0.9143]
Epoch 653/1000: 100% 16/16 [00:02<00:00,  5.61it/s, loss=0.9150]
Epoch 654/1000: 100% 16/16 [00:02<00:00,  5.58it/s, loss=0.9144]
Epoch 655/1000: 100% 16/16 [00:02<00:00,  5.62it/s, loss=0.9142]
Epoch 656/1000: 100% 16/16 [00:02<00:00,  5.60it/s, loss=0.9127]
Epoch 657/1000: 100% 16/16 [00:02<00:00,  5.60it/s, loss=0.9146]
Epoch 658/1000: 100% 16/16 [00:02<00:00,  5.58it/s, loss=0.9124]
Epoch 659/1000: 100% 16/16 [00:02<00:00,  5.58it/s, loss=0.9104]
Epoch 660/1000: 100% 16/16 [00:02<00:00,  5.60it/s, loss=0.9104]
2025-11-06 02:56:11,023 [INFO] Epoch 660/1000 | Time: 8.62s | Loss: 0.9104 | Eval Return: -1622.22
Epoch 661/1000: 100% 16/16 [00:02<00:00,  5.45it/s, loss=0.9103]
Epoch 662/1000: 100% 16/16 [00:02<00:00,  5.61it/s, loss=0.9123]
Epoch 663/1000: 100% 16/16 [00:02<00:00,  5.61it/s, loss=0.9124]
Epoch 664/1000: 100% 16/16 [00:02<00:00,  5.61it/s, loss=0.9108]
Epoch 665/1000: 100% 16/16 [00:02<00:00,  5.58it/s, loss=0.9083]
Epoch 666/1000: 100% 16/16 [00:02<00:00,  5.60it/s, loss=0.9052]
Epoch 667/1000: 100% 16/16 [00:02<00:00,  5.59it/s, loss=0.9073]
Epoch 668/1000: 100% 16/16 [00:02<00:00,  5.61it/s, loss=0.9027]
Epoch 669/1000: 100% 16/16 [00:02<00:00,  5.59it/s, loss=0.9039]
Epoch 670/1000: 100% 16/16 [00:02<00:00,  5.59it/s, loss=0.9012]
2025-11-06 02:56:45,244 [INFO] Epoch 670/1000 | Time: 8.42s | Loss: 0.9012 | Eval Return: -1480.17
Epoch 671/1000: 100% 16/16 [00:02<00:00,  5.47it/s, loss=0.9014]
Epoch 672/1000: 100% 16/16 [00:02<00:00,  5.58it/s, loss=0.9019]
Epoch 673/1000: 100% 16/16 [00:02<00:00,  5.61it/s, loss=0.9031]
Epoch 674/1000: 100% 16/16 [00:02<00:00,  5.60it/s, loss=0.9027]
Epoch 675/1000: 100% 16/16 [00:02<00:00,  5.59it/s, loss=0.9029]
Epoch 676/1000: 100% 16/16 [00:02<00:00,  5.58it/s, loss=0.8967]
Epoch 677/1000: 100% 16/16 [00:02<00:00,  5.59it/s, loss=0.8978]
Epoch 678/1000: 100% 16/16 [00:02<00:00,  5.60it/s, loss=0.8990]
Epoch 679/1000: 100% 16/16 [00:02<00:00,  5.59it/s, loss=0.8983]
Epoch 680/1000: 100% 16/16 [00:02<00:00,  5.58it/s, loss=0.8979]
2025-11-06 02:57:20,182 [INFO] Epoch 680/1000 | Time: 9.13s | Loss: 0.8979 | Eval Return: -1607.28
Epoch 681/1000: 100% 16/16 [00:02<00:00,  5.47it/s, loss=0.8959]
Epoch 682/1000: 100% 16/16 [00:02<00:00,  5.63it/s, loss=0.8977]
Epoch 683/1000: 100% 16/16 [00:02<00:00,  5.60it/s, loss=0.8943]
Epoch 684/1000: 100% 16/16 [00:02<00:00,  5.59it/s, loss=0.8924]
Epoch 685/1000: 100% 16/16 [00:02<00:00,  5.60it/s, loss=0.8951]
Epoch 686/1000: 100% 16/16 [00:02<00:00,  5.60it/s, loss=0.8932]
Epoch 687/1000: 100% 16/16 [00:02<00:00,  5.56it/s, loss=0.8928]
Epoch 688/1000: 100% 16/16 [00:02<00:00,  5.59it/s, loss=0.8905]
Epoch 689/1000: 100% 16/16 [00:02<00:00,  5.59it/s, loss=0.8918]
Epoch 690/1000: 100% 16/16 [00:02<00:00,  5.60it/s, loss=0.8890]
2025-11-06 02:57:55,106 [INFO] Epoch 690/1000 | Time: 9.12s | Loss: 0.8890 | Eval Return: -1492.74
Epoch 691/1000: 100% 16/16 [00:02<00:00,  5.49it/s, loss=0.8888]
Epoch 692/1000: 100% 16/16 [00:02<00:00,  5.63it/s, loss=0.8903]
Epoch 693/1000: 100% 16/16 [00:02<00:00,  5.60it/s, loss=0.8880]
Epoch 694/1000: 100% 16/16 [00:02<00:00,  5.61it/s, loss=0.8888]
Epoch 695/1000: 100% 16/16 [00:02<00:00,  5.60it/s, loss=0.8855]
Epoch 696/1000: 100% 16/16 [00:02<00:00,  5.60it/s, loss=0.8853]
Epoch 697/1000: 100% 16/16 [00:02<00:00,  5.60it/s, loss=0.8857]
Epoch 698/1000: 100% 16/16 [00:02<00:00,  5.59it/s, loss=0.8862]
Epoch 699/1000: 100% 16/16 [00:02<00:00,  5.62it/s, loss=0.8861]
Epoch 700/1000: 100% 16/16 [00:02<00:00,  5.60it/s, loss=0.8841]
2025-11-06 02:58:29,720 [INFO] Epoch 700/1000 | Time: 8.86s | Loss: 0.8841 | Eval Return: -1610.04
Epoch 701/1000: 100% 16/16 [00:02<00:00,  5.48it/s, loss=0.8850]
Epoch 702/1000: 100% 16/16 [00:02<00:00,  5.63it/s, loss=0.8831]
Epoch 703/1000: 100% 16/16 [00:02<00:00,  5.62it/s, loss=0.8806]
Epoch 704/1000: 100% 16/16 [00:02<00:00,  5.61it/s, loss=0.8794]
Epoch 705/1000: 100% 16/16 [00:02<00:00,  5.60it/s, loss=0.8830]
Epoch 706/1000: 100% 16/16 [00:02<00:00,  5.60it/s, loss=0.8776]
Epoch 707/1000: 100% 16/16 [00:02<00:00,  5.60it/s, loss=0.8773]
Epoch 708/1000: 100% 16/16 [00:02<00:00,  5.60it/s, loss=0.8774]
Epoch 709/1000: 100% 16/16 [00:02<00:00,  5.60it/s, loss=0.8794]
Epoch 710/1000: 100% 16/16 [00:02<00:00,  5.61it/s, loss=0.8747]
2025-11-06 02:59:03,869 [INFO] Epoch 710/1000 | Time: 8.37s | Loss: 0.8747 | Eval Return: -1533.06
Epoch 711/1000: 100% 16/16 [00:02<00:00,  5.47it/s, loss=0.8753]
Epoch 712/1000: 100% 16/16 [00:02<00:00,  5.61it/s, loss=0.8774]
Epoch 713/1000: 100% 16/16 [00:02<00:00,  5.61it/s, loss=0.8753]
Epoch 714/1000: 100% 16/16 [00:02<00:00,  5.61it/s, loss=0.8738]
Epoch 715/1000: 100% 16/16 [00:02<00:00,  5.59it/s, loss=0.8756]
Epoch 716/1000: 100% 16/16 [00:02<00:00,  5.60it/s, loss=0.8740]
Epoch 717/1000: 100% 16/16 [00:02<00:00,  5.60it/s, loss=0.8710]
Epoch 718/1000: 100% 16/16 [00:02<00:00,  5.60it/s, loss=0.8678]
Epoch 719/1000: 100% 16/16 [00:02<00:00,  5.60it/s, loss=0.8704]
Epoch 720/1000: 100% 16/16 [00:02<00:00,  5.59it/s, loss=0.8688]
2025-11-06 02:59:38,028 [INFO] Epoch 720/1000 | Time: 8.38s | Loss: 0.8688 | Eval Return: -1657.93
Epoch 721/1000: 100% 16/16 [00:02<00:00,  5.49it/s, loss=0.8706]
Epoch 722/1000: 100% 16/16 [00:02<00:00,  5.62it/s, loss=0.8697]
Epoch 723/1000: 100% 16/16 [00:02<00:00,  5.60it/s, loss=0.8709]
Epoch 724/1000: 100% 16/16 [00:02<00:00,  5.61it/s, loss=0.8672]
Epoch 725/1000: 100% 16/16 [00:02<00:00,  5.60it/s, loss=0.8704]
Epoch 726/1000: 100% 16/16 [00:02<00:00,  5.62it/s, loss=0.8673]
Epoch 727/1000: 100% 16/16 [00:02<00:00,  5.60it/s, loss=0.8651]
Epoch 728/1000: 100% 16/16 [00:02<00:00,  5.61it/s, loss=0.8635]
Epoch 729/1000: 100% 16/16 [00:02<00:00,  5.59it/s, loss=0.8662]
Epoch 730/1000: 100% 16/16 [00:02<00:00,  5.61it/s, loss=0.8615]
2025-11-06 03:00:12,765 [INFO] Epoch 730/1000 | Time: 8.99s | Loss: 0.8615 | Eval Return: -1620.32
Epoch 731/1000: 100% 16/16 [00:02<00:00,  5.47it/s, loss=0.8639]
Epoch 732/1000: 100% 16/16 [00:02<00:00,  5.62it/s, loss=0.8625]
Epoch 733/1000: 100% 16/16 [00:02<00:00,  5.62it/s, loss=0.8623]
Epoch 734/1000: 100% 16/16 [00:02<00:00,  5.61it/s, loss=0.8611]
Epoch 735/1000: 100% 16/16 [00:02<00:00,  5.60it/s, loss=0.8602]
Epoch 736/1000: 100% 16/16 [00:02<00:00,  5.60it/s, loss=0.8640]
Epoch 737/1000: 100% 16/16 [00:02<00:00,  5.59it/s, loss=0.8608]
Epoch 738/1000: 100% 16/16 [00:02<00:00,  5.61it/s, loss=0.8570]
Epoch 739/1000: 100% 16/16 [00:02<00:00,  5.60it/s, loss=0.8582]
Epoch 740/1000: 100% 16/16 [00:02<00:00,  5.60it/s, loss=0.8572]
2025-11-06 03:00:47,442 [INFO] Epoch 740/1000 | Time: 8.91s | Loss: 0.8572 | Eval Return: -1528.13
Epoch 741/1000: 100% 16/16 [00:02<00:00,  5.52it/s, loss=0.8597]
Epoch 742/1000: 100% 16/16 [00:02<00:00,  5.62it/s, loss=0.8556]
Epoch 743/1000: 100% 16/16 [00:02<00:00,  5.61it/s, loss=0.8577]
Epoch 744/1000: 100% 16/16 [00:02<00:00,  5.58it/s, loss=0.8607]
Epoch 745/1000: 100% 16/16 [00:02<00:00,  5.60it/s, loss=0.8528]
Epoch 746/1000: 100% 16/16 [00:02<00:00,  5.59it/s, loss=0.8555]
Epoch 747/1000: 100% 16/16 [00:02<00:00,  5.60it/s, loss=0.8541]
Epoch 748/1000: 100% 16/16 [00:02<00:00,  5.58it/s, loss=0.8525]
Epoch 749/1000: 100% 16/16 [00:02<00:00,  5.59it/s, loss=0.8515]
Epoch 750/1000: 100% 16/16 [00:02<00:00,  5.59it/s, loss=0.8524]
2025-11-06 03:01:21,726 [INFO] Epoch 750/1000 | Time: 8.52s | Loss: 0.8524 | Eval Return: -1639.38
Epoch 751/1000: 100% 16/16 [00:02<00:00,  5.43it/s, loss=0.8511]
Epoch 752/1000: 100% 16/16 [00:02<00:00,  5.61it/s, loss=0.8513]
Epoch 753/1000: 100% 16/16 [00:02<00:00,  5.62it/s, loss=0.8503]
Epoch 754/1000: 100% 16/16 [00:02<00:00,  5.60it/s, loss=0.8496]
Epoch 755/1000: 100% 16/16 [00:02<00:00,  5.60it/s, loss=0.8484]
Epoch 756/1000: 100% 16/16 [00:02<00:00,  5.60it/s, loss=0.8536]
Epoch 757/1000: 100% 16/16 [00:02<00:00,  5.60it/s, loss=0.8460]
Epoch 758/1000: 100% 16/16 [00:02<00:00,  5.60it/s, loss=0.8488]
Epoch 759/1000: 100% 16/16 [00:02<00:00,  5.57it/s, loss=0.8488]
Epoch 760/1000: 100% 16/16 [00:02<00:00,  5.59it/s, loss=0.8448]
2025-11-06 03:01:55,841 [INFO] Epoch 760/1000 | Time: 8.30s | Loss: 0.8448 | Eval Return: -1547.80
Epoch 761/1000: 100% 16/16 [00:02<00:00,  5.51it/s, loss=0.8457]
Epoch 762/1000: 100% 16/16 [00:02<00:00,  5.60it/s, loss=0.8456]
Epoch 763/1000: 100% 16/16 [00:02<00:00,  5.60it/s, loss=0.8438]
Epoch 764/1000: 100% 16/16 [00:02<00:00,  5.60it/s, loss=0.8403]
Epoch 765/1000: 100% 16/16 [00:02<00:00,  5.62it/s, loss=0.8419]
Epoch 766/1000: 100% 16/16 [00:02<00:00,  5.59it/s, loss=0.8436]
Epoch 767/1000: 100% 16/16 [00:02<00:00,  5.60it/s, loss=0.8372]
Epoch 768/1000: 100% 16/16 [00:02<00:00,  5.60it/s, loss=0.8385]
Epoch 769/1000: 100% 16/16 [00:02<00:00,  5.60it/s, loss=0.8401]
Epoch 770/1000: 100% 16/16 [00:02<00:00,  5.57it/s, loss=0.8407]
2025-11-06 03:02:30,016 [INFO] Epoch 770/1000 | Time: 8.42s | Loss: 0.8407 | Eval Return: -1492.10
Epoch 771/1000: 100% 16/16 [00:02<00:00,  5.52it/s, loss=0.8428]
Epoch 772/1000: 100% 16/16 [00:02<00:00,  5.60it/s, loss=0.8365]
Epoch 773/1000: 100% 16/16 [00:02<00:00,  5.61it/s, loss=0.8369]
Epoch 774/1000: 100% 16/16 [00:02<00:00,  5.61it/s, loss=0.8394]
Epoch 775/1000: 100% 16/16 [00:02<00:00,  5.61it/s, loss=0.8347]
Epoch 776/1000: 100% 16/16 [00:02<00:00,  5.60it/s, loss=0.8338]
Epoch 777/1000: 100% 16/16 [00:02<00:00,  5.59it/s, loss=0.8358]
Epoch 778/1000: 100% 16/16 [00:02<00:00,  5.61it/s, loss=0.8351]
Epoch 779/1000: 100% 16/16 [00:02<00:00,  5.61it/s, loss=0.8366]
Epoch 780/1000: 100% 16/16 [00:02<00:00,  5.59it/s, loss=0.8352]
2025-11-06 03:03:04,728 [INFO] Epoch 780/1000 | Time: 8.97s | Loss: 0.8352 | Eval Return: -1571.96
Epoch 781/1000: 100% 16/16 [00:02<00:00,  5.49it/s, loss=0.8358]
Epoch 782/1000: 100% 16/16 [00:02<00:00,  5.63it/s, loss=0.8322]
Epoch 783/1000: 100% 16/16 [00:02<00:00,  5.60it/s, loss=0.8338]
Epoch 784/1000: 100% 16/16 [00:02<00:00,  5.61it/s, loss=0.8320]
Epoch 785/1000: 100% 16/16 [00:02<00:00,  5.61it/s, loss=0.8305]
Epoch 786/1000: 100% 16/16 [00:02<00:00,  5.60it/s, loss=0.8293]
Epoch 787/1000: 100% 16/16 [00:02<00:00,  5.59it/s, loss=0.8317]
Epoch 788/1000: 100% 16/16 [00:02<00:00,  5.60it/s, loss=0.8289]
Epoch 789/1000: 100% 16/16 [00:02<00:00,  5.60it/s, loss=0.8262]
Epoch 790/1000: 100% 16/16 [00:02<00:00,  5.60it/s, loss=0.8277]
2025-11-06 03:03:39,507 [INFO] Epoch 790/1000 | Time: 9.02s | Loss: 0.8277 | Eval Return: -1582.35
Epoch 791/1000: 100% 16/16 [00:02<00:00,  5.49it/s, loss=0.8282]
Epoch 792/1000: 100% 16/16 [00:02<00:00,  5.64it/s, loss=0.8267]
Epoch 793/1000: 100% 16/16 [00:02<00:00,  5.64it/s, loss=0.8262]
Epoch 794/1000: 100% 16/16 [00:02<00:00,  5.59it/s, loss=0.8272]
Epoch 795/1000: 100% 16/16 [00:02<00:00,  5.60it/s, loss=0.8281]
Epoch 796/1000: 100% 16/16 [00:02<00:00,  5.61it/s, loss=0.8252]
Epoch 797/1000: 100% 16/16 [00:02<00:00,  5.63it/s, loss=0.8217]
Epoch 798/1000: 100% 16/16 [00:02<00:00,  5.60it/s, loss=0.8225]
Epoch 799/1000: 100% 16/16 [00:02<00:00,  5.60it/s, loss=0.8239]
Epoch 800/1000: 100% 16/16 [00:02<00:00,  5.60it/s, loss=0.8206]
2025-11-06 03:04:13,509 [INFO] Epoch 800/1000 | Time: 8.28s | Loss: 0.8206 | Eval Return: -1498.55
Epoch 801/1000: 100% 16/16 [00:02<00:00,  5.48it/s, loss=0.8254]
Epoch 802/1000: 100% 16/16 [00:02<00:00,  5.63it/s, loss=0.8240]
Epoch 803/1000: 100% 16/16 [00:02<00:00,  5.61it/s, loss=0.8206]
Epoch 804/1000: 100% 16/16 [00:02<00:00,  5.62it/s, loss=0.8190]
Epoch 805/1000: 100% 16/16 [00:02<00:00,  5.59it/s, loss=0.8201]
Epoch 806/1000: 100% 16/16 [00:02<00:00,  5.61it/s, loss=0.8162]
Epoch 807/1000: 100% 16/16 [00:02<00:00,  5.60it/s, loss=0.8161]
Epoch 808/1000: 100% 16/16 [00:02<00:00,  5.60it/s, loss=0.8180]
Epoch 809/1000: 100% 16/16 [00:02<00:00,  5.59it/s, loss=0.8164]
Epoch 810/1000: 100% 16/16 [00:02<00:00,  5.59it/s, loss=0.8164]
2025-11-06 03:04:47,502 [INFO] Epoch 810/1000 | Time: 8.22s | Loss: 0.8164 | Eval Return: -1512.41
Epoch 811/1000: 100% 16/16 [00:02<00:00,  5.46it/s, loss=0.8147]
Epoch 812/1000: 100% 16/16 [00:02<00:00,  5.59it/s, loss=0.8134]
Epoch 813/1000: 100% 16/16 [00:02<00:00,  5.61it/s, loss=0.8184]
Epoch 814/1000: 100% 16/16 [00:02<00:00,  5.60it/s, loss=0.8127]
Epoch 815/1000: 100% 16/16 [00:02<00:00,  5.61it/s, loss=0.8127]
Epoch 816/1000: 100% 16/16 [00:02<00:00,  5.58it/s, loss=0.8123]
Epoch 817/1000: 100% 16/16 [00:02<00:00,  5.61it/s, loss=0.8120]
Epoch 818/1000: 100% 16/16 [00:02<00:00,  5.61it/s, loss=0.8146]
Epoch 819/1000: 100% 16/16 [00:02<00:00,  5.59it/s, loss=0.8096]
Epoch 820/1000: 100% 16/16 [00:02<00:00,  5.58it/s, loss=0.8120]
2025-11-06 03:05:21,849 [INFO] Epoch 820/1000 | Time: 8.56s | Loss: 0.8120 | Eval Return: -1425.78
Epoch 821/1000: 100% 16/16 [00:02<00:00,  5.45it/s, loss=0.8095]
Epoch 822/1000: 100% 16/16 [00:02<00:00,  5.62it/s, loss=0.8101]
Epoch 823/1000: 100% 16/16 [00:02<00:00,  5.60it/s, loss=0.8068]
Epoch 824/1000: 100% 16/16 [00:02<00:00,  5.59it/s, loss=0.8067]
Epoch 825/1000: 100% 16/16 [00:02<00:00,  5.61it/s, loss=0.8059]
Epoch 826/1000: 100% 16/16 [00:02<00:00,  5.60it/s, loss=0.8099]
Epoch 827/1000: 100% 16/16 [00:02<00:00,  5.59it/s, loss=0.8073]
Epoch 828/1000: 100% 16/16 [00:02<00:00,  5.61it/s, loss=0.8077]
Epoch 829/1000: 100% 16/16 [00:02<00:00,  5.60it/s, loss=0.8053]
Epoch 830/1000: 100% 16/16 [00:02<00:00,  5.60it/s, loss=0.8051]
2025-11-06 03:05:56,479 [INFO] Epoch 830/1000 | Time: 8.84s | Loss: 0.8051 | Eval Return: -1501.60
Epoch 831/1000: 100% 16/16 [00:02<00:00,  5.49it/s, loss=0.8027]
Epoch 832/1000: 100% 16/16 [00:02<00:00,  5.61it/s, loss=0.8040]
Epoch 833/1000: 100% 16/16 [00:02<00:00,  5.62it/s, loss=0.8061]
Epoch 834/1000: 100% 16/16 [00:02<00:00,  5.57it/s, loss=0.8061]
Epoch 835/1000: 100% 16/16 [00:02<00:00,  5.59it/s, loss=0.8031]
Epoch 836/1000: 100% 16/16 [00:02<00:00,  5.57it/s, loss=0.7986]
Epoch 837/1000: 100% 16/16 [00:02<00:00,  5.55it/s, loss=0.8023]
Epoch 838/1000: 100% 16/16 [00:02<00:00,  5.52it/s, loss=0.8061]
Epoch 839/1000: 100% 16/16 [00:02<00:00,  5.52it/s, loss=0.7991]
Epoch 840/1000: 100% 16/16 [00:02<00:00,  5.52it/s, loss=0.7996]
2025-11-06 03:06:31,281 [INFO] Epoch 840/1000 | Time: 8.90s | Loss: 0.7996 | Eval Return: -1537.92
Epoch 841/1000: 100% 16/16 [00:02<00:00,  5.49it/s, loss=0.8015]
Epoch 842/1000: 100% 16/16 [00:02<00:00,  5.60it/s, loss=0.8013]
Epoch 843/1000: 100% 16/16 [00:02<00:00,  5.60it/s, loss=0.7989]
Epoch 844/1000: 100% 16/16 [00:02<00:00,  5.58it/s, loss=0.7978]
Epoch 845/1000: 100% 16/16 [00:02<00:00,  5.59it/s, loss=0.7979]
Epoch 846/1000: 100% 16/16 [00:02<00:00,  5.58it/s, loss=0.7943]
Epoch 847/1000: 100% 16/16 [00:02<00:00,  5.58it/s, loss=0.7977]
Epoch 848/1000: 100% 16/16 [00:02<00:00,  5.59it/s, loss=0.7980]
Epoch 849/1000: 100% 16/16 [00:02<00:00,  5.56it/s, loss=0.7939]
Epoch 850/1000: 100% 16/16 [00:02<00:00,  5.58it/s, loss=0.7935]
2025-11-06 03:07:05,415 [INFO] Epoch 850/1000 | Time: 8.29s | Loss: 0.7935 | Eval Return: -1472.63
Epoch 851/1000: 100% 16/16 [00:02<00:00,  5.43it/s, loss=0.7958]
Epoch 852/1000: 100% 16/16 [00:02<00:00,  5.61it/s, loss=0.7940]
Epoch 853/1000: 100% 16/16 [00:02<00:00,  5.60it/s, loss=0.7941]
Epoch 854/1000: 100% 16/16 [00:02<00:00,  5.59it/s, loss=0.7935]
Epoch 855/1000: 100% 16/16 [00:02<00:00,  5.59it/s, loss=0.7913]
Epoch 856/1000: 100% 16/16 [00:02<00:00,  5.59it/s, loss=0.7922]
Epoch 857/1000: 100% 16/16 [00:02<00:00,  5.59it/s, loss=0.7934]
Epoch 858/1000: 100% 16/16 [00:02<00:00,  5.60it/s, loss=0.7913]
Epoch 859/1000: 100% 16/16 [00:02<00:00,  5.58it/s, loss=0.7911]
Epoch 860/1000: 100% 16/16 [00:02<00:00,  5.56it/s, loss=0.7892]
2025-11-06 03:07:39,490 [INFO] Epoch 860/1000 | Time: 8.24s | Loss: 0.7892 | Eval Return: -1358.67
Epoch 861/1000: 100% 16/16 [00:02<00:00,  5.50it/s, loss=0.7891]
Epoch 862/1000: 100% 16/16 [00:02<00:00,  5.57it/s, loss=0.7914]
Epoch 863/1000: 100% 16/16 [00:02<00:00,  5.58it/s, loss=0.7886]
Epoch 864/1000: 100% 16/16 [00:02<00:00,  5.59it/s, loss=0.7883]
Epoch 865/1000: 100% 16/16 [00:02<00:00,  5.58it/s, loss=0.7841]
Epoch 866/1000: 100% 16/16 [00:02<00:00,  5.55it/s, loss=0.7847]
Epoch 867/1000: 100% 16/16 [00:02<00:00,  5.56it/s, loss=0.7861]
Epoch 868/1000: 100% 16/16 [00:02<00:00,  5.56it/s, loss=0.7879]
Epoch 869/1000: 100% 16/16 [00:02<00:00,  5.57it/s, loss=0.7853]
Epoch 870/1000: 100% 16/16 [00:02<00:00,  5.56it/s, loss=0.7840]
2025-11-06 03:08:13,927 [INFO] Epoch 870/1000 | Time: 8.54s | Loss: 0.7840 | Eval Return: -1540.30
Epoch 871/1000: 100% 16/16 [00:02<00:00,  5.44it/s, loss=0.7856]
Epoch 872/1000: 100% 16/16 [00:02<00:00,  5.59it/s, loss=0.7837]
Epoch 873/1000: 100% 16/16 [00:02<00:00,  5.56it/s, loss=0.7828]
Epoch 874/1000: 100% 16/16 [00:02<00:00,  5.60it/s, loss=0.7836]
Epoch 875/1000: 100% 16/16 [00:02<00:00,  5.59it/s, loss=0.7817]
Epoch 876/1000: 100% 16/16 [00:02<00:00,  5.61it/s, loss=0.7815]
Epoch 877/1000: 100% 16/16 [00:02<00:00,  5.55it/s, loss=0.7795]
Epoch 878/1000: 100% 16/16 [00:02<00:00,  5.58it/s, loss=0.7811]
Epoch 879/1000: 100% 16/16 [00:02<00:00,  5.59it/s, loss=0.7770]
Epoch 880/1000: 100% 16/16 [00:02<00:00,  5.57it/s, loss=0.7818]
2025-11-06 03:08:48,633 [INFO] Epoch 880/1000 | Time: 8.84s | Loss: 0.7818 | Eval Return: -1504.86
Epoch 881/1000: 100% 16/16 [00:02<00:00,  5.49it/s, loss=0.7765]
Epoch 882/1000: 100% 16/16 [00:02<00:00,  5.59it/s, loss=0.7782]
Epoch 883/1000: 100% 16/16 [00:02<00:00,  5.59it/s, loss=0.7774]
Epoch 884/1000: 100% 16/16 [00:02<00:00,  5.56it/s, loss=0.7758]
Epoch 885/1000: 100% 16/16 [00:02<00:00,  5.58it/s, loss=0.7756]
Epoch 886/1000: 100% 16/16 [00:02<00:00,  5.58it/s, loss=0.7752]
Epoch 887/1000: 100% 16/16 [00:02<00:00,  5.57it/s, loss=0.7759]
Epoch 888/1000: 100% 16/16 [00:02<00:00,  5.55it/s, loss=0.7760]
Epoch 889/1000: 100% 16/16 [00:02<00:00,  5.57it/s, loss=0.7776]
Epoch 890/1000: 100% 16/16 [00:02<00:00,  5.56it/s, loss=0.7735]
2025-11-06 03:09:23,388 [INFO] Epoch 890/1000 | Time: 8.87s | Loss: 0.7735 | Eval Return: -1562.17
Epoch 891/1000: 100% 16/16 [00:02<00:00,  5.49it/s, loss=0.7730]
Epoch 892/1000: 100% 16/16 [00:02<00:00,  5.60it/s, loss=0.7733]
Epoch 893/1000: 100% 16/16 [00:02<00:00,  5.60it/s, loss=0.7748]
Epoch 894/1000: 100% 16/16 [00:02<00:00,  5.58it/s, loss=0.7714]
Epoch 895/1000: 100% 16/16 [00:02<00:00,  5.58it/s, loss=0.7765]
Epoch 896/1000: 100% 16/16 [00:02<00:00,  5.60it/s, loss=0.7733]
Epoch 897/1000: 100% 16/16 [00:02<00:00,  5.60it/s, loss=0.7711]
Epoch 898/1000: 100% 16/16 [00:02<00:00,  5.59it/s, loss=0.7698]
Epoch 899/1000: 100% 16/16 [00:02<00:00,  5.56it/s, loss=0.7666]
Epoch 900/1000: 100% 16/16 [00:02<00:00,  5.59it/s, loss=0.7706]
2025-11-06 03:09:57,414 [INFO] Epoch 900/1000 | Time: 8.21s | Loss: 0.7706 | Eval Return: -1407.20
Epoch 901/1000: 100% 16/16 [00:02<00:00,  5.46it/s, loss=0.7696]
Epoch 902/1000: 100% 16/16 [00:02<00:00,  5.62it/s, loss=0.7702]
Epoch 903/1000: 100% 16/16 [00:02<00:00,  5.60it/s, loss=0.7689]
Epoch 904/1000: 100% 16/16 [00:02<00:00,  5.58it/s, loss=0.7703]
Epoch 905/1000: 100% 16/16 [00:02<00:00,  5.57it/s, loss=0.7687]
Epoch 906/1000: 100% 16/16 [00:02<00:00,  5.57it/s, loss=0.7673]
Epoch 907/1000: 100% 16/16 [00:02<00:00,  5.58it/s, loss=0.7676]
Epoch 908/1000: 100% 16/16 [00:02<00:00,  5.59it/s, loss=0.7674]
Epoch 909/1000: 100% 16/16 [00:02<00:00,  5.56it/s, loss=0.7682]
Epoch 910/1000: 100% 16/16 [00:02<00:00,  5.54it/s, loss=0.7637]
2025-11-06 03:10:31,538 [INFO] Epoch 910/1000 | Time: 8.26s | Loss: 0.7637 | Eval Return: -1466.77
Epoch 911/1000: 100% 16/16 [00:02<00:00,  5.51it/s, loss=0.7625]
Epoch 912/1000: 100% 16/16 [00:02<00:00,  5.54it/s, loss=0.7605]
Epoch 913/1000: 100% 16/16 [00:02<00:00,  5.61it/s, loss=0.7649]
Epoch 914/1000: 100% 16/16 [00:02<00:00,  5.60it/s, loss=0.7650]
Epoch 915/1000: 100% 16/16 [00:02<00:00,  5.61it/s, loss=0.7621]
Epoch 916/1000: 100% 16/16 [00:02<00:00,  5.56it/s, loss=0.7604]
Epoch 917/1000: 100% 16/16 [00:02<00:00,  5.56it/s, loss=0.7613]
Epoch 918/1000: 100% 16/16 [00:02<00:00,  5.59it/s, loss=0.7598]
Epoch 919/1000: 100% 16/16 [00:02<00:00,  5.58it/s, loss=0.7583]
Epoch 920/1000: 100% 16/16 [00:02<00:00,  5.56it/s, loss=0.7619]
2025-11-06 03:11:06,233 [INFO] Epoch 920/1000 | Time: 8.85s | Loss: 0.7619 | Eval Return: -1456.78
Epoch 921/1000: 100% 16/16 [00:02<00:00,  5.45it/s, loss=0.7587]
Epoch 922/1000: 100% 16/16 [00:02<00:00,  5.60it/s, loss=0.7552]
Epoch 923/1000: 100% 16/16 [00:02<00:00,  5.56it/s, loss=0.7593]
Epoch 924/1000: 100% 16/16 [00:02<00:00,  5.60it/s, loss=0.7537]
Epoch 925/1000: 100% 16/16 [00:02<00:00,  5.58it/s, loss=0.7542]
Epoch 926/1000: 100% 16/16 [00:02<00:00,  5.57it/s, loss=0.7568]
Epoch 927/1000: 100% 16/16 [00:02<00:00,  5.54it/s, loss=0.7574]
Epoch 928/1000: 100% 16/16 [00:02<00:00,  5.56it/s, loss=0.7562]
Epoch 929/1000: 100% 16/16 [00:02<00:00,  5.58it/s, loss=0.7524]
Epoch 930/1000: 100% 16/16 [00:02<00:00,  5.56it/s, loss=0.7539]
2025-11-06 03:11:41,067 [INFO] Epoch 930/1000 | Time: 8.93s | Loss: 0.7539 | Eval Return: -1409.69
Epoch 931/1000: 100% 16/16 [00:02<00:00,  5.47it/s, loss=0.7546]
Epoch 932/1000: 100% 16/16 [00:02<00:00,  5.60it/s, loss=0.7566]
Epoch 933/1000: 100% 16/16 [00:02<00:00,  5.60it/s, loss=0.7530]
Epoch 934/1000: 100% 16/16 [00:02<00:00,  5.60it/s, loss=0.7536]
Epoch 935/1000: 100% 16/16 [00:02<00:00,  5.61it/s, loss=0.7534]
Epoch 936/1000: 100% 16/16 [00:02<00:00,  5.60it/s, loss=0.7533]
Epoch 937/1000: 100% 16/16 [00:02<00:00,  5.59it/s, loss=0.7534]
Epoch 938/1000: 100% 16/16 [00:02<00:00,  5.58it/s, loss=0.7532]
Epoch 939/1000: 100% 16/16 [00:02<00:00,  5.60it/s, loss=0.7496]
Epoch 940/1000: 100% 16/16 [00:02<00:00,  5.59it/s, loss=0.7496]
2025-11-06 03:12:15,469 [INFO] Epoch 940/1000 | Time: 8.61s | Loss: 0.7496 | Eval Return: -1529.87
Epoch 941/1000: 100% 16/16 [00:02<00:00,  5.46it/s, loss=0.7503]
Epoch 942/1000: 100% 16/16 [00:02<00:00,  5.60it/s, loss=0.7519]
Epoch 943/1000: 100% 16/16 [00:02<00:00,  5.59it/s, loss=0.7429]
Epoch 944/1000: 100% 16/16 [00:02<00:00,  5.56it/s, loss=0.7488]
Epoch 945/1000: 100% 16/16 [00:02<00:00,  5.55it/s, loss=0.7506]
Epoch 946/1000: 100% 16/16 [00:02<00:00,  5.57it/s, loss=0.7453]
Epoch 947/1000: 100% 16/16 [00:02<00:00,  5.56it/s, loss=0.7476]
Epoch 948/1000: 100% 16/16 [00:02<00:00,  5.55it/s, loss=0.7456]
Epoch 949/1000: 100% 16/16 [00:02<00:00,  5.51it/s, loss=0.7475]
Epoch 950/1000: 100% 16/16 [00:02<00:00,  5.54it/s, loss=0.7477]
2025-11-06 03:12:49,730 [INFO] Epoch 950/1000 | Time: 8.30s | Loss: 0.7477 | Eval Return: -1516.97
Epoch 951/1000: 100% 16/16 [00:02<00:00,  5.42it/s, loss=0.7444]
Epoch 952/1000: 100% 16/16 [00:02<00:00,  5.58it/s, loss=0.7446]
Epoch 953/1000: 100% 16/16 [00:02<00:00,  5.57it/s, loss=0.7421]
Epoch 954/1000: 100% 16/16 [00:02<00:00,  5.57it/s, loss=0.7414]
Epoch 955/1000: 100% 16/16 [00:02<00:00,  5.56it/s, loss=0.7434]
Epoch 956/1000: 100% 16/16 [00:02<00:00,  5.55it/s, loss=0.7440]
Epoch 957/1000: 100% 16/16 [00:02<00:00,  5.57it/s, loss=0.7410]
Epoch 958/1000: 100% 16/16 [00:02<00:00,  5.58it/s, loss=0.7442]
Epoch 959/1000: 100% 16/16 [00:02<00:00,  5.57it/s, loss=0.7403]
Epoch 960/1000: 100% 16/16 [00:02<00:00,  5.53it/s, loss=0.7408]
2025-11-06 03:13:24,039 [INFO] Epoch 960/1000 | Time: 8.35s | Loss: 0.7408 | Eval Return: -1578.60
Epoch 961/1000: 100% 16/16 [00:02<00:00,  5.52it/s, loss=0.7381]
Epoch 962/1000: 100% 16/16 [00:02<00:00,  5.59it/s, loss=0.7386]
Epoch 963/1000: 100% 16/16 [00:02<00:00,  5.59it/s, loss=0.7428]
Epoch 964/1000: 100% 16/16 [00:02<00:00,  5.59it/s, loss=0.7413]
Epoch 965/1000: 100% 16/16 [00:02<00:00,  5.59it/s, loss=0.7354]
Epoch 966/1000: 100% 16/16 [00:02<00:00,  5.58it/s, loss=0.7388]
Epoch 967/1000: 100% 16/16 [00:02<00:00,  5.55it/s, loss=0.7367]
Epoch 968/1000: 100% 16/16 [00:02<00:00,  5.57it/s, loss=0.7388]
Epoch 969/1000: 100% 16/16 [00:02<00:00,  5.58it/s, loss=0.7363]
Epoch 970/1000: 100% 16/16 [00:02<00:00,  5.57it/s, loss=0.7340]
2025-11-06 03:13:58,926 [INFO] Epoch 970/1000 | Time: 9.05s | Loss: 0.7340 | Eval Return: -1455.82
Epoch 971/1000: 100% 16/16 [00:02<00:00,  5.43it/s, loss=0.7376]
Epoch 972/1000: 100% 16/16 [00:02<00:00,  5.60it/s, loss=0.7338]
Epoch 973/1000: 100% 16/16 [00:02<00:00,  5.56it/s, loss=0.7343]
Epoch 974/1000: 100% 16/16 [00:02<00:00,  5.57it/s, loss=0.7349]
Epoch 975/1000: 100% 16/16 [00:02<00:00,  5.57it/s, loss=0.7322]
Epoch 976/1000: 100% 16/16 [00:02<00:00,  5.58it/s, loss=0.7337]
Epoch 977/1000: 100% 16/16 [00:02<00:00,  5.54it/s, loss=0.7338]
Epoch 978/1000: 100% 16/16 [00:02<00:00,  5.54it/s, loss=0.7340]
Epoch 979/1000: 100% 16/16 [00:02<00:00,  5.55it/s, loss=0.7348]
Epoch 980/1000: 100% 16/16 [00:02<00:00,  5.56it/s, loss=0.7323]
2025-11-06 03:14:33,808 [INFO] Epoch 980/1000 | Time: 8.93s | Loss: 0.7323 | Eval Return: -1426.05
Epoch 981/1000: 100% 16/16 [00:02<00:00,  5.47it/s, loss=0.7346]
Epoch 982/1000: 100% 16/16 [00:02<00:00,  5.60it/s, loss=0.7318]
Epoch 983/1000: 100% 16/16 [00:02<00:00,  5.58it/s, loss=0.7320]
Epoch 984/1000: 100% 16/16 [00:02<00:00,  5.55it/s, loss=0.7291]
Epoch 985/1000: 100% 16/16 [00:02<00:00,  5.57it/s, loss=0.7297]
Epoch 986/1000: 100% 16/16 [00:02<00:00,  5.56it/s, loss=0.7283]
Epoch 987/1000: 100% 16/16 [00:02<00:00,  5.57it/s, loss=0.7295]
Epoch 988/1000: 100% 16/16 [00:02<00:00,  5.53it/s, loss=0.7272]
Epoch 989/1000: 100% 16/16 [00:02<00:00,  5.55it/s, loss=0.7298]
Epoch 990/1000: 100% 16/16 [00:02<00:00,  5.56it/s, loss=0.7288]
2025-11-06 03:15:08,419 [INFO] Epoch 990/1000 | Time: 8.67s | Loss: 0.7288 | Eval Return: -1446.77
Epoch 991/1000: 100% 16/16 [00:02<00:00,  5.45it/s, loss=0.7286]
Epoch 992/1000: 100% 16/16 [00:02<00:00,  5.59it/s, loss=0.7274]
Epoch 993/1000: 100% 16/16 [00:02<00:00,  5.60it/s, loss=0.7255]
Epoch 994/1000: 100% 16/16 [00:02<00:00,  5.55it/s, loss=0.7270]
Epoch 995/1000: 100% 16/16 [00:02<00:00,  5.54it/s, loss=0.7232]
Epoch 996/1000: 100% 16/16 [00:02<00:00,  5.57it/s, loss=0.7257]
Epoch 997/1000: 100% 16/16 [00:02<00:00,  5.57it/s, loss=0.7277]
Epoch 998/1000: 100% 16/16 [00:02<00:00,  5.54it/s, loss=0.7220]
Epoch 999/1000: 100% 16/16 [00:02<00:00,  5.52it/s, loss=0.7227]
Epoch 1000/1000: 100% 16/16 [00:02<00:00,  5.55it/s, loss=0.7233]
2025-11-06 03:15:42,664 [INFO] Epoch 1000/1000 | Time: 8.28s | Loss: 0.7233 | Eval Return: -1457.06
2025-11-06 03:15:42,717 [INFO] Training complete.