2025-11-09 10:11:25,647 [INFO] Checking for dataset...
2025-11-09 10:11:25,655 [INFO] Dataset found at D:\Github\neuromorphic_decision_transformer\data\CartPole-v1\dataset.npz.
2025-11-09 10:11:25,656 [INFO] Starting training...
2025-11-09 10:11:25,818 [INFO] Dataset size: 1000 clips
2025-11-09 10:11:25,874 [INFO] DataLoader created with num_workers=0 and pin_memory=False.
2025-11-09 10:11:39,234 [INFO] Starting training loop...
2025-11-09 10:26:07,900 [INFO] Checking for dataset...
2025-11-09 10:26:07,902 [INFO] Dataset found at D:\Github\neuromorphic_decision_transformer\data\CartPole-v1\dataset.npz.
2025-11-09 10:26:07,903 [INFO] Starting training...
2025-11-09 10:26:08,336 [INFO] Dataset size: 1000 clips
2025-11-09 10:26:08,369 [INFO] DataLoader created with num_workers=0 and pin_memory=False.
2025-11-09 10:26:22,564 [INFO] Starting training loop...
2025-11-09 14:47:13,401 [INFO] Checking for dataset...
2025-11-09 14:47:13,403 [INFO] Dataset found at D:\Github\neuromorphic_decision_transformer\data\CartPole-v1\dataset.npz.
2025-11-09 14:47:13,404 [INFO] Starting training...
2025-11-09 14:47:13,575 [INFO] Dataset size: 1000 clips
2025-11-09 14:47:13,635 [INFO] DataLoader created with num_workers=0 and pin_memory=False.
2025-11-09 14:47:29,057 [INFO] Starting training loop...
2025-11-09 14:50:54,988 [INFO] Checking for dataset...
2025-11-09 14:50:55,000 [INFO] Dataset found at D:\Github\neuromorphic_decision_transformer\data\CartPole-v1\dataset.npz.
2025-11-09 14:50:55,001 [INFO] Starting training...
2025-11-09 14:50:55,110 [INFO] Dataset size: 1000 clips
2025-11-09 14:50:55,139 [INFO] DataLoader created with num_workers=0 and pin_memory=False.
2025-11-09 14:51:05,312 [INFO] Starting training loop...
2025-11-12 09:53:11,160 [INFO] Checking for dataset...
2025-11-12 09:53:11,277 [INFO] Dataset found at D:\Github\neuromorphic_decision_transformer\data\CartPole-v1\dataset.npz.
2025-11-12 09:53:11,277 [INFO] --- Checkpoint: Starting training ---
2025-11-12 09:53:11,293 [INFO] --- Checkpoint: Save directory created at results\all_runs\dsformer_CartPole-v1 ---
2025-11-12 09:53:11,457 [INFO] Dataset size: 1000 clips
2025-11-12 09:53:11,499 [INFO] DataLoader created with num_workers=0 and pin_memory=False.
2025-11-12 09:53:11,556 [INFO] --- Checkpoint: Model 'dsformer' initialized on device 'cpu' ---
2025-11-12 09:53:24,560 [INFO] --- Checkpoint: Starting main training loop ---
