2025-11-06 10:17:55,309 [INFO] Checking for dataset...
2025-11-06 10:17:55,311 [INFO] Dataset found at D:\Github\neuromorphic_decision_transformer\data\CartPole-v1\dataset.npz.
2025-11-06 10:17:55,312 [INFO] Starting training...
2025-11-06 10:17:55,458 [INFO] Dataset size: 1000 clips
2025-11-06 10:17:55,498 [INFO] DataLoader created with num_workers=0 and pin_memory=False.
2025-11-06 10:39:01,539 [INFO] Checking for dataset...
2025-11-06 10:39:01,541 [INFO] Dataset found at D:\Github\neuromorphic_decision_transformer\data\CartPole-v1\dataset.npz.
2025-11-06 10:39:01,541 [INFO] Starting training...
2025-11-06 11:21:39,722 [INFO] Checking for dataset...
2025-11-06 11:21:39,862 [INFO] Dataset found at D:\Github\neuromorphic_decision_transformer\data\CartPole-v1\dataset.npz.
2025-11-06 11:21:39,869 [INFO] Starting training...
2025-11-06 11:27:05,630 [INFO] Checking for dataset...
2025-11-06 11:27:05,639 [INFO] Dataset found at D:\Github\neuromorphic_decision_transformer\data\CartPole-v1\dataset.npz.
2025-11-06 11:27:05,641 [INFO] Starting training...
2025-11-06 11:32:41,305 [INFO] Checking for dataset...
2025-11-06 11:32:41,321 [INFO] Dataset found at D:\Github\neuromorphic_decision_transformer\data\CartPole-v1\dataset.npz.
2025-11-06 11:32:41,322 [INFO] Starting training...
2025-11-06 11:37:53,843 [INFO] Checking for dataset...
2025-11-06 11:37:54,177 [INFO] Dataset found at D:\Github\neuromorphic_decision_transformer\data\CartPole-v1\dataset.npz.
2025-11-06 11:37:54,178 [INFO] Starting training...
