2025-11-24 04:06:25.580515: E external/local_xla/xla/stream_executor/cuda/cuda_fft.cc:467] Unable to register cuFFT factory: Attempting to register factory for plugin cuFFT when one has already been registered
WARNING: All log messages before absl::InitializeLog() is called are written to STDERR
E0000 00:00:1763957185.894532     856 cuda_dnn.cc:8579] Unable to register cuDNN factory: Attempting to register factory for plugin cuDNN when one has already been registered
E0000 00:00:1763957185.976206     856 cuda_blas.cc:1407] Unable to register cuBLAS factory: Attempting to register factory for plugin cuBLAS when one has already been registered
W0000 00:00:1763957186.602941     856 computation_placer.cc:177] computation placer already registered. Please check linkage and avoid linking the same target more than once.
W0000 00:00:1763957186.602981     856 computation_placer.cc:177] computation placer already registered. Please check linkage and avoid linking the same target more than once.
W0000 00:00:1763957186.602986     856 computation_placer.cc:177] computation placer already registered. Please check linkage and avoid linking the same target more than once.
W0000 00:00:1763957186.602990     856 computation_placer.cc:177] computation placer already registered. Please check linkage and avoid linking the same target more than once.
2025-11-24 04:06:26.661719: I tensorflow/core/platform/cpu_feature_guard.cc:210] This TensorFlow binary is optimized to use available CPU instructions in performance-critical operations.
To enable the following instructions: AVX2 FMA, in other operations, rebuild TensorFlow with the appropriate compiler flags.
2025-11-24 04:06:33,022 [INFO] Checking for dataset...
2025-11-24 04:06:33,023 [INFO] Dataset found at /content/neuromorphic_decision_transformer/data/CartPole-v1/dataset.npz.
2025-11-24 04:06:33,023 [INFO] --- Checkpoint: Starting training ---
2025-11-24 04:06:33,026 [INFO] --- Checkpoint: Save directory created at results/all_runs/snn_dt_CartPole-v1 ---
2025-11-24 04:06:33,051 [INFO] Dataset size: 1000 clips
2025-11-24 04:06:33,071 [INFO] DataLoader created with num_workers=2, pin_memory=True, persistent_workers=True.
2025-11-24 04:06:33,359 [INFO] --- Checkpoint: Model 'snn_dt' initialized on device 'cuda' ---
2025-11-24 04:06:39,260 [INFO] --- Checkpoint: Starting main training loop ---
Epoch 1/1000: 100% 100/100 [01:05<00:00,  1.53it/s, loss=0.8262]
Epoch 2/1000: 100% 100/100 [01:03<00:00,  1.58it/s, loss=0.7947]
Epoch 3/1000: 100% 100/100 [01:04<00:00,  1.55it/s, loss=0.7760]
Epoch 4/1000: 100% 100/100 [01:04<00:00,  1.54it/s, loss=0.7672]
Epoch 5/1000: 100% 100/100 [01:06<00:00,  1.50it/s, loss=0.7793]
Epoch 6/1000: 100% 100/100 [01:04<00:00,  1.55it/s, loss=0.7752]
Epoch 7/1000: 100% 100/100 [01:03<00:00,  1.57it/s, loss=0.7689]
Epoch 8/1000: 100% 100/100 [01:04<00:00,  1.56it/s, loss=0.7395]
Epoch 9/1000: 100% 100/100 [01:05<00:00,  1.54it/s, loss=0.8412]
Epoch 10/1000: 100% 100/100 [01:04<00:00,  1.54it/s, loss=0.7013]
2025-11-24 04:17:33,191 [INFO] Epoch 10/1000 | Time: 72.00s | Loss: 0.7014 | Spikes: 0.51 | Eval Return: 22.50
2025-11-24 04:17:33,203 [INFO] New best eval return: 22.50. Saved best model.
Epoch 11/1000: 100% 100/100 [01:06<00:00,  1.50it/s, loss=0.6982]
Epoch 12/1000: 100% 100/100 [01:05<00:00,  1.53it/s, loss=0.6978]
Epoch 13/1000: 100% 100/100 [01:05<00:00,  1.53it/s, loss=0.6990]
Epoch 14/1000: 100% 100/100 [01:06<00:00,  1.49it/s, loss=0.6993]
Epoch 15/1000: 100% 100/100 [01:06<00:00,  1.51it/s, loss=0.7003]
Epoch 16/1000: 100% 100/100 [01:06<00:00,  1.51it/s, loss=0.7008]
Epoch 17/1000: 100% 100/100 [01:06<00:00,  1.50it/s, loss=0.7016]
Epoch 18/1000: 100% 100/100 [01:06<00:00,  1.50it/s, loss=0.7024]
Epoch 19/1000: 100% 100/100 [01:06<00:00,  1.50it/s, loss=0.7019]
Epoch 20/1000: 100% 100/100 [01:06<00:00,  1.50it/s, loss=0.7028]
2025-11-24 04:28:45,620 [INFO] Epoch 20/1000 | Time: 75.33s | Loss: 0.7027 | Spikes: 0.48 | Eval Return: 27.50
2025-11-24 04:28:45,623 [INFO] New best eval return: 27.50. Saved best model.
Epoch 21/1000: 100% 100/100 [01:05<00:00,  1.52it/s, loss=0.7024]
Epoch 22/1000: 100% 100/100 [01:05<00:00,  1.52it/s, loss=0.7020]
Epoch 23/1000: 100% 100/100 [01:06<00:00,  1.51it/s, loss=0.7024]
Epoch 24/1000: 100% 100/100 [01:07<00:00,  1.49it/s, loss=0.7025]
Epoch 25/1000: 100% 100/100 [01:05<00:00,  1.52it/s, loss=0.7025]
Epoch 26/1000: 100% 100/100 [01:05<00:00,  1.53it/s, loss=0.7031]
Epoch 27/1000: 100% 100/100 [01:04<00:00,  1.55it/s, loss=0.7028]
Epoch 28/1000: 100% 100/100 [01:04<00:00,  1.54it/s, loss=0.7031]
Epoch 29/1000: 100% 100/100 [01:05<00:00,  1.53it/s, loss=0.7026]
Epoch 30/1000: 100% 100/100 [01:04<00:00,  1.55it/s, loss=0.7021]
2025-11-24 04:39:50,848 [INFO] Epoch 30/1000 | Time: 74.38s | Loss: 0.7026 | Spikes: 0.48 | Eval Return: 31.70
2025-11-24 04:39:50,851 [INFO] New best eval return: 31.70. Saved best model.
Epoch 31/1000: 100% 100/100 [01:05<00:00,  1.53it/s, loss=0.7024]
Epoch 32/1000: 100% 100/100 [01:05<00:00,  1.54it/s, loss=0.7017]
Epoch 33/1000: 100% 100/100 [01:04<00:00,  1.55it/s, loss=0.7017]
Epoch 34/1000: 100% 100/100 [01:04<00:00,  1.55it/s, loss=0.7013]
Epoch 35/1000: 100% 100/100 [01:05<00:00,  1.54it/s, loss=0.7016]
Epoch 36/1000: 100% 100/100 [01:04<00:00,  1.55it/s, loss=0.7008]
Epoch 37/1000: 100% 100/100 [01:02<00:00,  1.59it/s, loss=0.7003]
Epoch 38/1000: 100% 100/100 [01:04<00:00,  1.55it/s, loss=0.7000]
Epoch 39/1000: 100% 100/100 [01:03<00:00,  1.58it/s, loss=0.6994]
Epoch 40/1000: 100% 100/100 [01:06<00:00,  1.50it/s, loss=0.6993]
2025-11-24 04:50:48,128 [INFO] Epoch 40/1000 | Time: 77.55s | Loss: 0.6996 | Spikes: 0.48 | Eval Return: 32.30
2025-11-24 04:50:48,131 [INFO] New best eval return: 32.30. Saved best model.
Epoch 41/1000: 100% 100/100 [01:12<00:00,  1.37it/s, loss=0.6991]
Epoch 42/1000: 100% 100/100 [01:12<00:00,  1.39it/s, loss=0.6987]
Epoch 43/1000: 100% 100/100 [01:11<00:00,  1.39it/s, loss=0.6982]
Epoch 44/1000: 100% 100/100 [01:11<00:00,  1.40it/s, loss=0.6982]
Epoch 45/1000: 100% 100/100 [01:10<00:00,  1.41it/s, loss=0.6977]
Epoch 46/1000: 100% 100/100 [01:11<00:00,  1.40it/s, loss=0.6980]
Epoch 47/1000: 100% 100/100 [01:11<00:00,  1.40it/s, loss=0.6978]
Epoch 48/1000: 100% 100/100 [01:10<00:00,  1.41it/s, loss=0.6975]
Epoch 49/1000: 100% 100/100 [01:09<00:00,  1.44it/s, loss=0.6968]
Epoch 50/1000: 100% 100/100 [01:08<00:00,  1.46it/s, loss=0.6960]
2025-11-24 05:02:49,652 [INFO] Epoch 50/1000 | Time: 79.78s | Loss: 0.6962 | Spikes: 0.48 | Eval Return: 35.10
2025-11-24 05:02:49,656 [INFO] New best eval return: 35.10. Saved best model.
Epoch 51/1000: 100% 100/100 [01:12<00:00,  1.38it/s, loss=0.6959]
Epoch 52/1000: 100% 100/100 [01:11<00:00,  1.41it/s, loss=0.6960]
Epoch 53/1000: 100% 100/100 [01:12<00:00,  1.38it/s, loss=0.6957]
Epoch 54/1000: 100% 100/100 [01:12<00:00,  1.39it/s, loss=0.6961]
Epoch 55/1000: 100% 100/100 [01:12<00:00,  1.38it/s, loss=0.6949]
Epoch 56/1000: 100% 100/100 [01:12<00:00,  1.39it/s, loss=0.6946]
Epoch 57/1000: 100% 100/100 [01:12<00:00,  1.38it/s, loss=0.6939]
Epoch 58/1000: 100% 100/100 [01:10<00:00,  1.43it/s, loss=0.6924]
Epoch 59/1000: 100% 100/100 [01:11<00:00,  1.40it/s, loss=0.6922]
Epoch 60/1000: 100% 100/100 [01:10<00:00,  1.42it/s, loss=0.6919]
2025-11-24 05:14:57,423 [INFO] Epoch 60/1000 | Time: 80.73s | Loss: 0.6917 | Spikes: 0.48 | Eval Return: 31.20
Epoch 61/1000: 100% 100/100 [01:08<00:00,  1.46it/s, loss=0.6920]
Epoch 62/1000: 100% 100/100 [01:06<00:00,  1.50it/s, loss=0.6918]
Epoch 63/1000: 100% 100/100 [01:05<00:00,  1.52it/s, loss=0.6917]
Epoch 64/1000: 100% 100/100 [01:05<00:00,  1.52it/s, loss=0.6908]
Epoch 65/1000: 100% 100/100 [01:06<00:00,  1.51it/s, loss=0.6907]
Epoch 66/1000: 100% 100/100 [01:06<00:00,  1.51it/s, loss=0.6904]
Epoch 67/1000: 100% 100/100 [01:05<00:00,  1.53it/s, loss=0.6905]
Epoch 68/1000: 100% 100/100 [01:03<00:00,  1.57it/s, loss=0.6903]
Epoch 69/1000: 100% 100/100 [01:04<00:00,  1.55it/s, loss=0.6893]
Epoch 70/1000: 100% 100/100 [01:03<00:00,  1.57it/s, loss=0.6888]
2025-11-24 05:25:56,468 [INFO] Epoch 70/1000 | Time: 66.35s | Loss: 0.6889 | Spikes: 0.47 | Eval Return: 9.20
Epoch 71/1000: 100% 100/100 [01:02<00:00,  1.61it/s, loss=0.6885]
Epoch 72/1000: 100% 100/100 [01:04<00:00,  1.55it/s, loss=0.6885]
Epoch 73/1000: 100% 100/100 [01:07<00:00,  1.48it/s, loss=0.6883]
Epoch 74/1000: 100% 100/100 [01:07<00:00,  1.47it/s, loss=0.6883]
Epoch 75/1000: 100% 100/100 [01:06<00:00,  1.51it/s, loss=0.6883]
Epoch 76/1000: 100% 100/100 [01:04<00:00,  1.55it/s, loss=0.6883]
Epoch 77/1000: 100% 100/100 [01:04<00:00,  1.54it/s, loss=0.6881]
Epoch 78/1000: 100% 100/100 [01:04<00:00,  1.56it/s, loss=0.6879]
Epoch 79/1000: 100% 100/100 [01:03<00:00,  1.57it/s, loss=0.6881]
Epoch 80/1000: 100% 100/100 [01:04<00:00,  1.55it/s, loss=0.6880]
2025-11-24 05:36:49,269 [INFO] Epoch 80/1000 | Time: 66.97s | Loss: 0.6880 | Spikes: 0.47 | Eval Return: 9.20
Epoch 81/1000: 100% 100/100 [01:04<00:00,  1.56it/s, loss=0.6879]
Epoch 82/1000: 100% 100/100 [01:04<00:00,  1.56it/s, loss=0.6877]
Epoch 83/1000: 100% 100/100 [01:03<00:00,  1.58it/s, loss=0.6881]
Epoch 84/1000: 100% 100/100 [01:03<00:00,  1.58it/s, loss=0.6880]
Epoch 85/1000: 100% 100/100 [01:03<00:00,  1.58it/s, loss=0.6881]
Epoch 86/1000: 100% 100/100 [01:05<00:00,  1.53it/s, loss=0.6878]
Epoch 87/1000: 100% 100/100 [01:03<00:00,  1.57it/s, loss=0.6879]
Epoch 88/1000: 100% 100/100 [01:05<00:00,  1.54it/s, loss=0.6878]
Epoch 89/1000: 100% 100/100 [01:04<00:00,  1.54it/s, loss=0.6878]
Epoch 90/1000: 100% 100/100 [01:04<00:00,  1.56it/s, loss=0.6877]
2025-11-24 05:47:33,434 [INFO] Epoch 90/1000 | Time: 66.86s | Loss: 0.6877 | Spikes: 0.47 | Eval Return: 9.00
Epoch 91/1000: 100% 100/100 [01:05<00:00,  1.54it/s, loss=0.6877]
Epoch 92/1000: 100% 100/100 [01:03<00:00,  1.56it/s, loss=0.6875]
Epoch 93/1000: 100% 100/100 [01:04<00:00,  1.55it/s, loss=0.6870]
Epoch 94/1000: 100% 100/100 [01:03<00:00,  1.58it/s, loss=0.6866]
Epoch 95/1000: 100% 100/100 [01:03<00:00,  1.57it/s, loss=0.6859]
Epoch 96/1000: 100% 100/100 [01:02<00:00,  1.60it/s, loss=0.6850]
Epoch 97/1000: 100% 100/100 [01:03<00:00,  1.59it/s, loss=0.6846]
Epoch 98/1000: 100% 100/100 [01:03<00:00,  1.56it/s, loss=0.6835]
Epoch 99/1000: 100% 100/100 [01:06<00:00,  1.51it/s, loss=0.6831]
Epoch 100/1000: 100% 100/100 [01:06<00:00,  1.50it/s, loss=0.6826]
2025-11-24 05:58:19,657 [INFO] Epoch 100/1000 | Time: 70.21s | Loss: 0.6826 | Spikes: 0.46 | Eval Return: 9.60
Epoch 101/1000: 100% 100/100 [01:04<00:00,  1.56it/s, loss=0.6817]
Epoch 102/1000: 100% 100/100 [01:04<00:00,  1.56it/s, loss=0.6817]
Epoch 103/1000: 100% 100/100 [01:03<00:00,  1.56it/s, loss=0.6815]
Epoch 104/1000: 100% 100/100 [01:03<00:00,  1.57it/s, loss=0.6814]
Epoch 105/1000: 100% 100/100 [01:03<00:00,  1.58it/s, loss=0.6812]
Epoch 106/1000: 100% 100/100 [01:05<00:00,  1.52it/s, loss=0.6810]
Epoch 107/1000: 100% 100/100 [01:09<00:00,  1.44it/s, loss=0.6809]
Epoch 108/1000: 100% 100/100 [01:11<00:00,  1.40it/s, loss=0.6817]
Epoch 109/1000: 100% 100/100 [01:11<00:00,  1.39it/s, loss=0.6819]
Epoch 110/1000: 100% 100/100 [01:11<00:00,  1.40it/s, loss=0.6809]
2025-11-24 06:09:32,312 [INFO] Epoch 110/1000 | Time: 74.41s | Loss: 0.6810 | Spikes: 0.46 | Eval Return: 9.10
Epoch 111/1000: 100% 100/100 [01:10<00:00,  1.42it/s, loss=0.6800]
Epoch 112/1000: 100% 100/100 [01:11<00:00,  1.40it/s, loss=0.6800]
Epoch 113/1000: 100% 100/100 [01:12<00:00,  1.39it/s, loss=0.6812]
Epoch 114/1000: 100% 100/100 [01:10<00:00,  1.41it/s, loss=0.6794]
Epoch 115/1000: 100% 100/100 [01:07<00:00,  1.48it/s, loss=0.6772]
Epoch 116/1000: 100% 100/100 [01:06<00:00,  1.49it/s, loss=0.6765]
Epoch 117/1000: 100% 100/100 [01:09<00:00,  1.43it/s, loss=0.6758]
Epoch 118/1000: 100% 100/100 [01:10<00:00,  1.42it/s, loss=0.6752]
Epoch 119/1000: 100% 100/100 [01:11<00:00,  1.41it/s, loss=0.6750]
Epoch 120/1000: 100% 100/100 [01:11<00:00,  1.40it/s, loss=0.6742]
2025-11-24 06:21:17,169 [INFO] Epoch 120/1000 | Time: 74.45s | Loss: 0.6741 | Spikes: 0.46 | Eval Return: 9.30
Epoch 121/1000: 100% 100/100 [01:11<00:00,  1.39it/s, loss=0.6741]
Epoch 122/1000: 100% 100/100 [01:12<00:00,  1.39it/s, loss=0.6735]
Epoch 123/1000: 100% 100/100 [01:10<00:00,  1.41it/s, loss=0.6733]
Epoch 124/1000: 100% 100/100 [01:09<00:00,  1.45it/s, loss=0.6719]
Epoch 125/1000: 100% 100/100 [01:10<00:00,  1.41it/s, loss=0.6721]
Epoch 126/1000: 100% 100/100 [01:10<00:00,  1.42it/s, loss=0.7233]
Epoch 127/1000: 100% 100/100 [01:10<00:00,  1.42it/s, loss=0.6577]
Epoch 128/1000: 100% 100/100 [01:10<00:00,  1.42it/s, loss=0.6592]
Epoch 129/1000: 100% 100/100 [01:11<00:00,  1.41it/s, loss=0.6643]
Epoch 130/1000: 100% 100/100 [01:08<00:00,  1.45it/s, loss=0.6623]
2025-11-24 06:33:06,687 [INFO] Epoch 130/1000 | Time: 72.27s | Loss: 0.6622 | Spikes: 0.50 | Eval Return: 9.40
Epoch 131/1000: 100% 100/100 [01:09<00:00,  1.43it/s, loss=0.6619]
Epoch 132/1000: 100% 100/100 [01:06<00:00,  1.50it/s, loss=0.6550]
Epoch 133/1000: 100% 100/100 [01:05<00:00,  1.54it/s, loss=0.6513]
Epoch 134/1000: 100% 100/100 [01:05<00:00,  1.52it/s, loss=0.6511]
Epoch 135/1000: 100% 100/100 [01:04<00:00,  1.55it/s, loss=0.6506]
Epoch 136/1000: 100% 100/100 [01:04<00:00,  1.55it/s, loss=0.6507]
Epoch 137/1000: 100% 100/100 [01:05<00:00,  1.53it/s, loss=0.6495]
Epoch 138/1000: 100% 100/100 [01:05<00:00,  1.52it/s, loss=0.6492]
Epoch 139/1000: 100% 100/100 [01:04<00:00,  1.55it/s, loss=0.6488]
Epoch 140/1000: 100% 100/100 [01:03<00:00,  1.58it/s, loss=0.6486]
2025-11-24 06:44:04,359 [INFO] Epoch 140/1000 | Time: 65.96s | Loss: 0.6488 | Spikes: 0.50 | Eval Return: 9.50
Epoch 141/1000: 100% 100/100 [01:02<00:00,  1.59it/s, loss=0.6489]
Epoch 142/1000: 100% 100/100 [01:03<00:00,  1.58it/s, loss=0.6486]
Epoch 143/1000: 100% 100/100 [01:03<00:00,  1.57it/s, loss=0.6467]
Epoch 144/1000: 100% 100/100 [01:01<00:00,  1.61it/s, loss=0.6469]
Epoch 145/1000: 100% 100/100 [01:01<00:00,  1.62it/s, loss=0.6468]
Epoch 146/1000: 100% 100/100 [01:02<00:00,  1.61it/s, loss=0.6465]
Epoch 147/1000: 100% 100/100 [01:01<00:00,  1.63it/s, loss=0.6462]
Epoch 148/1000: 100% 100/100 [01:01<00:00,  1.61it/s, loss=0.6460]
Epoch 149/1000: 100% 100/100 [01:01<00:00,  1.62it/s, loss=0.6464]
Epoch 150/1000: 100% 100/100 [01:01<00:00,  1.63it/s, loss=0.6464]
2025-11-24 06:54:29,433 [INFO] Epoch 150/1000 | Time: 63.88s | Loss: 0.6461 | Spikes: 0.50 | Eval Return: 9.60
Epoch 151/1000: 100% 100/100 [01:02<00:00,  1.61it/s, loss=0.6462]
Epoch 152/1000: 100% 100/100 [01:02<00:00,  1.61it/s, loss=0.6464]
Epoch 153/1000: 100% 100/100 [01:02<00:00,  1.60it/s, loss=0.6463]
Epoch 154/1000: 100% 100/100 [01:02<00:00,  1.61it/s, loss=0.6464]
Epoch 155/1000: 100% 100/100 [01:02<00:00,  1.61it/s, loss=0.6460]
Epoch 156/1000: 100% 100/100 [01:01<00:00,  1.62it/s, loss=0.6466]
Epoch 157/1000: 100% 100/100 [01:01<00:00,  1.61it/s, loss=0.6463]
Epoch 158/1000: 100% 100/100 [01:01<00:00,  1.62it/s, loss=0.6464]
Epoch 159/1000: 100% 100/100 [01:02<00:00,  1.60it/s, loss=0.6478]
Epoch 160/1000: 100% 100/100 [01:02<00:00,  1.60it/s, loss=0.6473]
2025-11-24 07:04:53,470 [INFO] Epoch 160/1000 | Time: 64.83s | Loss: 0.6472 | Spikes: 0.51 | Eval Return: 9.20
Epoch 161/1000: 100% 100/100 [01:02<00:00,  1.61it/s, loss=0.6467]
Epoch 162/1000: 100% 100/100 [01:02<00:00,  1.61it/s, loss=0.6465]
Epoch 163/1000: 100% 100/100 [01:02<00:00,  1.61it/s, loss=0.6454]
Epoch 164/1000: 100% 100/100 [01:02<00:00,  1.60it/s, loss=0.6441]
Epoch 165/1000: 100% 100/100 [01:01<00:00,  1.61it/s, loss=0.6439]
Epoch 166/1000: 100% 100/100 [01:01<00:00,  1.62it/s, loss=0.6443]
Epoch 167/1000: 100% 100/100 [01:01<00:00,  1.62it/s, loss=0.6437]
Epoch 168/1000: 100% 100/100 [01:01<00:00,  1.62it/s, loss=0.6431]
Epoch 169/1000: 100% 100/100 [01:02<00:00,  1.61it/s, loss=0.6425]
Epoch 170/1000: 100% 100/100 [01:02<00:00,  1.60it/s, loss=0.6424]
2025-11-24 07:15:17,615 [INFO] Epoch 170/1000 | Time: 65.14s | Loss: 0.6421 | Spikes: 0.50 | Eval Return: 9.10
Epoch 171/1000: 100% 100/100 [01:01<00:00,  1.61it/s, loss=0.6406]
Epoch 172/1000: 100% 100/100 [01:02<00:00,  1.61it/s, loss=0.6403]
Epoch 173/1000: 100% 100/100 [01:02<00:00,  1.60it/s, loss=0.6401]
Epoch 174/1000: 100% 100/100 [01:02<00:00,  1.60it/s, loss=0.6441]
Epoch 175/1000: 100% 100/100 [01:02<00:00,  1.60it/s, loss=0.6466]
Epoch 176/1000: 100% 100/100 [01:02<00:00,  1.61it/s, loss=0.6444]
Epoch 177/1000: 100% 100/100 [01:02<00:00,  1.61it/s, loss=0.6436]
Epoch 178/1000: 100% 100/100 [01:02<00:00,  1.61it/s, loss=0.6432]
Epoch 179/1000: 100% 100/100 [01:02<00:00,  1.61it/s, loss=0.6421]
Epoch 180/1000: 100% 100/100 [01:02<00:00,  1.61it/s, loss=0.6412]
2025-11-24 07:25:42,126 [INFO] Epoch 180/1000 | Time: 64.79s | Loss: 0.6412 | Spikes: 0.50 | Eval Return: 9.50
Epoch 181/1000: 100% 100/100 [01:01<00:00,  1.61it/s, loss=0.6408]
Epoch 182/1000: 100% 100/100 [01:01<00:00,  1.62it/s, loss=0.6410]
Epoch 183/1000: 100% 100/100 [01:02<00:00,  1.61it/s, loss=0.6400]
Epoch 184/1000: 100% 100/100 [01:02<00:00,  1.60it/s, loss=0.6434]
Epoch 185/1000: 100% 100/100 [01:01<00:00,  1.61it/s, loss=0.6390]
Epoch 186/1000: 100% 100/100 [01:02<00:00,  1.61it/s, loss=0.6369]
Epoch 187/1000: 100% 100/100 [01:00<00:00,  1.64it/s, loss=0.6367]
Epoch 188/1000: 100% 100/100 [01:00<00:00,  1.64it/s, loss=0.6357]
Epoch 189/1000: 100% 100/100 [01:00<00:00,  1.65it/s, loss=0.6349]
Epoch 190/1000: 100% 100/100 [01:00<00:00,  1.64it/s, loss=0.6336]
2025-11-24 07:36:00,424 [INFO] Epoch 190/1000 | Time: 63.38s | Loss: 0.6334 | Spikes: 0.51 | Eval Return: 9.10
Epoch 191/1000: 100% 100/100 [01:01<00:00,  1.63it/s, loss=0.6324]
Epoch 192/1000: 100% 100/100 [01:01<00:00,  1.64it/s, loss=0.6322]
Epoch 193/1000: 100% 100/100 [01:01<00:00,  1.63it/s, loss=0.6319]
Epoch 194/1000: 100% 100/100 [01:01<00:00,  1.62it/s, loss=0.6324]
Epoch 195/1000: 100% 100/100 [01:01<00:00,  1.62it/s, loss=0.6305]
Epoch 196/1000: 100% 100/100 [01:01<00:00,  1.62it/s, loss=0.6303]
Epoch 197/1000: 100% 100/100 [01:01<00:00,  1.63it/s, loss=0.6300]
Epoch 198/1000: 100% 100/100 [01:01<00:00,  1.63it/s, loss=0.6305]
Epoch 199/1000: 100% 100/100 [01:01<00:00,  1.63it/s, loss=0.6292]
Epoch 200/1000: 100% 100/100 [01:01<00:00,  1.64it/s, loss=0.6291]
2025-11-24 07:46:17,160 [INFO] Epoch 200/1000 | Time: 63.73s | Loss: 0.6292 | Spikes: 0.51 | Eval Return: 9.30
Epoch 201/1000: 100% 100/100 [01:00<00:00,  1.64it/s, loss=0.6299]
Epoch 202/1000: 100% 100/100 [01:00<00:00,  1.64it/s, loss=0.6296]
Epoch 203/1000: 100% 100/100 [01:01<00:00,  1.63it/s, loss=0.6288]
Epoch 204/1000: 100% 100/100 [01:00<00:00,  1.65it/s, loss=0.6291]
Epoch 205/1000: 100% 100/100 [01:00<00:00,  1.65it/s, loss=0.6291]
Epoch 206/1000: 100% 100/100 [01:00<00:00,  1.64it/s, loss=0.7268]
Epoch 207/1000: 100% 100/100 [01:00<00:00,  1.65it/s, loss=0.6817]
Epoch 208/1000: 100% 100/100 [01:01<00:00,  1.63it/s, loss=0.6673]
Epoch 209/1000: 100% 100/100 [01:00<00:00,  1.65it/s, loss=0.6609]
Epoch 210/1000: 100% 100/100 [01:00<00:00,  1.65it/s, loss=0.6439]
2025-11-24 07:56:28,552 [INFO] Epoch 210/1000 | Time: 63.31s | Loss: 0.6429 | Spikes: 0.51 | Eval Return: 9.60
Epoch 211/1000: 100% 100/100 [01:00<00:00,  1.65it/s, loss=0.6317]
Epoch 212/1000: 100% 100/100 [01:00<00:00,  1.64it/s, loss=0.6309]
Epoch 213/1000: 100% 100/100 [01:00<00:00,  1.64it/s, loss=0.6312]
Epoch 214/1000: 100% 100/100 [01:00<00:00,  1.65it/s, loss=0.6303]
Epoch 215/1000: 100% 100/100 [01:00<00:00,  1.65it/s, loss=0.6296]
Epoch 216/1000: 100% 100/100 [01:00<00:00,  1.65it/s, loss=0.6288]
Epoch 217/1000: 100% 100/100 [01:00<00:00,  1.65it/s, loss=0.6289]
Epoch 218/1000: 100% 100/100 [01:00<00:00,  1.64it/s, loss=0.6288]
Epoch 219/1000: 100% 100/100 [01:01<00:00,  1.64it/s, loss=0.6265]
Epoch 220/1000: 100% 100/100 [01:00<00:00,  1.64it/s, loss=0.6264]
2025-11-24 08:06:38,515 [INFO] Epoch 220/1000 | Time: 63.51s | Loss: 0.6269 | Spikes: 0.51 | Eval Return: 9.40
Epoch 221/1000: 100% 100/100 [01:01<00:00,  1.63it/s, loss=0.6290]
Epoch 222/1000: 100% 100/100 [01:01<00:00,  1.64it/s, loss=0.6270]
Epoch 223/1000: 100% 100/100 [01:01<00:00,  1.64it/s, loss=0.6234]
Epoch 224/1000: 100% 100/100 [01:01<00:00,  1.63it/s, loss=0.6232]
Epoch 225/1000: 100% 100/100 [01:01<00:00,  1.63it/s, loss=0.6229]
Epoch 226/1000: 100% 100/100 [01:01<00:00,  1.64it/s, loss=0.6235]
Epoch 227/1000: 100% 100/100 [01:00<00:00,  1.64it/s, loss=0.6228]
Epoch 228/1000: 100% 100/100 [01:00<00:00,  1.64it/s, loss=0.6234]
Epoch 229/1000: 100% 100/100 [01:00<00:00,  1.65it/s, loss=0.6258]
Epoch 230/1000: 100% 100/100 [01:00<00:00,  1.64it/s, loss=0.7116]
2025-11-24 08:16:52,482 [INFO] Epoch 230/1000 | Time: 64.17s | Loss: 0.7257 | Spikes: 0.51 | Eval Return: 12.10
Epoch 231/1000: 100% 100/100 [01:00<00:00,  1.65it/s, loss=0.8336]
Epoch 232/1000: 100% 100/100 [01:00<00:00,  1.65it/s, loss=0.6533]
Epoch 233/1000: 100% 100/100 [01:01<00:00,  1.63it/s, loss=0.6347]
Epoch 234/1000: 100% 100/100 [01:01<00:00,  1.62it/s, loss=0.6275]
Epoch 235/1000: 100% 100/100 [01:01<00:00,  1.63it/s, loss=0.6248]
Epoch 236/1000: 100% 100/100 [01:01<00:00,  1.63it/s, loss=0.6218]
Epoch 237/1000: 100% 100/100 [01:01<00:00,  1.62it/s, loss=0.6199]
Epoch 238/1000: 100% 100/100 [01:01<00:00,  1.62it/s, loss=0.6197]
Epoch 239/1000: 100% 100/100 [01:01<00:00,  1.63it/s, loss=0.6249]
Epoch 240/1000: 100% 100/100 [01:01<00:00,  1.62it/s, loss=0.6206]
2025-11-24 08:27:09,380 [INFO] Epoch 240/1000 | Time: 64.64s | Loss: 0.6199 | Spikes: 0.52 | Eval Return: 9.50
Epoch 241/1000: 100% 100/100 [01:02<00:00,  1.61it/s, loss=0.6035]
Epoch 242/1000: 100% 100/100 [01:01<00:00,  1.61it/s, loss=0.6001]
Epoch 243/1000: 100% 100/100 [01:01<00:00,  1.62it/s, loss=0.5986]
Epoch 244/1000: 100% 100/100 [01:01<00:00,  1.61it/s, loss=0.5974]
Epoch 245/1000: 100% 100/100 [01:01<00:00,  1.61it/s, loss=0.5974]
Epoch 246/1000: 100% 100/100 [01:02<00:00,  1.60it/s, loss=0.5971]
Epoch 247/1000: 100% 100/100 [01:01<00:00,  1.62it/s, loss=0.5971]
Epoch 248/1000: 100% 100/100 [01:01<00:00,  1.63it/s, loss=0.5976]
Epoch 249/1000: 100% 100/100 [01:01<00:00,  1.63it/s, loss=0.5978]
Epoch 250/1000: 100% 100/100 [01:01<00:00,  1.63it/s, loss=0.5972]
2025-11-24 08:37:30,245 [INFO] Epoch 250/1000 | Time: 63.89s | Loss: 0.5969 | Spikes: 0.52 | Eval Return: 9.10
Epoch 251/1000: 100% 100/100 [01:01<00:00,  1.63it/s, loss=0.5979]
Epoch 252/1000: 100% 100/100 [01:01<00:00,  1.62it/s, loss=0.5983]
Epoch 253/1000: 100% 100/100 [01:01<00:00,  1.62it/s, loss=0.5984]
Epoch 254/1000: 100% 100/100 [01:01<00:00,  1.63it/s, loss=0.5980]
Epoch 255/1000: 100% 100/100 [01:01<00:00,  1.63it/s, loss=0.5984]
Epoch 256/1000: 100% 100/100 [01:01<00:00,  1.63it/s, loss=0.5986]
Epoch 257/1000: 100% 100/100 [01:00<00:00,  1.64it/s, loss=0.5988]
Epoch 258/1000: 100% 100/100 [01:00<00:00,  1.64it/s, loss=0.5988]
Epoch 259/1000: 100% 100/100 [01:01<00:00,  1.64it/s, loss=0.5993]
Epoch 260/1000: 100% 100/100 [01:01<00:00,  1.63it/s, loss=0.5983]
2025-11-24 08:47:46,845 [INFO] Epoch 260/1000 | Time: 64.47s | Loss: 0.5984 | Spikes: 0.52 | Eval Return: 9.40
Epoch 261/1000: 100% 100/100 [01:00<00:00,  1.64it/s, loss=0.5994]
Epoch 262/1000: 100% 100/100 [01:01<00:00,  1.64it/s, loss=0.5996]
Epoch 263/1000: 100% 100/100 [01:01<00:00,  1.64it/s, loss=0.5990]
Epoch 264/1000: 100% 100/100 [01:01<00:00,  1.64it/s, loss=0.5986]
Epoch 265/1000: 100% 100/100 [01:00<00:00,  1.64it/s, loss=0.6003]
Epoch 266/1000: 100% 100/100 [01:00<00:00,  1.64it/s, loss=0.6014]
Epoch 267/1000: 100% 100/100 [01:01<00:00,  1.63it/s, loss=0.6005]
Epoch 268/1000: 100% 100/100 [01:00<00:00,  1.64it/s, loss=0.6002]
Epoch 269/1000: 100% 100/100 [01:01<00:00,  1.62it/s, loss=0.6000]
Epoch 270/1000: 100% 100/100 [01:01<00:00,  1.63it/s, loss=0.5997]
2025-11-24 08:58:00,546 [INFO] Epoch 270/1000 | Time: 64.03s | Loss: 0.5996 | Spikes: 0.52 | Eval Return: 9.40
Epoch 271/1000: 100% 100/100 [01:00<00:00,  1.64it/s, loss=0.5991]
Epoch 272/1000: 100% 100/100 [01:03<00:00,  1.59it/s, loss=0.5993]
Epoch 273/1000: 100% 100/100 [01:04<00:00,  1.55it/s, loss=0.5994]
Epoch 274/1000: 100% 100/100 [01:03<00:00,  1.57it/s, loss=0.5990]
Epoch 275/1000: 100% 100/100 [01:01<00:00,  1.63it/s, loss=0.5989]
Epoch 276/1000: 100% 100/100 [01:00<00:00,  1.64it/s, loss=0.5972]
Epoch 277/1000: 100% 100/100 [01:00<00:00,  1.64it/s, loss=0.5974]
Epoch 278/1000: 100% 100/100 [01:00<00:00,  1.64it/s, loss=0.5974]
Epoch 279/1000: 100% 100/100 [01:01<00:00,  1.63it/s, loss=0.5969]
Epoch 280/1000: 100% 100/100 [01:05<00:00,  1.53it/s, loss=0.5971]
2025-11-24 09:08:25,998 [INFO] Epoch 280/1000 | Time: 68.04s | Loss: 0.5973 | Spikes: 0.52 | Eval Return: 9.30
Epoch 281/1000: 100% 100/100 [01:04<00:00,  1.55it/s, loss=0.5964]
Epoch 282/1000: 100% 100/100 [01:01<00:00,  1.62it/s, loss=0.5973]
Epoch 283/1000: 100% 100/100 [01:02<00:00,  1.60it/s, loss=0.5989]
Epoch 284/1000: 100% 100/100 [01:01<00:00,  1.62it/s, loss=0.5975]
Epoch 285/1000: 100% 100/100 [01:00<00:00,  1.64it/s, loss=0.5948]
Epoch 286/1000: 100% 100/100 [01:01<00:00,  1.64it/s, loss=0.5954]
Epoch 287/1000: 100% 100/100 [01:01<00:00,  1.63it/s, loss=0.5946]
Epoch 288/1000: 100% 100/100 [01:01<00:00,  1.63it/s, loss=0.5948]
Epoch 289/1000: 100% 100/100 [01:00<00:00,  1.64it/s, loss=0.5951]
Epoch 290/1000: 100% 100/100 [01:01<00:00,  1.63it/s, loss=0.6028]
2025-11-24 09:18:46,947 [INFO] Epoch 290/1000 | Time: 64.79s | Loss: 0.6027 | Spikes: 0.52 | Eval Return: 9.70
Epoch 291/1000: 100% 100/100 [01:01<00:00,  1.63it/s, loss=0.5982]
Epoch 292/1000: 100% 100/100 [01:01<00:00,  1.63it/s, loss=0.5930]
Epoch 293/1000: 100% 100/100 [01:01<00:00,  1.63it/s, loss=0.5924]
Epoch 294/1000: 100% 100/100 [01:02<00:00,  1.61it/s, loss=0.5949]
Epoch 295/1000: 100% 100/100 [01:01<00:00,  1.64it/s, loss=0.5834]
Epoch 296/1000: 100% 100/100 [01:01<00:00,  1.63it/s, loss=0.5762]
Epoch 297/1000: 100% 100/100 [01:01<00:00,  1.63it/s, loss=0.5760]
Epoch 298/1000: 100% 100/100 [01:01<00:00,  1.62it/s, loss=0.5728]
Epoch 299/1000: 100% 100/100 [01:01<00:00,  1.62it/s, loss=0.5703]
Epoch 300/1000: 100% 100/100 [01:01<00:00,  1.63it/s, loss=0.5693]
2025-11-24 09:29:03,682 [INFO] Epoch 300/1000 | Time: 64.07s | Loss: 0.5690 | Spikes: 0.53 | Eval Return: 9.30
Epoch 301/1000: 100% 100/100 [01:01<00:00,  1.63it/s, loss=0.5697]
Epoch 302/1000: 100% 100/100 [01:01<00:00,  1.62it/s, loss=0.5670]
Epoch 303/1000: 100% 100/100 [01:01<00:00,  1.63it/s, loss=0.5652]
Epoch 304/1000: 100% 100/100 [01:01<00:00,  1.62it/s, loss=0.5657]
Epoch 305/1000: 100% 100/100 [01:01<00:00,  1.62it/s, loss=0.5664]
Epoch 306/1000: 100% 100/100 [01:01<00:00,  1.64it/s, loss=0.5662]
Epoch 307/1000: 100% 100/100 [01:01<00:00,  1.62it/s, loss=0.5572]
Epoch 308/1000: 100% 100/100 [01:01<00:00,  1.64it/s, loss=0.5517]
Epoch 309/1000: 100% 100/100 [01:01<00:00,  1.63it/s, loss=0.5545]
Epoch 310/1000: 100% 100/100 [01:01<00:00,  1.63it/s, loss=0.5554]
2025-11-24 09:39:20,119 [INFO] Epoch 310/1000 | Time: 63.61s | Loss: 0.5544 | Spikes: 0.45 | Eval Return: 8.90
Epoch 311/1000: 100% 100/100 [01:01<00:00,  1.63it/s, loss=0.5553]
Epoch 312/1000: 100% 100/100 [01:00<00:00,  1.65it/s, loss=0.5557]
Epoch 313/1000: 100% 100/100 [01:00<00:00,  1.64it/s, loss=0.5573]
Epoch 314/1000: 100% 100/100 [01:03<00:00,  1.57it/s, loss=0.5575]
Epoch 315/1000: 100% 100/100 [01:01<00:00,  1.63it/s, loss=0.5574]
Epoch 316/1000: 100% 100/100 [01:01<00:00,  1.63it/s, loss=0.5588]
Epoch 317/1000: 100% 100/100 [01:01<00:00,  1.64it/s, loss=0.5598]
Epoch 318/1000: 100% 100/100 [01:01<00:00,  1.64it/s, loss=0.5598]
Epoch 319/1000: 100% 100/100 [01:01<00:00,  1.63it/s, loss=0.5618]
Epoch 320/1000: 100% 100/100 [01:01<00:00,  1.63it/s, loss=0.5624]
2025-11-24 09:49:36,648 [INFO] Epoch 320/1000 | Time: 64.14s | Loss: 0.5619 | Spikes: 0.45 | Eval Return: 9.50
Epoch 321/1000: 100% 100/100 [01:01<00:00,  1.63it/s, loss=0.5632]
Epoch 322/1000: 100% 100/100 [01:01<00:00,  1.64it/s, loss=0.5653]
Epoch 323/1000: 100% 100/100 [01:01<00:00,  1.64it/s, loss=0.5669]
Epoch 324/1000: 100% 100/100 [01:01<00:00,  1.62it/s, loss=0.5709]
Epoch 325/1000: 100% 100/100 [01:02<00:00,  1.61it/s, loss=0.5730]
Epoch 326/1000: 100% 100/100 [01:01<00:00,  1.63it/s, loss=0.5686]
Epoch 327/1000: 100% 100/100 [01:01<00:00,  1.63it/s, loss=0.5697]
Epoch 328/1000: 100% 100/100 [01:01<00:00,  1.63it/s, loss=0.5714]
Epoch 329/1000: 100% 100/100 [01:01<00:00,  1.63it/s, loss=0.5683]
Epoch 330/1000: 100% 100/100 [01:01<00:00,  1.62it/s, loss=0.5698]
2025-11-24 09:59:53,095 [INFO] Epoch 330/1000 | Time: 64.09s | Loss: 0.5697 | Spikes: 0.45 | Eval Return: 9.30
Epoch 331/1000: 100% 100/100 [01:01<00:00,  1.64it/s, loss=0.5737]
Epoch 332/1000: 100% 100/100 [01:00<00:00,  1.64it/s, loss=0.5741]
Epoch 333/1000: 100% 100/100 [01:01<00:00,  1.62it/s, loss=0.5737]
Epoch 334/1000: 100% 100/100 [01:02<00:00,  1.61it/s, loss=0.5737]
Epoch 335/1000: 100% 100/100 [01:01<00:00,  1.62it/s, loss=0.5738]
Epoch 336/1000: 100% 100/100 [01:01<00:00,  1.62it/s, loss=0.5771]
Epoch 337/1000: 100% 100/100 [01:01<00:00,  1.63it/s, loss=0.5776]
Epoch 338/1000: 100% 100/100 [01:01<00:00,  1.64it/s, loss=0.5753]
Epoch 339/1000: 100% 100/100 [01:01<00:00,  1.63it/s, loss=0.5823]
Epoch 340/1000: 100% 100/100 [01:01<00:00,  1.64it/s, loss=0.5814]
2025-11-24 10:10:10,671 [INFO] Epoch 340/1000 | Time: 64.32s | Loss: 0.5827 | Spikes: 0.45 | Eval Return: 9.40
Epoch 341/1000: 100% 100/100 [01:01<00:00,  1.63it/s, loss=0.5730]
Epoch 342/1000: 100% 100/100 [01:01<00:00,  1.63it/s, loss=0.5639]
Epoch 343/1000: 100% 100/100 [01:01<00:00,  1.63it/s, loss=0.5355]
Epoch 344/1000: 100% 100/100 [01:01<00:00,  1.63it/s, loss=0.5289]
Epoch 345/1000: 100% 100/100 [01:01<00:00,  1.64it/s, loss=0.5196]
Epoch 346/1000: 100% 100/100 [01:01<00:00,  1.63it/s, loss=0.5224]
Epoch 347/1000: 100% 100/100 [01:01<00:00,  1.63it/s, loss=0.5216]
Epoch 348/1000: 100% 100/100 [01:01<00:00,  1.62it/s, loss=0.5131]
Epoch 349/1000: 100% 100/100 [01:01<00:00,  1.63it/s, loss=0.5135]
Epoch 350/1000: 100% 100/100 [01:01<00:00,  1.64it/s, loss=0.5146]
2025-11-24 10:20:26,849 [INFO] Epoch 350/1000 | Time: 63.70s | Loss: 0.5138 | Spikes: 0.44 | Eval Return: 9.70
Epoch 351/1000: 100% 100/100 [01:02<00:00,  1.60it/s, loss=0.5132]
Epoch 352/1000: 100% 100/100 [01:01<00:00,  1.63it/s, loss=0.5174]
Epoch 353/1000: 100% 100/100 [01:01<00:00,  1.63it/s, loss=0.5218]
Epoch 354/1000: 100% 100/100 [01:01<00:00,  1.62it/s, loss=0.5271]
Epoch 355/1000: 100% 100/100 [01:00<00:00,  1.64it/s, loss=0.5219]
Epoch 356/1000: 100% 100/100 [01:01<00:00,  1.63it/s, loss=0.5272]
Epoch 357/1000: 100% 100/100 [01:01<00:00,  1.62it/s, loss=0.5277]
Epoch 358/1000: 100% 100/100 [01:01<00:00,  1.62it/s, loss=0.5302]
Epoch 359/1000: 100% 100/100 [01:01<00:00,  1.62it/s, loss=0.5376]
Epoch 360/1000: 100% 100/100 [01:01<00:00,  1.62it/s, loss=0.5351]
2025-11-24 10:30:45,371 [INFO] Epoch 360/1000 | Time: 64.86s | Loss: 0.5347 | Spikes: 0.44 | Eval Return: 9.80
Epoch 361/1000: 100% 100/100 [01:01<00:00,  1.63it/s, loss=0.5373]
Epoch 362/1000: 100% 100/100 [01:01<00:00,  1.63it/s, loss=0.5386]
Epoch 363/1000: 100% 100/100 [01:01<00:00,  1.64it/s, loss=0.5299]
Epoch 364/1000: 100% 100/100 [01:01<00:00,  1.64it/s, loss=0.5107]
Epoch 365/1000: 100% 100/100 [01:01<00:00,  1.64it/s, loss=0.5069]
Epoch 366/1000: 100% 100/100 [01:01<00:00,  1.64it/s, loss=0.5053]
Epoch 367/1000: 100% 100/100 [01:00<00:00,  1.64it/s, loss=0.5021]
Epoch 368/1000: 100% 100/100 [01:01<00:00,  1.63it/s, loss=0.5020]
Epoch 369/1000: 100% 100/100 [01:02<00:00,  1.59it/s, loss=0.4977]
Epoch 370/1000: 100% 100/100 [01:01<00:00,  1.61it/s, loss=0.4981]
2025-11-24 10:41:01,883 [INFO] Epoch 370/1000 | Time: 64.47s | Loss: 0.4986 | Spikes: 0.45 | Eval Return: 9.30
Epoch 371/1000: 100% 100/100 [01:02<00:00,  1.61it/s, loss=0.4954]
Epoch 372/1000: 100% 100/100 [01:01<00:00,  1.63it/s, loss=0.4977]
Epoch 373/1000: 100% 100/100 [01:01<00:00,  1.61it/s, loss=0.5086]
Epoch 374/1000: 100% 100/100 [01:02<00:00,  1.60it/s, loss=0.4971]
Epoch 375/1000: 100% 100/100 [01:02<00:00,  1.61it/s, loss=0.4870]
Epoch 376/1000: 100% 100/100 [01:01<00:00,  1.62it/s, loss=0.4779]
Epoch 377/1000: 100% 100/100 [01:01<00:00,  1.64it/s, loss=0.4749]
Epoch 378/1000: 100% 100/100 [01:00<00:00,  1.64it/s, loss=0.4841]
Epoch 379/1000: 100% 100/100 [01:00<00:00,  1.64it/s, loss=0.4810]
Epoch 380/1000: 100% 100/100 [01:00<00:00,  1.64it/s, loss=0.4980]
2025-11-24 10:51:20,996 [INFO] Epoch 380/1000 | Time: 64.14s | Loss: 0.4968 | Spikes: 0.43 | Eval Return: 9.50
Epoch 381/1000: 100% 100/100 [01:01<00:00,  1.64it/s, loss=0.5093]
Epoch 382/1000: 100% 100/100 [01:00<00:00,  1.64it/s, loss=0.4668]
Epoch 383/1000: 100% 100/100 [01:01<00:00,  1.62it/s, loss=0.4669]
Epoch 384/1000: 100% 100/100 [01:01<00:00,  1.63it/s, loss=0.4727]
Epoch 385/1000: 100% 100/100 [01:02<00:00,  1.60it/s, loss=0.4828]
Epoch 386/1000: 100% 100/100 [01:01<00:00,  1.62it/s, loss=0.5014]
Epoch 387/1000: 100% 100/100 [01:02<00:00,  1.59it/s, loss=0.4676]
Epoch 388/1000: 100% 100/100 [01:02<00:00,  1.60it/s, loss=0.4711]
Epoch 389/1000: 100% 100/100 [01:02<00:00,  1.60it/s, loss=0.4603]
Epoch 390/1000: 100% 100/100 [01:01<00:00,  1.61it/s, loss=0.4690]
2025-11-24 11:01:42,964 [INFO] Epoch 390/1000 | Time: 64.72s | Loss: 0.4675 | Spikes: 0.44 | Eval Return: 9.30
Epoch 391/1000: 100% 100/100 [01:01<00:00,  1.62it/s, loss=0.4556]
Epoch 392/1000: 100% 100/100 [01:01<00:00,  1.62it/s, loss=0.4585]
Epoch 393/1000: 100% 100/100 [01:01<00:00,  1.62it/s, loss=0.4606]
Epoch 394/1000: 100% 100/100 [01:01<00:00,  1.63it/s, loss=0.4651]
Epoch 395/1000: 100% 100/100 [01:01<00:00,  1.63it/s, loss=0.4739]
Epoch 396/1000: 100% 100/100 [01:01<00:00,  1.62it/s, loss=0.4900]
Epoch 397/1000: 100% 100/100 [01:01<00:00,  1.62it/s, loss=0.4765]
Epoch 398/1000: 100% 100/100 [01:01<00:00,  1.62it/s, loss=0.4635]
Epoch 399/1000: 100% 100/100 [01:01<00:00,  1.62it/s, loss=0.4548]
Epoch 400/1000: 100% 100/100 [01:01<00:00,  1.64it/s, loss=0.4539]
2025-11-24 11:12:01,573 [INFO] Epoch 400/1000 | Time: 63.79s | Loss: 0.4540 | Spikes: 0.43 | Eval Return: 9.70
Epoch 401/1000: 100% 100/100 [01:01<00:00,  1.63it/s, loss=0.4670]
Epoch 402/1000: 100% 100/100 [01:01<00:00,  1.64it/s, loss=0.4697]
Epoch 403/1000: 100% 100/100 [01:01<00:00,  1.63it/s, loss=0.4503]
Epoch 404/1000: 100% 100/100 [01:01<00:00,  1.63it/s, loss=0.4509]
Epoch 405/1000: 100% 100/100 [01:01<00:00,  1.63it/s, loss=0.4538]
Epoch 406/1000: 100% 100/100 [01:00<00:00,  1.65it/s, loss=0.4601]
Epoch 407/1000: 100% 100/100 [01:00<00:00,  1.64it/s, loss=0.4756]
Epoch 408/1000: 100% 100/100 [01:01<00:00,  1.63it/s, loss=0.5271]
Epoch 409/1000: 100% 100/100 [01:01<00:00,  1.63it/s, loss=0.4800]
Epoch 410/1000: 100% 100/100 [01:01<00:00,  1.63it/s, loss=0.4732]
2025-11-24 11:22:15,833 [INFO] Epoch 410/1000 | Time: 63.79s | Loss: 0.4733 | Spikes: 0.43 | Eval Return: 9.50
Epoch 411/1000: 100% 100/100 [01:00<00:00,  1.65it/s, loss=0.4677]
Epoch 412/1000: 100% 100/100 [01:00<00:00,  1.64it/s, loss=0.4639]
Epoch 413/1000: 100% 100/100 [01:01<00:00,  1.63it/s, loss=0.4771]
Epoch 414/1000: 100% 100/100 [01:01<00:00,  1.63it/s, loss=0.5172]
Epoch 415/1000: 100% 100/100 [01:01<00:00,  1.64it/s, loss=0.5310]
Epoch 416/1000: 100% 100/100 [01:00<00:00,  1.65it/s, loss=0.5396]
Epoch 417/1000: 100% 100/100 [01:01<00:00,  1.63it/s, loss=0.5316]
Epoch 418/1000: 100% 100/100 [01:00<00:00,  1.64it/s, loss=0.5341]
Epoch 419/1000: 100% 100/100 [01:00<00:00,  1.65it/s, loss=0.5353]
Epoch 420/1000: 100% 100/100 [01:00<00:00,  1.64it/s, loss=0.5387]
2025-11-24 11:32:27,936 [INFO] Epoch 420/1000 | Time: 63.34s | Loss: 0.5396 | Spikes: 0.43 | Eval Return: 9.20
Epoch 421/1000: 100% 100/100 [01:00<00:00,  1.65it/s, loss=0.5386]
Epoch 422/1000: 100% 100/100 [01:00<00:00,  1.64it/s, loss=0.5436]
Epoch 423/1000: 100% 100/100 [01:01<00:00,  1.64it/s, loss=0.5406]
Epoch 424/1000: 100% 100/100 [01:00<00:00,  1.65it/s, loss=0.5402]
Epoch 425/1000: 100% 100/100 [01:00<00:00,  1.64it/s, loss=0.5445]
Epoch 426/1000: 100% 100/100 [01:00<00:00,  1.65it/s, loss=0.5592]
Epoch 427/1000: 100% 100/100 [01:00<00:00,  1.65it/s, loss=0.5702]
Epoch 428/1000: 100% 100/100 [01:00<00:00,  1.65it/s, loss=0.5782]
Epoch 429/1000: 100% 100/100 [01:00<00:00,  1.65it/s, loss=0.5834]
Epoch 430/1000: 100% 100/100 [01:00<00:00,  1.65it/s, loss=0.5803]
2025-11-24 11:42:37,392 [INFO] Epoch 430/1000 | Time: 63.06s | Loss: 0.5798 | Spikes: 0.43 | Eval Return: 9.20
Epoch 431/1000: 100% 100/100 [01:02<00:00,  1.61it/s, loss=0.5774]
Epoch 432/1000: 100% 100/100 [01:07<00:00,  1.48it/s, loss=0.5712]
Epoch 433/1000: 100% 100/100 [01:08<00:00,  1.46it/s, loss=0.5725]
Epoch 434/1000: 100% 100/100 [01:07<00:00,  1.48it/s, loss=0.5715]
Epoch 435/1000: 100% 100/100 [01:07<00:00,  1.48it/s, loss=0.5728]
Epoch 436/1000: 100% 100/100 [01:07<00:00,  1.49it/s, loss=0.5725]
Epoch 437/1000: 100% 100/100 [01:07<00:00,  1.48it/s, loss=0.5742]
Epoch 438/1000: 100% 100/100 [01:06<00:00,  1.51it/s, loss=0.5701]
Epoch 439/1000: 100% 100/100 [01:06<00:00,  1.51it/s, loss=0.5647]
Epoch 440/1000: 100% 100/100 [01:05<00:00,  1.53it/s, loss=0.5591]
2025-11-24 11:53:46,356 [INFO] Epoch 440/1000 | Time: 68.39s | Loss: 0.5582 | Spikes: 0.43 | Eval Return: 9.70
Epoch 441/1000: 100% 100/100 [01:05<00:00,  1.54it/s, loss=0.5606]
Epoch 442/1000: 100% 100/100 [01:04<00:00,  1.55it/s, loss=0.6073]
Epoch 443/1000: 100% 100/100 [01:02<00:00,  1.60it/s, loss=0.4893]
Epoch 444/1000: 100% 100/100 [01:05<00:00,  1.52it/s, loss=0.4748]
Epoch 445/1000: 100% 100/100 [01:04<00:00,  1.54it/s, loss=0.4516]
Epoch 446/1000: 100% 100/100 [01:03<00:00,  1.56it/s, loss=0.4889]
Epoch 447/1000: 100% 100/100 [01:03<00:00,  1.58it/s, loss=0.4401]
Epoch 448/1000: 100% 100/100 [01:03<00:00,  1.58it/s, loss=0.4521]
Epoch 449/1000: 100% 100/100 [01:03<00:00,  1.58it/s, loss=0.4603]
Epoch 450/1000: 100% 100/100 [01:03<00:00,  1.58it/s, loss=0.4505]
2025-11-24 12:04:28,303 [INFO] Epoch 450/1000 | Time: 65.84s | Loss: 0.4482 | Spikes: 0.43 | Eval Return: 9.30
Epoch 451/1000: 100% 100/100 [01:03<00:00,  1.57it/s, loss=0.4459]
Epoch 452/1000: 100% 100/100 [01:03<00:00,  1.57it/s, loss=0.4456]
Epoch 453/1000: 100% 100/100 [01:02<00:00,  1.59it/s, loss=0.4426]
Epoch 454/1000: 100% 100/100 [01:02<00:00,  1.59it/s, loss=0.4701]
Epoch 455/1000: 100% 100/100 [01:02<00:00,  1.59it/s, loss=0.4742]
Epoch 456/1000: 100% 100/100 [01:02<00:00,  1.61it/s, loss=0.4764]
Epoch 457/1000: 100% 100/100 [01:02<00:00,  1.60it/s, loss=0.4432]
Epoch 458/1000: 100% 100/100 [01:02<00:00,  1.59it/s, loss=0.4523]
Epoch 459/1000: 100% 100/100 [01:03<00:00,  1.58it/s, loss=0.4360]
Epoch 460/1000: 100% 100/100 [01:03<00:00,  1.58it/s, loss=0.4358]
2025-11-24 12:15:00,790 [INFO] Epoch 460/1000 | Time: 65.73s | Loss: 0.4360 | Spikes: 0.42 | Eval Return: 9.10
Epoch 461/1000: 100% 100/100 [01:02<00:00,  1.60it/s, loss=0.4384]
Epoch 462/1000: 100% 100/100 [01:02<00:00,  1.60it/s, loss=0.4366]
Epoch 463/1000: 100% 100/100 [01:02<00:00,  1.60it/s, loss=0.4339]
Epoch 464/1000: 100% 100/100 [01:02<00:00,  1.59it/s, loss=0.4348]
Epoch 465/1000: 100% 100/100 [01:02<00:00,  1.60it/s, loss=0.4340]
Epoch 466/1000: 100% 100/100 [01:01<00:00,  1.62it/s, loss=0.4318]
Epoch 467/1000: 100% 100/100 [01:01<00:00,  1.62it/s, loss=0.4315]
Epoch 468/1000: 100% 100/100 [01:02<00:00,  1.61it/s, loss=0.4449]
Epoch 469/1000: 100% 100/100 [01:01<00:00,  1.62it/s, loss=0.4469]
Epoch 470/1000: 100% 100/100 [01:01<00:00,  1.62it/s, loss=0.4321]
2025-11-24 12:25:25,009 [INFO] Epoch 470/1000 | Time: 64.19s | Loss: 0.4317 | Spikes: 0.42 | Eval Return: 9.50
Epoch 471/1000: 100% 100/100 [01:01<00:00,  1.63it/s, loss=0.4314]
Epoch 472/1000: 100% 100/100 [01:02<00:00,  1.61it/s, loss=0.4300]
Epoch 473/1000: 100% 100/100 [01:01<00:00,  1.62it/s, loss=0.4303]
Epoch 474/1000: 100% 100/100 [01:01<00:00,  1.62it/s, loss=0.4308]
Epoch 475/1000: 100% 100/100 [01:01<00:00,  1.63it/s, loss=0.4321]
Epoch 476/1000: 100% 100/100 [01:02<00:00,  1.60it/s, loss=0.4298]
Epoch 477/1000: 100% 100/100 [01:01<00:00,  1.62it/s, loss=0.4306]
Epoch 478/1000: 100% 100/100 [01:02<00:00,  1.61it/s, loss=0.4304]
Epoch 479/1000: 100% 100/100 [01:02<00:00,  1.61it/s, loss=0.4406]
Epoch 480/1000: 100% 100/100 [01:03<00:00,  1.57it/s, loss=0.4488]
2025-11-24 12:35:48,864 [INFO] Epoch 480/1000 | Time: 66.48s | Loss: 0.4481 | Spikes: 0.42 | Eval Return: 9.40
Epoch 481/1000: 100% 100/100 [01:03<00:00,  1.59it/s, loss=0.4456]
Epoch 482/1000: 100% 100/100 [01:03<00:00,  1.58it/s, loss=0.4373]
Epoch 483/1000: 100% 100/100 [01:03<00:00,  1.56it/s, loss=0.4258]
Epoch 484/1000: 100% 100/100 [01:03<00:00,  1.58it/s, loss=0.4237]
Epoch 485/1000: 100% 100/100 [01:03<00:00,  1.56it/s, loss=0.4450]
Epoch 486/1000: 100% 100/100 [01:04<00:00,  1.56it/s, loss=0.4547]
Epoch 487/1000: 100% 100/100 [01:04<00:00,  1.56it/s, loss=0.4421]
Epoch 488/1000: 100% 100/100 [01:04<00:00,  1.56it/s, loss=0.4293]
Epoch 489/1000: 100% 100/100 [01:04<00:00,  1.56it/s, loss=0.4314]
Epoch 490/1000: 100% 100/100 [01:04<00:00,  1.56it/s, loss=0.4323]
2025-11-24 12:46:30,334 [INFO] Epoch 490/1000 | Time: 66.96s | Loss: 0.4332 | Spikes: 0.42 | Eval Return: 9.80
Epoch 491/1000: 100% 100/100 [01:03<00:00,  1.58it/s, loss=0.5270]
Epoch 492/1000: 100% 100/100 [01:04<00:00,  1.55it/s, loss=0.5429]
Epoch 493/1000: 100% 100/100 [01:03<00:00,  1.56it/s, loss=0.4912]
Epoch 494/1000: 100% 100/100 [01:03<00:00,  1.57it/s, loss=0.4910]
Epoch 495/1000: 100% 100/100 [01:03<00:00,  1.56it/s, loss=0.4905]
Epoch 496/1000: 100% 100/100 [01:03<00:00,  1.58it/s, loss=0.5182]
Epoch 497/1000: 100% 100/100 [01:02<00:00,  1.59it/s, loss=0.6027]
Epoch 498/1000: 100% 100/100 [01:04<00:00,  1.56it/s, loss=0.4474]
Epoch 499/1000: 100% 100/100 [01:03<00:00,  1.57it/s, loss=0.4331]
Epoch 500/1000: 100% 100/100 [01:03<00:00,  1.56it/s, loss=0.4277]
2025-11-24 12:57:10,388 [INFO] Epoch 500/1000 | Time: 66.59s | Loss: 0.4281 | Spikes: 0.44 | Eval Return: 9.10
Epoch 501/1000: 100% 100/100 [01:03<00:00,  1.58it/s, loss=0.4180]
Epoch 502/1000: 100% 100/100 [01:02<00:00,  1.59it/s, loss=0.4226]
Epoch 503/1000: 100% 100/100 [01:03<00:00,  1.57it/s, loss=0.4166]
Epoch 504/1000: 100% 100/100 [01:03<00:00,  1.57it/s, loss=0.4512]
Epoch 505/1000: 100% 100/100 [01:03<00:00,  1.57it/s, loss=0.4649]
Epoch 506/1000: 100% 100/100 [01:04<00:00,  1.56it/s, loss=0.4411]
Epoch 507/1000: 100% 100/100 [01:03<00:00,  1.57it/s, loss=0.4353]
Epoch 508/1000: 100% 100/100 [01:03<00:00,  1.58it/s, loss=0.4208]
Epoch 509/1000: 100% 100/100 [01:03<00:00,  1.58it/s, loss=0.4236]
Epoch 510/1000: 100% 100/100 [01:02<00:00,  1.59it/s, loss=0.4450]
2025-11-24 13:07:47,653 [INFO] Epoch 510/1000 | Time: 65.57s | Loss: 0.4455 | Spikes: 0.43 | Eval Return: 9.20
Epoch 511/1000: 100% 100/100 [01:03<00:00,  1.57it/s, loss=0.4576]
Epoch 512/1000: 100% 100/100 [01:04<00:00,  1.54it/s, loss=0.4823]
Epoch 513/1000: 100% 100/100 [01:04<00:00,  1.55it/s, loss=0.4801]
Epoch 514/1000: 100% 100/100 [01:03<00:00,  1.58it/s, loss=0.4330]
Epoch 515/1000: 100% 100/100 [01:04<00:00,  1.56it/s, loss=0.4423]
Epoch 516/1000: 100% 100/100 [01:04<00:00,  1.55it/s, loss=0.4530]
Epoch 517/1000: 100% 100/100 [01:04<00:00,  1.55it/s, loss=0.4540]
Epoch 518/1000: 100% 100/100 [01:04<00:00,  1.55it/s, loss=0.4332]
Epoch 519/1000: 100% 100/100 [01:05<00:00,  1.53it/s, loss=0.4257]
Epoch 520/1000: 100% 100/100 [01:09<00:00,  1.44it/s, loss=0.4275]
2025-11-24 13:18:39,907 [INFO] Epoch 520/1000 | Time: 72.66s | Loss: 0.4300 | Spikes: 0.43 | Eval Return: 9.90
Epoch 521/1000: 100% 100/100 [01:10<00:00,  1.42it/s, loss=0.4554]
Epoch 522/1000: 100% 100/100 [01:08<00:00,  1.46it/s, loss=0.4423]
Epoch 523/1000: 100% 100/100 [01:07<00:00,  1.49it/s, loss=0.4762]
Epoch 524/1000: 100% 100/100 [01:07<00:00,  1.49it/s, loss=0.4188]
Epoch 525/1000: 100% 100/100 [01:04<00:00,  1.54it/s, loss=0.4689]
Epoch 526/1000: 100% 100/100 [01:05<00:00,  1.52it/s, loss=0.4752]
Epoch 527/1000: 100% 100/100 [01:05<00:00,  1.52it/s, loss=0.4942]
Epoch 528/1000: 100% 100/100 [01:05<00:00,  1.52it/s, loss=0.4951]
Epoch 529/1000: 100% 100/100 [01:05<00:00,  1.52it/s, loss=0.4957]
Epoch 530/1000: 100% 100/100 [01:05<00:00,  1.52it/s, loss=0.4935]
2025-11-24 13:29:49,724 [INFO] Epoch 530/1000 | Time: 68.52s | Loss: 0.4930 | Spikes: 0.44 | Eval Return: 9.50
Epoch 531/1000: 100% 100/100 [01:05<00:00,  1.53it/s, loss=0.4965]
Epoch 532/1000: 100% 100/100 [01:05<00:00,  1.53it/s, loss=0.4971]
Epoch 533/1000: 100% 100/100 [01:06<00:00,  1.51it/s, loss=0.4992]
Epoch 534/1000: 100% 100/100 [01:05<00:00,  1.54it/s, loss=0.5045]
Epoch 535/1000: 100% 100/100 [01:05<00:00,  1.53it/s, loss=0.5004]
Epoch 536/1000: 100% 100/100 [01:04<00:00,  1.55it/s, loss=0.4663]
Epoch 537/1000: 100% 100/100 [01:04<00:00,  1.55it/s, loss=0.4187]
Epoch 538/1000: 100% 100/100 [01:05<00:00,  1.53it/s, loss=0.4431]
Epoch 539/1000: 100% 100/100 [01:05<00:00,  1.53it/s, loss=0.5076]
Epoch 540/1000: 100% 100/100 [01:05<00:00,  1.53it/s, loss=0.5117]
2025-11-24 13:40:44,450 [INFO] Epoch 540/1000 | Time: 68.05s | Loss: 0.5111 | Spikes: 0.44 | Eval Return: 9.20
Epoch 541/1000: 100% 100/100 [01:05<00:00,  1.53it/s, loss=0.5166]
Epoch 542/1000: 100% 100/100 [01:04<00:00,  1.55it/s, loss=0.5241]
Epoch 543/1000: 100% 100/100 [01:04<00:00,  1.55it/s, loss=0.5280]
Epoch 544/1000: 100% 100/100 [01:05<00:00,  1.53it/s, loss=0.5536]
Epoch 545/1000: 100% 100/100 [01:05<00:00,  1.54it/s, loss=0.5982]
Epoch 546/1000: 100% 100/100 [01:05<00:00,  1.52it/s, loss=0.5285]
Epoch 547/1000: 100% 100/100 [01:04<00:00,  1.55it/s, loss=0.4140]
Epoch 548/1000: 100% 100/100 [01:04<00:00,  1.54it/s, loss=0.4135]
Epoch 549/1000: 100% 100/100 [01:04<00:00,  1.55it/s, loss=0.4107]
Epoch 550/1000: 100% 100/100 [01:05<00:00,  1.52it/s, loss=0.4090]
2025-11-24 13:51:36,595 [INFO] Epoch 550/1000 | Time: 68.36s | Loss: 0.4095 | Spikes: 0.43 | Eval Return: 9.40
Epoch 551/1000: 100% 100/100 [01:05<00:00,  1.54it/s, loss=0.4069]
Epoch 552/1000: 100% 100/100 [01:05<00:00,  1.53it/s, loss=0.4059]
Epoch 553/1000: 100% 100/100 [01:04<00:00,  1.55it/s, loss=0.4059]
Epoch 554/1000: 100% 100/100 [01:06<00:00,  1.51it/s, loss=0.4820]
Epoch 555/1000: 100% 100/100 [01:04<00:00,  1.55it/s, loss=0.4109]
Epoch 556/1000: 100% 100/100 [01:04<00:00,  1.56it/s, loss=0.4148]
Epoch 557/1000: 100% 100/100 [01:03<00:00,  1.58it/s, loss=0.4422]
Epoch 558/1000: 100% 100/100 [01:03<00:00,  1.58it/s, loss=0.4403]
Epoch 559/1000: 100% 100/100 [01:03<00:00,  1.56it/s, loss=0.4386]
Epoch 560/1000: 100% 100/100 [01:03<00:00,  1.58it/s, loss=0.4162]
2025-11-24 14:02:23,285 [INFO] Epoch 560/1000 | Time: 66.09s | Loss: 0.4139 | Spikes: 0.43 | Eval Return: 9.60
Epoch 561/1000: 100% 100/100 [01:03<00:00,  1.57it/s, loss=0.4402]
Epoch 562/1000: 100% 100/100 [01:03<00:00,  1.58it/s, loss=0.5865]
Epoch 563/1000: 100% 100/100 [01:02<00:00,  1.60it/s, loss=0.5886]
Epoch 564/1000: 100% 100/100 [01:02<00:00,  1.59it/s, loss=0.4583]
Epoch 565/1000: 100% 100/100 [01:02<00:00,  1.59it/s, loss=0.6004]
Epoch 566/1000: 100% 100/100 [01:02<00:00,  1.60it/s, loss=0.5986]
Epoch 567/1000: 100% 100/100 [01:02<00:00,  1.61it/s, loss=0.5940]
Epoch 568/1000: 100% 100/100 [01:02<00:00,  1.59it/s, loss=0.5778]
Epoch 569/1000: 100% 100/100 [01:02<00:00,  1.60it/s, loss=0.4856]
Epoch 570/1000: 100% 100/100 [01:02<00:00,  1.60it/s, loss=0.4202]
2025-11-24 14:12:54,001 [INFO] Epoch 570/1000 | Time: 65.38s | Loss: 0.4178 | Spikes: 0.43 | Eval Return: 8.90
Epoch 571/1000: 100% 100/100 [01:02<00:00,  1.59it/s, loss=0.4292]
Epoch 572/1000: 100% 100/100 [01:02<00:00,  1.61it/s, loss=0.3999]
Epoch 573/1000: 100% 100/100 [01:03<00:00,  1.58it/s, loss=0.4370]
Epoch 574/1000: 100% 100/100 [01:03<00:00,  1.57it/s, loss=0.4259]
Epoch 575/1000: 100% 100/100 [01:03<00:00,  1.58it/s, loss=0.4142]
Epoch 576/1000: 100% 100/100 [01:02<00:00,  1.59it/s, loss=0.4631]
Epoch 577/1000: 100% 100/100 [01:02<00:00,  1.59it/s, loss=0.4304]
Epoch 578/1000: 100% 100/100 [01:03<00:00,  1.57it/s, loss=0.4599]
Epoch 579/1000: 100% 100/100 [01:03<00:00,  1.56it/s, loss=0.3939]
Epoch 580/1000: 100% 100/100 [01:04<00:00,  1.55it/s, loss=0.3824]
2025-11-24 14:23:29,926 [INFO] Epoch 580/1000 | Time: 67.27s | Loss: 0.3831 | Spikes: 0.44 | Eval Return: 9.60
Epoch 581/1000: 100% 100/100 [01:04<00:00,  1.56it/s, loss=0.3909]
Epoch 582/1000: 100% 100/100 [01:04<00:00,  1.55it/s, loss=0.4147]
Epoch 583/1000: 100% 100/100 [01:04<00:00,  1.55it/s, loss=0.4113]
Epoch 584/1000: 100% 100/100 [01:04<00:00,  1.55it/s, loss=0.4289]
Epoch 585/1000: 100% 100/100 [01:03<00:00,  1.57it/s, loss=0.4304]
Epoch 586/1000: 100% 100/100 [01:02<00:00,  1.61it/s, loss=0.4296]
Epoch 587/1000: 100% 100/100 [01:02<00:00,  1.60it/s, loss=0.4332]
Epoch 588/1000: 100% 100/100 [01:02<00:00,  1.59it/s, loss=0.4258]
Epoch 589/1000: 100% 100/100 [01:03<00:00,  1.57it/s, loss=0.4220]
Epoch 590/1000: 100% 100/100 [01:03<00:00,  1.58it/s, loss=0.4225]
2025-11-24 14:34:08,770 [INFO] Epoch 590/1000 | Time: 66.00s | Loss: 0.4231 | Spikes: 0.44 | Eval Return: 9.60
Epoch 591/1000: 100% 100/100 [01:02<00:00,  1.60it/s, loss=0.4222]
Epoch 592/1000: 100% 100/100 [01:02<00:00,  1.61it/s, loss=0.4195]
Epoch 593/1000: 100% 100/100 [01:03<00:00,  1.58it/s, loss=0.4177]
Epoch 594/1000: 100% 100/100 [01:02<00:00,  1.60it/s, loss=0.4163]
Epoch 595/1000: 100% 100/100 [01:02<00:00,  1.61it/s, loss=0.4094]
Epoch 596/1000: 100% 100/100 [01:02<00:00,  1.60it/s, loss=0.4053]
Epoch 597/1000: 100% 100/100 [01:02<00:00,  1.59it/s, loss=0.4049]
Epoch 598/1000: 100% 100/100 [01:02<00:00,  1.60it/s, loss=0.4024]
Epoch 599/1000: 100% 100/100 [01:02<00:00,  1.60it/s, loss=0.4013]
Epoch 600/1000: 100% 100/100 [01:02<00:00,  1.59it/s, loss=0.3947]
2025-11-24 14:44:36,949 [INFO] Epoch 600/1000 | Time: 65.48s | Loss: 0.3939 | Spikes: 0.44 | Eval Return: 9.30
Epoch 601/1000: 100% 100/100 [01:01<00:00,  1.62it/s, loss=0.3927]
Epoch 602/1000: 100% 100/100 [01:01<00:00,  1.63it/s, loss=0.3847]
Epoch 603/1000: 100% 100/100 [01:02<00:00,  1.60it/s, loss=0.4109]
Epoch 604/1000: 100% 100/100 [01:02<00:00,  1.61it/s, loss=0.3995]
Epoch 605/1000: 100% 100/100 [01:01<00:00,  1.62it/s, loss=0.3908]
Epoch 606/1000: 100% 100/100 [01:01<00:00,  1.61it/s, loss=1.0053]
Epoch 607/1000: 100% 100/100 [01:01<00:00,  1.62it/s, loss=2.0311]
Epoch 608/1000: 100% 100/100 [01:01<00:00,  1.62it/s, loss=2.0617]
Epoch 609/1000: 100% 100/100 [01:01<00:00,  1.62it/s, loss=2.0147]
Epoch 610/1000: 100% 100/100 [01:01<00:00,  1.61it/s, loss=2.0012]
2025-11-24 14:54:58,370 [INFO] Epoch 610/1000 | Time: 64.56s | Loss: 2.0057 | Spikes: 0.43 | Eval Return: 9.10
Epoch 611/1000: 100% 100/100 [01:02<00:00,  1.59it/s, loss=1.9939]
Epoch 612/1000: 100% 100/100 [01:01<00:00,  1.62it/s, loss=1.9788]
Epoch 613/1000: 100% 100/100 [01:02<00:00,  1.61it/s, loss=1.9584]
Epoch 614/1000: 100% 100/100 [01:02<00:00,  1.60it/s, loss=1.9484]
Epoch 615/1000: 100% 100/100 [01:02<00:00,  1.59it/s, loss=1.9400]
Epoch 616/1000: 100% 100/100 [01:03<00:00,  1.58it/s, loss=1.9379]
Epoch 617/1000: 100% 100/100 [01:02<00:00,  1.59it/s, loss=1.9045]
Epoch 618/1000: 100% 100/100 [01:04<00:00,  1.55it/s, loss=1.9156]
Epoch 619/1000: 100% 100/100 [01:03<00:00,  1.59it/s, loss=1.9076]
Epoch 620/1000: 100% 100/100 [01:02<00:00,  1.60it/s, loss=1.9025]
2025-11-24 15:05:29,804 [INFO] Epoch 620/1000 | Time: 65.57s | Loss: 1.8916 | Spikes: 0.43 | Eval Return: 9.30
Epoch 621/1000: 100% 100/100 [01:02<00:00,  1.61it/s, loss=1.8906]
Epoch 622/1000: 100% 100/100 [01:02<00:00,  1.59it/s, loss=1.9184]
Epoch 623/1000: 100% 100/100 [01:02<00:00,  1.61it/s, loss=1.9089]
Epoch 624/1000: 100% 100/100 [01:02<00:00,  1.59it/s, loss=1.9073]
Epoch 625/1000: 100% 100/100 [01:01<00:00,  1.61it/s, loss=1.8446]
Epoch 626/1000: 100% 100/100 [01:02<00:00,  1.61it/s, loss=1.8199]
Epoch 627/1000: 100% 100/100 [01:02<00:00,  1.61it/s, loss=1.7132]
Epoch 628/1000: 100% 100/100 [01:02<00:00,  1.61it/s, loss=1.6590]
Epoch 629/1000: 100% 100/100 [01:02<00:00,  1.61it/s, loss=1.6609]
Epoch 630/1000: 100% 100/100 [01:02<00:00,  1.60it/s, loss=1.6519]
2025-11-24 15:15:55,478 [INFO] Epoch 630/1000 | Time: 65.06s | Loss: 1.6485 | Spikes: 0.43 | Eval Return: 9.40
Epoch 631/1000: 100% 100/100 [01:01<00:00,  1.61it/s, loss=1.6398]
Epoch 632/1000: 100% 100/100 [01:01<00:00,  1.62it/s, loss=1.6163]
Epoch 633/1000: 100% 100/100 [01:01<00:00,  1.62it/s, loss=1.6031]
Epoch 634/1000: 100% 100/100 [01:01<00:00,  1.62it/s, loss=1.5260]
Epoch 635/1000: 100% 100/100 [01:01<00:00,  1.63it/s, loss=1.4761]
Epoch 636/1000: 100% 100/100 [01:01<00:00,  1.61it/s, loss=1.4530]
Epoch 637/1000: 100% 100/100 [01:03<00:00,  1.58it/s, loss=1.4686]
Epoch 638/1000: 100% 100/100 [01:01<00:00,  1.62it/s, loss=1.4403]
Epoch 639/1000: 100% 100/100 [01:00<00:00,  1.64it/s, loss=1.4188]
Epoch 640/1000: 100% 100/100 [01:05<00:00,  1.54it/s, loss=1.4026]
2025-11-24 15:26:19,744 [INFO] Epoch 640/1000 | Time: 67.95s | Loss: 1.3909 | Spikes: 0.43 | Eval Return: 9.40
Epoch 641/1000: 100% 100/100 [01:05<00:00,  1.53it/s, loss=1.3425]
Epoch 642/1000: 100% 100/100 [01:03<00:00,  1.56it/s, loss=1.2993]
Epoch 643/1000: 100% 100/100 [01:05<00:00,  1.54it/s, loss=1.2762]
Epoch 644/1000: 100% 100/100 [01:05<00:00,  1.54it/s, loss=1.1968]
Epoch 645/1000: 100% 100/100 [01:03<00:00,  1.57it/s, loss=1.0517]
Epoch 646/1000: 100% 100/100 [01:03<00:00,  1.57it/s, loss=0.8964]
Epoch 647/1000: 100% 100/100 [01:03<00:00,  1.58it/s, loss=0.8094]
Epoch 648/1000: 100% 100/100 [01:05<00:00,  1.52it/s, loss=0.7208]
Epoch 649/1000: 100% 100/100 [01:05<00:00,  1.53it/s, loss=0.6680]
Epoch 650/1000: 100% 100/100 [01:04<00:00,  1.55it/s, loss=0.4651]
2025-11-24 15:37:09,134 [INFO] Epoch 650/1000 | Time: 67.82s | Loss: 0.4603 | Spikes: 0.44 | Eval Return: 9.30
Epoch 651/1000: 100% 100/100 [01:04<00:00,  1.55it/s, loss=0.4237]
Epoch 652/1000: 100% 100/100 [01:05<00:00,  1.53it/s, loss=0.4085]
Epoch 653/1000: 100% 100/100 [01:05<00:00,  1.52it/s, loss=0.3900]
Epoch 654/1000: 100% 100/100 [01:04<00:00,  1.56it/s, loss=0.3882]
Epoch 655/1000: 100% 100/100 [01:04<00:00,  1.56it/s, loss=0.3848]
Epoch 656/1000: 100% 100/100 [01:02<00:00,  1.59it/s, loss=0.3840]
Epoch 657/1000: 100% 100/100 [01:02<00:00,  1.59it/s, loss=0.3840]
Epoch 658/1000: 100% 100/100 [01:03<00:00,  1.58it/s, loss=0.3915]
Epoch 659/1000: 100% 100/100 [01:02<00:00,  1.60it/s, loss=0.3871]
Epoch 660/1000: 100% 100/100 [01:02<00:00,  1.59it/s, loss=0.4005]
2025-11-24 15:47:50,117 [INFO] Epoch 660/1000 | Time: 65.86s | Loss: 0.4000 | Spikes: 0.44 | Eval Return: 9.00
Epoch 661/1000: 100% 100/100 [01:02<00:00,  1.60it/s, loss=0.4007]
Epoch 662/1000: 100% 100/100 [01:02<00:00,  1.60it/s, loss=0.3955]
Epoch 663/1000: 100% 100/100 [01:02<00:00,  1.60it/s, loss=0.3873]
Epoch 664/1000: 100% 100/100 [01:03<00:00,  1.58it/s, loss=0.3866]
Epoch 665/1000: 100% 100/100 [01:02<00:00,  1.60it/s, loss=0.3880]
Epoch 666/1000: 100% 100/100 [01:02<00:00,  1.61it/s, loss=0.3915]
Epoch 667/1000: 100% 100/100 [01:03<00:00,  1.58it/s, loss=0.3816]
Epoch 668/1000: 100% 100/100 [01:02<00:00,  1.60it/s, loss=0.3742]
Epoch 669/1000: 100% 100/100 [01:02<00:00,  1.60it/s, loss=0.3785]
Epoch 670/1000: 100% 100/100 [01:02<00:00,  1.60it/s, loss=0.4433]
2025-11-24 15:58:19,792 [INFO] Epoch 670/1000 | Time: 65.69s | Loss: 0.4425 | Spikes: 0.44 | Eval Return: 9.60
Epoch 671/1000: 100% 100/100 [01:02<00:00,  1.59it/s, loss=0.4394]
Epoch 672/1000: 100% 100/100 [01:03<00:00,  1.58it/s, loss=0.4408]
Epoch 673/1000: 100% 100/100 [01:03<00:00,  1.57it/s, loss=0.4391]
Epoch 674/1000: 100% 100/100 [01:02<00:00,  1.60it/s, loss=0.4419]
Epoch 675/1000: 100% 100/100 [01:02<00:00,  1.61it/s, loss=0.4305]
Epoch 676/1000: 100% 100/100 [01:02<00:00,  1.59it/s, loss=0.3972]
Epoch 677/1000: 100% 100/100 [01:03<00:00,  1.58it/s, loss=0.4188]
Epoch 678/1000: 100% 100/100 [01:03<00:00,  1.59it/s, loss=0.3693]
Epoch 679/1000: 100% 100/100 [01:02<00:00,  1.60it/s, loss=0.4229]
Epoch 680/1000: 100% 100/100 [01:03<00:00,  1.59it/s, loss=0.4608]
2025-11-24 16:08:51,937 [INFO] Epoch 680/1000 | Time: 65.76s | Loss: 0.4573 | Spikes: 0.44 | Eval Return: 9.70
Epoch 681/1000: 100% 100/100 [01:02<00:00,  1.60it/s, loss=0.4501]
Epoch 682/1000: 100% 100/100 [01:02<00:00,  1.59it/s, loss=0.4355]
Epoch 683/1000: 100% 100/100 [01:02<00:00,  1.61it/s, loss=0.4370]
Epoch 684/1000: 100% 100/100 [01:01<00:00,  1.61it/s, loss=0.4157]
Epoch 685/1000: 100% 100/100 [01:01<00:00,  1.62it/s, loss=0.4126]
Epoch 686/1000: 100% 100/100 [01:02<00:00,  1.59it/s, loss=0.4106]
Epoch 687/1000: 100% 100/100 [01:03<00:00,  1.59it/s, loss=0.4050]
Epoch 688/1000: 100% 100/100 [01:02<00:00,  1.61it/s, loss=0.3966]
Epoch 689/1000: 100% 100/100 [01:02<00:00,  1.60it/s, loss=0.3939]
Epoch 690/1000: 100% 100/100 [01:02<00:00,  1.61it/s, loss=0.3824]
2025-11-24 16:19:18,627 [INFO] Epoch 690/1000 | Time: 64.79s | Loss: 0.3825 | Spikes: 0.45 | Eval Return: 9.20
Epoch 691/1000: 100% 100/100 [01:01<00:00,  1.62it/s, loss=0.3902]
Epoch 692/1000: 100% 100/100 [01:01<00:00,  1.62it/s, loss=0.3675]
Epoch 693/1000: 100% 100/100 [01:02<00:00,  1.60it/s, loss=0.3531]
Epoch 694/1000: 100% 100/100 [01:02<00:00,  1.61it/s, loss=0.3536]
Epoch 695/1000: 100% 100/100 [01:02<00:00,  1.60it/s, loss=0.3419]
Epoch 696/1000: 100% 100/100 [01:02<00:00,  1.60it/s, loss=0.3445]
Epoch 697/1000: 100% 100/100 [01:02<00:00,  1.60it/s, loss=0.3418]
Epoch 698/1000: 100% 100/100 [01:02<00:00,  1.61it/s, loss=0.3416]
Epoch 699/1000: 100% 100/100 [01:02<00:00,  1.61it/s, loss=0.3372]
Epoch 700/1000: 100% 100/100 [01:02<00:00,  1.59it/s, loss=0.3446]
2025-11-24 16:29:43,834 [INFO] Epoch 700/1000 | Time: 65.59s | Loss: 0.3439 | Spikes: 0.44 | Eval Return: 9.60
Epoch 701/1000: 100% 100/100 [01:02<00:00,  1.61it/s, loss=0.3464]
Epoch 702/1000: 100% 100/100 [01:02<00:00,  1.61it/s, loss=0.3473]
Epoch 703/1000: 100% 100/100 [01:02<00:00,  1.61it/s, loss=0.3676]
Epoch 704/1000: 100% 100/100 [01:02<00:00,  1.61it/s, loss=0.3569]
Epoch 705/1000: 100% 100/100 [01:02<00:00,  1.61it/s, loss=0.3569]
Epoch 706/1000: 100% 100/100 [01:02<00:00,  1.59it/s, loss=0.3562]
Epoch 707/1000: 100% 100/100 [01:02<00:00,  1.60it/s, loss=0.3550]
Epoch 708/1000: 100% 100/100 [01:02<00:00,  1.60it/s, loss=0.3565]
Epoch 709/1000: 100% 100/100 [01:02<00:00,  1.60it/s, loss=0.3543]
Epoch 710/1000: 100% 100/100 [01:01<00:00,  1.62it/s, loss=0.3562]
2025-11-24 16:40:09,903 [INFO] Epoch 710/1000 | Time: 64.93s | Loss: 0.3546 | Spikes: 0.44 | Eval Return: 9.10
Epoch 711/1000: 100% 100/100 [01:02<00:00,  1.61it/s, loss=0.3527]
Epoch 712/1000: 100% 100/100 [01:01<00:00,  1.61it/s, loss=0.3538]
Epoch 713/1000: 100% 100/100 [01:02<00:00,  1.60it/s, loss=0.3530]
Epoch 714/1000: 100% 100/100 [01:02<00:00,  1.60it/s, loss=0.3523]
Epoch 715/1000: 100% 100/100 [01:02<00:00,  1.61it/s, loss=0.3462]
Epoch 716/1000: 100% 100/100 [01:02<00:00,  1.61it/s, loss=0.3460]
Epoch 717/1000: 100% 100/100 [01:03<00:00,  1.58it/s, loss=0.3448]
Epoch 718/1000: 100% 100/100 [01:03<00:00,  1.58it/s, loss=0.3404]
Epoch 719/1000: 100% 100/100 [01:03<00:00,  1.59it/s, loss=0.3455]
Epoch 720/1000: 100% 100/100 [01:02<00:00,  1.59it/s, loss=0.4007]
2025-11-24 16:50:38,604 [INFO] Epoch 720/1000 | Time: 66.20s | Loss: 0.3957 | Spikes: 0.44 | Eval Return: 9.20
Epoch 721/1000: 100% 100/100 [01:03<00:00,  1.57it/s, loss=0.3615]
Epoch 722/1000: 100% 100/100 [01:03<00:00,  1.57it/s, loss=0.3955]
Epoch 723/1000: 100% 100/100 [01:08<00:00,  1.46it/s, loss=0.3515]
Epoch 724/1000: 100% 100/100 [01:09<00:00,  1.45it/s, loss=0.3373]
Epoch 725/1000: 100% 100/100 [01:07<00:00,  1.48it/s, loss=0.3327]
Epoch 726/1000: 100% 100/100 [01:06<00:00,  1.51it/s, loss=0.3357]
Epoch 727/1000: 100% 100/100 [01:08<00:00,  1.47it/s, loss=0.3358]
Epoch 728/1000: 100% 100/100 [01:06<00:00,  1.50it/s, loss=0.3347]
Epoch 729/1000: 100% 100/100 [01:07<00:00,  1.48it/s, loss=0.3311]
Epoch 730/1000: 100% 100/100 [01:08<00:00,  1.45it/s, loss=0.3327]
2025-11-24 17:01:51,497 [INFO] Epoch 730/1000 | Time: 71.78s | Loss: 0.3346 | Spikes: 0.45 | Eval Return: 9.20
Epoch 731/1000: 100% 100/100 [01:09<00:00,  1.43it/s, loss=0.3305]
Epoch 732/1000: 100% 100/100 [01:08<00:00,  1.45it/s, loss=0.3294]
Epoch 733/1000: 100% 100/100 [01:06<00:00,  1.49it/s, loss=0.3422]
Epoch 734/1000: 100% 100/100 [01:05<00:00,  1.52it/s, loss=0.3401]
Epoch 735/1000: 100% 100/100 [01:05<00:00,  1.52it/s, loss=0.3359]
Epoch 736/1000: 100% 100/100 [01:06<00:00,  1.50it/s, loss=0.3344]
Epoch 737/1000: 100% 100/100 [01:05<00:00,  1.54it/s, loss=0.3829]
Epoch 738/1000: 100% 100/100 [01:04<00:00,  1.55it/s, loss=0.4108]
Epoch 739/1000: 100% 100/100 [01:06<00:00,  1.51it/s, loss=0.3798]
Epoch 740/1000: 100% 100/100 [01:07<00:00,  1.49it/s, loss=0.5282]
2025-11-24 17:13:01,236 [INFO] Epoch 740/1000 | Time: 69.89s | Loss: 0.5181 | Spikes: 0.46 | Eval Return: 9.60
Epoch 741/1000: 100% 100/100 [01:05<00:00,  1.52it/s, loss=0.3511]
Epoch 742/1000: 100% 100/100 [01:06<00:00,  1.51it/s, loss=0.3506]
Epoch 743/1000: 100% 100/100 [01:04<00:00,  1.54it/s, loss=0.3637]
Epoch 744/1000: 100% 100/100 [01:05<00:00,  1.54it/s, loss=0.3650]
Epoch 745/1000: 100% 100/100 [01:04<00:00,  1.56it/s, loss=0.3589]
Epoch 746/1000: 100% 100/100 [01:04<00:00,  1.55it/s, loss=0.3582]
Epoch 747/1000: 100% 100/100 [01:03<00:00,  1.58it/s, loss=0.3461]
Epoch 748/1000: 100% 100/100 [01:03<00:00,  1.58it/s, loss=0.3327]
Epoch 749/1000: 100% 100/100 [01:03<00:00,  1.58it/s, loss=0.3283]
Epoch 750/1000: 100% 100/100 [01:03<00:00,  1.57it/s, loss=0.3348]
2025-11-24 17:23:48,599 [INFO] Epoch 750/1000 | Time: 66.33s | Loss: 0.3341 | Spikes: 0.45 | Eval Return: 9.50
Epoch 751/1000: 100% 100/100 [01:03<00:00,  1.58it/s, loss=0.3421]
Epoch 752/1000: 100% 100/100 [01:02<00:00,  1.59it/s, loss=0.3869]
Epoch 753/1000: 100% 100/100 [01:02<00:00,  1.60it/s, loss=0.4351]
Epoch 754/1000: 100% 100/100 [01:03<00:00,  1.59it/s, loss=0.3340]
Epoch 755/1000: 100% 100/100 [01:03<00:00,  1.57it/s, loss=0.3243]
Epoch 756/1000: 100% 100/100 [01:02<00:00,  1.59it/s, loss=0.3214]
Epoch 757/1000: 100% 100/100 [01:03<00:00,  1.57it/s, loss=0.3238]
Epoch 758/1000: 100% 100/100 [01:03<00:00,  1.57it/s, loss=0.3123]
Epoch 759/1000: 100% 100/100 [01:03<00:00,  1.58it/s, loss=0.3225]
Epoch 760/1000: 100% 100/100 [01:03<00:00,  1.56it/s, loss=0.3416]
2025-11-24 17:34:24,346 [INFO] Epoch 760/1000 | Time: 66.63s | Loss: 0.3383 | Spikes: 0.44 | Eval Return: 9.50
Epoch 761/1000: 100% 100/100 [01:02<00:00,  1.60it/s, loss=0.3265]
Epoch 762/1000: 100% 100/100 [01:02<00:00,  1.59it/s, loss=0.3158]
Epoch 763/1000: 100% 100/100 [01:03<00:00,  1.59it/s, loss=0.3063]
Epoch 764/1000: 100% 100/100 [01:02<00:00,  1.60it/s, loss=0.3169]
Epoch 765/1000: 100% 100/100 [01:02<00:00,  1.60it/s, loss=0.3095]
Epoch 766/1000: 100% 100/100 [01:02<00:00,  1.60it/s, loss=0.3035]
Epoch 767/1000: 100% 100/100 [01:02<00:00,  1.61it/s, loss=0.3025]
Epoch 768/1000: 100% 100/100 [01:02<00:00,  1.61it/s, loss=0.3332]
Epoch 769/1000: 100% 100/100 [01:02<00:00,  1.61it/s, loss=0.3349]
Epoch 770/1000: 100% 100/100 [01:02<00:00,  1.59it/s, loss=0.3374]
2025-11-24 17:44:51,939 [INFO] Epoch 770/1000 | Time: 65.39s | Loss: 0.3367 | Spikes: 0.44 | Eval Return: 9.60
Epoch 771/1000: 100% 100/100 [01:01<00:00,  1.61it/s, loss=0.3344]
Epoch 772/1000: 100% 100/100 [01:01<00:00,  1.62it/s, loss=0.3299]
Epoch 773/1000: 100% 100/100 [01:02<00:00,  1.60it/s, loss=0.3295]
Epoch 774/1000: 100% 100/100 [01:02<00:00,  1.60it/s, loss=0.3266]
Epoch 775/1000: 100% 100/100 [01:03<00:00,  1.57it/s, loss=0.3242]
Epoch 776/1000: 100% 100/100 [01:03<00:00,  1.58it/s, loss=0.3248]
Epoch 777/1000: 100% 100/100 [01:02<00:00,  1.59it/s, loss=0.3242]
Epoch 778/1000: 100% 100/100 [01:02<00:00,  1.60it/s, loss=0.3237]
Epoch 779/1000: 100% 100/100 [01:03<00:00,  1.57it/s, loss=0.3234]
Epoch 780/1000: 100% 100/100 [01:03<00:00,  1.59it/s, loss=0.3241]
2025-11-24 17:55:22,689 [INFO] Epoch 780/1000 | Time: 65.54s | Loss: 0.3254 | Spikes: 0.44 | Eval Return: 9.00
Epoch 781/1000: 100% 100/100 [01:02<00:00,  1.59it/s, loss=0.3221]
Epoch 782/1000: 100% 100/100 [01:03<00:00,  1.58it/s, loss=0.3259]
Epoch 783/1000: 100% 100/100 [01:02<00:00,  1.59it/s, loss=0.3241]
Epoch 784/1000: 100% 100/100 [01:02<00:00,  1.59it/s, loss=0.3261]
Epoch 785/1000: 100% 100/100 [01:03<00:00,  1.57it/s, loss=0.3233]
Epoch 786/1000: 100% 100/100 [01:02<00:00,  1.60it/s, loss=0.3261]
Epoch 787/1000: 100% 100/100 [01:02<00:00,  1.60it/s, loss=0.3246]
Epoch 788/1000: 100% 100/100 [01:04<00:00,  1.56it/s, loss=0.3258]
Epoch 789/1000: 100% 100/100 [01:03<00:00,  1.58it/s, loss=0.3260]
Epoch 790/1000: 100% 100/100 [01:03<00:00,  1.59it/s, loss=0.3239]
2025-11-24 18:05:56,238 [INFO] Epoch 790/1000 | Time: 66.14s | Loss: 0.3242 | Spikes: 0.44 | Eval Return: 9.60
Epoch 791/1000: 100% 100/100 [01:02<00:00,  1.60it/s, loss=0.3229]
Epoch 792/1000: 100% 100/100 [01:02<00:00,  1.61it/s, loss=0.3237]
Epoch 793/1000: 100% 100/100 [01:02<00:00,  1.60it/s, loss=0.3235]
Epoch 794/1000: 100% 100/100 [01:02<00:00,  1.59it/s, loss=0.3236]
Epoch 795/1000: 100% 100/100 [01:02<00:00,  1.60it/s, loss=0.3231]
Epoch 796/1000: 100% 100/100 [01:02<00:00,  1.60it/s, loss=0.3242]
Epoch 797/1000: 100% 100/100 [01:02<00:00,  1.60it/s, loss=0.3248]
Epoch 798/1000: 100% 100/100 [01:03<00:00,  1.58it/s, loss=0.3226]
Epoch 799/1000: 100% 100/100 [01:04<00:00,  1.55it/s, loss=0.3262]
Epoch 800/1000: 100% 100/100 [01:05<00:00,  1.53it/s, loss=0.3226]
2025-11-24 18:16:29,899 [INFO] Epoch 800/1000 | Time: 68.21s | Loss: 0.3212 | Spikes: 0.44 | Eval Return: 9.50
Epoch 801/1000: 100% 100/100 [01:05<00:00,  1.54it/s, loss=0.3226]
Epoch 802/1000: 100% 100/100 [01:05<00:00,  1.53it/s, loss=0.3246]
Epoch 803/1000: 100% 100/100 [01:04<00:00,  1.54it/s, loss=0.3220]
Epoch 804/1000: 100% 100/100 [01:05<00:00,  1.53it/s, loss=0.3223]
Epoch 805/1000: 100% 100/100 [01:04<00:00,  1.54it/s, loss=0.3208]
Epoch 806/1000: 100% 100/100 [01:05<00:00,  1.54it/s, loss=0.3221]
Epoch 807/1000: 100% 100/100 [01:04<00:00,  1.54it/s, loss=0.3239]
Epoch 808/1000: 100% 100/100 [01:05<00:00,  1.53it/s, loss=0.3235]
Epoch 809/1000: 100% 100/100 [01:04<00:00,  1.54it/s, loss=0.3240]
Epoch 810/1000: 100% 100/100 [01:05<00:00,  1.52it/s, loss=0.3210]
2025-11-24 18:27:23,919 [INFO] Epoch 810/1000 | Time: 68.28s | Loss: 0.3216 | Spikes: 0.44 | Eval Return: 9.20
Epoch 811/1000: 100% 100/100 [01:05<00:00,  1.54it/s, loss=0.3238]
Epoch 812/1000: 100% 100/100 [01:04<00:00,  1.54it/s, loss=0.3235]
Epoch 813/1000: 100% 100/100 [01:04<00:00,  1.55it/s, loss=0.3266]
Epoch 814/1000: 100% 100/100 [01:05<00:00,  1.53it/s, loss=0.3283]
Epoch 815/1000: 100% 100/100 [01:04<00:00,  1.55it/s, loss=0.3268]
Epoch 816/1000: 100% 100/100 [01:06<00:00,  1.50it/s, loss=0.3240]
Epoch 817/1000: 100% 100/100 [01:04<00:00,  1.54it/s, loss=0.3246]
Epoch 818/1000: 100% 100/100 [01:05<00:00,  1.53it/s, loss=0.3268]
Epoch 819/1000: 100% 100/100 [01:04<00:00,  1.54it/s, loss=0.3291]
Epoch 820/1000: 100% 100/100 [01:06<00:00,  1.51it/s, loss=0.3299]
2025-11-24 18:38:18,902 [INFO] Epoch 820/1000 | Time: 68.91s | Loss: 0.3297 | Spikes: 0.44 | Eval Return: 9.50
Epoch 821/1000: 100% 100/100 [01:05<00:00,  1.52it/s, loss=0.3295]
Epoch 822/1000: 100% 100/100 [01:05<00:00,  1.53it/s, loss=0.3299]
Epoch 823/1000: 100% 100/100 [01:06<00:00,  1.51it/s, loss=0.3292]
Epoch 824/1000: 100% 100/100 [01:05<00:00,  1.53it/s, loss=0.3307]
Epoch 825/1000: 100% 100/100 [01:04<00:00,  1.54it/s, loss=0.3326]
Epoch 826/1000: 100% 100/100 [01:04<00:00,  1.54it/s, loss=0.3348]
Epoch 827/1000: 100% 100/100 [01:05<00:00,  1.52it/s, loss=0.3347]
Epoch 828/1000: 100% 100/100 [01:05<00:00,  1.53it/s, loss=0.3358]
Epoch 829/1000: 100% 100/100 [01:05<00:00,  1.52it/s, loss=0.3327]
Epoch 830/1000: 100% 100/100 [01:04<00:00,  1.55it/s, loss=0.3407]
2025-11-24 18:49:15,431 [INFO] Epoch 830/1000 | Time: 67.37s | Loss: 0.3397 | Spikes: 0.44 | Eval Return: 9.50
Epoch 831/1000: 100% 100/100 [01:05<00:00,  1.52it/s, loss=0.3461]
Epoch 832/1000: 100% 100/100 [01:04<00:00,  1.54it/s, loss=0.3454]
Epoch 833/1000: 100% 100/100 [01:05<00:00,  1.52it/s, loss=0.3453]
Epoch 834/1000: 100% 100/100 [01:04<00:00,  1.54it/s, loss=0.3467]
Epoch 835/1000: 100% 100/100 [01:05<00:00,  1.54it/s, loss=0.3570]
Epoch 836/1000: 100% 100/100 [01:04<00:00,  1.55it/s, loss=0.3633]
Epoch 837/1000: 100% 100/100 [01:04<00:00,  1.54it/s, loss=0.3597]
Epoch 838/1000: 100% 100/100 [01:02<00:00,  1.61it/s, loss=0.3606]
Epoch 839/1000: 100% 100/100 [01:01<00:00,  1.62it/s, loss=0.3633]
Epoch 840/1000: 100% 100/100 [01:01<00:00,  1.62it/s, loss=0.3643]
2025-11-24 19:00:00,101 [INFO] Epoch 840/1000 | Time: 65.02s | Loss: 0.3629 | Spikes: 0.44 | Eval Return: 9.90
Epoch 841/1000: 100% 100/100 [01:01<00:00,  1.62it/s, loss=0.3697]
Epoch 842/1000: 100% 100/100 [01:01<00:00,  1.62it/s, loss=0.3664]
Epoch 843/1000: 100% 100/100 [01:01<00:00,  1.62it/s, loss=0.3733]
Epoch 844/1000: 100% 100/100 [01:02<00:00,  1.61it/s, loss=0.3718]
Epoch 845/1000: 100% 100/100 [01:02<00:00,  1.60it/s, loss=0.3766]
Epoch 846/1000: 100% 100/100 [01:01<00:00,  1.62it/s, loss=0.3741]
Epoch 847/1000: 100% 100/100 [01:01<00:00,  1.63it/s, loss=0.3810]
Epoch 848/1000: 100% 100/100 [01:01<00:00,  1.62it/s, loss=0.3823]
Epoch 849/1000: 100% 100/100 [01:01<00:00,  1.62it/s, loss=0.3937]
Epoch 850/1000: 100% 100/100 [01:02<00:00,  1.59it/s, loss=0.3978]
2025-11-24 19:10:22,053 [INFO] Epoch 850/1000 | Time: 65.50s | Loss: 0.3978 | Spikes: 0.44 | Eval Return: 9.60
Epoch 851/1000: 100% 100/100 [01:03<00:00,  1.57it/s, loss=0.4006]
Epoch 852/1000: 100% 100/100 [01:02<00:00,  1.60it/s, loss=0.3939]
Epoch 853/1000: 100% 100/100 [01:02<00:00,  1.61it/s, loss=0.4099]
Epoch 854/1000: 100% 100/100 [01:02<00:00,  1.61it/s, loss=0.4110]
Epoch 855/1000: 100% 100/100 [01:02<00:00,  1.59it/s, loss=0.4062]
Epoch 856/1000: 100% 100/100 [01:01<00:00,  1.61it/s, loss=0.4124]
Epoch 857/1000: 100% 100/100 [01:02<00:00,  1.61it/s, loss=0.4185]
Epoch 858/1000: 100% 100/100 [01:02<00:00,  1.61it/s, loss=0.4168]
Epoch 859/1000: 100% 100/100 [01:02<00:00,  1.60it/s, loss=0.4166]
Epoch 860/1000: 100% 100/100 [01:01<00:00,  1.62it/s, loss=0.4181]
2025-11-24 19:20:48,360 [INFO] Epoch 860/1000 | Time: 64.45s | Loss: 0.4204 | Spikes: 0.44 | Eval Return: 9.50
Epoch 861/1000: 100% 100/100 [01:02<00:00,  1.59it/s, loss=0.4268]
Epoch 862/1000: 100% 100/100 [01:03<00:00,  1.58it/s, loss=0.4289]
Epoch 863/1000: 100% 100/100 [01:02<00:00,  1.61it/s, loss=0.4469]
Epoch 864/1000: 100% 100/100 [01:01<00:00,  1.62it/s, loss=0.4461]
Epoch 865/1000: 100% 100/100 [01:02<00:00,  1.59it/s, loss=0.4523]
Epoch 866/1000: 100% 100/100 [01:02<00:00,  1.61it/s, loss=0.4529]
Epoch 867/1000: 100% 100/100 [01:02<00:00,  1.61it/s, loss=0.4549]
Epoch 868/1000: 100% 100/100 [01:02<00:00,  1.60it/s, loss=0.4531]
Epoch 869/1000: 100% 100/100 [01:06<00:00,  1.51it/s, loss=0.4483]
Epoch 870/1000: 100% 100/100 [01:09<00:00,  1.44it/s, loss=0.4467]
2025-11-24 19:31:26,137 [INFO] Epoch 870/1000 | Time: 72.24s | Loss: 0.4462 | Spikes: 0.44 | Eval Return: 9.40
Epoch 871/1000: 100% 100/100 [01:09<00:00,  1.44it/s, loss=0.4567]
Epoch 872/1000: 100% 100/100 [01:07<00:00,  1.47it/s, loss=0.4549]
Epoch 873/1000: 100% 100/100 [01:08<00:00,  1.47it/s, loss=0.4598]
Epoch 874/1000: 100% 100/100 [01:05<00:00,  1.52it/s, loss=0.4743]
Epoch 875/1000: 100% 100/100 [01:06<00:00,  1.51it/s, loss=0.4774]
Epoch 876/1000: 100% 100/100 [01:06<00:00,  1.51it/s, loss=0.4852]
Epoch 877/1000: 100% 100/100 [01:05<00:00,  1.53it/s, loss=0.4881]
Epoch 878/1000: 100% 100/100 [01:06<00:00,  1.50it/s, loss=0.4893]
Epoch 879/1000: 100% 100/100 [01:05<00:00,  1.53it/s, loss=0.4652]
Epoch 880/1000: 100% 100/100 [01:05<00:00,  1.52it/s, loss=0.4710]
2025-11-24 19:42:36,241 [INFO] Epoch 880/1000 | Time: 68.74s | Loss: 0.4760 | Spikes: 0.43 | Eval Return: 9.90
Epoch 881/1000: 100% 100/100 [01:06<00:00,  1.51it/s, loss=0.5336]
Epoch 882/1000: 100% 100/100 [01:06<00:00,  1.51it/s, loss=0.5578]
Epoch 883/1000: 100% 100/100 [01:07<00:00,  1.48it/s, loss=0.5434]
Epoch 884/1000: 100% 100/100 [01:07<00:00,  1.48it/s, loss=0.5328]
Epoch 885/1000: 100% 100/100 [01:09<00:00,  1.44it/s, loss=0.5393]
Epoch 886/1000: 100% 100/100 [01:08<00:00,  1.46it/s, loss=0.5362]
Epoch 887/1000: 100% 100/100 [01:05<00:00,  1.53it/s, loss=0.5369]
Epoch 888/1000: 100% 100/100 [01:06<00:00,  1.51it/s, loss=0.5431]
Epoch 889/1000: 100% 100/100 [01:05<00:00,  1.54it/s, loss=0.5468]
Epoch 890/1000: 100% 100/100 [01:04<00:00,  1.54it/s, loss=0.5454]
2025-11-24 19:53:44,887 [INFO] Epoch 890/1000 | Time: 67.44s | Loss: 0.5473 | Spikes: 0.43 | Eval Return: 9.30
Epoch 891/1000: 100% 100/100 [01:03<00:00,  1.58it/s, loss=0.5535]
Epoch 892/1000: 100% 100/100 [01:03<00:00,  1.58it/s, loss=0.5556]
Epoch 893/1000: 100% 100/100 [01:03<00:00,  1.57it/s, loss=0.5560]
Epoch 894/1000: 100% 100/100 [01:02<00:00,  1.59it/s, loss=0.5551]
Epoch 895/1000: 100% 100/100 [01:03<00:00,  1.58it/s, loss=0.5642]
Epoch 896/1000: 100% 100/100 [01:03<00:00,  1.59it/s, loss=0.5683]
Epoch 897/1000: 100% 100/100 [01:02<00:00,  1.59it/s, loss=0.5701]
Epoch 898/1000: 100% 100/100 [01:02<00:00,  1.59it/s, loss=0.5678]
Epoch 899/1000: 100% 100/100 [01:03<00:00,  1.57it/s, loss=0.5598]
Epoch 900/1000: 100% 100/100 [01:02<00:00,  1.59it/s, loss=0.5488]
2025-11-24 20:04:19,583 [INFO] Epoch 900/1000 | Time: 65.36s | Loss: 0.5486 | Spikes: 0.43 | Eval Return: 9.20
Epoch 901/1000: 100% 100/100 [01:03<00:00,  1.58it/s, loss=0.5418]
Epoch 902/1000: 100% 100/100 [01:02<00:00,  1.59it/s, loss=0.5486]
Epoch 903/1000: 100% 100/100 [01:02<00:00,  1.59it/s, loss=0.5488]
Epoch 904/1000: 100% 100/100 [01:03<00:00,  1.58it/s, loss=0.5539]
Epoch 905/1000: 100% 100/100 [01:03<00:00,  1.57it/s, loss=0.5504]
Epoch 906/1000: 100% 100/100 [01:02<00:00,  1.59it/s, loss=0.5127]
Epoch 907/1000: 100% 100/100 [01:02<00:00,  1.59it/s, loss=0.5232]
Epoch 908/1000: 100% 100/100 [01:02<00:00,  1.60it/s, loss=0.5244]
Epoch 909/1000: 100% 100/100 [01:02<00:00,  1.60it/s, loss=0.5316]
Epoch 910/1000: 100% 100/100 [01:02<00:00,  1.60it/s, loss=0.5205]
2025-11-24 20:14:51,793 [INFO] Epoch 910/1000 | Time: 65.80s | Loss: 0.5206 | Spikes: 0.43 | Eval Return: 9.90
Epoch 911/1000: 100% 100/100 [01:02<00:00,  1.59it/s, loss=0.5216]
Epoch 912/1000: 100% 100/100 [01:02<00:00,  1.59it/s, loss=0.5146]
Epoch 913/1000: 100% 100/100 [01:01<00:00,  1.63it/s, loss=0.5140]
Epoch 914/1000: 100% 100/100 [01:01<00:00,  1.62it/s, loss=0.5223]
Epoch 915/1000: 100% 100/100 [01:01<00:00,  1.63it/s, loss=0.5234]
Epoch 916/1000: 100% 100/100 [01:01<00:00,  1.63it/s, loss=0.5225]
Epoch 917/1000: 100% 100/100 [01:01<00:00,  1.63it/s, loss=0.5265]
Epoch 918/1000: 100% 100/100 [01:01<00:00,  1.63it/s, loss=0.5348]
Epoch 919/1000: 100% 100/100 [01:01<00:00,  1.62it/s, loss=0.5397]
Epoch 920/1000: 100% 100/100 [01:01<00:00,  1.63it/s, loss=0.5412]
2025-11-24 20:25:11,064 [INFO] Epoch 920/1000 | Time: 64.10s | Loss: 0.5381 | Spikes: 0.43 | Eval Return: 9.50
Epoch 921/1000: 100% 100/100 [01:01<00:00,  1.63it/s, loss=0.5428]
Epoch 922/1000: 100% 100/100 [01:01<00:00,  1.63it/s, loss=0.5462]
Epoch 923/1000: 100% 100/100 [01:01<00:00,  1.62it/s, loss=0.5426]
Epoch 924/1000: 100% 100/100 [01:01<00:00,  1.63it/s, loss=0.5467]
Epoch 925/1000: 100% 100/100 [01:01<00:00,  1.62it/s, loss=0.5336]
Epoch 926/1000: 100% 100/100 [01:01<00:00,  1.62it/s, loss=0.5415]
Epoch 927/1000: 100% 100/100 [01:02<00:00,  1.61it/s, loss=0.5812]
Epoch 928/1000: 100% 100/100 [01:02<00:00,  1.61it/s, loss=0.5849]
Epoch 929/1000: 100% 100/100 [01:01<00:00,  1.62it/s, loss=0.6116]
Epoch 930/1000: 100% 100/100 [01:01<00:00,  1.62it/s, loss=0.5967]
2025-11-24 20:35:30,978 [INFO] Epoch 930/1000 | Time: 64.41s | Loss: 0.5919 | Spikes: 0.43 | Eval Return: 9.50
Epoch 931/1000: 100% 100/100 [01:02<00:00,  1.61it/s, loss=0.5758]
Epoch 932/1000: 100% 100/100 [01:01<00:00,  1.62it/s, loss=0.5749]
Epoch 933/1000: 100% 100/100 [01:02<00:00,  1.60it/s, loss=0.5745]
Epoch 934/1000: 100% 100/100 [01:02<00:00,  1.60it/s, loss=0.5836]
Epoch 935/1000: 100% 100/100 [01:03<00:00,  1.58it/s, loss=0.5873]
Epoch 936/1000: 100% 100/100 [01:01<00:00,  1.61it/s, loss=0.6285]
Epoch 937/1000: 100% 100/100 [01:01<00:00,  1.61it/s, loss=0.6509]
Epoch 938/1000: 100% 100/100 [01:02<00:00,  1.61it/s, loss=0.6348]
Epoch 939/1000: 100% 100/100 [01:01<00:00,  1.61it/s, loss=0.6597]
Epoch 940/1000: 100% 100/100 [01:02<00:00,  1.61it/s, loss=0.5757]
2025-11-24 20:45:56,102 [INFO] Epoch 940/1000 | Time: 64.77s | Loss: 0.5736 | Spikes: 0.43 | Eval Return: 9.70
Epoch 941/1000: 100% 100/100 [01:01<00:00,  1.62it/s, loss=0.5759]
Epoch 942/1000: 100% 100/100 [01:02<00:00,  1.60it/s, loss=0.5727]
Epoch 943/1000: 100% 100/100 [01:02<00:00,  1.60it/s, loss=0.5577]
Epoch 944/1000: 100% 100/100 [01:02<00:00,  1.59it/s, loss=0.5531]
Epoch 945/1000: 100% 100/100 [01:02<00:00,  1.59it/s, loss=0.5607]
Epoch 946/1000: 100% 100/100 [01:02<00:00,  1.60it/s, loss=0.5621]
Epoch 947/1000: 100% 100/100 [01:02<00:00,  1.60it/s, loss=0.5669]
Epoch 948/1000: 100% 100/100 [01:03<00:00,  1.57it/s, loss=0.5617]
Epoch 949/1000: 100% 100/100 [01:02<00:00,  1.59it/s, loss=0.5687]
Epoch 950/1000: 100% 100/100 [01:03<00:00,  1.58it/s, loss=0.5636]
2025-11-24 20:56:25,875 [INFO] Epoch 950/1000 | Time: 65.80s | Loss: 0.5715 | Spikes: 0.43 | Eval Return: 9.40
Epoch 951/1000: 100% 100/100 [01:03<00:00,  1.57it/s, loss=0.5663]
Epoch 952/1000: 100% 100/100 [01:02<00:00,  1.60it/s, loss=0.5612]
Epoch 953/1000: 100% 100/100 [01:02<00:00,  1.60it/s, loss=0.5654]
Epoch 954/1000: 100% 100/100 [01:03<00:00,  1.56it/s, loss=0.5555]
Epoch 955/1000: 100% 100/100 [01:02<00:00,  1.60it/s, loss=0.5576]
Epoch 956/1000: 100% 100/100 [01:02<00:00,  1.60it/s, loss=0.5608]
Epoch 957/1000: 100% 100/100 [01:02<00:00,  1.59it/s, loss=0.5594]
Epoch 958/1000: 100% 100/100 [01:03<00:00,  1.58it/s, loss=0.5455]
Epoch 959/1000: 100% 100/100 [01:02<00:00,  1.59it/s, loss=0.5545]
Epoch 960/1000: 100% 100/100 [01:03<00:00,  1.57it/s, loss=0.5475]
2025-11-24 21:06:59,232 [INFO] Epoch 960/1000 | Time: 66.71s | Loss: 0.5471 | Spikes: 0.43 | Eval Return: 9.70
Epoch 961/1000: 100% 100/100 [01:02<00:00,  1.59it/s, loss=0.5336]
Epoch 962/1000: 100% 100/100 [01:03<00:00,  1.58it/s, loss=0.4942]
Epoch 963/1000: 100% 100/100 [01:02<00:00,  1.59it/s, loss=0.4954]
Epoch 964/1000: 100% 100/100 [01:02<00:00,  1.61it/s, loss=0.4942]
Epoch 965/1000: 100% 100/100 [01:02<00:00,  1.61it/s, loss=0.5013]
Epoch 966/1000: 100% 100/100 [01:01<00:00,  1.63it/s, loss=0.4703]
Epoch 967/1000: 100% 100/100 [01:02<00:00,  1.60it/s, loss=0.3508]
Epoch 968/1000: 100% 100/100 [01:02<00:00,  1.60it/s, loss=0.3072]
Epoch 969/1000: 100% 100/100 [01:02<00:00,  1.60it/s, loss=0.3103]
Epoch 970/1000: 100% 100/100 [01:02<00:00,  1.61it/s, loss=0.3298]
2025-11-24 21:17:26,468 [INFO] Epoch 970/1000 | Time: 65.40s | Loss: 0.3286 | Spikes: 0.43 | Eval Return: 9.30
Epoch 971/1000: 100% 100/100 [01:02<00:00,  1.60it/s, loss=0.3139]
Epoch 972/1000: 100% 100/100 [01:01<00:00,  1.63it/s, loss=0.3068]
Epoch 973/1000: 100% 100/100 [01:02<00:00,  1.60it/s, loss=0.3083]
Epoch 974/1000: 100% 100/100 [01:01<00:00,  1.62it/s, loss=0.2976]
Epoch 975/1000: 100% 100/100 [01:01<00:00,  1.63it/s, loss=0.2914]
Epoch 976/1000: 100% 100/100 [01:01<00:00,  1.63it/s, loss=0.2963]
Epoch 977/1000: 100% 100/100 [01:01<00:00,  1.62it/s, loss=0.2953]
Epoch 978/1000: 100% 100/100 [01:01<00:00,  1.64it/s, loss=0.2911]
Epoch 979/1000: 100% 100/100 [01:01<00:00,  1.64it/s, loss=0.2882]
Epoch 980/1000: 100% 100/100 [01:01<00:00,  1.63it/s, loss=0.2875]
2025-11-24 21:27:45,074 [INFO] Epoch 980/1000 | Time: 63.95s | Loss: 0.2888 | Spikes: 0.42 | Eval Return: 9.70
Epoch 981/1000: 100% 100/100 [01:01<00:00,  1.63it/s, loss=0.2889]
Epoch 982/1000: 100% 100/100 [01:01<00:00,  1.63it/s, loss=0.2936]
Epoch 983/1000: 100% 100/100 [01:01<00:00,  1.63it/s, loss=0.3264]
Epoch 984/1000: 100% 100/100 [01:00<00:00,  1.65it/s, loss=0.3360]
Epoch 985/1000: 100% 100/100 [01:00<00:00,  1.64it/s, loss=0.3282]
Epoch 986/1000: 100% 100/100 [01:00<00:00,  1.65it/s, loss=0.3259]
Epoch 987/1000: 100% 100/100 [01:00<00:00,  1.65it/s, loss=0.3257]
Epoch 988/1000: 100% 100/100 [01:00<00:00,  1.65it/s, loss=0.3283]
Epoch 989/1000: 100% 100/100 [01:01<00:00,  1.63it/s, loss=0.3250]
Epoch 990/1000: 100% 100/100 [01:02<00:00,  1.61it/s, loss=0.3194]
2025-11-24 21:37:58,467 [INFO] Epoch 990/1000 | Time: 64.69s | Loss: 0.3183 | Spikes: 0.42 | Eval Return: 9.20
Epoch 991/1000: 100% 100/100 [01:01<00:00,  1.63it/s, loss=0.3311]
Epoch 992/1000: 100% 100/100 [01:01<00:00,  1.63it/s, loss=0.2933]
Epoch 993/1000: 100% 100/100 [01:02<00:00,  1.61it/s, loss=0.2912]
Epoch 994/1000: 100% 100/100 [01:01<00:00,  1.62it/s, loss=0.2916]
Epoch 995/1000: 100% 100/100 [01:01<00:00,  1.62it/s, loss=0.2896]
Epoch 996/1000: 100% 100/100 [01:01<00:00,  1.64it/s, loss=0.2835]
Epoch 997/1000: 100% 100/100 [01:01<00:00,  1.64it/s, loss=0.2842]
Epoch 998/1000: 100% 100/100 [01:01<00:00,  1.61it/s, loss=0.2913]
Epoch 999/1000: 100% 100/100 [01:01<00:00,  1.63it/s, loss=0.2849]
Epoch 1000/1000: 100% 100/100 [01:00<00:00,  1.64it/s, loss=0.2818]
2025-11-24 21:48:15,442 [INFO] Epoch 1000/1000 | Time: 63.39s | Loss: 0.2811 | Spikes: 0.41 | Eval Return: 9.00
2025-11-24 21:48:15,481 [INFO] Training complete.