2025-12-09 04:30:58.152211: E external/local_xla/xla/stream_executor/cuda/cuda_fft.cc:467] Unable to register cuFFT factory: Attempting to register factory for plugin cuFFT when one has already been registered
WARNING: All log messages before absl::InitializeLog() is called are written to STDERR
E0000 00:00:1765254658.419613    1578 cuda_dnn.cc:8579] Unable to register cuDNN factory: Attempting to register factory for plugin cuDNN when one has already been registered
E0000 00:00:1765254658.506900    1578 cuda_blas.cc:1407] Unable to register cuBLAS factory: Attempting to register factory for plugin cuBLAS when one has already been registered
W0000 00:00:1765254659.050135    1578 computation_placer.cc:177] computation placer already registered. Please check linkage and avoid linking the same target more than once.
W0000 00:00:1765254659.050175    1578 computation_placer.cc:177] computation placer already registered. Please check linkage and avoid linking the same target more than once.
W0000 00:00:1765254659.050180    1578 computation_placer.cc:177] computation placer already registered. Please check linkage and avoid linking the same target more than once.
W0000 00:00:1765254659.050184    1578 computation_placer.cc:177] computation placer already registered. Please check linkage and avoid linking the same target more than once.
2025-12-09 04:30:59.100013: I tensorflow/core/platform/cpu_feature_guard.cc:210] This TensorFlow binary is optimized to use available CPU instructions in performance-critical operations.
To enable the following instructions: AVX2 FMA, in other operations, rebuild TensorFlow with the appropriate compiler flags.
2025-12-09 04:31:05,414 [INFO] Checking for dataset...
2025-12-09 04:31:05,414 [INFO] Dataset found at /content/neuromorphic_decision_transformer/data/MountainCar-v0/dataset.npz.
2025-12-09 04:31:05,414 [INFO] --- Checkpoint: Starting training ---
2025-12-09 04:31:05,418 [INFO] --- Checkpoint: Save directory created at results/all_runs/snn_dt_MountainCar-v0 ---
2025-12-09 04:31:05,456 [INFO] Dataset size: 1000 clips
2025-12-09 04:31:05,474 [INFO] DataLoader created with num_workers=2, pin_memory=True, persistent_workers=True.
2025-12-09 04:31:05,766 [INFO] --- Checkpoint: Model 'snn_dt' initialized on device 'cuda' ---
2025-12-09 04:31:11,451 [INFO] --- Checkpoint: Starting main training loop ---
Epoch 1/1000: 100% 100/100 [00:30<00:00,  3.27it/s, loss=1.0997]
Epoch 2/1000: 100% 100/100 [00:29<00:00,  3.44it/s, loss=1.0987]
Epoch 3/1000: 100% 100/100 [00:29<00:00,  3.44it/s, loss=1.0987]
Epoch 4/1000: 100% 100/100 [00:29<00:00,  3.44it/s, loss=1.0988]
Epoch 5/1000: 100% 100/100 [00:29<00:00,  3.44it/s, loss=1.0986]
Epoch 6/1000: 100% 100/100 [00:29<00:00,  3.45it/s, loss=1.0988]
Epoch 7/1000: 100% 100/100 [00:29<00:00,  3.44it/s, loss=1.0987]
Epoch 8/1000: 100% 100/100 [00:29<00:00,  3.44it/s, loss=1.0985]
Epoch 9/1000: 100% 100/100 [00:29<00:00,  3.44it/s, loss=1.0981]
Epoch 10/1000: 100% 100/100 [00:29<00:00,  3.44it/s, loss=1.0984]
2025-12-09 04:36:28,280 [INFO] Epoch 10/1000 | Time: 53.61s | Loss: 1.0984 | Spikes: 208602.37 | Eval Return: -200.00
2025-12-09 04:36:28,293 [INFO] New best eval return: -200.00. Saved best model.
Epoch 11/1000: 100% 100/100 [00:29<00:00,  3.44it/s, loss=1.0981]
Epoch 12/1000: 100% 100/100 [00:29<00:00,  3.44it/s, loss=1.0968]
Epoch 13/1000: 100% 100/100 [00:29<00:00,  3.44it/s, loss=1.0992]
Epoch 14/1000: 100% 100/100 [00:29<00:00,  3.44it/s, loss=1.0987]
Epoch 15/1000: 100% 100/100 [00:29<00:00,  3.43it/s, loss=1.0986]
Epoch 16/1000: 100% 100/100 [00:29<00:00,  3.44it/s, loss=1.0986]
Epoch 17/1000: 100% 100/100 [00:29<00:00,  3.43it/s, loss=1.0986]
Epoch 18/1000: 100% 100/100 [00:29<00:00,  3.44it/s, loss=1.0986]
Epoch 19/1000: 100% 100/100 [00:29<00:00,  3.43it/s, loss=1.0986]
Epoch 20/1000: 100% 100/100 [00:29<00:00,  3.43it/s, loss=1.0986]
2025-12-09 04:41:44,049 [INFO] Epoch 20/1000 | Time: 53.82s | Loss: 1.0986 | Spikes: 210349.64 | Eval Return: -200.00
Epoch 21/1000: 100% 100/100 [00:29<00:00,  3.44it/s, loss=1.0986]
Epoch 22/1000: 100% 100/100 [00:29<00:00,  3.43it/s, loss=1.0985]
Epoch 23/1000: 100% 100/100 [00:29<00:00,  3.44it/s, loss=1.0985]
Epoch 24/1000: 100% 100/100 [00:29<00:00,  3.43it/s, loss=1.0985]
Epoch 25/1000: 100% 100/100 [00:29<00:00,  3.45it/s, loss=1.0984]
Epoch 26/1000: 100% 100/100 [00:29<00:00,  3.44it/s, loss=1.0988]
Epoch 27/1000: 100% 100/100 [00:29<00:00,  3.43it/s, loss=1.0987]
Epoch 28/1000: 100% 100/100 [00:29<00:00,  3.44it/s, loss=1.0986]
Epoch 29/1000: 100% 100/100 [00:29<00:00,  3.44it/s, loss=1.0986]
Epoch 30/1000: 100% 100/100 [00:29<00:00,  3.44it/s, loss=1.0986]
2025-12-09 04:46:59,633 [INFO] Epoch 30/1000 | Time: 53.66s | Loss: 1.0986 | Spikes: 210864.93 | Eval Return: -200.00
Epoch 31/1000: 100% 100/100 [00:29<00:00,  3.43it/s, loss=1.0984]
Epoch 32/1000: 100% 100/100 [00:29<00:00,  3.44it/s, loss=1.0983]
Epoch 33/1000: 100% 100/100 [00:29<00:00,  3.44it/s, loss=1.0988]
Epoch 34/1000: 100% 100/100 [00:29<00:00,  3.44it/s, loss=1.0987]
Epoch 35/1000: 100% 100/100 [00:29<00:00,  3.44it/s, loss=1.0987]
Epoch 36/1000: 100% 100/100 [00:29<00:00,  3.44it/s, loss=1.0987]
Epoch 37/1000: 100% 100/100 [00:29<00:00,  3.44it/s, loss=1.0987]
Epoch 38/1000: 100% 100/100 [00:29<00:00,  3.43it/s, loss=1.0987]
Epoch 39/1000: 100% 100/100 [00:29<00:00,  3.43it/s, loss=1.0987]
Epoch 40/1000: 100% 100/100 [00:29<00:00,  3.44it/s, loss=1.0986]
2025-12-09 04:52:15,095 [INFO] Epoch 40/1000 | Time: 53.68s | Loss: 1.0986 | Spikes: 207182.41 | Eval Return: -200.00
Epoch 41/1000: 100% 100/100 [00:29<00:00,  3.43it/s, loss=1.0986]
Epoch 42/1000: 100% 100/100 [00:29<00:00,  3.44it/s, loss=1.0986]
Epoch 43/1000: 100% 100/100 [00:29<00:00,  3.44it/s, loss=1.0986]
Epoch 44/1000: 100% 100/100 [00:29<00:00,  3.44it/s, loss=1.0986]
Epoch 45/1000: 100% 100/100 [00:29<00:00,  3.44it/s, loss=1.0986]
Epoch 46/1000: 100% 100/100 [00:29<00:00,  3.44it/s, loss=1.0986]
Epoch 47/1000: 100% 100/100 [00:29<00:00,  3.44it/s, loss=1.0986]
Epoch 48/1000: 100% 100/100 [00:29<00:00,  3.43it/s, loss=1.0986]
Epoch 49/1000: 100% 100/100 [00:29<00:00,  3.44it/s, loss=1.0987]
Epoch 50/1000: 100% 100/100 [00:29<00:00,  3.43it/s, loss=1.0987]
2025-12-09 04:57:30,741 [INFO] Epoch 50/1000 | Time: 53.98s | Loss: 1.0987 | Spikes: 207733.74 | Eval Return: -200.00
Epoch 51/1000: 100% 100/100 [00:29<00:00,  3.43it/s, loss=1.0987]
Epoch 52/1000: 100% 100/100 [00:29<00:00,  3.44it/s, loss=1.0986]
Epoch 53/1000: 100% 100/100 [00:29<00:00,  3.44it/s, loss=1.0986]
Epoch 54/1000: 100% 100/100 [00:29<00:00,  3.44it/s, loss=1.0986]
Epoch 55/1000: 100% 100/100 [00:29<00:00,  3.44it/s, loss=1.0987]
Epoch 56/1000: 100% 100/100 [00:29<00:00,  3.44it/s, loss=1.0986]
Epoch 57/1000: 100% 100/100 [00:29<00:00,  3.44it/s, loss=1.0986]
Epoch 58/1000: 100% 100/100 [00:29<00:00,  3.44it/s, loss=1.0986]
Epoch 59/1000: 100% 100/100 [00:29<00:00,  3.44it/s, loss=1.0986]
Epoch 60/1000: 100% 100/100 [00:29<00:00,  3.44it/s, loss=1.0986]
2025-12-09 05:02:45,983 [INFO] Epoch 60/1000 | Time: 53.55s | Loss: 1.0986 | Spikes: 209353.73 | Eval Return: -200.00
Epoch 61/1000: 100% 100/100 [00:29<00:00,  3.44it/s, loss=1.0986]
Epoch 62/1000: 100% 100/100 [00:29<00:00,  3.44it/s, loss=1.0986]
Epoch 63/1000: 100% 100/100 [00:29<00:00,  3.44it/s, loss=1.0986]
Epoch 64/1000: 100% 100/100 [00:29<00:00,  3.44it/s, loss=1.0986]
Epoch 65/1000: 100% 100/100 [00:29<00:00,  3.44it/s, loss=1.0986]
Epoch 66/1000: 100% 100/100 [00:29<00:00,  3.44it/s, loss=1.0986]
Epoch 67/1000: 100% 100/100 [00:29<00:00,  3.44it/s, loss=1.0986]
Epoch 68/1000: 100% 100/100 [00:29<00:00,  3.45it/s, loss=1.0986]
Epoch 69/1000: 100% 100/100 [00:29<00:00,  3.44it/s, loss=1.0986]
Epoch 70/1000: 100% 100/100 [00:29<00:00,  3.44it/s, loss=1.0987]
2025-12-09 05:08:01,093 [INFO] Epoch 70/1000 | Time: 53.60s | Loss: 1.0987 | Spikes: 209320.71 | Eval Return: -200.00
Epoch 71/1000: 100% 100/100 [00:29<00:00,  3.44it/s, loss=1.0986]
Epoch 72/1000: 100% 100/100 [00:29<00:00,  3.43it/s, loss=1.0987]
Epoch 73/1000: 100% 100/100 [00:29<00:00,  3.45it/s, loss=1.0986]
Epoch 74/1000: 100% 100/100 [00:29<00:00,  3.44it/s, loss=1.0986]
Epoch 75/1000: 100% 100/100 [00:29<00:00,  3.45it/s, loss=1.0986]
Epoch 76/1000: 100% 100/100 [00:29<00:00,  3.44it/s, loss=1.0986]
Epoch 77/1000: 100% 100/100 [00:29<00:00,  3.44it/s, loss=1.0986]
Epoch 78/1000: 100% 100/100 [00:29<00:00,  3.45it/s, loss=1.0986]
Epoch 79/1000: 100% 100/100 [00:29<00:00,  3.44it/s, loss=1.0987]
Epoch 80/1000: 100% 100/100 [00:29<00:00,  3.45it/s, loss=1.0986]
2025-12-09 05:13:15,981 [INFO] Epoch 80/1000 | Time: 53.42s | Loss: 1.0986 | Spikes: 209253.96 | Eval Return: -200.00
Epoch 81/1000: 100% 100/100 [00:29<00:00,  3.44it/s, loss=1.0986]
Epoch 82/1000: 100% 100/100 [00:29<00:00,  3.44it/s, loss=1.0986]
Epoch 83/1000: 100% 100/100 [00:29<00:00,  3.44it/s, loss=1.0986]
Epoch 84/1000: 100% 100/100 [00:29<00:00,  3.43it/s, loss=1.0987]
Epoch 85/1000: 100% 100/100 [00:29<00:00,  3.44it/s, loss=1.0986]
Epoch 86/1000: 100% 100/100 [00:29<00:00,  3.44it/s, loss=1.0987]
Epoch 87/1000: 100% 100/100 [00:29<00:00,  3.44it/s, loss=1.0987]
Epoch 88/1000: 100% 100/100 [00:29<00:00,  3.44it/s, loss=1.0986]
Epoch 89/1000: 100% 100/100 [00:29<00:00,  3.44it/s, loss=1.0986]
Epoch 90/1000: 100% 100/100 [00:29<00:00,  3.44it/s, loss=1.0986]
2025-12-09 05:18:31,018 [INFO] Epoch 90/1000 | Time: 53.47s | Loss: 1.0986 | Spikes: 215411.54 | Eval Return: -200.00
Epoch 91/1000: 100% 100/100 [00:29<00:00,  3.44it/s, loss=1.0986]
Epoch 92/1000: 100% 100/100 [00:29<00:00,  3.44it/s, loss=1.0987]
Epoch 93/1000: 100% 100/100 [00:29<00:00,  3.44it/s, loss=1.0987]
Epoch 94/1000: 100% 100/100 [00:29<00:00,  3.44it/s, loss=1.0986]
Epoch 95/1000: 100% 100/100 [00:29<00:00,  3.44it/s, loss=1.0986]
Epoch 96/1000: 100% 100/100 [00:29<00:00,  3.44it/s, loss=1.0986]
Epoch 97/1000: 100% 100/100 [00:29<00:00,  3.45it/s, loss=1.0986]
Epoch 98/1000: 100% 100/100 [00:29<00:00,  3.44it/s, loss=1.0986]
Epoch 99/1000: 100% 100/100 [00:29<00:00,  3.44it/s, loss=1.0986]
Epoch 100/1000: 100% 100/100 [00:29<00:00,  3.44it/s, loss=1.0986]
2025-12-09 05:23:46,188 [INFO] Epoch 100/1000 | Time: 53.60s | Loss: 1.0986 | Spikes: 210527.75 | Eval Return: -200.00
Epoch 101/1000: 100% 100/100 [00:29<00:00,  3.44it/s, loss=1.0986]
Epoch 102/1000: 100% 100/100 [00:29<00:00,  3.45it/s, loss=1.0986]
Epoch 103/1000: 100% 100/100 [00:29<00:00,  3.44it/s, loss=1.0986]
Epoch 104/1000: 100% 100/100 [00:29<00:00,  3.44it/s, loss=1.0986]
Epoch 105/1000: 100% 100/100 [00:29<00:00,  3.44it/s, loss=1.0986]
Epoch 106/1000: 100% 100/100 [00:29<00:00,  3.44it/s, loss=1.0985]
Epoch 107/1000: 100% 100/100 [00:29<00:00,  3.44it/s, loss=1.0986]
Epoch 108/1000: 100% 100/100 [00:29<00:00,  3.44it/s, loss=1.0986]
Epoch 109/1000: 100% 100/100 [00:29<00:00,  3.45it/s, loss=1.0986]
Epoch 110/1000: 100% 100/100 [00:29<00:00,  3.44it/s, loss=1.0986]
2025-12-09 05:29:01,342 [INFO] Epoch 110/1000 | Time: 53.59s | Loss: 1.0986 | Spikes: 211314.76 | Eval Return: -200.00
Epoch 111/1000: 100% 100/100 [00:29<00:00,  3.45it/s, loss=1.0984]
Epoch 112/1000: 100% 100/100 [00:29<00:00,  3.45it/s, loss=1.0985]
Epoch 113/1000: 100% 100/100 [00:29<00:00,  3.44it/s, loss=1.0984]
Epoch 114/1000: 100% 100/100 [00:28<00:00,  3.45it/s, loss=1.0984]
Epoch 115/1000: 100% 100/100 [00:29<00:00,  3.44it/s, loss=1.0984]
Epoch 116/1000: 100% 100/100 [00:29<00:00,  3.45it/s, loss=1.0984]
Epoch 117/1000: 100% 100/100 [00:29<00:00,  3.44it/s, loss=1.0984]
Epoch 118/1000: 100% 100/100 [00:29<00:00,  3.44it/s, loss=1.0984]
Epoch 119/1000: 100% 100/100 [00:29<00:00,  3.44it/s, loss=1.0985]
Epoch 120/1000: 100% 100/100 [00:29<00:00,  3.44it/s, loss=1.0985]
2025-12-09 05:34:16,223 [INFO] Epoch 120/1000 | Time: 53.48s | Loss: 1.0985 | Spikes: 201591.70 | Eval Return: -200.00
Epoch 121/1000: 100% 100/100 [00:29<00:00,  3.44it/s, loss=1.0984]
Epoch 122/1000: 100% 100/100 [00:29<00:00,  3.44it/s, loss=1.0985]
Epoch 123/1000: 100% 100/100 [00:29<00:00,  3.44it/s, loss=1.0984]
Epoch 124/1000: 100% 100/100 [00:29<00:00,  3.44it/s, loss=1.0984]
Epoch 125/1000: 100% 100/100 [00:29<00:00,  3.44it/s, loss=1.0984]
Epoch 126/1000: 100% 100/100 [00:29<00:00,  3.45it/s, loss=1.0984]
Epoch 127/1000: 100% 100/100 [00:29<00:00,  3.44it/s, loss=1.0985]
Epoch 128/1000: 100% 100/100 [00:29<00:00,  3.45it/s, loss=1.0984]
Epoch 129/1000: 100% 100/100 [00:29<00:00,  3.44it/s, loss=1.0984]
Epoch 130/1000: 100% 100/100 [00:29<00:00,  3.44it/s, loss=1.0985]
2025-12-09 05:39:31,330 [INFO] Epoch 130/1000 | Time: 53.71s | Loss: 1.0985 | Spikes: 200924.10 | Eval Return: -200.00
Epoch 131/1000: 100% 100/100 [00:29<00:00,  3.44it/s, loss=1.0985]
Epoch 132/1000: 100% 100/100 [00:29<00:00,  3.44it/s, loss=1.0985]
Epoch 133/1000: 100% 100/100 [00:29<00:00,  3.45it/s, loss=1.0985]
Epoch 134/1000: 100% 100/100 [00:29<00:00,  3.44it/s, loss=1.0985]
Epoch 135/1000: 100% 100/100 [00:29<00:00,  3.45it/s, loss=1.0984]
Epoch 136/1000: 100% 100/100 [00:29<00:00,  3.44it/s, loss=1.0985]
Epoch 137/1000: 100% 100/100 [00:29<00:00,  3.44it/s, loss=1.0984]
Epoch 138/1000: 100% 100/100 [00:29<00:00,  3.45it/s, loss=1.0984]
Epoch 139/1000: 100% 100/100 [00:29<00:00,  3.44it/s, loss=1.0985]
Epoch 140/1000: 100% 100/100 [00:29<00:00,  3.44it/s, loss=1.0984]
2025-12-09 05:44:46,292 [INFO] Epoch 140/1000 | Time: 53.53s | Loss: 1.0984 | Spikes: 198494.03 | Eval Return: -200.00
Epoch 141/1000: 100% 100/100 [00:29<00:00,  3.44it/s, loss=1.0984]
Epoch 142/1000: 100% 100/100 [00:29<00:00,  3.45it/s, loss=1.0984]
Epoch 143/1000: 100% 100/100 [00:29<00:00,  3.44it/s, loss=1.0984]
Epoch 144/1000: 100% 100/100 [00:29<00:00,  3.44it/s, loss=1.0984]
Epoch 145/1000: 100% 100/100 [00:29<00:00,  3.44it/s, loss=1.0983]
Epoch 146/1000: 100% 100/100 [00:29<00:00,  3.44it/s, loss=1.0984]
Epoch 147/1000: 100% 100/100 [00:29<00:00,  3.44it/s, loss=1.0984]
Epoch 148/1000: 100% 100/100 [00:29<00:00,  3.44it/s, loss=1.0984]
Epoch 149/1000: 100% 100/100 [00:29<00:00,  3.44it/s, loss=1.0984]
Epoch 150/1000: 100% 100/100 [00:29<00:00,  3.45it/s, loss=1.0984]
2025-12-09 05:50:01,051 [INFO] Epoch 150/1000 | Time: 53.33s | Loss: 1.0984 | Spikes: 195562.68 | Eval Return: -200.00
Epoch 151/1000: 100% 100/100 [00:29<00:00,  3.44it/s, loss=1.0983]
Epoch 152/1000: 100% 100/100 [00:29<00:00,  3.44it/s, loss=1.0983]
Epoch 153/1000: 100% 100/100 [00:29<00:00,  3.44it/s, loss=1.0983]
Epoch 154/1000: 100% 100/100 [00:29<00:00,  3.44it/s, loss=1.0983]
Epoch 155/1000: 100% 100/100 [00:29<00:00,  3.44it/s, loss=1.0983]
Epoch 156/1000: 100% 100/100 [00:29<00:00,  3.44it/s, loss=1.0983]
Epoch 157/1000: 100% 100/100 [00:29<00:00,  3.44it/s, loss=1.0983]
Epoch 158/1000: 100% 100/100 [00:29<00:00,  3.44it/s, loss=1.0983]
Epoch 159/1000: 100% 100/100 [00:29<00:00,  3.44it/s, loss=1.0983]
Epoch 160/1000: 100% 100/100 [00:29<00:00,  3.44it/s, loss=1.0983]
2025-12-09 05:55:16,162 [INFO] Epoch 160/1000 | Time: 53.57s | Loss: 1.0983 | Spikes: 193248.91 | Eval Return: -200.00
Epoch 161/1000: 100% 100/100 [00:29<00:00,  3.44it/s, loss=1.0983]
Epoch 162/1000: 100% 100/100 [00:29<00:00,  3.45it/s, loss=1.0983]
Epoch 163/1000: 100% 100/100 [00:29<00:00,  3.43it/s, loss=1.0982]
Epoch 164/1000: 100% 100/100 [00:29<00:00,  3.44it/s, loss=1.0982]
Epoch 165/1000: 100% 100/100 [00:29<00:00,  3.44it/s, loss=1.0983]
Epoch 166/1000: 100% 100/100 [00:29<00:00,  3.44it/s, loss=1.0982]
Epoch 167/1000: 100% 100/100 [00:29<00:00,  3.44it/s, loss=1.0982]
Epoch 168/1000: 100% 100/100 [00:29<00:00,  3.44it/s, loss=1.0982]
Epoch 169/1000: 100% 100/100 [00:29<00:00,  3.45it/s, loss=1.0981]
Epoch 170/1000: 100% 100/100 [00:29<00:00,  3.44it/s, loss=1.0981]
2025-12-09 06:00:31,122 [INFO] Epoch 170/1000 | Time: 53.40s | Loss: 1.0981 | Spikes: 190950.13 | Eval Return: -200.00
Epoch 171/1000: 100% 100/100 [00:29<00:00,  3.44it/s, loss=1.0981]
Epoch 172/1000: 100% 100/100 [00:29<00:00,  3.44it/s, loss=1.0981]
Epoch 173/1000: 100% 100/100 [00:29<00:00,  3.44it/s, loss=1.0981]
Epoch 174/1000: 100% 100/100 [00:29<00:00,  3.44it/s, loss=1.0980]
Epoch 175/1000: 100% 100/100 [00:29<00:00,  3.44it/s, loss=1.0981]
Epoch 176/1000: 100% 100/100 [00:29<00:00,  3.44it/s, loss=1.0980]
Epoch 177/1000: 100% 100/100 [00:29<00:00,  3.44it/s, loss=1.0979]
Epoch 178/1000: 100% 100/100 [00:28<00:00,  3.45it/s, loss=1.0979]
Epoch 179/1000: 100% 100/100 [00:29<00:00,  3.44it/s, loss=1.0978]
Epoch 180/1000: 100% 100/100 [00:29<00:00,  3.44it/s, loss=1.0977]
2025-12-09 06:05:46,072 [INFO] Epoch 180/1000 | Time: 53.47s | Loss: 1.0977 | Spikes: 187072.98 | Eval Return: -200.00
Epoch 181/1000: 100% 100/100 [00:29<00:00,  3.44it/s, loss=1.0978]
Epoch 182/1000: 100% 100/100 [00:29<00:00,  3.44it/s, loss=1.0976]
Epoch 183/1000: 100% 100/100 [00:28<00:00,  3.45it/s, loss=1.0974]
Epoch 184/1000: 100% 100/100 [00:29<00:00,  3.44it/s, loss=1.0971]
Epoch 185/1000: 100% 100/100 [00:29<00:00,  3.44it/s, loss=1.0967]
Epoch 186/1000: 100% 100/100 [00:29<00:00,  3.45it/s, loss=1.0966]
Epoch 187/1000: 100% 100/100 [00:29<00:00,  3.44it/s, loss=1.0966]
Epoch 188/1000: 100% 100/100 [00:29<00:00,  3.45it/s, loss=1.0967]
Epoch 189/1000: 100% 100/100 [00:29<00:00,  3.44it/s, loss=1.0966]
Epoch 190/1000: 100% 100/100 [00:29<00:00,  3.44it/s, loss=1.0961]
2025-12-09 06:11:00,890 [INFO] Epoch 190/1000 | Time: 53.35s | Loss: 1.0960 | Spikes: 180146.51 | Eval Return: -200.00
Epoch 191/1000: 100% 100/100 [00:29<00:00,  3.44it/s, loss=1.0957]
Epoch 192/1000: 100% 100/100 [00:29<00:00,  3.44it/s, loss=1.0962]
Epoch 193/1000: 100% 100/100 [00:29<00:00,  3.45it/s, loss=1.0958]
Epoch 194/1000: 100% 100/100 [00:29<00:00,  3.44it/s, loss=1.0956]
Epoch 195/1000: 100% 100/100 [00:29<00:00,  3.45it/s, loss=1.0954]
Epoch 196/1000: 100% 100/100 [00:29<00:00,  3.44it/s, loss=1.0953]
Epoch 197/1000: 100% 100/100 [00:29<00:00,  3.44it/s, loss=1.0952]
Epoch 198/1000: 100% 100/100 [00:29<00:00,  3.44it/s, loss=1.0950]
Epoch 199/1000: 100% 100/100 [00:29<00:00,  3.43it/s, loss=1.0950]
Epoch 200/1000: 100% 100/100 [00:29<00:00,  3.43it/s, loss=1.0946]
2025-12-09 06:16:18,337 [INFO] Epoch 200/1000 | Time: 55.81s | Loss: 1.0946 | Spikes: 179871.69 | Eval Return: -200.00
Epoch 201/1000: 100% 100/100 [00:29<00:00,  3.41it/s, loss=1.0946]
Epoch 202/1000: 100% 100/100 [00:29<00:00,  3.42it/s, loss=1.0943]
Epoch 203/1000: 100% 100/100 [00:29<00:00,  3.44it/s, loss=1.0934]
Epoch 204/1000: 100% 100/100 [00:29<00:00,  3.44it/s, loss=1.0937]
Epoch 205/1000: 100% 100/100 [00:29<00:00,  3.43it/s, loss=1.0935]
Epoch 206/1000: 100% 100/100 [00:29<00:00,  3.42it/s, loss=1.0933]
Epoch 207/1000: 100% 100/100 [00:29<00:00,  3.43it/s, loss=1.0934]
Epoch 208/1000: 100% 100/100 [00:29<00:00,  3.43it/s, loss=1.0928]
Epoch 209/1000: 100% 100/100 [00:29<00:00,  3.42it/s, loss=1.0924]
Epoch 210/1000: 100% 100/100 [00:29<00:00,  3.43it/s, loss=1.0947]
2025-12-09 06:21:35,877 [INFO] Epoch 210/1000 | Time: 54.90s | Loss: 1.0947 | Spikes: 178315.89 | Eval Return: -200.00
Epoch 211/1000: 100% 100/100 [00:29<00:00,  3.42it/s, loss=1.0934]
Epoch 212/1000: 100% 100/100 [00:29<00:00,  3.43it/s, loss=1.0931]
Epoch 213/1000: 100% 100/100 [00:29<00:00,  3.43it/s, loss=1.0927]
Epoch 214/1000: 100% 100/100 [00:29<00:00,  3.43it/s, loss=1.0930]
Epoch 215/1000: 100% 100/100 [00:29<00:00,  3.43it/s, loss=1.0937]
Epoch 216/1000: 100% 100/100 [00:29<00:00,  3.42it/s, loss=1.0933]
Epoch 217/1000: 100% 100/100 [00:29<00:00,  3.43it/s, loss=1.0926]
Epoch 218/1000: 100% 100/100 [00:29<00:00,  3.42it/s, loss=1.0925]
Epoch 219/1000: 100% 100/100 [00:29<00:00,  3.42it/s, loss=1.0925]
Epoch 220/1000: 100% 100/100 [00:29<00:00,  3.43it/s, loss=1.0926]
2025-12-09 06:26:53,807 [INFO] Epoch 220/1000 | Time: 55.15s | Loss: 1.0926 | Spikes: 174371.16 | Eval Return: -200.00
Epoch 221/1000: 100% 100/100 [00:29<00:00,  3.42it/s, loss=1.0925]
Epoch 222/1000: 100% 100/100 [00:29<00:00,  3.43it/s, loss=1.0924]
Epoch 223/1000: 100% 100/100 [00:29<00:00,  3.43it/s, loss=1.0928]
Epoch 224/1000: 100% 100/100 [00:29<00:00,  3.43it/s, loss=1.0928]
Epoch 225/1000: 100% 100/100 [00:29<00:00,  3.43it/s, loss=1.0931]
Epoch 226/1000: 100% 100/100 [00:29<00:00,  3.43it/s, loss=1.0934]
Epoch 227/1000: 100% 100/100 [00:29<00:00,  3.43it/s, loss=1.0934]
Epoch 228/1000: 100% 100/100 [00:29<00:00,  3.43it/s, loss=1.0938]
Epoch 229/1000: 100% 100/100 [00:29<00:00,  3.43it/s, loss=1.0938]
Epoch 230/1000: 100% 100/100 [00:29<00:00,  3.43it/s, loss=1.0934]
2025-12-09 06:32:10,154 [INFO] Epoch 230/1000 | Time: 53.86s | Loss: 1.0934 | Spikes: 171216.18 | Eval Return: -200.00
Epoch 231/1000: 100% 100/100 [00:29<00:00,  3.43it/s, loss=1.0939]
Epoch 232/1000: 100% 100/100 [00:29<00:00,  3.43it/s, loss=1.0950]
Epoch 233/1000: 100% 100/100 [00:29<00:00,  3.42it/s, loss=1.0945]
Epoch 234/1000: 100% 100/100 [00:29<00:00,  3.42it/s, loss=1.0940]
Epoch 235/1000: 100% 100/100 [00:29<00:00,  3.42it/s, loss=1.0936]
Epoch 236/1000: 100% 100/100 [00:29<00:00,  3.43it/s, loss=1.0932]
Epoch 237/1000: 100% 100/100 [00:28<00:00,  3.45it/s, loss=1.0930]
Epoch 238/1000: 100% 100/100 [00:29<00:00,  3.44it/s, loss=1.0927]
Epoch 239/1000: 100% 100/100 [00:29<00:00,  3.45it/s, loss=1.0925]
Epoch 240/1000: 100% 100/100 [00:28<00:00,  3.45it/s, loss=1.0925]
2025-12-09 06:37:25,757 [INFO] Epoch 240/1000 | Time: 53.41s | Loss: 1.0924 | Spikes: 167812.87 | Eval Return: -200.00
Epoch 241/1000: 100% 100/100 [00:29<00:00,  3.43it/s, loss=1.0925]
Epoch 242/1000: 100% 100/100 [00:29<00:00,  3.44it/s, loss=1.0931]
Epoch 243/1000: 100% 100/100 [00:29<00:00,  3.44it/s, loss=1.0923]
Epoch 244/1000: 100% 100/100 [00:29<00:00,  3.44it/s, loss=1.0924]
Epoch 245/1000: 100% 100/100 [00:29<00:00,  3.44it/s, loss=1.0926]
Epoch 246/1000: 100% 100/100 [00:29<00:00,  3.44it/s, loss=1.0921]
Epoch 247/1000: 100% 100/100 [00:29<00:00,  3.45it/s, loss=1.0921]
Epoch 248/1000: 100% 100/100 [00:29<00:00,  3.44it/s, loss=1.0922]
Epoch 249/1000: 100% 100/100 [00:29<00:00,  3.44it/s, loss=1.0919]
Epoch 250/1000: 100% 100/100 [00:29<00:00,  3.44it/s, loss=1.0922]
2025-12-09 06:42:41,011 [INFO] Epoch 250/1000 | Time: 53.64s | Loss: 1.0922 | Spikes: 164160.66 | Eval Return: -200.00
Epoch 251/1000: 100% 100/100 [00:29<00:00,  3.44it/s, loss=1.0916]
Epoch 252/1000: 100% 100/100 [00:29<00:00,  3.44it/s, loss=1.0914]
Epoch 253/1000: 100% 100/100 [00:29<00:00,  3.43it/s, loss=1.0914]
Epoch 254/1000: 100% 100/100 [00:29<00:00,  3.44it/s, loss=1.0915]
Epoch 255/1000: 100% 100/100 [00:29<00:00,  3.43it/s, loss=1.0917]
Epoch 256/1000: 100% 100/100 [00:29<00:00,  3.44it/s, loss=1.0917]
Epoch 257/1000: 100% 100/100 [00:29<00:00,  3.44it/s, loss=1.0915]
Epoch 258/1000: 100% 100/100 [00:29<00:00,  3.43it/s, loss=1.0914]
Epoch 259/1000: 100% 100/100 [00:29<00:00,  3.45it/s, loss=1.0915]
Epoch 260/1000: 100% 100/100 [00:29<00:00,  3.44it/s, loss=1.0914]
2025-12-09 06:47:56,417 [INFO] Epoch 260/1000 | Time: 53.59s | Loss: 1.0914 | Spikes: 163286.06 | Eval Return: -200.00
Epoch 261/1000: 100% 100/100 [00:29<00:00,  3.44it/s, loss=1.0913]
Epoch 262/1000: 100% 100/100 [00:29<00:00,  3.43it/s, loss=1.0912]
Epoch 263/1000: 100% 100/100 [00:29<00:00,  3.44it/s, loss=1.0937]
Epoch 264/1000: 100% 100/100 [00:29<00:00,  3.44it/s, loss=1.0935]
Epoch 265/1000: 100% 100/100 [00:29<00:00,  3.43it/s, loss=1.0939]
Epoch 266/1000: 100% 100/100 [00:29<00:00,  3.44it/s, loss=1.0934]
Epoch 267/1000: 100% 100/100 [00:29<00:00,  3.44it/s, loss=1.0943]
Epoch 268/1000: 100% 100/100 [00:29<00:00,  3.44it/s, loss=1.0949]
Epoch 269/1000: 100% 100/100 [00:29<00:00,  3.44it/s, loss=1.0936]
Epoch 270/1000: 100% 100/100 [00:29<00:00,  3.44it/s, loss=1.0937]
2025-12-09 06:53:11,483 [INFO] Epoch 270/1000 | Time: 53.29s | Loss: 1.0937 | Spikes: 162635.46 | Eval Return: -200.00
Epoch 271/1000: 100% 100/100 [00:29<00:00,  3.44it/s, loss=1.0936]
Epoch 272/1000: 100% 100/100 [00:29<00:00,  3.44it/s, loss=1.0937]
Epoch 273/1000: 100% 100/100 [00:29<00:00,  3.45it/s, loss=1.0946]
Epoch 274/1000: 100% 100/100 [00:29<00:00,  3.45it/s, loss=1.0938]
Epoch 275/1000: 100% 100/100 [00:29<00:00,  3.44it/s, loss=1.0935]
Epoch 276/1000: 100% 100/100 [00:29<00:00,  3.44it/s, loss=1.0933]
Epoch 277/1000: 100% 100/100 [00:29<00:00,  3.44it/s, loss=1.0933]
Epoch 278/1000: 100% 100/100 [00:29<00:00,  3.44it/s, loss=1.0937]
Epoch 279/1000: 100% 100/100 [00:29<00:00,  3.45it/s, loss=1.0931]
Epoch 280/1000: 100% 100/100 [00:29<00:00,  3.44it/s, loss=1.0928]
2025-12-09 06:58:26,330 [INFO] Epoch 280/1000 | Time: 53.37s | Loss: 1.0929 | Spikes: 161308.91 | Eval Return: -200.00
Epoch 281/1000: 100% 100/100 [00:29<00:00,  3.44it/s, loss=1.0931]
Epoch 282/1000: 100% 100/100 [00:29<00:00,  3.44it/s, loss=1.0931]
Epoch 283/1000: 100% 100/100 [00:29<00:00,  3.44it/s, loss=1.0931]
Epoch 284/1000: 100% 100/100 [00:29<00:00,  3.44it/s, loss=1.0930]
Epoch 285/1000: 100% 100/100 [00:29<00:00,  3.44it/s, loss=1.0930]
Epoch 286/1000: 100% 100/100 [00:29<00:00,  3.44it/s, loss=1.0925]
Epoch 287/1000: 100% 100/100 [00:29<00:00,  3.44it/s, loss=1.0922]
Epoch 288/1000: 100% 100/100 [00:29<00:00,  3.44it/s, loss=1.0919]
Epoch 289/1000: 100% 100/100 [00:29<00:00,  3.43it/s, loss=1.0920]
Epoch 290/1000: 100% 100/100 [00:29<00:00,  3.44it/s, loss=1.0918]
2025-12-09 07:03:41,474 [INFO] Epoch 290/1000 | Time: 53.46s | Loss: 1.0918 | Spikes: 162359.24 | Eval Return: -200.00
Epoch 291/1000: 100% 100/100 [00:29<00:00,  3.43it/s, loss=1.0918]
Epoch 292/1000: 100% 100/100 [00:29<00:00,  3.44it/s, loss=1.0919]
Epoch 293/1000: 100% 100/100 [00:29<00:00,  3.45it/s, loss=1.0917]
Epoch 294/1000: 100% 100/100 [00:29<00:00,  3.44it/s, loss=1.0916]
Epoch 295/1000: 100% 100/100 [00:29<00:00,  3.44it/s, loss=1.0918]
Epoch 296/1000: 100% 100/100 [00:29<00:00,  3.44it/s, loss=1.0915]
Epoch 297/1000: 100% 100/100 [00:29<00:00,  3.44it/s, loss=1.0916]
Epoch 298/1000: 100% 100/100 [00:29<00:00,  3.44it/s, loss=1.0914]
Epoch 299/1000: 100% 100/100 [00:29<00:00,  3.44it/s, loss=1.0912]
Epoch 300/1000: 100% 100/100 [00:29<00:00,  3.44it/s, loss=1.0912]
2025-12-09 07:08:56,665 [INFO] Epoch 300/1000 | Time: 53.57s | Loss: 1.0913 | Spikes: 161430.86 | Eval Return: -200.00
Epoch 301/1000: 100% 100/100 [00:29<00:00,  3.43it/s, loss=1.0919]
Epoch 302/1000: 100% 100/100 [00:29<00:00,  3.44it/s, loss=1.0916]
Epoch 303/1000: 100% 100/100 [00:29<00:00,  3.44it/s, loss=1.0922]
Epoch 304/1000: 100% 100/100 [00:29<00:00,  3.44it/s, loss=1.0920]
Epoch 305/1000: 100% 100/100 [00:29<00:00,  3.45it/s, loss=1.0919]
Epoch 306/1000: 100% 100/100 [00:29<00:00,  3.44it/s, loss=1.0917]
Epoch 307/1000: 100% 100/100 [00:29<00:00,  3.44it/s, loss=1.0917]
Epoch 308/1000: 100% 100/100 [00:29<00:00,  3.45it/s, loss=1.0916]
Epoch 309/1000: 100% 100/100 [00:29<00:00,  3.44it/s, loss=1.0918]
Epoch 310/1000: 100% 100/100 [00:29<00:00,  3.44it/s, loss=1.0917]
2025-12-09 07:14:11,752 [INFO] Epoch 310/1000 | Time: 53.50s | Loss: 1.0917 | Spikes: 161378.28 | Eval Return: -200.00
Epoch 311/1000: 100% 100/100 [00:29<00:00,  3.43it/s, loss=1.0915]
Epoch 312/1000: 100% 100/100 [00:29<00:00,  3.44it/s, loss=1.0915]
Epoch 313/1000: 100% 100/100 [00:29<00:00,  3.44it/s, loss=1.0915]
Epoch 314/1000: 100% 100/100 [00:29<00:00,  3.44it/s, loss=1.0919]
Epoch 315/1000: 100% 100/100 [00:29<00:00,  3.44it/s, loss=1.0921]
Epoch 316/1000: 100% 100/100 [00:29<00:00,  3.44it/s, loss=1.0913]
Epoch 317/1000: 100% 100/100 [00:29<00:00,  3.44it/s, loss=1.0912]
Epoch 318/1000: 100% 100/100 [00:29<00:00,  3.44it/s, loss=1.0912]
Epoch 319/1000: 100% 100/100 [00:29<00:00,  3.44it/s, loss=1.0912]
Epoch 320/1000: 100% 100/100 [00:29<00:00,  3.44it/s, loss=1.0912]
2025-12-09 07:19:27,004 [INFO] Epoch 320/1000 | Time: 53.49s | Loss: 1.0912 | Spikes: 160522.38 | Eval Return: -200.00
Epoch 321/1000: 100% 100/100 [00:29<00:00,  3.44it/s, loss=1.0912]
Epoch 322/1000: 100% 100/100 [00:29<00:00,  3.44it/s, loss=1.0913]
Epoch 323/1000: 100% 100/100 [00:29<00:00,  3.43it/s, loss=1.0912]
Epoch 324/1000: 100% 100/100 [00:29<00:00,  3.44it/s, loss=1.0913]
Epoch 325/1000: 100% 100/100 [00:29<00:00,  3.44it/s, loss=1.0912]
Epoch 326/1000: 100% 100/100 [00:29<00:00,  3.44it/s, loss=1.0911]
Epoch 327/1000: 100% 100/100 [00:29<00:00,  3.44it/s, loss=1.0915]
Epoch 328/1000: 100% 100/100 [00:29<00:00,  3.44it/s, loss=1.0911]
Epoch 329/1000: 100% 100/100 [00:29<00:00,  3.44it/s, loss=1.0915]
Epoch 330/1000: 100% 100/100 [00:29<00:00,  3.44it/s, loss=1.0914]
2025-12-09 07:24:42,308 [INFO] Epoch 330/1000 | Time: 53.61s | Loss: 1.0914 | Spikes: 159352.45 | Eval Return: -200.00
Epoch 331/1000: 100% 100/100 [00:29<00:00,  3.44it/s, loss=1.0911]
Epoch 332/1000: 100% 100/100 [00:29<00:00,  3.44it/s, loss=1.0915]
Epoch 333/1000: 100% 100/100 [00:29<00:00,  3.44it/s, loss=1.0910]
Epoch 334/1000: 100% 100/100 [00:29<00:00,  3.45it/s, loss=1.0912]
Epoch 335/1000: 100% 100/100 [00:29<00:00,  3.43it/s, loss=1.0910]
Epoch 336/1000: 100% 100/100 [00:29<00:00,  3.44it/s, loss=1.0912]
Epoch 337/1000: 100% 100/100 [00:29<00:00,  3.44it/s, loss=1.0908]
Epoch 338/1000: 100% 100/100 [00:29<00:00,  3.44it/s, loss=1.0908]
Epoch 339/1000: 100% 100/100 [00:29<00:00,  3.44it/s, loss=1.0907]
Epoch 340/1000: 100% 100/100 [00:29<00:00,  3.44it/s, loss=1.0902]
2025-12-09 07:29:57,577 [INFO] Epoch 340/1000 | Time: 53.66s | Loss: 1.0902 | Spikes: 157152.28 | Eval Return: -200.00
Epoch 341/1000: 100% 100/100 [00:29<00:00,  3.44it/s, loss=1.0905]
Epoch 342/1000: 100% 100/100 [00:28<00:00,  3.45it/s, loss=1.0902]
Epoch 343/1000: 100% 100/100 [00:29<00:00,  3.43it/s, loss=1.0906]
Epoch 344/1000: 100% 100/100 [00:29<00:00,  3.44it/s, loss=1.0908]
Epoch 345/1000: 100% 100/100 [00:29<00:00,  3.43it/s, loss=1.0907]
Epoch 346/1000: 100% 100/100 [00:29<00:00,  3.44it/s, loss=1.0907]
Epoch 347/1000: 100% 100/100 [00:29<00:00,  3.44it/s, loss=1.0905]
Epoch 348/1000: 100% 100/100 [00:29<00:00,  3.44it/s, loss=1.0904]
Epoch 349/1000: 100% 100/100 [00:29<00:00,  3.45it/s, loss=1.0905]
Epoch 350/1000: 100% 100/100 [00:29<00:00,  3.44it/s, loss=1.0913]
2025-12-09 07:35:12,724 [INFO] Epoch 350/1000 | Time: 53.57s | Loss: 1.0912 | Spikes: 158716.02 | Eval Return: -200.00
Epoch 351/1000: 100% 100/100 [00:29<00:00,  3.44it/s, loss=1.0907]
Epoch 352/1000: 100% 100/100 [00:29<00:00,  3.43it/s, loss=1.0906]
Epoch 353/1000: 100% 100/100 [00:29<00:00,  3.44it/s, loss=1.0908]
Epoch 354/1000: 100% 100/100 [00:29<00:00,  3.44it/s, loss=1.0914]
Epoch 355/1000: 100% 100/100 [00:29<00:00,  3.44it/s, loss=1.0908]
Epoch 356/1000: 100% 100/100 [00:29<00:00,  3.44it/s, loss=1.0902]
Epoch 357/1000: 100% 100/100 [00:29<00:00,  3.44it/s, loss=1.0905]
Epoch 358/1000: 100% 100/100 [00:29<00:00,  3.43it/s, loss=1.0905]
Epoch 359/1000: 100% 100/100 [00:29<00:00,  3.44it/s, loss=1.0905]
Epoch 360/1000: 100% 100/100 [00:29<00:00,  3.44it/s, loss=1.0906]
2025-12-09 07:40:28,007 [INFO] Epoch 360/1000 | Time: 53.49s | Loss: 1.0906 | Spikes: 157898.25 | Eval Return: -200.00
Epoch 361/1000: 100% 100/100 [00:29<00:00,  3.44it/s, loss=1.0912]
Epoch 362/1000: 100% 100/100 [00:29<00:00,  3.44it/s, loss=1.0902]
Epoch 363/1000: 100% 100/100 [00:29<00:00,  3.44it/s, loss=1.0911]
Epoch 364/1000: 100% 100/100 [00:29<00:00,  3.44it/s, loss=1.0909]
Epoch 365/1000: 100% 100/100 [00:29<00:00,  3.44it/s, loss=1.0910]
Epoch 366/1000: 100% 100/100 [00:29<00:00,  3.44it/s, loss=1.0905]
Epoch 367/1000: 100% 100/100 [00:29<00:00,  3.44it/s, loss=1.0909]
Epoch 368/1000: 100% 100/100 [00:29<00:00,  3.44it/s, loss=1.0929]
Epoch 369/1000: 100% 100/100 [00:29<00:00,  3.44it/s, loss=1.0911]
Epoch 370/1000: 100% 100/100 [00:29<00:00,  3.43it/s, loss=1.0918]
2025-12-09 07:45:43,025 [INFO] Epoch 370/1000 | Time: 53.49s | Loss: 1.0917 | Spikes: 156882.91 | Eval Return: -200.00
Epoch 371/1000: 100% 100/100 [00:29<00:00,  3.44it/s, loss=1.0912]
Epoch 372/1000: 100% 100/100 [00:29<00:00,  3.43it/s, loss=1.0909]
Epoch 373/1000: 100% 100/100 [00:29<00:00,  3.44it/s, loss=1.0908]
Epoch 374/1000: 100% 100/100 [00:29<00:00,  3.43it/s, loss=1.0912]
Epoch 375/1000: 100% 100/100 [00:29<00:00,  3.43it/s, loss=1.0910]
Epoch 376/1000: 100% 100/100 [00:29<00:00,  3.43it/s, loss=1.0902]
Epoch 377/1000: 100% 100/100 [00:29<00:00,  3.43it/s, loss=1.0893]
Epoch 378/1000: 100% 100/100 [00:29<00:00,  3.44it/s, loss=1.0896]
Epoch 379/1000: 100% 100/100 [00:29<00:00,  3.44it/s, loss=1.0890]
Epoch 380/1000: 100% 100/100 [00:29<00:00,  3.44it/s, loss=1.0888]
2025-12-09 07:50:58,528 [INFO] Epoch 380/1000 | Time: 53.50s | Loss: 1.0889 | Spikes: 155666.08 | Eval Return: -200.00
Epoch 381/1000: 100% 100/100 [00:29<00:00,  3.43it/s, loss=1.0900]
Epoch 382/1000: 100% 100/100 [00:29<00:00,  3.44it/s, loss=1.0909]
Epoch 383/1000: 100% 100/100 [00:29<00:00,  3.44it/s, loss=1.0908]
Epoch 384/1000: 100% 100/100 [00:29<00:00,  3.44it/s, loss=1.0899]
Epoch 385/1000: 100% 100/100 [00:29<00:00,  3.44it/s, loss=1.0903]
Epoch 386/1000: 100% 100/100 [00:29<00:00,  3.43it/s, loss=1.0897]
Epoch 387/1000: 100% 100/100 [00:29<00:00,  3.44it/s, loss=1.0892]
Epoch 388/1000: 100% 100/100 [00:29<00:00,  3.44it/s, loss=1.0909]
Epoch 389/1000: 100% 100/100 [00:29<00:00,  3.44it/s, loss=1.0907]
Epoch 390/1000: 100% 100/100 [00:29<00:00,  3.44it/s, loss=1.0906]
2025-12-09 07:56:13,899 [INFO] Epoch 390/1000 | Time: 53.46s | Loss: 1.0905 | Spikes: 155942.56 | Eval Return: -200.00
Epoch 391/1000: 100% 100/100 [00:29<00:00,  3.44it/s, loss=1.0912]
Epoch 392/1000: 100% 100/100 [00:29<00:00,  3.44it/s, loss=1.0905]
Epoch 393/1000: 100% 100/100 [00:29<00:00,  3.44it/s, loss=1.0912]
Epoch 394/1000: 100% 100/100 [00:29<00:00,  3.44it/s, loss=1.0909]
Epoch 395/1000: 100% 100/100 [00:29<00:00,  3.45it/s, loss=1.0906]
Epoch 396/1000: 100% 100/100 [00:29<00:00,  3.44it/s, loss=1.0907]
Epoch 397/1000: 100% 100/100 [00:29<00:00,  3.44it/s, loss=1.0903]
Epoch 398/1000: 100% 100/100 [00:29<00:00,  3.44it/s, loss=1.0914]
Epoch 399/1000: 100% 100/100 [00:29<00:00,  3.44it/s, loss=1.0904]
Epoch 400/1000: 100% 100/100 [00:29<00:00,  3.44it/s, loss=1.0905]
2025-12-09 08:01:28,903 [INFO] Epoch 400/1000 | Time: 53.41s | Loss: 1.0906 | Spikes: 153631.24 | Eval Return: -200.00
Epoch 401/1000: 100% 100/100 [00:29<00:00,  3.44it/s, loss=1.0903]
Epoch 402/1000: 100% 100/100 [00:29<00:00,  3.45it/s, loss=1.0892]
Epoch 403/1000: 100% 100/100 [00:29<00:00,  3.44it/s, loss=1.0899]
Epoch 404/1000: 100% 100/100 [00:29<00:00,  3.44it/s, loss=1.0892]
Epoch 405/1000: 100% 100/100 [00:29<00:00,  3.45it/s, loss=1.0902]
Epoch 406/1000: 100% 100/100 [00:29<00:00,  3.44it/s, loss=1.0892]
Epoch 407/1000: 100% 100/100 [00:29<00:00,  3.45it/s, loss=1.0907]
Epoch 408/1000: 100% 100/100 [00:29<00:00,  3.44it/s, loss=1.0892]
Epoch 409/1000: 100% 100/100 [00:29<00:00,  3.44it/s, loss=1.0901]
Epoch 410/1000: 100% 100/100 [00:29<00:00,  3.44it/s, loss=1.0911]
2025-12-09 08:06:43,814 [INFO] Epoch 410/1000 | Time: 53.36s | Loss: 1.0911 | Spikes: 152414.84 | Eval Return: -200.00
Epoch 411/1000: 100% 100/100 [00:29<00:00,  3.43it/s, loss=1.0905]
Epoch 412/1000: 100% 100/100 [00:29<00:00,  3.45it/s, loss=1.0909]
Epoch 413/1000: 100% 100/100 [00:29<00:00,  3.44it/s, loss=1.0905]
Epoch 414/1000: 100% 100/100 [00:29<00:00,  3.44it/s, loss=1.0903]
Epoch 415/1000: 100% 100/100 [00:29<00:00,  3.43it/s, loss=1.0907]
Epoch 416/1000: 100% 100/100 [00:29<00:00,  3.44it/s, loss=1.0905]
Epoch 417/1000: 100% 100/100 [00:29<00:00,  3.44it/s, loss=1.0906]
Epoch 418/1000: 100% 100/100 [00:29<00:00,  3.44it/s, loss=1.0905]
Epoch 419/1000: 100% 100/100 [00:29<00:00,  3.44it/s, loss=1.0901]
Epoch 420/1000: 100% 100/100 [00:29<00:00,  3.45it/s, loss=1.0908]
2025-12-09 08:11:59,218 [INFO] Epoch 420/1000 | Time: 53.70s | Loss: 1.0910 | Spikes: 153100.76 | Eval Return: -200.00
Epoch 421/1000: 100% 100/100 [00:29<00:00,  3.44it/s, loss=1.0905]
Epoch 422/1000: 100% 100/100 [00:29<00:00,  3.44it/s, loss=1.0897]
Epoch 423/1000: 100% 100/100 [00:29<00:00,  3.44it/s, loss=1.0889]
Epoch 424/1000: 100% 100/100 [00:29<00:00,  3.44it/s, loss=1.0888]
Epoch 425/1000: 100% 100/100 [00:29<00:00,  3.43it/s, loss=1.0887]
Epoch 426/1000: 100% 100/100 [00:29<00:00,  3.44it/s, loss=1.0885]
Epoch 427/1000: 100% 100/100 [00:29<00:00,  3.44it/s, loss=1.0891]
Epoch 428/1000: 100% 100/100 [00:29<00:00,  3.44it/s, loss=1.0917]
Epoch 429/1000: 100% 100/100 [00:29<00:00,  3.44it/s, loss=1.0910]
Epoch 430/1000: 100% 100/100 [00:29<00:00,  3.38it/s, loss=1.0903]
2025-12-09 08:17:15,145 [INFO] Epoch 430/1000 | Time: 54.09s | Loss: 1.0903 | Spikes: 150900.65 | Eval Return: -200.00
Epoch 431/1000: 100% 100/100 [00:29<00:00,  3.44it/s, loss=1.0896]
Epoch 432/1000: 100% 100/100 [00:29<00:00,  3.44it/s, loss=1.0885]
Epoch 433/1000: 100% 100/100 [00:29<00:00,  3.44it/s, loss=1.0890]
Epoch 434/1000: 100% 100/100 [00:29<00:00,  3.44it/s, loss=1.0890]
Epoch 435/1000: 100% 100/100 [00:29<00:00,  3.44it/s, loss=1.0886]
Epoch 436/1000: 100% 100/100 [00:29<00:00,  3.45it/s, loss=1.0886]
Epoch 437/1000: 100% 100/100 [00:29<00:00,  3.44it/s, loss=1.0884]
Epoch 438/1000: 100% 100/100 [00:29<00:00,  3.44it/s, loss=1.0885]
Epoch 439/1000: 100% 100/100 [00:29<00:00,  3.45it/s, loss=1.0883]
Epoch 440/1000: 100% 100/100 [00:29<00:00,  3.44it/s, loss=1.0884]
2025-12-09 08:22:30,095 [INFO] Epoch 440/1000 | Time: 53.46s | Loss: 1.0884 | Spikes: 151938.40 | Eval Return: -200.00
Epoch 441/1000: 100% 100/100 [00:29<00:00,  3.44it/s, loss=1.0882]
Epoch 442/1000: 100% 100/100 [00:29<00:00,  3.44it/s, loss=1.0883]
Epoch 443/1000: 100% 100/100 [00:29<00:00,  3.45it/s, loss=1.0882]
Epoch 444/1000: 100% 100/100 [00:29<00:00,  3.44it/s, loss=1.0881]
Epoch 445/1000: 100% 100/100 [00:29<00:00,  3.44it/s, loss=1.0882]
Epoch 446/1000: 100% 100/100 [00:29<00:00,  3.44it/s, loss=1.0882]
Epoch 447/1000: 100% 100/100 [00:29<00:00,  3.44it/s, loss=1.0879]
Epoch 448/1000: 100% 100/100 [00:29<00:00,  3.44it/s, loss=1.0878]
Epoch 449/1000: 100% 100/100 [00:29<00:00,  3.43it/s, loss=1.0879]
Epoch 450/1000: 100% 100/100 [00:29<00:00,  3.44it/s, loss=1.0878]
2025-12-09 08:27:45,436 [INFO] Epoch 450/1000 | Time: 53.60s | Loss: 1.0878 | Spikes: 151994.86 | Eval Return: -200.00
Epoch 451/1000: 100% 100/100 [00:29<00:00,  3.44it/s, loss=1.0878]
Epoch 452/1000: 100% 100/100 [00:29<00:00,  3.44it/s, loss=1.0877]
Epoch 453/1000: 100% 100/100 [00:29<00:00,  3.45it/s, loss=1.0878]
Epoch 454/1000: 100% 100/100 [00:29<00:00,  3.44it/s, loss=1.0876]
Epoch 455/1000: 100% 100/100 [00:29<00:00,  3.44it/s, loss=1.0895]
Epoch 456/1000: 100% 100/100 [00:29<00:00,  3.44it/s, loss=1.0919]
Epoch 457/1000: 100% 100/100 [00:29<00:00,  3.44it/s, loss=1.0938]
Epoch 458/1000: 100% 100/100 [00:29<00:00,  3.44it/s, loss=1.0902]
Epoch 459/1000: 100% 100/100 [00:29<00:00,  3.44it/s, loss=1.0884]
Epoch 460/1000: 100% 100/100 [00:29<00:00,  3.44it/s, loss=1.0908]
2025-12-09 08:33:00,554 [INFO] Epoch 460/1000 | Time: 53.46s | Loss: 1.0907 | Spikes: 152181.98 | Eval Return: -200.00
Epoch 461/1000: 100% 100/100 [00:29<00:00,  3.43it/s, loss=1.0899]
Epoch 462/1000: 100% 100/100 [00:29<00:00,  3.44it/s, loss=1.0904]
Epoch 463/1000: 100% 100/100 [00:29<00:00,  3.44it/s, loss=1.0896]
Epoch 464/1000: 100% 100/100 [00:29<00:00,  3.43it/s, loss=1.0896]
Epoch 465/1000: 100% 100/100 [00:29<00:00,  3.44it/s, loss=1.0898]
Epoch 466/1000: 100% 100/100 [00:29<00:00,  3.44it/s, loss=1.0891]
Epoch 467/1000: 100% 100/100 [00:29<00:00,  3.44it/s, loss=1.0904]
Epoch 468/1000: 100% 100/100 [00:29<00:00,  3.44it/s, loss=1.0895]
Epoch 469/1000: 100% 100/100 [00:29<00:00,  3.44it/s, loss=1.0890]
Epoch 470/1000: 100% 100/100 [00:29<00:00,  3.44it/s, loss=1.0886]
2025-12-09 08:38:16,341 [INFO] Epoch 470/1000 | Time: 54.12s | Loss: 1.0885 | Spikes: 150674.55 | Eval Return: -200.00
Epoch 471/1000: 100% 100/100 [00:29<00:00,  3.43it/s, loss=1.0914]
Epoch 472/1000: 100% 100/100 [00:29<00:00,  3.44it/s, loss=1.0892]
Epoch 473/1000: 100% 100/100 [00:29<00:00,  3.43it/s, loss=1.0884]
Epoch 474/1000: 100% 100/100 [00:29<00:00,  3.44it/s, loss=1.0903]
Epoch 475/1000: 100% 100/100 [00:29<00:00,  3.44it/s, loss=1.0898]
Epoch 476/1000: 100% 100/100 [00:29<00:00,  3.44it/s, loss=1.0894]
Epoch 477/1000: 100% 100/100 [00:29<00:00,  3.44it/s, loss=1.0877]
Epoch 478/1000: 100% 100/100 [00:29<00:00,  3.44it/s, loss=1.0897]
Epoch 479/1000: 100% 100/100 [00:29<00:00,  3.44it/s, loss=1.0899]
Epoch 480/1000: 100% 100/100 [00:29<00:00,  3.44it/s, loss=1.0882]
2025-12-09 08:43:31,894 [INFO] Epoch 480/1000 | Time: 53.78s | Loss: 1.0882 | Spikes: 150795.45 | Eval Return: -200.00
Epoch 481/1000: 100% 100/100 [00:29<00:00,  3.43it/s, loss=1.0880]
Epoch 482/1000: 100% 100/100 [00:29<00:00,  3.44it/s, loss=1.0886]
Epoch 483/1000: 100% 100/100 [00:29<00:00,  3.44it/s, loss=1.0891]
Epoch 484/1000: 100% 100/100 [00:29<00:00,  3.44it/s, loss=1.0891]
Epoch 485/1000: 100% 100/100 [00:29<00:00,  3.43it/s, loss=1.0925]
Epoch 486/1000: 100% 100/100 [00:29<00:00,  3.44it/s, loss=1.0886]
Epoch 487/1000: 100% 100/100 [00:29<00:00,  3.44it/s, loss=1.0901]
Epoch 488/1000: 100% 100/100 [00:29<00:00,  3.44it/s, loss=1.0882]
Epoch 489/1000: 100% 100/100 [00:29<00:00,  3.44it/s, loss=1.0872]
Epoch 490/1000: 100% 100/100 [00:29<00:00,  3.44it/s, loss=1.0876]
2025-12-09 08:48:47,063 [INFO] Epoch 490/1000 | Time: 53.35s | Loss: 1.0876 | Spikes: 150103.74 | Eval Return: -200.00
Epoch 491/1000: 100% 100/100 [00:29<00:00,  3.44it/s, loss=1.0904]
Epoch 492/1000: 100% 100/100 [00:29<00:00,  3.44it/s, loss=1.0924]
Epoch 493/1000: 100% 100/100 [00:29<00:00,  3.44it/s, loss=1.0918]
Epoch 494/1000: 100% 100/100 [00:29<00:00,  3.44it/s, loss=1.0908]
Epoch 495/1000: 100% 100/100 [00:29<00:00,  3.43it/s, loss=1.0911]
Epoch 496/1000: 100% 100/100 [00:29<00:00,  3.44it/s, loss=1.0887]
Epoch 497/1000: 100% 100/100 [00:29<00:00,  3.44it/s, loss=1.0899]
Epoch 498/1000: 100% 100/100 [00:29<00:00,  3.44it/s, loss=1.0895]
Epoch 499/1000: 100% 100/100 [00:29<00:00,  3.44it/s, loss=1.0897]
Epoch 500/1000: 100% 100/100 [00:29<00:00,  3.44it/s, loss=1.0895]
2025-12-09 08:54:02,309 [INFO] Epoch 500/1000 | Time: 53.63s | Loss: 1.0896 | Spikes: 151344.23 | Eval Return: -200.00
Epoch 501/1000: 100% 100/100 [00:29<00:00,  3.44it/s, loss=1.0898]
Epoch 502/1000: 100% 100/100 [00:29<00:00,  3.43it/s, loss=1.0899]
Epoch 503/1000: 100% 100/100 [00:29<00:00,  3.44it/s, loss=1.0913]
Epoch 504/1000: 100% 100/100 [00:29<00:00,  3.44it/s, loss=1.0888]
Epoch 505/1000: 100% 100/100 [00:29<00:00,  3.44it/s, loss=1.0916]
Epoch 506/1000: 100% 100/100 [00:29<00:00,  3.44it/s, loss=1.0883]
Epoch 507/1000: 100% 100/100 [00:29<00:00,  3.43it/s, loss=1.0874]
Epoch 508/1000: 100% 100/100 [00:29<00:00,  3.44it/s, loss=1.0872]
Epoch 509/1000: 100% 100/100 [00:29<00:00,  3.44it/s, loss=1.0882]
Epoch 510/1000: 100% 100/100 [00:29<00:00,  3.44it/s, loss=1.0913]
2025-12-09 08:59:17,641 [INFO] Epoch 510/1000 | Time: 53.58s | Loss: 1.0913 | Spikes: 149736.50 | Eval Return: -200.00
Epoch 511/1000: 100% 100/100 [00:29<00:00,  3.44it/s, loss=1.0948]
Epoch 512/1000: 100% 100/100 [00:29<00:00,  3.43it/s, loss=1.0949]
Epoch 513/1000: 100% 100/100 [00:29<00:00,  3.44it/s, loss=1.0918]
Epoch 514/1000: 100% 100/100 [00:29<00:00,  3.44it/s, loss=1.0907]
Epoch 515/1000: 100% 100/100 [00:29<00:00,  3.44it/s, loss=1.0907]
Epoch 516/1000: 100% 100/100 [00:29<00:00,  3.44it/s, loss=1.0883]
Epoch 517/1000: 100% 100/100 [00:29<00:00,  3.44it/s, loss=1.0892]
Epoch 518/1000: 100% 100/100 [00:29<00:00,  3.43it/s, loss=1.0929]
Epoch 519/1000: 100% 100/100 [00:29<00:00,  3.44it/s, loss=1.0922]
Epoch 520/1000: 100% 100/100 [00:29<00:00,  3.44it/s, loss=1.0913]
2025-12-09 09:04:33,275 [INFO] Epoch 520/1000 | Time: 53.77s | Loss: 1.0912 | Spikes: 150019.71 | Eval Return: -200.00
Epoch 521/1000: 100% 100/100 [00:29<00:00,  3.43it/s, loss=1.0891]
Epoch 522/1000: 100% 100/100 [00:29<00:00,  3.44it/s, loss=1.0889]
Epoch 523/1000: 100% 100/100 [00:29<00:00,  3.44it/s, loss=1.0892]
Epoch 524/1000: 100% 100/100 [00:29<00:00,  3.44it/s, loss=1.0890]
Epoch 525/1000: 100% 100/100 [00:29<00:00,  3.44it/s, loss=1.0891]
Epoch 526/1000: 100% 100/100 [00:29<00:00,  3.43it/s, loss=1.0919]
Epoch 527/1000: 100% 100/100 [00:29<00:00,  3.44it/s, loss=1.0883]
Epoch 528/1000: 100% 100/100 [00:29<00:00,  3.44it/s, loss=1.0873]
Epoch 529/1000: 100% 100/100 [00:29<00:00,  3.43it/s, loss=1.0872]
Epoch 530/1000: 100% 100/100 [00:29<00:00,  3.44it/s, loss=1.0893]
2025-12-09 09:09:48,660 [INFO] Epoch 530/1000 | Time: 53.54s | Loss: 1.0892 | Spikes: 147404.29 | Eval Return: -200.00
Epoch 531/1000: 100% 100/100 [00:29<00:00,  3.44it/s, loss=1.0931]
Epoch 532/1000: 100% 100/100 [00:29<00:00,  3.44it/s, loss=1.0914]
Epoch 533/1000: 100% 100/100 [00:29<00:00,  3.43it/s, loss=1.0913]
Epoch 534/1000: 100% 100/100 [00:29<00:00,  3.44it/s, loss=1.0893]
Epoch 535/1000: 100% 100/100 [00:29<00:00,  3.44it/s, loss=1.0896]
Epoch 536/1000: 100% 100/100 [00:29<00:00,  3.44it/s, loss=1.0879]
Epoch 537/1000: 100% 100/100 [00:29<00:00,  3.44it/s, loss=1.0879]
Epoch 538/1000: 100% 100/100 [00:29<00:00,  3.44it/s, loss=1.0871]
Epoch 539/1000: 100% 100/100 [00:29<00:00,  3.44it/s, loss=1.0868]
Epoch 540/1000: 100% 100/100 [00:29<00:00,  3.44it/s, loss=1.0870]
2025-12-09 09:15:04,013 [INFO] Epoch 540/1000 | Time: 53.78s | Loss: 1.0870 | Spikes: 148636.28 | Eval Return: -200.00
Epoch 541/1000: 100% 100/100 [00:29<00:00,  3.44it/s, loss=1.0873]
Epoch 542/1000: 100% 100/100 [00:29<00:00,  3.44it/s, loss=1.0874]
Epoch 543/1000: 100% 100/100 [00:29<00:00,  3.43it/s, loss=1.0903]
Epoch 544/1000: 100% 100/100 [00:29<00:00,  3.44it/s, loss=1.0886]
Epoch 545/1000: 100% 100/100 [00:29<00:00,  3.43it/s, loss=1.0879]
Epoch 546/1000: 100% 100/100 [00:29<00:00,  3.44it/s, loss=1.0868]
Epoch 547/1000: 100% 100/100 [00:29<00:00,  3.44it/s, loss=1.0867]
Epoch 548/1000: 100% 100/100 [00:29<00:00,  3.43it/s, loss=1.0867]
Epoch 549/1000: 100% 100/100 [00:29<00:00,  3.44it/s, loss=1.0897]
Epoch 550/1000: 100% 100/100 [00:29<00:00,  3.43it/s, loss=1.0952]
2025-12-09 09:20:19,830 [INFO] Epoch 550/1000 | Time: 53.81s | Loss: 1.0947 | Spikes: 148639.86 | Eval Return: -200.00
Epoch 551/1000: 100% 100/100 [00:29<00:00,  3.43it/s, loss=1.0903]
Epoch 552/1000: 100% 100/100 [00:29<00:00,  3.43it/s, loss=1.0906]
Epoch 553/1000: 100% 100/100 [00:29<00:00,  3.43it/s, loss=1.0931]
Epoch 554/1000: 100% 100/100 [00:29<00:00,  3.44it/s, loss=1.0913]
Epoch 555/1000: 100% 100/100 [00:29<00:00,  3.43it/s, loss=1.0914]
Epoch 556/1000: 100% 100/100 [00:29<00:00,  3.44it/s, loss=1.0896]
Epoch 557/1000: 100% 100/100 [00:29<00:00,  3.43it/s, loss=1.0910]
Epoch 558/1000: 100% 100/100 [00:29<00:00,  3.43it/s, loss=1.0917]
Epoch 559/1000: 100% 100/100 [00:29<00:00,  3.44it/s, loss=1.0902]
Epoch 560/1000: 100% 100/100 [00:29<00:00,  3.43it/s, loss=1.0909]
2025-12-09 09:25:35,591 [INFO] Epoch 560/1000 | Time: 53.69s | Loss: 1.0909 | Spikes: 147551.45 | Eval Return: -200.00
Epoch 561/1000: 100% 100/100 [00:29<00:00,  3.44it/s, loss=1.0895]
Epoch 562/1000: 100% 100/100 [00:29<00:00,  3.43it/s, loss=1.0906]
Epoch 563/1000: 100% 100/100 [00:29<00:00,  3.43it/s, loss=1.0897]
Epoch 564/1000: 100% 100/100 [00:29<00:00,  3.44it/s, loss=1.0890]
Epoch 565/1000: 100% 100/100 [00:29<00:00,  3.44it/s, loss=1.0889]
Epoch 566/1000: 100% 100/100 [00:29<00:00,  3.44it/s, loss=1.0887]
Epoch 567/1000: 100% 100/100 [00:29<00:00,  3.43it/s, loss=1.0884]
Epoch 568/1000: 100% 100/100 [00:29<00:00,  3.44it/s, loss=1.0878]
Epoch 569/1000: 100% 100/100 [00:29<00:00,  3.43it/s, loss=1.0873]
Epoch 570/1000: 100% 100/100 [00:29<00:00,  3.43it/s, loss=1.0871]
2025-12-09 09:30:51,254 [INFO] Epoch 570/1000 | Time: 53.62s | Loss: 1.0872 | Spikes: 145405.98 | Eval Return: -200.00
Epoch 571/1000: 100% 100/100 [00:29<00:00,  3.43it/s, loss=1.0878]
Epoch 572/1000: 100% 100/100 [00:29<00:00,  3.43it/s, loss=1.0876]
Epoch 573/1000: 100% 100/100 [00:29<00:00,  3.44it/s, loss=1.0919]
Epoch 574/1000: 100% 100/100 [00:29<00:00,  3.43it/s, loss=1.0904]
Epoch 575/1000: 100% 100/100 [00:29<00:00,  3.43it/s, loss=1.0884]
Epoch 576/1000: 100% 100/100 [00:29<00:00,  3.44it/s, loss=1.0878]
Epoch 577/1000: 100% 100/100 [00:29<00:00,  3.43it/s, loss=1.0894]
Epoch 578/1000: 100% 100/100 [00:29<00:00,  3.44it/s, loss=1.0900]
Epoch 579/1000: 100% 100/100 [00:29<00:00,  3.43it/s, loss=1.0902]
Epoch 580/1000: 100% 100/100 [00:29<00:00,  3.44it/s, loss=1.0901]