2025-11-07 17:02:21.027792: E external/local_xla/xla/stream_executor/cuda/cuda_fft.cc:467] Unable to register cuFFT factory: Attempting to register factory for plugin cuFFT when one has already been registered
WARNING: All log messages before absl::InitializeLog() is called are written to STDERR
E0000 00:00:1762534941.047775  120120 cuda_dnn.cc:8579] Unable to register cuDNN factory: Attempting to register factory for plugin cuDNN when one has already been registered
E0000 00:00:1762534941.053738  120120 cuda_blas.cc:1407] Unable to register cuBLAS factory: Attempting to register factory for plugin cuBLAS when one has already been registered
W0000 00:00:1762534941.069766  120120 computation_placer.cc:177] computation placer already registered. Please check linkage and avoid linking the same target more than once.
W0000 00:00:1762534941.069794  120120 computation_placer.cc:177] computation placer already registered. Please check linkage and avoid linking the same target more than once.
W0000 00:00:1762534941.069797  120120 computation_placer.cc:177] computation placer already registered. Please check linkage and avoid linking the same target more than once.
W0000 00:00:1762534941.069801  120120 computation_placer.cc:177] computation placer already registered. Please check linkage and avoid linking the same target more than once.
2025-11-07 17:02:21.074621: I tensorflow/core/platform/cpu_feature_guard.cc:210] This TensorFlow binary is optimized to use available CPU instructions in performance-critical operations.
To enable the following instructions: AVX2 FMA, in other operations, rebuild TensorFlow with the appropriate compiler flags.
2025-11-07 17:02:26,167 [INFO] Checking for dataset...
2025-11-07 17:02:26,167 [INFO] Dataset found at /content/neuromorphic_decision_transformer/data/Acrobot-v1/dataset.npz.
2025-11-07 17:02:26,167 [INFO] Starting training...
2025-11-07 17:04:57,171 [INFO] Dataset size: 500339 clips
2025-11-07 17:04:57,175 [INFO] DataLoader created with num_workers=0 and pin_memory=False.
2025-11-07 17:04:58,648 [INFO] Starting training loop...
Epoch 1/1000: 100% 1000/1000 [00:14<00:00, 70.79it/s, loss=1.2077]
Epoch 2/1000: 100% 1000/1000 [00:13<00:00, 72.99it/s, loss=1.3090]
Epoch 3/1000: 100% 1000/1000 [00:13<00:00, 72.73it/s, loss=1.3161]
Epoch 4/1000: 100% 1000/1000 [00:13<00:00, 71.72it/s, loss=1.3289]
Epoch 5/1000: 100% 1000/1000 [00:14<00:00, 70.69it/s, loss=1.3797]
Epoch 6/1000: 100% 1000/1000 [00:13<00:00, 71.91it/s, loss=1.4460]
Epoch 7/1000: 100% 1000/1000 [00:13<00:00, 72.06it/s, loss=1.5548]
Epoch 8/1000: 100% 1000/1000 [00:13<00:00, 72.36it/s, loss=1.6681]
Epoch 9/1000: 100% 1000/1000 [00:13<00:00, 72.20it/s, loss=1.8016]
Epoch 10/1000: 100% 1000/1000 [00:13<00:00, 72.94it/s, loss=2.1145]
2025-11-07 17:07:20,278 [INFO] Epoch 10/1000 | Time: 16.46s | Loss: 2.1145 | Eval Return: -500.00
2025-11-07 17:07:20,287 [INFO] New best eval return: -500.00. Saved best model.
Epoch 11/1000: 100% 1000/1000 [00:13<00:00, 72.78it/s, loss=2.3233]
Epoch 12/1000: 100% 1000/1000 [00:13<00:00, 72.76it/s, loss=2.9377]
Epoch 13/1000: 100% 1000/1000 [00:13<00:00, 72.68it/s, loss=2.9890]
Epoch 14/1000: 100% 1000/1000 [00:13<00:00, 73.33it/s, loss=3.7864]
Epoch 15/1000: 100% 1000/1000 [00:13<00:00, 72.83it/s, loss=3.3737]
Epoch 16/1000: 100% 1000/1000 [00:13<00:00, 72.80it/s, loss=4.2655]
Epoch 17/1000: 100% 1000/1000 [00:14<00:00, 71.09it/s, loss=4.9364]
Epoch 18/1000: 100% 1000/1000 [00:13<00:00, 72.70it/s, loss=4.1164]
Epoch 19/1000: 100% 1000/1000 [00:13<00:00, 72.93it/s, loss=4.8094]
Epoch 20/1000: 100% 1000/1000 [00:13<00:00, 71.91it/s, loss=4.4014]
2025-11-07 17:09:40,289 [INFO] Epoch 20/1000 | Time: 16.07s | Loss: 4.4014 | Eval Return: -500.00
Epoch 21/1000: 100% 1000/1000 [00:14<00:00, 71.39it/s, loss=5.8366]
Epoch 22/1000: 100% 1000/1000 [00:14<00:00, 70.50it/s, loss=6.5936]
Epoch 23/1000: 100% 1000/1000 [00:13<00:00, 72.69it/s, loss=6.0105]
Epoch 24/1000: 100% 1000/1000 [00:13<00:00, 72.34it/s, loss=7.3730]
Epoch 25/1000: 100% 1000/1000 [00:13<00:00, 72.67it/s, loss=6.5924]
Epoch 26/1000: 100% 1000/1000 [00:13<00:00, 72.61it/s, loss=7.5472]
Epoch 27/1000: 100% 1000/1000 [00:13<00:00, 72.49it/s, loss=7.3989]
Epoch 28/1000: 100% 1000/1000 [00:13<00:00, 71.44it/s, loss=7.8864]
Epoch 29/1000: 100% 1000/1000 [00:14<00:00, 70.74it/s, loss=7.3784]
Epoch 30/1000: 100% 1000/1000 [00:13<00:00, 72.94it/s, loss=9.1737]
2025-11-07 17:12:01,452 [INFO] Epoch 30/1000 | Time: 15.87s | Loss: 9.1737 | Eval Return: -500.00
Epoch 31/1000: 100% 1000/1000 [00:13<00:00, 73.06it/s, loss=8.2941]
Epoch 32/1000: 100% 1000/1000 [00:13<00:00, 72.78it/s, loss=7.5054]
Epoch 33/1000: 100% 1000/1000 [00:13<00:00, 72.86it/s, loss=8.3395]
Epoch 34/1000: 100% 1000/1000 [00:13<00:00, 71.67it/s, loss=9.4606]
Epoch 35/1000: 100% 1000/1000 [00:14<00:00, 71.16it/s, loss=9.8703]
Epoch 36/1000: 100% 1000/1000 [00:13<00:00, 73.07it/s, loss=8.2423]
Epoch 37/1000: 100% 1000/1000 [00:13<00:00, 72.99it/s, loss=9.7976]
Epoch 38/1000: 100% 1000/1000 [00:13<00:00, 73.10it/s, loss=9.9025]
Epoch 39/1000: 100% 1000/1000 [00:13<00:00, 72.87it/s, loss=11.0401]
Epoch 40/1000: 100% 1000/1000 [00:13<00:00, 72.86it/s, loss=9.3888]
2025-11-07 17:14:21,884 [INFO] Epoch 40/1000 | Time: 16.43s | Loss: 9.3888 | Eval Return: -500.00
Epoch 41/1000: 100% 1000/1000 [00:13<00:00, 73.03it/s, loss=9.5441]
Epoch 42/1000: 100% 1000/1000 [00:13<00:00, 73.10it/s, loss=10.0247]
Epoch 43/1000: 100% 1000/1000 [00:13<00:00, 72.93it/s, loss=10.3598]
Epoch 44/1000: 100% 1000/1000 [00:13<00:00, 72.76it/s, loss=10.1471]
Epoch 45/1000: 100% 1000/1000 [00:13<00:00, 72.89it/s, loss=11.0950]
Epoch 46/1000: 100% 1000/1000 [00:13<00:00, 73.03it/s, loss=10.2595]
Epoch 47/1000: 100% 1000/1000 [00:14<00:00, 70.46it/s, loss=10.6563]
Epoch 48/1000: 100% 1000/1000 [00:13<00:00, 71.80it/s, loss=10.2187]
Epoch 49/1000: 100% 1000/1000 [00:13<00:00, 72.19it/s, loss=10.5955]
Epoch 50/1000: 100% 1000/1000 [00:13<00:00, 71.62it/s, loss=10.5212]
2025-11-07 17:16:42,259 [INFO] Epoch 50/1000 | Time: 16.10s | Loss: 10.5212 | Eval Return: -500.00
Epoch 51/1000: 100% 1000/1000 [00:13<00:00, 73.03it/s, loss=10.3662]
Epoch 52/1000: 100% 1000/1000 [00:14<00:00, 70.68it/s, loss=11.3904]
Epoch 53/1000: 100% 1000/1000 [00:13<00:00, 72.14it/s, loss=11.4406]
Epoch 54/1000: 100% 1000/1000 [00:13<00:00, 73.04it/s, loss=9.6552]
Epoch 55/1000: 100% 1000/1000 [00:13<00:00, 73.35it/s, loss=11.9454]
Epoch 56/1000: 100% 1000/1000 [00:13<00:00, 73.24it/s, loss=10.8738]
Epoch 57/1000: 100% 1000/1000 [00:13<00:00, 73.04it/s, loss=11.5344]
Epoch 58/1000: 100% 1000/1000 [00:13<00:00, 73.47it/s, loss=11.8234]
Epoch 59/1000: 100% 1000/1000 [00:13<00:00, 72.31it/s, loss=11.2134]
Epoch 60/1000: 100% 1000/1000 [00:13<00:00, 72.02it/s, loss=11.2251]
2025-11-07 17:19:02,133 [INFO] Epoch 60/1000 | Time: 16.00s | Loss: 11.2251 | Eval Return: -500.00
Epoch 61/1000: 100% 1000/1000 [00:13<00:00, 73.16it/s, loss=11.3756]
Epoch 62/1000: 100% 1000/1000 [00:13<00:00, 73.69it/s, loss=11.3849]
Epoch 63/1000: 100% 1000/1000 [00:13<00:00, 73.70it/s, loss=13.3214]
Epoch 64/1000: 100% 1000/1000 [00:13<00:00, 73.80it/s, loss=12.2952]
Epoch 65/1000: 100% 1000/1000 [00:13<00:00, 72.70it/s, loss=11.0827]
Epoch 66/1000: 100% 1000/1000 [00:14<00:00, 71.31it/s, loss=12.3078]
Epoch 67/1000: 100% 1000/1000 [00:13<00:00, 73.80it/s, loss=12.9219]
Epoch 68/1000: 100% 1000/1000 [00:13<00:00, 73.83it/s, loss=13.7081]
Epoch 69/1000: 100% 1000/1000 [00:13<00:00, 73.32it/s, loss=12.4988]
Epoch 70/1000: 100% 1000/1000 [00:13<00:00, 73.66it/s, loss=13.2227]
2025-11-07 17:21:20,752 [INFO] Epoch 70/1000 | Time: 15.70s | Loss: 13.2227 | Eval Return: -500.00
Epoch 71/1000: 100% 1000/1000 [00:13<00:00, 72.44it/s, loss=12.4037]
Epoch 72/1000: 100% 1000/1000 [00:14<00:00, 70.54it/s, loss=12.4524]
Epoch 73/1000: 100% 1000/1000 [00:13<00:00, 73.53it/s, loss=13.1761]
Epoch 74/1000: 100% 1000/1000 [00:13<00:00, 73.80it/s, loss=12.6971]
Epoch 75/1000: 100% 1000/1000 [00:13<00:00, 73.30it/s, loss=14.0928]
Epoch 76/1000: 100% 1000/1000 [00:13<00:00, 73.81it/s, loss=11.8789]
Epoch 77/1000: 100% 1000/1000 [00:13<00:00, 73.53it/s, loss=14.5035]
Epoch 78/1000: 100% 1000/1000 [00:13<00:00, 73.35it/s, loss=14.8326]
Epoch 79/1000: 100% 1000/1000 [00:13<00:00, 71.50it/s, loss=12.8537]
Epoch 80/1000: 100% 1000/1000 [00:13<00:00, 72.18it/s, loss=14.5162]
2025-11-07 17:23:40,326 [INFO] Epoch 80/1000 | Time: 15.98s | Loss: 14.5162 | Eval Return: -500.00
Epoch 81/1000: 100% 1000/1000 [00:13<00:00, 73.71it/s, loss=13.9483]
Epoch 82/1000: 100% 1000/1000 [00:13<00:00, 73.37it/s, loss=13.2298]
Epoch 83/1000: 100% 1000/1000 [00:13<00:00, 73.45it/s, loss=14.5372]
Epoch 84/1000: 100% 1000/1000 [00:13<00:00, 72.95it/s, loss=17.7217]
Epoch 85/1000: 100% 1000/1000 [00:13<00:00, 72.14it/s, loss=16.0024]
Epoch 86/1000: 100% 1000/1000 [00:13<00:00, 72.60it/s, loss=15.5649]
Epoch 87/1000: 100% 1000/1000 [00:13<00:00, 73.51it/s, loss=13.5144]
Epoch 88/1000: 100% 1000/1000 [00:13<00:00, 73.54it/s, loss=18.4254]
Epoch 89/1000: 100% 1000/1000 [00:13<00:00, 73.65it/s, loss=16.3837]
Epoch 90/1000: 100% 1000/1000 [00:13<00:00, 73.43it/s, loss=14.7388]
2025-11-07 17:25:59,031 [INFO] Epoch 90/1000 | Time: 15.72s | Loss: 14.7388 | Eval Return: -500.00
Epoch 91/1000: 100% 1000/1000 [00:13<00:00, 72.07it/s, loss=18.3194]
Epoch 92/1000: 100% 1000/1000 [00:13<00:00, 72.11it/s, loss=18.2449]
Epoch 93/1000: 100% 1000/1000 [00:13<00:00, 73.51it/s, loss=16.8366]
Epoch 94/1000: 100% 1000/1000 [00:13<00:00, 73.22it/s, loss=17.2143]
Epoch 95/1000: 100% 1000/1000 [00:13<00:00, 72.56it/s, loss=21.4641]
Epoch 96/1000: 100% 1000/1000 [00:13<00:00, 73.23it/s, loss=19.3748]
Epoch 97/1000: 100% 1000/1000 [00:13<00:00, 73.56it/s, loss=21.5730]
Epoch 98/1000: 100% 1000/1000 [00:13<00:00, 73.41it/s, loss=20.1392]
Epoch 99/1000: 100% 1000/1000 [00:14<00:00, 70.91it/s, loss=21.5876]
Epoch 100/1000: 100% 1000/1000 [00:13<00:00, 73.41it/s, loss=18.6471]
2025-11-07 17:28:18,599 [INFO] Epoch 100/1000 | Time: 15.75s | Loss: 18.6471 | Eval Return: -500.00
Epoch 101/1000: 100% 1000/1000 [00:13<00:00, 73.47it/s, loss=19.1539]
Epoch 102/1000: 100% 1000/1000 [00:13<00:00, 73.09it/s, loss=18.8820]
Epoch 103/1000: 100% 1000/1000 [00:13<00:00, 73.46it/s, loss=17.9198]
Epoch 104/1000: 100% 1000/1000 [00:13<00:00, 73.02it/s, loss=19.9221]
Epoch 105/1000: 100% 1000/1000 [00:14<00:00, 71.38it/s, loss=18.4051]
Epoch 106/1000: 100% 1000/1000 [00:13<00:00, 73.19it/s, loss=17.6513]
Epoch 107/1000: 100% 1000/1000 [00:13<00:00, 73.61it/s, loss=19.5459]
Epoch 108/1000: 100% 1000/1000 [00:13<00:00, 73.01it/s, loss=20.7383]
Epoch 109/1000: 100% 1000/1000 [00:13<00:00, 73.72it/s, loss=21.4236]
Epoch 110/1000: 100% 1000/1000 [00:13<00:00, 73.46it/s, loss=17.7477]
2025-11-07 17:30:37,535 [INFO] Epoch 110/1000 | Time: 15.75s | Loss: 17.7477 | Eval Return: -500.00
Epoch 111/1000: 100% 1000/1000 [00:14<00:00, 71.14it/s, loss=22.4407]
Epoch 112/1000: 100% 1000/1000 [00:13<00:00, 73.22it/s, loss=19.8297]
Epoch 113/1000: 100% 1000/1000 [00:13<00:00, 73.36it/s, loss=19.1763]
Epoch 114/1000: 100% 1000/1000 [00:13<00:00, 73.62it/s, loss=21.2263]
Epoch 115/1000: 100% 1000/1000 [00:13<00:00, 73.73it/s, loss=17.4875]
Epoch 116/1000: 100% 1000/1000 [00:13<00:00, 73.30it/s, loss=18.7995]
Epoch 117/1000: 100% 1000/1000 [00:13<00:00, 72.52it/s, loss=18.8796]
Epoch 118/1000: 100% 1000/1000 [00:13<00:00, 72.36it/s, loss=18.5398]
Epoch 119/1000: 100% 1000/1000 [00:13<00:00, 71.78it/s, loss=19.1187]
Epoch 120/1000: 100% 1000/1000 [00:13<00:00, 73.69it/s, loss=19.4022]
2025-11-07 17:32:56,949 [INFO] Epoch 120/1000 | Time: 15.68s | Loss: 19.4022 | Eval Return: -500.00
Epoch 121/1000: 100% 1000/1000 [00:13<00:00, 73.20it/s, loss=22.2662]
Epoch 122/1000: 100% 1000/1000 [00:13<00:00, 73.75it/s, loss=22.2315]
Epoch 123/1000: 100% 1000/1000 [00:13<00:00, 73.62it/s, loss=21.2963]
Epoch 124/1000: 100% 1000/1000 [00:13<00:00, 72.83it/s, loss=19.6478]
Epoch 125/1000: 100% 1000/1000 [00:14<00:00, 71.41it/s, loss=19.0349]
Epoch 126/1000: 100% 1000/1000 [00:13<00:00, 73.76it/s, loss=17.9148]
Epoch 127/1000: 100% 1000/1000 [00:13<00:00, 73.56it/s, loss=20.4517]
Epoch 128/1000: 100% 1000/1000 [00:13<00:00, 73.62it/s, loss=19.4821]
Epoch 129/1000: 100% 1000/1000 [00:13<00:00, 73.94it/s, loss=17.4718]
Epoch 130/1000: 100% 1000/1000 [00:13<00:00, 73.26it/s, loss=20.7819]
2025-11-07 17:35:15,657 [INFO] Epoch 130/1000 | Time: 15.85s | Loss: 20.7819 | Eval Return: -500.00
Epoch 131/1000: 100% 1000/1000 [00:14<00:00, 70.92it/s, loss=19.2175]
Epoch 132/1000: 100% 1000/1000 [00:13<00:00, 73.67it/s, loss=17.6054]
Epoch 133/1000: 100% 1000/1000 [00:13<00:00, 73.73it/s, loss=21.3102]
Epoch 134/1000: 100% 1000/1000 [00:13<00:00, 73.44it/s, loss=21.2126]
Epoch 135/1000: 100% 1000/1000 [00:13<00:00, 73.64it/s, loss=17.3063]
Epoch 136/1000: 100% 1000/1000 [00:13<00:00, 73.56it/s, loss=18.3412]
Epoch 137/1000: 100% 1000/1000 [00:13<00:00, 73.10it/s, loss=22.1757]
Epoch 138/1000: 100% 1000/1000 [00:13<00:00, 72.11it/s, loss=19.4245]
Epoch 139/1000: 100% 1000/1000 [00:14<00:00, 71.07it/s, loss=19.2669]
Epoch 140/1000: 100% 1000/1000 [00:13<00:00, 72.52it/s, loss=21.5643]
2025-11-07 17:37:35,259 [INFO] Epoch 140/1000 | Time: 15.90s | Loss: 21.5643 | Eval Return: -500.00
Epoch 141/1000: 100% 1000/1000 [00:13<00:00, 72.51it/s, loss=19.7669]
Epoch 142/1000: 100% 1000/1000 [00:13<00:00, 73.35it/s, loss=21.3403]
Epoch 143/1000: 100% 1000/1000 [00:13<00:00, 73.08it/s, loss=21.3097]
Epoch 144/1000: 100% 1000/1000 [00:14<00:00, 70.28it/s, loss=20.1385]
Epoch 145/1000: 100% 1000/1000 [00:13<00:00, 72.95it/s, loss=22.3519]
Epoch 146/1000: 100% 1000/1000 [00:13<00:00, 73.90it/s, loss=20.6358]
Epoch 147/1000: 100% 1000/1000 [00:13<00:00, 73.14it/s, loss=21.8758]
Epoch 148/1000: 100% 1000/1000 [00:13<00:00, 73.34it/s, loss=21.2660]
Epoch 149/1000: 100% 1000/1000 [00:13<00:00, 73.39it/s, loss=23.0853]
Epoch 150/1000: 100% 1000/1000 [00:13<00:00, 73.20it/s, loss=22.2266]
2025-11-07 17:39:55,211 [INFO] Epoch 150/1000 | Time: 16.39s | Loss: 22.2266 | Eval Return: -500.00
Epoch 151/1000: 100% 1000/1000 [00:13<00:00, 73.58it/s, loss=20.0634]
Epoch 152/1000: 100% 1000/1000 [00:13<00:00, 73.61it/s, loss=19.8165]
Epoch 153/1000: 100% 1000/1000 [00:13<00:00, 73.67it/s, loss=20.4950]
Epoch 154/1000: 100% 1000/1000 [00:13<00:00, 73.20it/s, loss=19.6578]
Epoch 155/1000: 100% 1000/1000 [00:13<00:00, 73.53it/s, loss=19.4513]
Epoch 156/1000: 100% 1000/1000 [00:13<00:00, 73.43it/s, loss=20.5703]
Epoch 157/1000: 100% 1000/1000 [00:13<00:00, 71.56it/s, loss=20.6603]
Epoch 158/1000: 100% 1000/1000 [00:13<00:00, 72.51it/s, loss=18.9298]
Epoch 159/1000: 100% 1000/1000 [00:13<00:00, 73.62it/s, loss=20.7202]
Epoch 160/1000: 100% 1000/1000 [00:13<00:00, 73.08it/s, loss=19.8335]
2025-11-07 17:42:14,045 [INFO] Epoch 160/1000 | Time: 15.79s | Loss: 19.8335 | Eval Return: -500.00
Epoch 161/1000: 100% 1000/1000 [00:13<00:00, 72.64it/s, loss=19.5015]
Epoch 162/1000: 100% 1000/1000 [00:13<00:00, 72.87it/s, loss=24.0362]
Epoch 163/1000: 100% 1000/1000 [00:13<00:00, 71.84it/s, loss=19.5801]
Epoch 164/1000: 100% 1000/1000 [00:13<00:00, 72.55it/s, loss=19.4221]
Epoch 165/1000: 100% 1000/1000 [00:13<00:00, 73.70it/s, loss=22.7711]
Epoch 166/1000: 100% 1000/1000 [00:13<00:00, 73.40it/s, loss=20.3979]
Epoch 167/1000: 100% 1000/1000 [00:13<00:00, 73.54it/s, loss=19.2170]
Epoch 168/1000: 100% 1000/1000 [00:13<00:00, 73.51it/s, loss=26.4694]
Epoch 169/1000: 100% 1000/1000 [00:13<00:00, 73.13it/s, loss=20.1426]
Epoch 170/1000: 100% 1000/1000 [00:13<00:00, 72.87it/s, loss=17.0113]
2025-11-07 17:44:33,660 [INFO] Epoch 170/1000 | Time: 16.30s | Loss: 17.0113 | Eval Return: -500.00
Epoch 171/1000: 100% 1000/1000 [00:13<00:00, 73.25it/s, loss=20.5684]
Epoch 172/1000: 100% 1000/1000 [00:13<00:00, 73.76it/s, loss=18.7017]
Epoch 173/1000: 100% 1000/1000 [00:13<00:00, 73.32it/s, loss=20.2768]
Epoch 174/1000: 100% 1000/1000 [00:13<00:00, 73.65it/s, loss=20.2474]
Epoch 175/1000: 100% 1000/1000 [00:13<00:00, 73.26it/s, loss=19.0464]
Epoch 176/1000: 100% 1000/1000 [00:13<00:00, 73.05it/s, loss=17.7077]
Epoch 177/1000: 100% 1000/1000 [00:14<00:00, 71.23it/s, loss=20.8270]
Epoch 178/1000: 100% 1000/1000 [00:13<00:00, 73.45it/s, loss=18.9542]
Epoch 179/1000: 100% 1000/1000 [00:13<00:00, 73.27it/s, loss=18.9107]
Epoch 180/1000: 100% 1000/1000 [00:13<00:00, 73.24it/s, loss=17.6786]
2025-11-07 17:46:52,549 [INFO] Epoch 180/1000 | Time: 15.76s | Loss: 17.6786 | Eval Return: -500.00
Epoch 181/1000: 100% 1000/1000 [00:13<00:00, 73.64it/s, loss=20.2499]
Epoch 182/1000: 100% 1000/1000 [00:13<00:00, 72.72it/s, loss=17.8921]
Epoch 183/1000: 100% 1000/1000 [00:14<00:00, 70.60it/s, loss=21.2211]
Epoch 184/1000: 100% 1000/1000 [00:13<00:00, 72.58it/s, loss=19.6272]
Epoch 185/1000: 100% 1000/1000 [00:13<00:00, 73.33it/s, loss=22.0801]
Epoch 186/1000: 100% 1000/1000 [00:13<00:00, 73.29it/s, loss=19.3870]
Epoch 187/1000: 100% 1000/1000 [00:13<00:00, 73.45it/s, loss=18.5180]
Epoch 188/1000: 100% 1000/1000 [00:13<00:00, 72.77it/s, loss=20.2743]
Epoch 189/1000: 100% 1000/1000 [00:13<00:00, 72.78it/s, loss=19.2735]
Epoch 190/1000: 100% 1000/1000 [00:14<00:00, 71.00it/s, loss=21.5074]
2025-11-07 17:49:12,509 [INFO] Epoch 190/1000 | Time: 16.25s | Loss: 21.5074 | Eval Return: -500.00
Epoch 191/1000: 100% 1000/1000 [00:13<00:00, 73.50it/s, loss=18.5150]
Epoch 192/1000: 100% 1000/1000 [00:13<00:00, 73.51it/s, loss=19.2197]
Epoch 193/1000: 100% 1000/1000 [00:13<00:00, 73.38it/s, loss=20.5717]
Epoch 194/1000: 100% 1000/1000 [00:13<00:00, 73.65it/s, loss=20.9040]
Epoch 195/1000: 100% 1000/1000 [00:13<00:00, 73.43it/s, loss=19.5819]
Epoch 196/1000: 100% 1000/1000 [00:14<00:00, 71.08it/s, loss=18.5240]
Epoch 197/1000: 100% 1000/1000 [00:13<00:00, 73.52it/s, loss=18.0133]
Epoch 198/1000: 100% 1000/1000 [00:13<00:00, 73.51it/s, loss=20.5894]
Epoch 199/1000: 100% 1000/1000 [00:13<00:00, 73.45it/s, loss=17.5774]
Epoch 200/1000: 100% 1000/1000 [00:13<00:00, 73.65it/s, loss=19.1605]
2025-11-07 17:51:31,177 [INFO] Epoch 200/1000 | Time: 15.68s | Loss: 19.1605 | Eval Return: -500.00
Epoch 201/1000: 100% 1000/1000 [00:13<00:00, 73.19it/s, loss=16.8558]
Epoch 202/1000: 100% 1000/1000 [00:13<00:00, 71.54it/s, loss=22.5733]
Epoch 203/1000: 100% 1000/1000 [00:13<00:00, 72.39it/s, loss=18.5153]
Epoch 204/1000: 100% 1000/1000 [00:13<00:00, 73.96it/s, loss=19.9913]
Epoch 205/1000: 100% 1000/1000 [00:13<00:00, 73.09it/s, loss=18.3405]
Epoch 206/1000: 100% 1000/1000 [00:13<00:00, 72.36it/s, loss=20.4190]
Epoch 207/1000: 100% 1000/1000 [00:13<00:00, 73.46it/s, loss=20.8580]
Epoch 208/1000: 100% 1000/1000 [00:13<00:00, 73.10it/s, loss=19.8036]
Epoch 209/1000: 100% 1000/1000 [00:13<00:00, 72.42it/s, loss=19.2859]
Epoch 210/1000: 100% 1000/1000 [00:13<00:00, 71.92it/s, loss=18.3658]
2025-11-07 17:53:50,835 [INFO] Epoch 210/1000 | Time: 16.01s | Loss: 18.3658 | Eval Return: -500.00
Epoch 211/1000: 100% 1000/1000 [00:13<00:00, 73.07it/s, loss=18.2167]
Epoch 212/1000: 100% 1000/1000 [00:14<00:00, 71.08it/s, loss=18.0799]
Epoch 213/1000: 100% 1000/1000 [00:14<00:00, 71.33it/s, loss=20.1244]
Epoch 214/1000: 100% 1000/1000 [00:13<00:00, 72.68it/s, loss=19.5692]
Epoch 215/1000: 100% 1000/1000 [00:13<00:00, 71.83it/s, loss=18.8710]
Epoch 216/1000: 100% 1000/1000 [00:13<00:00, 72.04it/s, loss=19.2175]
Epoch 217/1000: 100% 1000/1000 [00:13<00:00, 73.42it/s, loss=19.1651]
Epoch 218/1000: 100% 1000/1000 [00:13<00:00, 73.04it/s, loss=20.5379]
Epoch 219/1000: 100% 1000/1000 [00:13<00:00, 73.75it/s, loss=20.7165]
Epoch 220/1000: 100% 1000/1000 [00:13<00:00, 73.55it/s, loss=21.3772]
2025-11-07 17:56:10,826 [INFO] Epoch 220/1000 | Time: 15.72s | Loss: 21.3772 | Eval Return: -500.00
Epoch 221/1000: 100% 1000/1000 [00:13<00:00, 71.89it/s, loss=19.5937]
Epoch 222/1000: 100% 1000/1000 [00:13<00:00, 72.16it/s, loss=20.8142]
Epoch 223/1000: 100% 1000/1000 [00:13<00:00, 73.50it/s, loss=19.9792]
Epoch 224/1000: 100% 1000/1000 [00:13<00:00, 73.17it/s, loss=19.7728]
Epoch 225/1000: 100% 1000/1000 [00:13<00:00, 73.31it/s, loss=20.7939]
Epoch 226/1000: 100% 1000/1000 [00:13<00:00, 73.36it/s, loss=20.6067]
Epoch 227/1000: 100% 1000/1000 [00:13<00:00, 73.86it/s, loss=25.3441]
Epoch 228/1000: 100% 1000/1000 [00:13<00:00, 71.73it/s, loss=19.7446]
Epoch 229/1000: 100% 1000/1000 [00:14<00:00, 70.19it/s, loss=19.4224]
Epoch 230/1000: 100% 1000/1000 [00:13<00:00, 73.64it/s, loss=18.6957]
2025-11-07 17:58:30,617 [INFO] Epoch 230/1000 | Time: 15.69s | Loss: 18.6957 | Eval Return: -500.00
Epoch 231/1000: 100% 1000/1000 [00:13<00:00, 73.32it/s, loss=20.4001]
Epoch 232/1000: 100% 1000/1000 [00:13<00:00, 72.95it/s, loss=19.9149]
Epoch 233/1000: 100% 1000/1000 [00:14<00:00, 70.58it/s, loss=20.6143]
Epoch 234/1000: 100% 1000/1000 [00:13<00:00, 72.22it/s, loss=19.4459]
Epoch 235/1000: 100% 1000/1000 [00:14<00:00, 70.59it/s, loss=21.2520]
Epoch 236/1000: 100% 1000/1000 [00:13<00:00, 73.04it/s, loss=19.4164]
Epoch 237/1000: 100% 1000/1000 [00:13<00:00, 73.11it/s, loss=21.2177]
Epoch 238/1000: 100% 1000/1000 [00:13<00:00, 73.12it/s, loss=20.2328]
Epoch 239/1000: 100% 1000/1000 [00:13<00:00, 73.14it/s, loss=19.5084]
Epoch 240/1000: 100% 1000/1000 [00:13<00:00, 73.23it/s, loss=19.3287]
2025-11-07 18:00:51,062 [INFO] Epoch 240/1000 | Time: 16.14s | Loss: 19.3287 | Eval Return: -500.00
Epoch 241/1000: 100% 1000/1000 [00:13<00:00, 71.82it/s, loss=21.9815]
Epoch 242/1000: 100% 1000/1000 [00:13<00:00, 73.11it/s, loss=18.4960]
Epoch 243/1000: 100% 1000/1000 [00:13<00:00, 73.01it/s, loss=20.4124]
Epoch 244/1000: 100% 1000/1000 [00:13<00:00, 72.50it/s, loss=19.7970]
Epoch 245/1000: 100% 1000/1000 [00:13<00:00, 73.39it/s, loss=21.0153]
Epoch 246/1000: 100% 1000/1000 [00:13<00:00, 73.04it/s, loss=19.1112]
Epoch 247/1000: 100% 1000/1000 [00:13<00:00, 71.91it/s, loss=19.1841]
Epoch 248/1000: 100% 1000/1000 [00:13<00:00, 71.71it/s, loss=21.8394]
Epoch 249/1000: 100% 1000/1000 [00:13<00:00, 73.36it/s, loss=18.8542]
Epoch 250/1000: 100% 1000/1000 [00:13<00:00, 72.60it/s, loss=20.9821]
2025-11-07 18:03:10,972 [INFO] Epoch 250/1000 | Time: 15.95s | Loss: 20.9821 | Eval Return: -500.00
Epoch 251/1000: 100% 1000/1000 [00:13<00:00, 72.97it/s, loss=22.0658]
Epoch 252/1000: 100% 1000/1000 [00:13<00:00, 72.89it/s, loss=18.1283]
Epoch 253/1000: 100% 1000/1000 [00:13<00:00, 71.72it/s, loss=19.0911]
Epoch 254/1000: 100% 1000/1000 [00:13<00:00, 71.72it/s, loss=15.9491]
Epoch 255/1000: 100% 1000/1000 [00:13<00:00, 73.32it/s, loss=18.2513]
Epoch 256/1000: 100% 1000/1000 [00:13<00:00, 73.27it/s, loss=18.4480]
Epoch 257/1000: 100% 1000/1000 [00:13<00:00, 73.26it/s, loss=17.7595]
Epoch 258/1000: 100% 1000/1000 [00:13<00:00, 73.38it/s, loss=20.5265]
Epoch 259/1000: 100% 1000/1000 [00:13<00:00, 73.23it/s, loss=19.4741]
Epoch 260/1000: 100% 1000/1000 [00:13<00:00, 72.40it/s, loss=19.5529]
2025-11-07 18:05:30,944 [INFO] Epoch 260/1000 | Time: 16.37s | Loss: 19.5529 | Eval Return: -500.00
Epoch 261/1000: 100% 1000/1000 [00:13<00:00, 73.32it/s, loss=18.2137]
Epoch 262/1000: 100% 1000/1000 [00:13<00:00, 73.29it/s, loss=19.5009]
Epoch 263/1000: 100% 1000/1000 [00:13<00:00, 73.14it/s, loss=19.2691]
Epoch 264/1000: 100% 1000/1000 [00:13<00:00, 73.20it/s, loss=19.0837]
Epoch 265/1000: 100% 1000/1000 [00:13<00:00, 73.77it/s, loss=20.4994]
Epoch 266/1000: 100% 1000/1000 [00:13<00:00, 72.03it/s, loss=19.4138]
Epoch 267/1000: 100% 1000/1000 [00:13<00:00, 71.67it/s, loss=19.5121]
Epoch 268/1000: 100% 1000/1000 [00:13<00:00, 73.04it/s, loss=21.6152]
Epoch 269/1000: 100% 1000/1000 [00:13<00:00, 73.22it/s, loss=19.2497]
Epoch 270/1000: 100% 1000/1000 [00:13<00:00, 72.99it/s, loss=16.0330]
2025-11-07 18:07:50,137 [INFO] Epoch 270/1000 | Time: 15.78s | Loss: 16.0330 | Eval Return: -500.00
Epoch 271/1000: 100% 1000/1000 [00:13<00:00, 73.57it/s, loss=20.0710]
Epoch 272/1000: 100% 1000/1000 [00:13<00:00, 71.45it/s, loss=22.0342]
Epoch 273/1000: 100% 1000/1000 [00:14<00:00, 71.14it/s, loss=17.7776]
Epoch 274/1000: 100% 1000/1000 [00:13<00:00, 73.28it/s, loss=21.6685]
Epoch 275/1000: 100% 1000/1000 [00:13<00:00, 73.21it/s, loss=20.3269]
Epoch 276/1000: 100% 1000/1000 [00:13<00:00, 72.92it/s, loss=20.7776]
Epoch 277/1000: 100% 1000/1000 [00:13<00:00, 73.22it/s, loss=18.4958]
Epoch 278/1000: 100% 1000/1000 [00:13<00:00, 73.12it/s, loss=21.1675]
Epoch 279/1000: 100% 1000/1000 [00:13<00:00, 72.14it/s, loss=22.8704]
Epoch 280/1000: 100% 1000/1000 [00:13<00:00, 71.43it/s, loss=15.9521]
2025-11-07 18:10:10,180 [INFO] Epoch 280/1000 | Time: 16.12s | Loss: 15.9521 | Eval Return: -500.00
Epoch 281/1000: 100% 1000/1000 [00:13<00:00, 73.26it/s, loss=22.3337]
Epoch 282/1000: 100% 1000/1000 [00:13<00:00, 73.28it/s, loss=22.2607]
Epoch 283/1000: 100% 1000/1000 [00:13<00:00, 73.42it/s, loss=19.6418]
Epoch 284/1000: 100% 1000/1000 [00:13<00:00, 73.33it/s, loss=18.5330]
Epoch 285/1000: 100% 1000/1000 [00:13<00:00, 72.16it/s, loss=21.4605]
Epoch 286/1000: 100% 1000/1000 [00:14<00:00, 71.36it/s, loss=20.3107]
Epoch 287/1000: 100% 1000/1000 [00:13<00:00, 73.15it/s, loss=18.3902]
Epoch 288/1000: 100% 1000/1000 [00:13<00:00, 73.45it/s, loss=19.1220]
Epoch 289/1000: 100% 1000/1000 [00:13<00:00, 73.06it/s, loss=18.9812]
Epoch 290/1000: 100% 1000/1000 [00:13<00:00, 73.35it/s, loss=19.4770]
2025-11-07 18:12:29,390 [INFO] Epoch 290/1000 | Time: 15.75s | Loss: 19.4770 | Eval Return: -500.00
Epoch 291/1000: 100% 1000/1000 [00:13<00:00, 72.18it/s, loss=19.4396]
Epoch 292/1000: 100% 1000/1000 [00:13<00:00, 71.75it/s, loss=18.8169]
Epoch 293/1000: 100% 1000/1000 [00:13<00:00, 73.09it/s, loss=19.3858]
Epoch 294/1000: 100% 1000/1000 [00:13<00:00, 72.61it/s, loss=20.7456]
Epoch 295/1000: 100% 1000/1000 [00:13<00:00, 72.45it/s, loss=21.4777]
Epoch 296/1000: 100% 1000/1000 [00:13<00:00, 73.05it/s, loss=21.4592]
Epoch 297/1000: 100% 1000/1000 [00:13<00:00, 73.35it/s, loss=17.0612]
Epoch 298/1000: 100% 1000/1000 [00:13<00:00, 72.51it/s, loss=21.0352]
Epoch 299/1000: 100% 1000/1000 [00:14<00:00, 71.18it/s, loss=21.4401]
Epoch 300/1000: 100% 1000/1000 [00:13<00:00, 73.54it/s, loss=19.0977]
2025-11-07 18:14:49,413 [INFO] Epoch 300/1000 | Time: 15.75s | Loss: 19.0977 | Eval Return: -500.00
Epoch 301/1000: 100% 1000/1000 [00:13<00:00, 73.31it/s, loss=19.4651]
Epoch 302/1000: 100% 1000/1000 [00:13<00:00, 73.22it/s, loss=19.1061]
Epoch 303/1000: 100% 1000/1000 [00:13<00:00, 73.07it/s, loss=20.2297]
Epoch 304/1000: 100% 1000/1000 [00:13<00:00, 72.42it/s, loss=19.8623]
Epoch 305/1000: 100% 1000/1000 [00:13<00:00, 71.58it/s, loss=20.7850]
Epoch 306/1000: 100% 1000/1000 [00:13<00:00, 73.47it/s, loss=19.5547]
Epoch 307/1000: 100% 1000/1000 [00:13<00:00, 73.27it/s, loss=18.7688]
Epoch 308/1000: 100% 1000/1000 [00:13<00:00, 73.21it/s, loss=21.9068]
Epoch 309/1000: 100% 1000/1000 [00:13<00:00, 73.13it/s, loss=17.1459]
Epoch 310/1000: 100% 1000/1000 [00:13<00:00, 73.32it/s, loss=19.8687]
2025-11-07 18:17:08,765 [INFO] Epoch 310/1000 | Time: 15.92s | Loss: 19.8687 | Eval Return: -500.00
Epoch 311/1000: 100% 1000/1000 [00:14<00:00, 71.03it/s, loss=19.8460]
Epoch 312/1000: 100% 1000/1000 [00:13<00:00, 73.40it/s, loss=22.7540]
Epoch 313/1000: 100% 1000/1000 [00:13<00:00, 73.21it/s, loss=18.4450]
Epoch 314/1000: 100% 1000/1000 [00:13<00:00, 73.50it/s, loss=21.3917]
Epoch 315/1000: 100% 1000/1000 [00:13<00:00, 73.29it/s, loss=17.8863]
Epoch 316/1000: 100% 1000/1000 [00:13<00:00, 73.18it/s, loss=19.7327]
Epoch 317/1000: 100% 1000/1000 [00:13<00:00, 71.62it/s, loss=17.5837]
Epoch 318/1000: 100% 1000/1000 [00:14<00:00, 70.63it/s, loss=19.3792]
Epoch 319/1000: 100% 1000/1000 [00:13<00:00, 73.46it/s, loss=20.3491]
Epoch 320/1000: 100% 1000/1000 [00:13<00:00, 73.17it/s, loss=21.5006]
2025-11-07 18:19:28,619 [INFO] Epoch 320/1000 | Time: 15.78s | Loss: 21.5006 | Eval Return: -500.00
Epoch 321/1000: 100% 1000/1000 [00:13<00:00, 73.45it/s, loss=19.7971]
Epoch 322/1000: 100% 1000/1000 [00:13<00:00, 73.20it/s, loss=17.8491]
Epoch 323/1000: 100% 1000/1000 [00:13<00:00, 73.52it/s, loss=22.0899]
Epoch 324/1000: 100% 1000/1000 [00:14<00:00, 70.60it/s, loss=18.8606]
Epoch 325/1000: 100% 1000/1000 [00:13<00:00, 73.29it/s, loss=18.1370]
Epoch 326/1000: 100% 1000/1000 [00:13<00:00, 73.18it/s, loss=20.9902]
Epoch 327/1000: 100% 1000/1000 [00:13<00:00, 73.40it/s, loss=21.3233]
Epoch 328/1000: 100% 1000/1000 [00:13<00:00, 73.09it/s, loss=19.5965]
Epoch 329/1000: 100% 1000/1000 [00:13<00:00, 73.36it/s, loss=17.9839]
Epoch 330/1000: 100% 1000/1000 [00:13<00:00, 73.39it/s, loss=19.3221]
2025-11-07 18:21:48,347 [INFO] Epoch 330/1000 | Time: 16.37s | Loss: 19.3221 | Eval Return: -500.00
Epoch 331/1000: 100% 1000/1000 [00:13<00:00, 73.37it/s, loss=16.0887]
Epoch 332/1000: 100% 1000/1000 [00:13<00:00, 73.31it/s, loss=18.3875]
Epoch 333/1000: 100% 1000/1000 [00:13<00:00, 73.43it/s, loss=19.6706]
Epoch 334/1000: 100% 1000/1000 [00:13<00:00, 73.25it/s, loss=20.0758]
Epoch 335/1000: 100% 1000/1000 [00:13<00:00, 73.42it/s, loss=20.0415]
Epoch 336/1000: 100% 1000/1000 [00:13<00:00, 73.14it/s, loss=19.9321]
Epoch 337/1000: 100% 1000/1000 [00:14<00:00, 71.41it/s, loss=18.7623]
Epoch 338/1000: 100% 1000/1000 [00:13<00:00, 72.22it/s, loss=21.6439]
Epoch 339/1000: 100% 1000/1000 [00:13<00:00, 72.82it/s, loss=19.6216]
Epoch 340/1000: 100% 1000/1000 [00:13<00:00, 72.66it/s, loss=18.8641]
2025-11-07 18:24:07,714 [INFO] Epoch 340/1000 | Time: 15.88s | Loss: 18.8641 | Eval Return: -500.00
Epoch 341/1000: 100% 1000/1000 [00:13<00:00, 73.12it/s, loss=20.0283]
Epoch 342/1000: 100% 1000/1000 [00:13<00:00, 72.74it/s, loss=19.2211]
Epoch 343/1000: 100% 1000/1000 [00:14<00:00, 70.93it/s, loss=17.8495]
Epoch 344/1000: 100% 1000/1000 [00:14<00:00, 70.50it/s, loss=21.6504]
Epoch 345/1000: 100% 1000/1000 [00:13<00:00, 71.70it/s, loss=22.0890]
Epoch 346/1000: 100% 1000/1000 [00:13<00:00, 72.92it/s, loss=21.3979]
Epoch 347/1000: 100% 1000/1000 [00:13<00:00, 71.87it/s, loss=19.2051]
Epoch 348/1000: 100% 1000/1000 [00:13<00:00, 72.39it/s, loss=19.5436]
Epoch 349/1000: 100% 1000/1000 [00:13<00:00, 71.67it/s, loss=17.3233]
Epoch 350/1000: 100% 1000/1000 [00:14<00:00, 70.05it/s, loss=19.7933]
2025-11-07 18:26:29,247 [INFO] Epoch 350/1000 | Time: 16.42s | Loss: 19.7933 | Eval Return: -500.00
Epoch 351/1000: 100% 1000/1000 [00:14<00:00, 71.25it/s, loss=23.5825]
Epoch 352/1000: 100% 1000/1000 [00:13<00:00, 72.82it/s, loss=23.9057]
Epoch 353/1000: 100% 1000/1000 [00:13<00:00, 72.20it/s, loss=19.6268]
Epoch 354/1000: 100% 1000/1000 [00:13<00:00, 73.16it/s, loss=20.3270]
Epoch 355/1000: 100% 1000/1000 [00:14<00:00, 70.41it/s, loss=18.1926]
Epoch 356/1000: 100% 1000/1000 [00:14<00:00, 70.97it/s, loss=19.9637]
Epoch 357/1000: 100% 1000/1000 [00:13<00:00, 72.23it/s, loss=20.2593]
Epoch 358/1000: 100% 1000/1000 [00:13<00:00, 72.67it/s, loss=18.6991]
Epoch 359/1000: 100% 1000/1000 [00:13<00:00, 72.71it/s, loss=17.9383]
Epoch 360/1000: 100% 1000/1000 [00:13<00:00, 72.71it/s, loss=20.2463]
2025-11-07 18:28:50,175 [INFO] Epoch 360/1000 | Time: 15.91s | Loss: 20.2463 | Eval Return: -500.00
Epoch 361/1000: 100% 1000/1000 [00:14<00:00, 69.14it/s, loss=21.6049]
Epoch 362/1000: 100% 1000/1000 [00:13<00:00, 72.39it/s, loss=18.7438]
Epoch 363/1000: 100% 1000/1000 [00:13<00:00, 72.81it/s, loss=18.0913]
Epoch 364/1000: 100% 1000/1000 [00:13<00:00, 72.84it/s, loss=18.2810]
Epoch 365/1000: 100% 1000/1000 [00:13<00:00, 72.25it/s, loss=19.7855]
Epoch 366/1000: 100% 1000/1000 [00:13<00:00, 71.98it/s, loss=18.4027]
Epoch 367/1000: 100% 1000/1000 [00:14<00:00, 71.38it/s, loss=19.7459]
Epoch 368/1000: 100% 1000/1000 [00:14<00:00, 71.14it/s, loss=22.3593]
Epoch 369/1000: 100% 1000/1000 [00:13<00:00, 72.47it/s, loss=19.5534]
Epoch 370/1000: 100% 1000/1000 [00:13<00:00, 72.64it/s, loss=18.9171]
2025-11-07 18:31:11,483 [INFO] Epoch 370/1000 | Time: 15.89s | Loss: 18.9171 | Eval Return: -500.00
Epoch 371/1000: 100% 1000/1000 [00:13<00:00, 73.09it/s, loss=19.5479]
Epoch 372/1000: 100% 1000/1000 [00:13<00:00, 72.59it/s, loss=19.6683]
Epoch 373/1000: 100% 1000/1000 [00:14<00:00, 71.08it/s, loss=15.3797]
Epoch 374/1000: 100% 1000/1000 [00:14<00:00, 70.96it/s, loss=18.1591]
Epoch 375/1000: 100% 1000/1000 [00:13<00:00, 72.85it/s, loss=22.5397]
Epoch 376/1000: 100% 1000/1000 [00:13<00:00, 72.63it/s, loss=20.5665]
Epoch 377/1000: 100% 1000/1000 [00:13<00:00, 72.69it/s, loss=19.5055]
Epoch 378/1000: 100% 1000/1000 [00:13<00:00, 72.48it/s, loss=21.0086]
Epoch 379/1000: 100% 1000/1000 [00:13<00:00, 72.69it/s, loss=20.8567]
Epoch 380/1000: 100% 1000/1000 [00:14<00:00, 69.93it/s, loss=20.8639]
2025-11-07 18:33:32,424 [INFO] Epoch 380/1000 | Time: 16.45s | Loss: 20.8639 | Eval Return: -500.00
Epoch 381/1000: 100% 1000/1000 [00:13<00:00, 72.51it/s, loss=18.0292]
Epoch 382/1000: 100% 1000/1000 [00:13<00:00, 72.97it/s, loss=19.2778]
Epoch 383/1000: 100% 1000/1000 [00:13<00:00, 71.94it/s, loss=19.4232]
Epoch 384/1000: 100% 1000/1000 [00:13<00:00, 72.50it/s, loss=20.0693]
Epoch 385/1000: 100% 1000/1000 [00:14<00:00, 70.70it/s, loss=22.5822]
Epoch 386/1000: 100% 1000/1000 [00:13<00:00, 71.85it/s, loss=17.6751]
Epoch 387/1000: 100% 1000/1000 [00:13<00:00, 72.91it/s, loss=17.8322]
Epoch 388/1000: 100% 1000/1000 [00:13<00:00, 72.64it/s, loss=21.3789]
Epoch 389/1000: 100% 1000/1000 [00:13<00:00, 72.75it/s, loss=19.5439]
Epoch 390/1000: 100% 1000/1000 [00:13<00:00, 73.18it/s, loss=19.4668]
2025-11-07 18:35:52,779 [INFO] Epoch 390/1000 | Time: 15.81s | Loss: 19.4668 | Eval Return: -500.00
Epoch 391/1000: 100% 1000/1000 [00:14<00:00, 69.61it/s, loss=19.3699]
Epoch 392/1000: 100% 1000/1000 [00:13<00:00, 73.02it/s, loss=19.0963]
Epoch 393/1000: 100% 1000/1000 [00:13<00:00, 73.12it/s, loss=20.9692]
Epoch 394/1000: 100% 1000/1000 [00:13<00:00, 72.03it/s, loss=20.2827]
Epoch 395/1000: 100% 1000/1000 [00:13<00:00, 72.27it/s, loss=21.6361]
Epoch 396/1000: 100% 1000/1000 [00:14<00:00, 71.22it/s, loss=19.8421]
Epoch 397/1000: 100% 1000/1000 [00:13<00:00, 71.51it/s, loss=19.9845]
Epoch 398/1000: 100% 1000/1000 [00:14<00:00, 69.12it/s, loss=19.0312]
Epoch 399/1000: 100% 1000/1000 [00:13<00:00, 71.75it/s, loss=19.9008]
Epoch 400/1000: 100% 1000/1000 [00:14<00:00, 71.05it/s, loss=20.7598]
2025-11-07 18:38:14,947 [INFO] Epoch 400/1000 | Time: 16.21s | Loss: 20.7598 | Eval Return: -500.00
Epoch 401/1000: 100% 1000/1000 [00:13<00:00, 72.49it/s, loss=19.7372]
Epoch 402/1000: 100% 1000/1000 [00:13<00:00, 72.06it/s, loss=22.0753]
Epoch 403/1000: 100% 1000/1000 [00:14<00:00, 69.31it/s, loss=19.3310]
Epoch 404/1000: 100% 1000/1000 [00:14<00:00, 71.36it/s, loss=18.9396]
Epoch 405/1000: 100% 1000/1000 [00:13<00:00, 72.13it/s, loss=18.9112]
Epoch 406/1000: 100% 1000/1000 [00:13<00:00, 72.02it/s, loss=18.1880]
Epoch 407/1000: 100% 1000/1000 [00:13<00:00, 73.08it/s, loss=22.0000]
Epoch 408/1000: 100% 1000/1000 [00:13<00:00, 71.95it/s, loss=20.2743]
Epoch 409/1000: 100% 1000/1000 [00:14<00:00, 70.97it/s, loss=20.3868]
Epoch 410/1000: 100% 1000/1000 [00:14<00:00, 70.69it/s, loss=19.2587]
2025-11-07 18:40:36,837 [INFO] Epoch 410/1000 | Time: 16.28s | Loss: 19.2587 | Eval Return: -500.00
Epoch 411/1000: 100% 1000/1000 [00:13<00:00, 72.60it/s, loss=18.5883]
Epoch 412/1000: 100% 1000/1000 [00:13<00:00, 71.97it/s, loss=19.2881]
Epoch 413/1000: 100% 1000/1000 [00:14<00:00, 71.28it/s, loss=19.4667]
Epoch 414/1000: 100% 1000/1000 [00:13<00:00, 71.61it/s, loss=19.8881]
Epoch 415/1000: 100% 1000/1000 [00:14<00:00, 69.34it/s, loss=19.7306]
Epoch 416/1000: 100% 1000/1000 [00:13<00:00, 72.09it/s, loss=22.4365]
Epoch 417/1000: 100% 1000/1000 [00:14<00:00, 70.64it/s, loss=20.4626]
Epoch 418/1000: 100% 1000/1000 [00:13<00:00, 71.80it/s, loss=20.2636]
Epoch 419/1000: 100% 1000/1000 [00:14<00:00, 71.32it/s, loss=20.0209]
Epoch 420/1000: 100% 1000/1000 [00:13<00:00, 71.76it/s, loss=20.6232]
2025-11-07 18:42:59,722 [INFO] Epoch 420/1000 | Time: 16.76s | Loss: 20.6232 | Eval Return: -500.00
Epoch 421/1000: 100% 1000/1000 [00:14<00:00, 70.88it/s, loss=20.7917]
Epoch 422/1000: 100% 1000/1000 [00:14<00:00, 71.39it/s, loss=18.5989]
Epoch 423/1000: 100% 1000/1000 [00:13<00:00, 71.90it/s, loss=18.7761]
Epoch 424/1000: 100% 1000/1000 [00:13<00:00, 72.67it/s, loss=18.2636]
Epoch 425/1000: 100% 1000/1000 [00:13<00:00, 71.72it/s, loss=18.9957]
Epoch 426/1000: 100% 1000/1000 [00:14<00:00, 69.93it/s, loss=19.8197]
Epoch 427/1000: 100% 1000/1000 [00:14<00:00, 69.86it/s, loss=19.5528]
Epoch 428/1000: 100% 1000/1000 [00:13<00:00, 71.93it/s, loss=17.3248]
Epoch 429/1000: 100% 1000/1000 [00:13<00:00, 71.52it/s, loss=22.8143]
Epoch 430/1000: 100% 1000/1000 [00:14<00:00, 71.18it/s, loss=20.8619]
2025-11-07 18:45:22,243 [INFO] Epoch 430/1000 | Time: 16.22s | Loss: 20.8619 | Eval Return: -500.00
Epoch 431/1000: 100% 1000/1000 [00:14<00:00, 70.44it/s, loss=24.2745]
Epoch 432/1000: 100% 1000/1000 [00:14<00:00, 70.49it/s, loss=19.1193]
Epoch 433/1000: 100% 1000/1000 [00:13<00:00, 71.77it/s, loss=20.4955]
Epoch 434/1000: 100% 1000/1000 [00:14<00:00, 71.13it/s, loss=18.2023]
Epoch 435/1000: 100% 1000/1000 [00:13<00:00, 71.73it/s, loss=21.0504]
Epoch 436/1000: 100% 1000/1000 [00:13<00:00, 71.57it/s, loss=21.8564]
Epoch 437/1000: 100% 1000/1000 [00:14<00:00, 70.79it/s, loss=18.8025]
Epoch 438/1000: 100% 1000/1000 [00:14<00:00, 69.60it/s, loss=19.6205]
Epoch 439/1000: 100% 1000/1000 [00:13<00:00, 72.34it/s, loss=19.2660]
Epoch 440/1000: 100% 1000/1000 [00:13<00:00, 71.45it/s, loss=21.0048]
2025-11-07 18:47:45,058 [INFO] Epoch 440/1000 | Time: 16.14s | Loss: 21.0048 | Eval Return: -500.00
Epoch 441/1000: 100% 1000/1000 [00:13<00:00, 71.87it/s, loss=21.8764]
Epoch 442/1000: 100% 1000/1000 [00:14<00:00, 70.84it/s, loss=18.3385]
Epoch 443/1000: 100% 1000/1000 [00:14<00:00, 69.11it/s, loss=19.2726]
Epoch 444/1000: 100% 1000/1000 [00:13<00:00, 71.95it/s, loss=20.9598]
Epoch 445/1000: 100% 1000/1000 [00:13<00:00, 71.81it/s, loss=20.3944]
Epoch 446/1000: 100% 1000/1000 [00:13<00:00, 71.83it/s, loss=20.2445]
Epoch 447/1000: 100% 1000/1000 [00:14<00:00, 71.43it/s, loss=17.3753]
Epoch 448/1000: 100% 1000/1000 [00:13<00:00, 71.55it/s, loss=20.1286]
Epoch 449/1000: 100% 1000/1000 [00:14<00:00, 67.78it/s, loss=19.8942]
Epoch 450/1000: 100% 1000/1000 [00:14<00:00, 71.33it/s, loss=21.3209]
2025-11-07 18:50:08,360 [INFO] Epoch 450/1000 | Time: 16.25s | Loss: 21.3209 | Eval Return: -500.00
Epoch 451/1000: 100% 1000/1000 [00:14<00:00, 71.01it/s, loss=17.9145]
Epoch 452/1000: 100% 1000/1000 [00:13<00:00, 71.68it/s, loss=19.6324]
Epoch 453/1000: 100% 1000/1000 [00:13<00:00, 71.87it/s, loss=17.5243]
Epoch 454/1000: 100% 1000/1000 [00:14<00:00, 69.50it/s, loss=19.7819]
Epoch 455/1000: 100% 1000/1000 [00:14<00:00, 70.76it/s, loss=22.3129]
Epoch 456/1000: 100% 1000/1000 [00:13<00:00, 71.54it/s, loss=16.9379]
Epoch 457/1000: 100% 1000/1000 [00:14<00:00, 70.94it/s, loss=20.1287]
Epoch 458/1000: 100% 1000/1000 [00:13<00:00, 72.17it/s, loss=17.7161]
Epoch 459/1000: 100% 1000/1000 [00:14<00:00, 71.00it/s, loss=18.6904]
Epoch 460/1000: 100% 1000/1000 [00:14<00:00, 70.54it/s, loss=19.7612]
2025-11-07 18:52:31,660 [INFO] Epoch 460/1000 | Time: 16.74s | Loss: 19.7612 | Eval Return: -500.00
Epoch 461/1000: 100% 1000/1000 [00:14<00:00, 71.41it/s, loss=19.0044]
Epoch 462/1000: 100% 1000/1000 [00:13<00:00, 71.83it/s, loss=23.8968]
Epoch 463/1000: 100% 1000/1000 [00:14<00:00, 71.26it/s, loss=22.5312]
Epoch 464/1000: 100% 1000/1000 [00:14<00:00, 70.76it/s, loss=19.2472]
Epoch 465/1000: 100% 1000/1000 [00:14<00:00, 69.53it/s, loss=21.7315]
Epoch 466/1000: 100% 1000/1000 [00:14<00:00, 70.04it/s, loss=19.9521]
Epoch 467/1000: 100% 1000/1000 [00:14<00:00, 70.43it/s, loss=18.1300]
Epoch 468/1000: 100% 1000/1000 [00:13<00:00, 71.74it/s, loss=18.9293]
Epoch 469/1000: 100% 1000/1000 [00:14<00:00, 70.59it/s, loss=21.0592]
Epoch 470/1000: 100% 1000/1000 [00:14<00:00, 70.62it/s, loss=21.4178]
2025-11-07 18:54:55,567 [INFO] Epoch 470/1000 | Time: 16.78s | Loss: 21.4178 | Eval Return: -500.00
Epoch 471/1000: 100% 1000/1000 [00:14<00:00, 68.92it/s, loss=20.1781]
Epoch 472/1000: 100% 1000/1000 [00:14<00:00, 71.03it/s, loss=20.1579]
Epoch 473/1000: 100% 1000/1000 [00:14<00:00, 70.72it/s, loss=20.9413]
Epoch 474/1000: 100% 1000/1000 [00:14<00:00, 71.18it/s, loss=18.9548]
Epoch 475/1000: 100% 1000/1000 [00:14<00:00, 70.63it/s, loss=18.6621]
Epoch 476/1000: 100% 1000/1000 [00:14<00:00, 68.83it/s, loss=19.9173]
Epoch 477/1000: 100% 1000/1000 [00:14<00:00, 71.20it/s, loss=19.5231]
Epoch 478/1000: 100% 1000/1000 [00:13<00:00, 71.55it/s, loss=20.3909]
Epoch 479/1000: 100% 1000/1000 [00:13<00:00, 72.10it/s, loss=16.9509]
Epoch 480/1000: 100% 1000/1000 [00:14<00:00, 71.13it/s, loss=17.7584]
2025-11-07 18:57:19,179 [INFO] Epoch 480/1000 | Time: 16.18s | Loss: 17.7584 | Eval Return: -500.00
Epoch 481/1000: 100% 1000/1000 [00:14<00:00, 69.57it/s, loss=20.9866]
Epoch 482/1000: 100% 1000/1000 [00:14<00:00, 70.18it/s, loss=21.9158]
Epoch 483/1000: 100% 1000/1000 [00:13<00:00, 71.86it/s, loss=16.3595]
Epoch 484/1000: 100% 1000/1000 [00:14<00:00, 70.90it/s, loss=21.1742]
Epoch 485/1000: 100% 1000/1000 [00:13<00:00, 71.60it/s, loss=20.9659]
Epoch 486/1000: 100% 1000/1000 [00:14<00:00, 71.29it/s, loss=20.0906]
Epoch 487/1000: 100% 1000/1000 [00:14<00:00, 70.71it/s, loss=19.7017]
Epoch 488/1000: 100% 1000/1000 [00:14<00:00, 68.93it/s, loss=20.0883]
Epoch 489/1000: 100% 1000/1000 [00:14<00:00, 71.35it/s, loss=22.1219]
Epoch 490/1000: 100% 1000/1000 [00:13<00:00, 71.47it/s, loss=18.7203]
2025-11-07 18:59:42,711 [INFO] Epoch 490/1000 | Time: 16.16s | Loss: 18.7203 | Eval Return: -500.00
Epoch 491/1000: 100% 1000/1000 [00:13<00:00, 71.74it/s, loss=19.0145]
Epoch 492/1000: 100% 1000/1000 [00:14<00:00, 68.13it/s, loss=19.3297]
Epoch 493/1000: 100% 1000/1000 [00:14<00:00, 69.52it/s, loss=17.8077]
Epoch 494/1000: 100% 1000/1000 [00:14<00:00, 70.99it/s, loss=20.1293]
Epoch 495/1000: 100% 1000/1000 [00:13<00:00, 71.59it/s, loss=17.3721]
Epoch 496/1000: 100% 1000/1000 [00:14<00:00, 71.38it/s, loss=19.8151]
Epoch 497/1000: 100% 1000/1000 [00:14<00:00, 71.18it/s, loss=18.5199]
Epoch 498/1000: 100% 1000/1000 [00:14<00:00, 69.93it/s, loss=20.3935]
Epoch 499/1000: 100% 1000/1000 [00:14<00:00, 70.36it/s, loss=18.9337]
Epoch 500/1000: 100% 1000/1000 [00:13<00:00, 71.52it/s, loss=17.8629]
2025-11-07 19:02:06,538 [INFO] Epoch 500/1000 | Time: 16.12s | Loss: 17.8629 | Eval Return: -500.00
Epoch 501/1000: 100% 1000/1000 [00:13<00:00, 71.55it/s, loss=22.7826]
Epoch 502/1000: 100% 1000/1000 [00:14<00:00, 71.30it/s, loss=17.3189]
Epoch 503/1000: 100% 1000/1000 [00:14<00:00, 69.52it/s, loss=20.0122]
Epoch 504/1000: 100% 1000/1000 [00:14<00:00, 69.62it/s, loss=17.8622]
Epoch 505/1000: 100% 1000/1000 [00:13<00:00, 71.66it/s, loss=21.5394]
Epoch 506/1000: 100% 1000/1000 [00:13<00:00, 72.21it/s, loss=21.7147]
Epoch 507/1000: 100% 1000/1000 [00:13<00:00, 72.37it/s, loss=19.0254]
Epoch 508/1000: 100% 1000/1000 [00:13<00:00, 72.41it/s, loss=20.2720]
Epoch 509/1000: 100% 1000/1000 [00:13<00:00, 71.59it/s, loss=19.5760]
Epoch 510/1000: 100% 1000/1000 [00:14<00:00, 68.54it/s, loss=18.5553]
2025-11-07 19:04:29,551 [INFO] Epoch 510/1000 | Time: 16.79s | Loss: 18.5553 | Eval Return: -500.00
Epoch 511/1000: 100% 1000/1000 [00:14<00:00, 71.16it/s, loss=21.2657]
Epoch 512/1000: 100% 1000/1000 [00:13<00:00, 71.69it/s, loss=18.9648]
Epoch 513/1000: 100% 1000/1000 [00:14<00:00, 70.32it/s, loss=17.8108]
Epoch 514/1000: 100% 1000/1000 [00:14<00:00, 69.61it/s, loss=18.9091]
Epoch 515/1000: 100% 1000/1000 [00:14<00:00, 68.64it/s, loss=19.6454]
Epoch 516/1000: 100% 1000/1000 [00:13<00:00, 71.45it/s, loss=18.8309]
Epoch 517/1000: 100% 1000/1000 [00:14<00:00, 71.31it/s, loss=17.9321]
Epoch 518/1000: 100% 1000/1000 [00:14<00:00, 71.05it/s, loss=19.8273]
Epoch 519/1000: 100% 1000/1000 [00:13<00:00, 71.86it/s, loss=22.1084]
Epoch 520/1000: 100% 1000/1000 [00:14<00:00, 71.18it/s, loss=20.0192]
2025-11-07 19:06:53,590 [INFO] Epoch 520/1000 | Time: 16.80s | Loss: 20.0192 | Eval Return: -500.00
Epoch 521/1000: 100% 1000/1000 [00:14<00:00, 70.63it/s, loss=19.5253]
Epoch 522/1000: 100% 1000/1000 [00:14<00:00, 71.19it/s, loss=19.0910]
Epoch 523/1000: 100% 1000/1000 [00:14<00:00, 71.40it/s, loss=19.1434]
Epoch 524/1000: 100% 1000/1000 [00:13<00:00, 71.65it/s, loss=18.9894]
Epoch 525/1000: 100% 1000/1000 [00:13<00:00, 71.58it/s, loss=20.9403]
Epoch 526/1000: 100% 1000/1000 [00:14<00:00, 68.92it/s, loss=18.9138]
Epoch 527/1000: 100% 1000/1000 [00:13<00:00, 71.62it/s, loss=21.6082]
Epoch 528/1000: 100% 1000/1000 [00:14<00:00, 71.30it/s, loss=20.9950]
Epoch 529/1000: 100% 1000/1000 [00:14<00:00, 71.13it/s, loss=20.5774]
Epoch 530/1000: 100% 1000/1000 [00:14<00:00, 70.41it/s, loss=20.4779]
2025-11-07 19:09:16,791 [INFO] Epoch 530/1000 | Time: 16.43s | Loss: 20.4779 | Eval Return: -500.00
Epoch 531/1000: 100% 1000/1000 [00:14<00:00, 69.38it/s, loss=19.6537]
Epoch 532/1000: 100% 1000/1000 [00:14<00:00, 70.72it/s, loss=19.7573]
Epoch 533/1000: 100% 1000/1000 [00:13<00:00, 71.64it/s, loss=23.2855]
Epoch 534/1000: 100% 1000/1000 [00:14<00:00, 71.04it/s, loss=20.1646]
Epoch 535/1000: 100% 1000/1000 [00:14<00:00, 71.11it/s, loss=21.2038]
Epoch 536/1000: 100% 1000/1000 [00:14<00:00, 69.98it/s, loss=20.8466]
Epoch 537/1000: 100% 1000/1000 [00:14<00:00, 68.76it/s, loss=19.2483]
Epoch 538/1000: 100% 1000/1000 [00:14<00:00, 71.25it/s, loss=16.9229]
Epoch 539/1000: 100% 1000/1000 [00:14<00:00, 70.84it/s, loss=19.5227]
Epoch 540/1000: 100% 1000/1000 [00:13<00:00, 71.61it/s, loss=19.0111]
2025-11-07 19:11:40,615 [INFO] Epoch 540/1000 | Time: 16.11s | Loss: 19.0111 | Eval Return: -500.00
Epoch 541/1000: 100% 1000/1000 [00:13<00:00, 71.56it/s, loss=21.6337]
Epoch 542/1000: 100% 1000/1000 [00:14<00:00, 69.61it/s, loss=19.5156]
Epoch 543/1000: 100% 1000/1000 [00:14<00:00, 71.24it/s, loss=18.6327]
Epoch 544/1000: 100% 1000/1000 [00:13<00:00, 71.87it/s, loss=19.8541]
Epoch 545/1000: 100% 1000/1000 [00:14<00:00, 70.90it/s, loss=19.2464]
Epoch 546/1000: 100% 1000/1000 [00:13<00:00, 71.99it/s, loss=22.0189]
Epoch 547/1000: 100% 1000/1000 [00:13<00:00, 71.74it/s, loss=20.6881]
Epoch 548/1000: 100% 1000/1000 [00:14<00:00, 69.78it/s, loss=17.8320]
Epoch 549/1000: 100% 1000/1000 [00:13<00:00, 71.55it/s, loss=23.3857]
Epoch 550/1000: 100% 1000/1000 [00:13<00:00, 71.92it/s, loss=19.9019]
2025-11-07 19:14:03,261 [INFO] Epoch 550/1000 | Time: 16.04s | Loss: 19.9019 | Eval Return: -500.00
Epoch 551/1000: 100% 1000/1000 [00:13<00:00, 71.72it/s, loss=16.8707]
Epoch 552/1000: 100% 1000/1000 [00:13<00:00, 71.74it/s, loss=19.5873]
Epoch 553/1000: 100% 1000/1000 [00:14<00:00, 70.59it/s, loss=19.7640]
Epoch 554/1000: 100% 1000/1000 [00:14<00:00, 69.57it/s, loss=17.3059]
Epoch 555/1000: 100% 1000/1000 [00:14<00:00, 70.94it/s, loss=21.3805]
Epoch 556/1000: 100% 1000/1000 [00:13<00:00, 71.43it/s, loss=18.0009]
Epoch 557/1000: 100% 1000/1000 [00:14<00:00, 69.79it/s, loss=20.5732]
Epoch 558/1000: 100% 1000/1000 [00:14<00:00, 70.58it/s, loss=18.7360]
Epoch 559/1000: 100% 1000/1000 [00:14<00:00, 68.41it/s, loss=19.6325]
Epoch 560/1000: 100% 1000/1000 [00:14<00:00, 69.72it/s, loss=20.7415]
2025-11-07 19:16:27,490 [INFO] Epoch 560/1000 | Time: 16.52s | Loss: 20.7415 | Eval Return: -500.00
Epoch 561/1000: 100% 1000/1000 [00:14<00:00, 70.64it/s, loss=21.2729]
Epoch 562/1000: 100% 1000/1000 [00:14<00:00, 70.25it/s, loss=22.5922]
Epoch 563/1000: 100% 1000/1000 [00:14<00:00, 71.32it/s, loss=19.8637]
Epoch 564/1000: 100% 1000/1000 [00:14<00:00, 68.57it/s, loss=21.9723]
Epoch 565/1000: 100% 1000/1000 [00:14<00:00, 70.39it/s, loss=17.9847]
Epoch 566/1000: 100% 1000/1000 [00:14<00:00, 70.24it/s, loss=17.7064]
Epoch 567/1000: 100% 1000/1000 [00:14<00:00, 71.10it/s, loss=19.6049]
Epoch 568/1000: 100% 1000/1000 [00:14<00:00, 71.34it/s, loss=19.2552]
Epoch 569/1000: 100% 1000/1000 [00:14<00:00, 71.28it/s, loss=21.2095]
Epoch 570/1000: 100% 1000/1000 [00:14<00:00, 68.49it/s, loss=18.0481]
2025-11-07 19:18:51,890 [INFO] Epoch 570/1000 | Time: 16.77s | Loss: 18.0481 | Eval Return: -500.00
Epoch 571/1000: 100% 1000/1000 [00:14<00:00, 70.71it/s, loss=20.2299]
Epoch 572/1000: 100% 1000/1000 [00:14<00:00, 70.54it/s, loss=21.6072]
Epoch 573/1000: 100% 1000/1000 [00:14<00:00, 71.19it/s, loss=19.3446]
Epoch 574/1000: 100% 1000/1000 [00:14<00:00, 70.51it/s, loss=19.0512]
Epoch 575/1000: 100% 1000/1000 [00:14<00:00, 67.59it/s, loss=19.2273]
Epoch 576/1000: 100% 1000/1000 [00:14<00:00, 68.77it/s, loss=18.3514]
Epoch 577/1000: 100% 1000/1000 [00:14<00:00, 70.45it/s, loss=17.5936]
Epoch 578/1000: 100% 1000/1000 [00:14<00:00, 69.46it/s, loss=21.2859]
Epoch 579/1000: 100% 1000/1000 [00:14<00:00, 69.57it/s, loss=20.0831]
Epoch 580/1000: 100% 1000/1000 [00:14<00:00, 68.14it/s, loss=19.6214]
2025-11-07 19:21:17,627 [INFO] Epoch 580/1000 | Time: 16.82s | Loss: 19.6214 | Eval Return: -500.00
Epoch 581/1000: 100% 1000/1000 [00:14<00:00, 71.27it/s, loss=18.7581]
Epoch 582/1000: 100% 1000/1000 [00:14<00:00, 70.94it/s, loss=17.6339]
Epoch 583/1000: 100% 1000/1000 [00:13<00:00, 71.50it/s, loss=17.7612]
Epoch 584/1000: 100% 1000/1000 [00:14<00:00, 70.51it/s, loss=18.3127]
Epoch 585/1000: 100% 1000/1000 [00:14<00:00, 68.66it/s, loss=21.6049]
Epoch 586/1000: 100% 1000/1000 [00:13<00:00, 71.75it/s, loss=20.0695]
Epoch 587/1000: 100% 1000/1000 [00:13<00:00, 72.07it/s, loss=20.3941]
Epoch 588/1000: 100% 1000/1000 [00:13<00:00, 71.59it/s, loss=19.7772]
Epoch 589/1000: 100% 1000/1000 [00:14<00:00, 71.17it/s, loss=16.7463]
Epoch 590/1000: 100% 1000/1000 [00:13<00:00, 71.54it/s, loss=19.4496]
2025-11-07 19:23:41,171 [INFO] Epoch 590/1000 | Time: 16.78s | Loss: 19.4496 | Eval Return: -500.00
Epoch 591/1000: 100% 1000/1000 [00:14<00:00, 71.26it/s, loss=20.6852]
Epoch 592/1000: 100% 1000/1000 [00:14<00:00, 71.31it/s, loss=20.4395]
Epoch 593/1000: 100% 1000/1000 [00:14<00:00, 71.14it/s, loss=19.9109]
Epoch 594/1000: 100% 1000/1000 [00:14<00:00, 70.92it/s, loss=21.4781]
Epoch 595/1000: 100% 1000/1000 [00:14<00:00, 70.87it/s, loss=18.9026]
Epoch 596/1000: 100% 1000/1000 [00:14<00:00, 68.01it/s, loss=18.5185]
Epoch 597/1000: 100% 1000/1000 [00:14<00:00, 71.23it/s, loss=20.4491]
Epoch 598/1000: 100% 1000/1000 [00:13<00:00, 71.45it/s, loss=18.8418]
Epoch 599/1000: 100% 1000/1000 [00:14<00:00, 71.13it/s, loss=19.3321]
Epoch 600/1000: 100% 1000/1000 [00:14<00:00, 70.05it/s, loss=21.0569]
2025-11-07 19:26:04,837 [INFO] Epoch 600/1000 | Time: 16.47s | Loss: 21.0569 | Eval Return: -500.00
Epoch 601/1000: 100% 1000/1000 [00:14<00:00, 68.06it/s, loss=20.6982]
Epoch 602/1000: 100% 1000/1000 [00:13<00:00, 71.53it/s, loss=19.6942]
Epoch 603/1000: 100% 1000/1000 [00:14<00:00, 71.29it/s, loss=19.7267]
Epoch 604/1000: 100% 1000/1000 [00:14<00:00, 71.43it/s, loss=17.8845]
Epoch 605/1000: 100% 1000/1000 [00:14<00:00, 71.14it/s, loss=22.6739]
Epoch 606/1000: 100% 1000/1000 [00:14<00:00, 71.23it/s, loss=21.3451]
Epoch 607/1000: 100% 1000/1000 [00:14<00:00, 68.78it/s, loss=21.7480]
Epoch 608/1000: 100% 1000/1000 [00:13<00:00, 71.84it/s, loss=21.2450]
Epoch 609/1000: 100% 1000/1000 [00:14<00:00, 71.01it/s, loss=21.7885]
Epoch 610/1000: 100% 1000/1000 [00:13<00:00, 71.46it/s, loss=17.9299]
2025-11-07 19:28:28,381 [INFO] Epoch 610/1000 | Time: 16.13s | Loss: 17.9299 | Eval Return: -500.00
Epoch 611/1000: 100% 1000/1000 [00:13<00:00, 71.81it/s, loss=21.2399]
Epoch 612/1000: 100% 1000/1000 [00:14<00:00, 68.80it/s, loss=19.5662]
Epoch 613/1000: 100% 1000/1000 [00:14<00:00, 70.51it/s, loss=20.6007]
Epoch 614/1000: 100% 1000/1000 [00:14<00:00, 70.84it/s, loss=21.9671]
Epoch 615/1000: 100% 1000/1000 [00:13<00:00, 71.64it/s, loss=19.3958]
Epoch 616/1000: 100% 1000/1000 [00:13<00:00, 71.70it/s, loss=20.6142]
Epoch 617/1000: 100% 1000/1000 [00:14<00:00, 71.13it/s, loss=20.0347]
Epoch 618/1000: 100% 1000/1000 [00:14<00:00, 68.63it/s, loss=18.7880]
Epoch 619/1000: 100% 1000/1000 [00:14<00:00, 70.35it/s, loss=20.9431]
Epoch 620/1000: 100% 1000/1000 [00:14<00:00, 71.12it/s, loss=18.3247]
2025-11-07 19:30:52,155 [INFO] Epoch 620/1000 | Time: 16.19s | Loss: 18.3247 | Eval Return: -500.00
Epoch 621/1000: 100% 1000/1000 [00:14<00:00, 70.49it/s, loss=22.2325]
Epoch 622/1000: 100% 1000/1000 [00:14<00:00, 69.60it/s, loss=21.2885]
Epoch 623/1000: 100% 1000/1000 [00:14<00:00, 68.74it/s, loss=19.9863]
Epoch 624/1000: 100% 1000/1000 [00:13<00:00, 71.73it/s, loss=20.0467]
Epoch 625/1000: 100% 1000/1000 [00:13<00:00, 72.10it/s, loss=21.1731]
Epoch 626/1000: 100% 1000/1000 [00:14<00:00, 71.31it/s, loss=20.6238]
Epoch 627/1000: 100% 1000/1000 [00:14<00:00, 71.12it/s, loss=20.4605]
Epoch 628/1000: 100% 1000/1000 [00:13<00:00, 72.13it/s, loss=18.8176]
Epoch 629/1000: 100% 1000/1000 [00:14<00:00, 70.69it/s, loss=18.8717]
Epoch 630/1000: 100% 1000/1000 [00:14<00:00, 69.39it/s, loss=21.5331]
2025-11-07 19:33:15,752 [INFO] Epoch 630/1000 | Time: 16.52s | Loss: 21.5331 | Eval Return: -500.00
Epoch 631/1000: 100% 1000/1000 [00:13<00:00, 71.65it/s, loss=18.7895]
Epoch 632/1000: 100% 1000/1000 [00:13<00:00, 72.01it/s, loss=21.6076]
Epoch 633/1000: 100% 1000/1000 [00:14<00:00, 71.28it/s, loss=21.2632]
Epoch 634/1000: 100% 1000/1000 [00:14<00:00, 69.85it/s, loss=19.4749]
Epoch 635/1000: 100% 1000/1000 [00:14<00:00, 69.61it/s, loss=19.0439]
Epoch 636/1000: 100% 1000/1000 [00:14<00:00, 71.14it/s, loss=20.9532]
Epoch 637/1000: 100% 1000/1000 [00:14<00:00, 71.34it/s, loss=18.0152]
Epoch 638/1000: 100% 1000/1000 [00:14<00:00, 70.63it/s, loss=17.8237]
Epoch 639/1000: 100% 1000/1000 [00:14<00:00, 70.70it/s, loss=20.7832]
Epoch 640/1000: 100% 1000/1000 [00:14<00:00, 70.85it/s, loss=19.1775]
2025-11-07 19:35:39,439 [INFO] Epoch 640/1000 | Time: 16.69s | Loss: 19.1775 | Eval Return: -500.00
Epoch 641/1000: 100% 1000/1000 [00:14<00:00, 71.16it/s, loss=19.6660]
Epoch 642/1000: 100% 1000/1000 [00:14<00:00, 71.32it/s, loss=18.8601]
Epoch 643/1000: 100% 1000/1000 [00:14<00:00, 70.59it/s, loss=19.4977]
Epoch 644/1000: 100% 1000/1000 [00:14<00:00, 70.37it/s, loss=21.0212]
Epoch 645/1000: 100% 1000/1000 [00:14<00:00, 70.35it/s, loss=18.9579]
Epoch 646/1000: 100% 1000/1000 [00:14<00:00, 69.95it/s, loss=18.7351]
Epoch 647/1000: 100% 1000/1000 [00:14<00:00, 71.00it/s, loss=20.6592]
Epoch 648/1000: 100% 1000/1000 [00:14<00:00, 71.03it/s, loss=18.1534]
Epoch 649/1000: 100% 1000/1000 [00:13<00:00, 71.56it/s, loss=21.6901]
Epoch 650/1000: 100% 1000/1000 [00:14<00:00, 71.39it/s, loss=19.3106]
2025-11-07 19:38:03,259 [INFO] Epoch 650/1000 | Time: 16.65s | Loss: 19.3106 | Eval Return: -500.00
Epoch 651/1000: 100% 1000/1000 [00:14<00:00, 71.14it/s, loss=20.7716]
Epoch 652/1000: 100% 1000/1000 [00:14<00:00, 70.78it/s, loss=19.1129]
Epoch 653/1000: 100% 1000/1000 [00:14<00:00, 71.20it/s, loss=18.6746]
Epoch 654/1000: 100% 1000/1000 [00:13<00:00, 71.44it/s, loss=21.1401]
Epoch 655/1000: 100% 1000/1000 [00:14<00:00, 70.97it/s, loss=18.3241]
Epoch 656/1000: 100% 1000/1000 [00:14<00:00, 69.00it/s, loss=20.1245]
Epoch 657/1000: 100% 1000/1000 [00:14<00:00, 70.28it/s, loss=18.9647]
Epoch 658/1000: 100% 1000/1000 [00:13<00:00, 71.53it/s, loss=18.4908]
Epoch 659/1000: 100% 1000/1000 [00:14<00:00, 71.16it/s, loss=20.2111]
Epoch 660/1000: 100% 1000/1000 [00:14<00:00, 71.39it/s, loss=20.6673]
2025-11-07 19:40:26,567 [INFO] Epoch 660/1000 | Time: 16.15s | Loss: 20.6673 | Eval Return: -500.00
Epoch 661/1000: 100% 1000/1000 [00:14<00:00, 69.16it/s, loss=21.9637]
Epoch 662/1000: 100% 1000/1000 [00:14<00:00, 70.38it/s, loss=18.4860]
Epoch 663/1000: 100% 1000/1000 [00:14<00:00, 70.98it/s, loss=22.6733]
Epoch 664/1000: 100% 1000/1000 [00:13<00:00, 71.56it/s, loss=16.2945]
Epoch 665/1000: 100% 1000/1000 [00:14<00:00, 70.89it/s, loss=18.6424]
Epoch 666/1000: 100% 1000/1000 [00:14<00:00, 71.35it/s, loss=19.1663]
Epoch 667/1000: 100% 1000/1000 [00:14<00:00, 70.41it/s, loss=19.5145]
Epoch 668/1000: 100% 1000/1000 [00:14<00:00, 69.86it/s, loss=21.4368]
Epoch 669/1000: 100% 1000/1000 [00:14<00:00, 71.41it/s, loss=19.6277]
Epoch 670/1000: 100% 1000/1000 [00:14<00:00, 71.07it/s, loss=19.3354]
2025-11-07 19:42:50,274 [INFO] Epoch 670/1000 | Time: 16.26s | Loss: 19.3354 | Eval Return: -500.00
Epoch 671/1000: 100% 1000/1000 [00:13<00:00, 71.99it/s, loss=20.6525]
Epoch 672/1000: 100% 1000/1000 [00:14<00:00, 70.70it/s, loss=18.2981]
Epoch 673/1000: 100% 1000/1000 [00:14<00:00, 70.76it/s, loss=20.5732]
Epoch 674/1000: 100% 1000/1000 [00:13<00:00, 72.31it/s, loss=19.6215]
Epoch 675/1000: 100% 1000/1000 [00:13<00:00, 72.16it/s, loss=20.5834]
Epoch 676/1000: 100% 1000/1000 [00:14<00:00, 71.40it/s, loss=19.2129]
Epoch 677/1000: 100% 1000/1000 [00:13<00:00, 72.00it/s, loss=19.5315]
Epoch 678/1000: 100% 1000/1000 [00:14<00:00, 70.76it/s, loss=19.4815]
Epoch 679/1000: 100% 1000/1000 [00:14<00:00, 69.87it/s, loss=20.1699]
Epoch 680/1000: 100% 1000/1000 [00:14<00:00, 70.83it/s, loss=17.8407]
2025-11-07 19:45:12,802 [INFO] Epoch 680/1000 | Time: 16.26s | Loss: 17.8407 | Eval Return: -500.00
Epoch 681/1000: 100% 1000/1000 [00:13<00:00, 71.69it/s, loss=21.3840]
Epoch 682/1000: 100% 1000/1000 [00:13<00:00, 71.83it/s, loss=20.2387]
Epoch 683/1000: 100% 1000/1000 [00:13<00:00, 71.71it/s, loss=20.0228]
Epoch 684/1000: 100% 1000/1000 [00:14<00:00, 68.96it/s, loss=21.6376]
Epoch 685/1000: 100% 1000/1000 [00:13<00:00, 71.49it/s, loss=22.1860]
Epoch 686/1000: 100% 1000/1000 [00:13<00:00, 71.70it/s, loss=20.2675]
Epoch 687/1000: 100% 1000/1000 [00:14<00:00, 70.70it/s, loss=20.6879]
Epoch 688/1000: 100% 1000/1000 [00:13<00:00, 71.97it/s, loss=19.7126]
Epoch 689/1000: 100% 1000/1000 [00:14<00:00, 71.01it/s, loss=20.7924]
Epoch 690/1000: 100% 1000/1000 [00:14<00:00, 68.91it/s, loss=18.6521]
2025-11-07 19:47:36,133 [INFO] Epoch 690/1000 | Time: 16.89s | Loss: 18.6521 | Eval Return: -500.00
Epoch 691/1000: 100% 1000/1000 [00:14<00:00, 71.26it/s, loss=18.7348]
Epoch 692/1000: 100% 1000/1000 [00:14<00:00, 71.17it/s, loss=21.0799]
Epoch 693/1000: 100% 1000/1000 [00:13<00:00, 71.49it/s, loss=20.5997]
Epoch 694/1000: 100% 1000/1000 [00:14<00:00, 71.20it/s, loss=18.2889]
Epoch 695/1000: 100% 1000/1000 [00:14<00:00, 69.54it/s, loss=20.2827]
Epoch 696/1000: 100% 1000/1000 [00:14<00:00, 70.37it/s, loss=22.1882]
Epoch 697/1000: 100% 1000/1000 [00:13<00:00, 71.53it/s, loss=22.1329]
Epoch 698/1000: 100% 1000/1000 [00:13<00:00, 71.65it/s, loss=18.9163]
Epoch 699/1000: 100% 1000/1000 [00:13<00:00, 71.88it/s, loss=20.7488]
Epoch 700/1000: 100% 1000/1000 [00:13<00:00, 72.12it/s, loss=20.0384]
2025-11-07 19:49:59,160 [INFO] Epoch 700/1000 | Time: 16.40s | Loss: 20.0384 | Eval Return: -500.00
Epoch 701/1000: 100% 1000/1000 [00:14<00:00, 69.36it/s, loss=22.3773]
Epoch 702/1000: 100% 1000/1000 [00:14<00:00, 71.32it/s, loss=19.4193]
Epoch 703/1000: 100% 1000/1000 [00:13<00:00, 71.53it/s, loss=19.4144]
Epoch 704/1000: 100% 1000/1000 [00:13<00:00, 71.77it/s, loss=21.7004]
Epoch 705/1000: 100% 1000/1000 [00:13<00:00, 71.45it/s, loss=21.3247]
Epoch 706/1000: 100% 1000/1000 [00:14<00:00, 69.79it/s, loss=21.1369]
Epoch 707/1000: 100% 1000/1000 [00:14<00:00, 69.62it/s, loss=20.6609]
Epoch 708/1000: 100% 1000/1000 [00:14<00:00, 70.72it/s, loss=19.4808]
Epoch 709/1000: 100% 1000/1000 [00:14<00:00, 70.76it/s, loss=19.8575]
Epoch 710/1000: 100% 1000/1000 [00:14<00:00, 71.10it/s, loss=17.1659]
2025-11-07 19:52:22,773 [INFO] Epoch 710/1000 | Time: 16.21s | Loss: 17.1659 | Eval Return: -500.00
Epoch 711/1000: 100% 1000/1000 [00:14<00:00, 70.27it/s, loss=18.8809]
Epoch 712/1000: 100% 1000/1000 [00:14<00:00, 70.08it/s, loss=18.8966]
Epoch 713/1000: 100% 1000/1000 [00:14<00:00, 71.41it/s, loss=19.5766]
Epoch 714/1000: 100% 1000/1000 [00:13<00:00, 72.16it/s, loss=21.4755]
Epoch 715/1000: 100% 1000/1000 [00:13<00:00, 72.11it/s, loss=20.6298]
Epoch 716/1000: 100% 1000/1000 [00:13<00:00, 72.23it/s, loss=21.0947]
Epoch 717/1000: 100% 1000/1000 [00:13<00:00, 71.56it/s, loss=20.5119]
Epoch 718/1000: 100% 1000/1000 [00:14<00:00, 69.25it/s, loss=24.8530]
Epoch 719/1000: 100% 1000/1000 [00:13<00:00, 72.66it/s, loss=18.5481]
Epoch 720/1000: 100% 1000/1000 [00:13<00:00, 71.94it/s, loss=21.0691]
2025-11-07 19:54:45,103 [INFO] Epoch 720/1000 | Time: 16.00s | Loss: 21.0691 | Eval Return: -500.00
Epoch 721/1000: 100% 1000/1000 [00:13<00:00, 72.26it/s, loss=19.5927]
Epoch 722/1000: 100% 1000/1000 [00:13<00:00, 72.07it/s, loss=21.5011]
Epoch 723/1000: 100% 1000/1000 [00:14<00:00, 70.58it/s, loss=20.2580]
Epoch 724/1000: 100% 1000/1000 [00:13<00:00, 71.43it/s, loss=18.6454]
Epoch 725/1000: 100% 1000/1000 [00:13<00:00, 72.48it/s, loss=19.2573]
Epoch 726/1000: 100% 1000/1000 [00:13<00:00, 72.03it/s, loss=17.8635]
Epoch 727/1000: 100% 1000/1000 [00:13<00:00, 72.08it/s, loss=19.8491]
Epoch 728/1000: 100% 1000/1000 [00:13<00:00, 72.23it/s, loss=19.8027]
Epoch 729/1000: 100% 1000/1000 [00:13<00:00, 71.43it/s, loss=21.7628]
Epoch 730/1000: 100% 1000/1000 [00:14<00:00, 68.56it/s, loss=21.3752]
2025-11-07 19:57:07,194 [INFO] Epoch 730/1000 | Time: 16.74s | Loss: 21.3752 | Eval Return: -500.00
Epoch 731/1000: 100% 1000/1000 [00:13<00:00, 71.77it/s, loss=19.8110]
Epoch 732/1000: 100% 1000/1000 [00:13<00:00, 72.14it/s, loss=18.6100]
Epoch 733/1000: 100% 1000/1000 [00:13<00:00, 72.04it/s, loss=21.8606]
Epoch 734/1000: 100% 1000/1000 [00:13<00:00, 72.29it/s, loss=19.8180]
Epoch 735/1000: 100% 1000/1000 [00:14<00:00, 69.20it/s, loss=22.1062]
Epoch 736/1000: 100% 1000/1000 [00:13<00:00, 72.49it/s, loss=18.4816]
Epoch 737/1000: 100% 1000/1000 [00:13<00:00, 72.55it/s, loss=21.6455]
Epoch 738/1000: 100% 1000/1000 [00:13<00:00, 72.09it/s, loss=19.4363]
Epoch 739/1000: 100% 1000/1000 [00:14<00:00, 71.33it/s, loss=19.1349]
Epoch 740/1000: 100% 1000/1000 [00:13<00:00, 71.43it/s, loss=21.7538]
2025-11-07 19:59:29,256 [INFO] Epoch 740/1000 | Time: 16.56s | Loss: 21.7538 | Eval Return: -500.00
Epoch 741/1000: 100% 1000/1000 [00:14<00:00, 70.89it/s, loss=22.7794]
Epoch 742/1000: 100% 1000/1000 [00:13<00:00, 71.93it/s, loss=19.8466]
Epoch 743/1000: 100% 1000/1000 [00:13<00:00, 71.62it/s, loss=20.7664]
Epoch 744/1000: 100% 1000/1000 [00:13<00:00, 71.60it/s, loss=22.1786]
Epoch 745/1000: 100% 1000/1000 [00:13<00:00, 72.28it/s, loss=19.7119]
Epoch 746/1000: 100% 1000/1000 [00:13<00:00, 71.75it/s, loss=20.8699]
Epoch 747/1000: 100% 1000/1000 [00:14<00:00, 69.89it/s, loss=20.4645]
Epoch 748/1000: 100% 1000/1000 [00:13<00:00, 72.45it/s, loss=19.2831]
Epoch 749/1000: 100% 1000/1000 [00:13<00:00, 71.92it/s, loss=21.2931]
Epoch 750/1000: 100% 1000/1000 [00:13<00:00, 71.85it/s, loss=20.2470]
2025-11-07 20:01:51,102 [INFO] Epoch 750/1000 | Time: 16.04s | Loss: 20.2470 | Eval Return: -500.00
Epoch 751/1000: 100% 1000/1000 [00:13<00:00, 71.59it/s, loss=17.8903]
Epoch 752/1000: 100% 1000/1000 [00:14<00:00, 69.17it/s, loss=20.0133]
Epoch 753/1000: 100% 1000/1000 [00:13<00:00, 71.96it/s, loss=18.6856]
Epoch 754/1000: 100% 1000/1000 [00:13<00:00, 72.24it/s, loss=18.2190]
Epoch 755/1000: 100% 1000/1000 [00:13<00:00, 72.63it/s, loss=22.6149]
Epoch 756/1000: 100% 1000/1000 [00:14<00:00, 71.42it/s, loss=18.3731]
Epoch 757/1000: 100% 1000/1000 [00:14<00:00, 71.04it/s, loss=20.1811]
Epoch 758/1000: 100% 1000/1000 [00:14<00:00, 70.64it/s, loss=20.6093]
Epoch 759/1000: 100% 1000/1000 [00:14<00:00, 69.76it/s, loss=19.7406]
Epoch 760/1000: 100% 1000/1000 [00:14<00:00, 70.96it/s, loss=20.0328]
2025-11-07 20:04:13,905 [INFO] Epoch 760/1000 | Time: 16.22s | Loss: 20.0328 | Eval Return: -500.00
Epoch 761/1000: 100% 1000/1000 [00:14<00:00, 70.89it/s, loss=17.8330]
Epoch 762/1000: 100% 1000/1000 [00:14<00:00, 71.28it/s, loss=18.4053]
Epoch 763/1000: 100% 1000/1000 [00:14<00:00, 70.26it/s, loss=18.9478]
Epoch 764/1000: 100% 1000/1000 [00:14<00:00, 69.54it/s, loss=18.0709]
Epoch 765/1000: 100% 1000/1000 [00:14<00:00, 71.32it/s, loss=19.6647]
Epoch 766/1000: 100% 1000/1000 [00:13<00:00, 71.49it/s, loss=19.4015]
Epoch 767/1000: 100% 1000/1000 [00:13<00:00, 71.61it/s, loss=23.5059]
Epoch 768/1000: 100% 1000/1000 [00:13<00:00, 71.82it/s, loss=18.6691]
Epoch 769/1000: 100% 1000/1000 [00:14<00:00, 70.63it/s, loss=20.7412]
Epoch 770/1000: 100% 1000/1000 [00:14<00:00, 69.40it/s, loss=20.6491]
2025-11-07 20:06:37,302 [INFO] Epoch 770/1000 | Time: 16.52s | Loss: 20.6491 | Eval Return: -500.00
Epoch 771/1000: 100% 1000/1000 [00:13<00:00, 72.01it/s, loss=21.7535]
Epoch 772/1000: 100% 1000/1000 [00:13<00:00, 71.59it/s, loss=19.6047]
Epoch 773/1000: 100% 1000/1000 [00:13<00:00, 71.53it/s, loss=17.9439]
Epoch 774/1000: 100% 1000/1000 [00:14<00:00, 71.16it/s, loss=20.7740]
Epoch 775/1000: 100% 1000/1000 [00:14<00:00, 69.74it/s, loss=20.6292]
Epoch 776/1000: 100% 1000/1000 [00:13<00:00, 72.26it/s, loss=19.4378]
Epoch 777/1000: 100% 1000/1000 [00:13<00:00, 72.17it/s, loss=18.3461]
Epoch 778/1000: 100% 1000/1000 [00:13<00:00, 72.50it/s, loss=18.3379]
Epoch 779/1000: 100% 1000/1000 [00:13<00:00, 72.20it/s, loss=19.0209]
Epoch 780/1000: 100% 1000/1000 [00:13<00:00, 72.10it/s, loss=19.3788]
2025-11-07 20:08:59,262 [INFO] Epoch 780/1000 | Time: 16.33s | Loss: 19.3788 | Eval Return: -500.00
Epoch 781/1000: 100% 1000/1000 [00:14<00:00, 70.92it/s, loss=17.8955]
Epoch 782/1000: 100% 1000/1000 [00:13<00:00, 72.58it/s, loss=18.4762]
Epoch 783/1000: 100% 1000/1000 [00:13<00:00, 72.48it/s, loss=19.8616]
Epoch 784/1000: 100% 1000/1000 [00:13<00:00, 72.65it/s, loss=23.0605]
Epoch 785/1000: 100% 1000/1000 [00:13<00:00, 72.33it/s, loss=18.7127]
Epoch 786/1000: 100% 1000/1000 [00:13<00:00, 71.76it/s, loss=18.2837]
Epoch 787/1000: 100% 1000/1000 [00:14<00:00, 70.21it/s, loss=22.0597]
Epoch 788/1000: 100% 1000/1000 [00:13<00:00, 71.89it/s, loss=21.4875]
Epoch 789/1000: 100% 1000/1000 [00:13<00:00, 72.51it/s, loss=22.9506]
Epoch 790/1000: 100% 1000/1000 [00:13<00:00, 71.99it/s, loss=19.0119]
2025-11-07 20:11:20,485 [INFO] Epoch 790/1000 | Time: 16.00s | Loss: 19.0119 | Eval Return: -500.00
Epoch 791/1000: 100% 1000/1000 [00:13<00:00, 71.89it/s, loss=20.2863]
Epoch 792/1000: 100% 1000/1000 [00:13<00:00, 71.63it/s, loss=22.7318]
Epoch 793/1000: 100% 1000/1000 [00:14<00:00, 70.07it/s, loss=18.2005]
Epoch 794/1000: 100% 1000/1000 [00:13<00:00, 72.12it/s, loss=20.4523]
Epoch 795/1000: 100% 1000/1000 [00:13<00:00, 71.98it/s, loss=19.2676]
Epoch 796/1000: 100% 1000/1000 [00:13<00:00, 71.64it/s, loss=21.0246]
Epoch 797/1000: 100% 1000/1000 [00:13<00:00, 71.97it/s, loss=19.7363]
Epoch 798/1000: 100% 1000/1000 [00:13<00:00, 72.10it/s, loss=19.3881]
Epoch 799/1000: 100% 1000/1000 [00:14<00:00, 70.22it/s, loss=19.3648]
Epoch 800/1000: 100% 1000/1000 [00:13<00:00, 72.05it/s, loss=19.8775]
2025-11-07 20:13:42,410 [INFO] Epoch 800/1000 | Time: 15.99s | Loss: 19.8775 | Eval Return: -500.00
Epoch 801/1000: 100% 1000/1000 [00:13<00:00, 72.23it/s, loss=17.6754]
Epoch 802/1000: 100% 1000/1000 [00:13<00:00, 72.00it/s, loss=20.4281]
Epoch 803/1000: 100% 1000/1000 [00:14<00:00, 70.34it/s, loss=20.3821]
Epoch 804/1000: 100% 1000/1000 [00:14<00:00, 70.05it/s, loss=21.2052]
Epoch 805/1000: 100% 1000/1000 [00:13<00:00, 71.73it/s, loss=20.4194]
Epoch 806/1000: 100% 1000/1000 [00:13<00:00, 72.64it/s, loss=22.0596]
Epoch 807/1000: 100% 1000/1000 [00:13<00:00, 72.64it/s, loss=16.2707]
Epoch 808/1000: 100% 1000/1000 [00:13<00:00, 72.70it/s, loss=20.1574]
Epoch 809/1000: 100% 1000/1000 [00:13<00:00, 72.57it/s, loss=21.2686]
Epoch 810/1000: 100% 1000/1000 [00:13<00:00, 72.42it/s, loss=19.6332]
2025-11-07 20:16:04,246 [INFO] Epoch 810/1000 | Time: 16.53s | Loss: 19.6332 | Eval Return: -500.00
Epoch 811/1000: 100% 1000/1000 [00:13<00:00, 72.46it/s, loss=23.1992]
Epoch 812/1000: 100% 1000/1000 [00:13<00:00, 71.57it/s, loss=19.0519]
Epoch 813/1000: 100% 1000/1000 [00:14<00:00, 68.78it/s, loss=20.1281]
Epoch 814/1000: 100% 1000/1000 [00:14<00:00, 71.00it/s, loss=19.4753]
Epoch 815/1000: 100% 1000/1000 [00:13<00:00, 72.07it/s, loss=18.0839]
Epoch 816/1000: 100% 1000/1000 [00:14<00:00, 69.31it/s, loss=20.1454]
Epoch 817/1000: 100% 1000/1000 [00:14<00:00, 71.32it/s, loss=19.6398]
Epoch 818/1000: 100% 1000/1000 [00:14<00:00, 71.29it/s, loss=18.3719]
Epoch 819/1000: 100% 1000/1000 [00:13<00:00, 72.11it/s, loss=17.3449]
Epoch 820/1000: 100% 1000/1000 [00:13<00:00, 72.23it/s, loss=20.4757]
2025-11-07 20:18:26,872 [INFO] Epoch 820/1000 | Time: 15.94s | Loss: 20.4757 | Eval Return: -500.00
Epoch 821/1000: 100% 1000/1000 [00:14<00:00, 70.74it/s, loss=20.6255]
Epoch 822/1000: 100% 1000/1000 [00:14<00:00, 70.47it/s, loss=20.6161]
Epoch 823/1000: 100% 1000/1000 [00:13<00:00, 71.83it/s, loss=18.4661]
Epoch 824/1000: 100% 1000/1000 [00:13<00:00, 72.20it/s, loss=21.0360]
Epoch 825/1000: 100% 1000/1000 [00:13<00:00, 72.22it/s, loss=19.7685]
Epoch 826/1000: 100% 1000/1000 [00:13<00:00, 72.11it/s, loss=21.0052]
Epoch 827/1000: 100% 1000/1000 [00:13<00:00, 72.31it/s, loss=19.7048]
Epoch 828/1000: 100% 1000/1000 [00:14<00:00, 69.82it/s, loss=19.3838]
Epoch 829/1000: 100% 1000/1000 [00:13<00:00, 72.39it/s, loss=21.5304]
Epoch 830/1000: 100% 1000/1000 [00:13<00:00, 72.18it/s, loss=21.3295]
2025-11-07 20:20:48,693 [INFO] Epoch 830/1000 | Time: 15.96s | Loss: 21.3295 | Eval Return: -500.00
Epoch 831/1000: 100% 1000/1000 [00:13<00:00, 72.42it/s, loss=19.1502]
Epoch 832/1000: 100% 1000/1000 [00:13<00:00, 72.51it/s, loss=19.9889]
Epoch 833/1000: 100% 1000/1000 [00:13<00:00, 71.82it/s, loss=20.2867]
Epoch 834/1000: 100% 1000/1000 [00:14<00:00, 70.70it/s, loss=19.0353]
Epoch 835/1000: 100% 1000/1000 [00:13<00:00, 72.58it/s, loss=19.3095]
Epoch 836/1000: 100% 1000/1000 [00:13<00:00, 72.13it/s, loss=22.4211]
Epoch 837/1000: 100% 1000/1000 [00:13<00:00, 72.20it/s, loss=19.6041]
Epoch 838/1000: 100% 1000/1000 [00:13<00:00, 72.69it/s, loss=19.8072]
Epoch 839/1000: 100% 1000/1000 [00:13<00:00, 71.72it/s, loss=21.7096]
Epoch 840/1000: 100% 1000/1000 [00:14<00:00, 70.81it/s, loss=21.4209]
2025-11-07 20:23:10,170 [INFO] Epoch 840/1000 | Time: 16.55s | Loss: 21.4209 | Eval Return: -500.00
Epoch 841/1000: 100% 1000/1000 [00:13<00:00, 72.34it/s, loss=19.3924]
Epoch 842/1000: 100% 1000/1000 [00:13<00:00, 72.64it/s, loss=22.9919]
Epoch 843/1000: 100% 1000/1000 [00:13<00:00, 71.77it/s, loss=19.4506]
Epoch 844/1000: 100% 1000/1000 [00:13<00:00, 72.48it/s, loss=21.8413]
Epoch 845/1000: 100% 1000/1000 [00:13<00:00, 72.26it/s, loss=18.4083]
Epoch 846/1000: 100% 1000/1000 [00:14<00:00, 69.91it/s, loss=20.8182]
Epoch 847/1000: 100% 1000/1000 [00:13<00:00, 72.52it/s, loss=22.3987]
Epoch 848/1000: 100% 1000/1000 [00:13<00:00, 72.09it/s, loss=23.0969]
Epoch 849/1000: 100% 1000/1000 [00:13<00:00, 72.40it/s, loss=20.4054]
Epoch 850/1000: 100% 1000/1000 [00:13<00:00, 72.72it/s, loss=20.4322]
2025-11-07 20:25:31,104 [INFO] Epoch 850/1000 | Time: 15.92s | Loss: 20.4322 | Eval Return: -500.00
Epoch 851/1000: 100% 1000/1000 [00:14<00:00, 71.01it/s, loss=18.5534]
Epoch 852/1000: 100% 1000/1000 [00:14<00:00, 71.22it/s, loss=18.6345]
Epoch 853/1000: 100% 1000/1000 [00:13<00:00, 71.88it/s, loss=20.6971]
Epoch 854/1000: 100% 1000/1000 [00:13<00:00, 72.51it/s, loss=19.9060]
Epoch 855/1000: 100% 1000/1000 [00:13<00:00, 72.48it/s, loss=20.9096]
Epoch 856/1000: 100% 1000/1000 [00:13<00:00, 72.10it/s, loss=22.2912]
Epoch 857/1000: 100% 1000/1000 [00:13<00:00, 71.84it/s, loss=20.5073]
Epoch 858/1000: 100% 1000/1000 [00:14<00:00, 69.33it/s, loss=21.0930]
Epoch 859/1000: 100% 1000/1000 [00:13<00:00, 72.10it/s, loss=18.2078]
Epoch 860/1000: 100% 1000/1000 [00:13<00:00, 71.93it/s, loss=16.5649]
2025-11-07 20:27:52,889 [INFO] Epoch 860/1000 | Time: 16.00s | Loss: 16.5649 | Eval Return: -500.00
Epoch 861/1000: 100% 1000/1000 [00:14<00:00, 71.02it/s, loss=21.0763]
Epoch 862/1000: 100% 1000/1000 [00:13<00:00, 71.62it/s, loss=18.7655]
Epoch 863/1000: 100% 1000/1000 [00:14<00:00, 70.05it/s, loss=21.0525]
Epoch 864/1000: 100% 1000/1000 [00:14<00:00, 71.39it/s, loss=20.7191]
Epoch 865/1000: 100% 1000/1000 [00:13<00:00, 72.42it/s, loss=21.3372]
Epoch 866/1000: 100% 1000/1000 [00:13<00:00, 72.48it/s, loss=20.6393]
Epoch 867/1000: 100% 1000/1000 [00:13<00:00, 72.68it/s, loss=19.8530]
Epoch 868/1000: 100% 1000/1000 [00:13<00:00, 72.75it/s, loss=17.9091]
Epoch 869/1000: 100% 1000/1000 [00:13<00:00, 72.72it/s, loss=17.7768]
Epoch 870/1000: 100% 1000/1000 [00:14<00:00, 70.08it/s, loss=20.4093]
2025-11-07 20:30:14,661 [INFO] Epoch 870/1000 | Time: 16.51s | Loss: 20.4093 | Eval Return: -500.00
Epoch 871/1000: 100% 1000/1000 [00:13<00:00, 71.79it/s, loss=21.1226]
Epoch 872/1000: 100% 1000/1000 [00:13<00:00, 71.83it/s, loss=21.9052]
Epoch 873/1000: 100% 1000/1000 [00:13<00:00, 72.71it/s, loss=18.1173]
Epoch 874/1000: 100% 1000/1000 [00:13<00:00, 72.70it/s, loss=21.8971]
Epoch 875/1000: 100% 1000/1000 [00:14<00:00, 71.00it/s, loss=21.4084]
Epoch 876/1000: 100% 1000/1000 [00:14<00:00, 70.55it/s, loss=17.9618]
Epoch 877/1000: 100% 1000/1000 [00:13<00:00, 72.55it/s, loss=17.0255]
Epoch 878/1000: 100% 1000/1000 [00:13<00:00, 72.75it/s, loss=21.9851]
Epoch 879/1000: 100% 1000/1000 [00:13<00:00, 72.81it/s, loss=19.7388]
Epoch 880/1000: 100% 1000/1000 [00:13<00:00, 72.69it/s, loss=22.5081]
2025-11-07 20:32:35,461 [INFO] Epoch 880/1000 | Time: 15.85s | Loss: 22.5081 | Eval Return: -500.00
Epoch 881/1000: 100% 1000/1000 [00:14<00:00, 71.00it/s, loss=18.3370]
Epoch 882/1000: 100% 1000/1000 [00:13<00:00, 71.85it/s, loss=21.2746]
Epoch 883/1000: 100% 1000/1000 [00:13<00:00, 71.77it/s, loss=22.7391]
Epoch 884/1000: 100% 1000/1000 [00:13<00:00, 71.98it/s, loss=21.8991]
Epoch 885/1000: 100% 1000/1000 [00:13<00:00, 72.00it/s, loss=20.7700]
Epoch 886/1000: 100% 1000/1000 [00:13<00:00, 72.78it/s, loss=21.7744]
Epoch 887/1000: 100% 1000/1000 [00:13<00:00, 71.97it/s, loss=19.5638]
Epoch 888/1000: 100% 1000/1000 [00:14<00:00, 69.50it/s, loss=21.2352]
Epoch 889/1000: 100% 1000/1000 [00:13<00:00, 72.47it/s, loss=22.1267]
Epoch 890/1000: 100% 1000/1000 [00:13<00:00, 72.87it/s, loss=19.6214]
2025-11-07 20:34:56,903 [INFO] Epoch 890/1000 | Time: 15.83s | Loss: 19.6214 | Eval Return: -500.00
Epoch 891/1000: 100% 1000/1000 [00:13<00:00, 72.44it/s, loss=17.5350]
Epoch 892/1000: 100% 1000/1000 [00:13<00:00, 73.00it/s, loss=20.5256]
Epoch 893/1000: 100% 1000/1000 [00:13<00:00, 71.73it/s, loss=19.5137]
Epoch 894/1000: 100% 1000/1000 [00:14<00:00, 70.74it/s, loss=21.1158]
Epoch 895/1000: 100% 1000/1000 [00:13<00:00, 72.59it/s, loss=16.9561]
Epoch 896/1000: 100% 1000/1000 [00:13<00:00, 72.44it/s, loss=19.6402]
Epoch 897/1000: 100% 1000/1000 [00:13<00:00, 72.90it/s, loss=19.9166]
Epoch 898/1000: 100% 1000/1000 [00:13<00:00, 72.83it/s, loss=18.9660]
Epoch 899/1000: 100% 1000/1000 [00:13<00:00, 72.62it/s, loss=18.7757]
Epoch 900/1000: 100% 1000/1000 [00:14<00:00, 71.38it/s, loss=18.8991]
2025-11-07 20:37:17,868 [INFO] Epoch 900/1000 | Time: 16.51s | Loss: 18.8991 | Eval Return: -500.00
Epoch 901/1000: 100% 1000/1000 [00:13<00:00, 72.72it/s, loss=20.7053]
Epoch 902/1000: 100% 1000/1000 [00:13<00:00, 72.37it/s, loss=23.1682]
Epoch 903/1000: 100% 1000/1000 [00:13<00:00, 72.91it/s, loss=20.5397]
Epoch 904/1000: 100% 1000/1000 [00:13<00:00, 72.20it/s, loss=18.6471]
Epoch 905/1000: 100% 1000/1000 [00:13<00:00, 72.07it/s, loss=18.8970]
Epoch 906/1000: 100% 1000/1000 [00:14<00:00, 69.13it/s, loss=19.1099]
Epoch 907/1000: 100% 1000/1000 [00:13<00:00, 73.05it/s, loss=20.1930]
Epoch 908/1000: 100% 1000/1000 [00:13<00:00, 72.62it/s, loss=18.5980]
Epoch 909/1000: 100% 1000/1000 [00:13<00:00, 72.71it/s, loss=18.1169]
Epoch 910/1000: 100% 1000/1000 [00:13<00:00, 72.48it/s, loss=17.7559]
2025-11-07 20:39:38,545 [INFO] Epoch 910/1000 | Time: 15.91s | Loss: 17.7559 | Eval Return: -500.00
Epoch 911/1000: 100% 1000/1000 [00:13<00:00, 71.58it/s, loss=18.7345]
Epoch 912/1000: 100% 1000/1000 [00:14<00:00, 70.58it/s, loss=19.9241]
Epoch 913/1000: 100% 1000/1000 [00:13<00:00, 72.54it/s, loss=19.1838]
Epoch 914/1000: 100% 1000/1000 [00:13<00:00, 72.94it/s, loss=23.5594]
Epoch 915/1000: 100% 1000/1000 [00:13<00:00, 72.44it/s, loss=18.8517]
Epoch 916/1000: 100% 1000/1000 [00:13<00:00, 72.58it/s, loss=20.2408]
Epoch 917/1000: 100% 1000/1000 [00:14<00:00, 71.07it/s, loss=19.0549]
Epoch 918/1000: 100% 1000/1000 [00:14<00:00, 70.29it/s, loss=20.4959]
Epoch 919/1000: 100% 1000/1000 [00:14<00:00, 70.80it/s, loss=19.5928]
Epoch 920/1000: 100% 1000/1000 [00:13<00:00, 72.10it/s, loss=21.6682]
2025-11-07 20:42:00,223 [INFO] Epoch 920/1000 | Time: 15.97s | Loss: 21.6682 | Eval Return: -500.00
Epoch 921/1000: 100% 1000/1000 [00:13<00:00, 72.12it/s, loss=20.5690]
Epoch 922/1000: 100% 1000/1000 [00:13<00:00, 72.33it/s, loss=24.6215]
Epoch 923/1000: 100% 1000/1000 [00:13<00:00, 71.74it/s, loss=20.5032]
Epoch 924/1000: 100% 1000/1000 [00:14<00:00, 70.05it/s, loss=18.6953]
Epoch 925/1000: 100% 1000/1000 [00:13<00:00, 72.46it/s, loss=20.2690]
Epoch 926/1000: 100% 1000/1000 [00:13<00:00, 72.21it/s, loss=22.5781]
Epoch 927/1000: 100% 1000/1000 [00:14<00:00, 71.37it/s, loss=20.8012]
Epoch 928/1000: 100% 1000/1000 [00:13<00:00, 72.29it/s, loss=18.2000]
Epoch 929/1000: 100% 1000/1000 [00:13<00:00, 72.43it/s, loss=21.3303]
Epoch 930/1000: 100% 1000/1000 [00:13<00:00, 71.71it/s, loss=20.0403]
2025-11-07 20:44:21,970 [INFO] Epoch 930/1000 | Time: 16.47s | Loss: 20.0403 | Eval Return: -500.00
Epoch 931/1000: 100% 1000/1000 [00:13<00:00, 72.01it/s, loss=19.6483]
Epoch 932/1000: 100% 1000/1000 [00:13<00:00, 72.82it/s, loss=21.2849]
Epoch 933/1000: 100% 1000/1000 [00:13<00:00, 72.62it/s, loss=19.7330]
Epoch 934/1000: 100% 1000/1000 [00:13<00:00, 72.21it/s, loss=20.3502]
Epoch 935/1000: 100% 1000/1000 [00:13<00:00, 72.38it/s, loss=22.4224]
Epoch 936/1000: 100% 1000/1000 [00:14<00:00, 68.95it/s, loss=18.7186]
Epoch 937/1000: 100% 1000/1000 [00:13<00:00, 72.17it/s, loss=17.0797]
Epoch 938/1000: 100% 1000/1000 [00:13<00:00, 72.48it/s, loss=18.8907]
Epoch 939/1000: 100% 1000/1000 [00:13<00:00, 72.80it/s, loss=19.3400]
Epoch 940/1000: 100% 1000/1000 [00:13<00:00, 72.30it/s, loss=20.6554]
2025-11-07 20:46:42,927 [INFO] Epoch 940/1000 | Time: 15.94s | Loss: 20.6554 | Eval Return: -500.00
Epoch 941/1000: 100% 1000/1000 [00:13<00:00, 71.88it/s, loss=18.8203]
Epoch 942/1000: 100% 1000/1000 [00:14<00:00, 70.57it/s, loss=21.1193]
Epoch 943/1000: 100% 1000/1000 [00:13<00:00, 72.74it/s, loss=21.0533]
Epoch 944/1000: 100% 1000/1000 [00:13<00:00, 72.70it/s, loss=20.6327]
Epoch 945/1000: 100% 1000/1000 [00:13<00:00, 72.88it/s, loss=19.0303]
Epoch 946/1000: 100% 1000/1000 [00:13<00:00, 72.05it/s, loss=18.5137]
Epoch 947/1000: 100% 1000/1000 [00:13<00:00, 72.30it/s, loss=22.0614]
Epoch 948/1000: 100% 1000/1000 [00:13<00:00, 71.48it/s, loss=25.9892]
Epoch 949/1000: 100% 1000/1000 [00:14<00:00, 70.24it/s, loss=20.3000]
Epoch 950/1000: 100% 1000/1000 [00:13<00:00, 71.80it/s, loss=20.6328]
2025-11-07 20:49:04,279 [INFO] Epoch 950/1000 | Time: 16.03s | Loss: 20.6328 | Eval Return: -500.00
Epoch 951/1000: 100% 1000/1000 [00:13<00:00, 72.40it/s, loss=18.1591]
Epoch 952/1000: 100% 1000/1000 [00:13<00:00, 73.00it/s, loss=17.2036]
Epoch 953/1000: 100% 1000/1000 [00:13<00:00, 72.37it/s, loss=21.5070]
Epoch 954/1000: 100% 1000/1000 [00:14<00:00, 70.73it/s, loss=18.8763]
Epoch 955/1000: 100% 1000/1000 [00:13<00:00, 71.62it/s, loss=21.5498]
Epoch 956/1000: 100% 1000/1000 [00:13<00:00, 72.35it/s, loss=20.2766]
Epoch 957/1000: 100% 1000/1000 [00:13<00:00, 71.91it/s, loss=18.0977]
Epoch 958/1000: 100% 1000/1000 [00:13<00:00, 72.86it/s, loss=22.3010]
Epoch 959/1000: 100% 1000/1000 [00:13<00:00, 72.41it/s, loss=19.9898]
Epoch 960/1000: 100% 1000/1000 [00:13<00:00, 72.41it/s, loss=21.4293]
2025-11-07 20:51:25,567 [INFO] Epoch 960/1000 | Time: 16.51s | Loss: 21.4293 | Eval Return: -500.00
Epoch 961/1000: 100% 1000/1000 [00:13<00:00, 71.67it/s, loss=20.8209]
Epoch 962/1000: 100% 1000/1000 [00:13<00:00, 71.51it/s, loss=17.6437]
Epoch 963/1000: 100% 1000/1000 [00:14<00:00, 71.42it/s, loss=21.2386]
Epoch 964/1000: 100% 1000/1000 [00:13<00:00, 72.34it/s, loss=18.8589]
Epoch 965/1000: 100% 1000/1000 [00:13<00:00, 73.22it/s, loss=17.8745]
Epoch 966/1000: 100% 1000/1000 [00:14<00:00, 71.20it/s, loss=19.0105]
Epoch 967/1000: 100% 1000/1000 [00:13<00:00, 71.47it/s, loss=21.7321]
Epoch 968/1000: 100% 1000/1000 [00:13<00:00, 72.57it/s, loss=19.2157]
Epoch 969/1000: 100% 1000/1000 [00:13<00:00, 72.40it/s, loss=17.8173]
Epoch 970/1000: 100% 1000/1000 [00:13<00:00, 72.70it/s, loss=20.4424]
2025-11-07 20:53:46,550 [INFO] Epoch 970/1000 | Time: 15.87s | Loss: 20.4424 | Eval Return: -500.00
Epoch 971/1000: 100% 1000/1000 [00:13<00:00, 72.45it/s, loss=19.9862]
Epoch 972/1000: 100% 1000/1000 [00:14<00:00, 70.28it/s, loss=19.1865]
Epoch 973/1000: 100% 1000/1000 [00:13<00:00, 71.70it/s, loss=22.0300]
Epoch 974/1000: 100% 1000/1000 [00:13<00:00, 71.90it/s, loss=20.6890]
Epoch 975/1000: 100% 1000/1000 [00:13<00:00, 72.82it/s, loss=17.4751]
Epoch 976/1000: 100% 1000/1000 [00:13<00:00, 72.52it/s, loss=18.0847]
Epoch 977/1000: 100% 1000/1000 [00:13<00:00, 72.49it/s, loss=18.6004]
Epoch 978/1000: 100% 1000/1000 [00:13<00:00, 72.95it/s, loss=19.0133]
Epoch 979/1000: 100% 1000/1000 [00:14<00:00, 70.39it/s, loss=20.8018]
Epoch 980/1000: 100% 1000/1000 [00:13<00:00, 71.95it/s, loss=18.7093]
2025-11-07 20:56:07,751 [INFO] Epoch 980/1000 | Time: 16.02s | Loss: 18.7093 | Eval Return: -500.00
Epoch 981/1000: 100% 1000/1000 [00:13<00:00, 72.24it/s, loss=21.0074]
Epoch 982/1000: 100% 1000/1000 [00:13<00:00, 72.45it/s, loss=19.8629]
Epoch 983/1000: 100% 1000/1000 [00:13<00:00, 72.60it/s, loss=17.5470]
Epoch 984/1000: 100% 1000/1000 [00:13<00:00, 72.02it/s, loss=21.5257]
Epoch 985/1000: 100% 1000/1000 [00:14<00:00, 69.79it/s, loss=20.8399]
Epoch 986/1000: 100% 1000/1000 [00:13<00:00, 72.44it/s, loss=23.4542]
Epoch 987/1000: 100% 1000/1000 [00:13<00:00, 72.59it/s, loss=20.1390]
Epoch 988/1000: 100% 1000/1000 [00:13<00:00, 72.33it/s, loss=19.2471]
Epoch 989/1000: 100% 1000/1000 [00:13<00:00, 72.38it/s, loss=20.7405]
Epoch 990/1000: 100% 1000/1000 [00:13<00:00, 72.67it/s, loss=19.2654]
2025-11-07 20:58:28,854 [INFO] Epoch 990/1000 | Time: 16.18s | Loss: 19.2654 | Eval Return: -500.00
Epoch 991/1000: 100% 1000/1000 [00:14<00:00, 70.51it/s, loss=17.9979]
Epoch 992/1000: 100% 1000/1000 [00:13<00:00, 72.34it/s, loss=20.5858]
Epoch 993/1000: 100% 1000/1000 [00:13<00:00, 71.78it/s, loss=21.7425]
Epoch 994/1000: 100% 1000/1000 [00:13<00:00, 72.13it/s, loss=19.6342]
Epoch 995/1000: 100% 1000/1000 [00:13<00:00, 72.41it/s, loss=19.1682]
Epoch 996/1000: 100% 1000/1000 [00:13<00:00, 72.48it/s, loss=19.0798]
Epoch 997/1000: 100% 1000/1000 [00:14<00:00, 69.60it/s, loss=22.9590]
Epoch 998/1000: 100% 1000/1000 [00:13<00:00, 71.93it/s, loss=18.0046]
Epoch 999/1000: 100% 1000/1000 [00:13<00:00, 72.68it/s, loss=17.1349]
Epoch 1000/1000: 100% 1000/1000 [00:13<00:00, 72.23it/s, loss=22.3573]
2025-11-07 21:00:50,308 [INFO] Epoch 1000/1000 | Time: 15.95s | Loss: 22.3573 | Eval Return: -500.00
2025-11-07 21:00:50,321 [INFO] Training complete.