2025-11-07 09:04:28.337884: E external/local_xla/xla/stream_executor/cuda/cuda_fft.cc:467] Unable to register cuFFT factory: Attempting to register factory for plugin cuFFT when one has already been registered
WARNING: All log messages before absl::InitializeLog() is called are written to STDERR
E0000 00:00:1762506268.588620    1985 cuda_dnn.cc:8579] Unable to register cuDNN factory: Attempting to register factory for plugin cuDNN when one has already been registered
E0000 00:00:1762506268.668301    1985 cuda_blas.cc:1407] Unable to register cuBLAS factory: Attempting to register factory for plugin cuBLAS when one has already been registered
W0000 00:00:1762506269.172671    1985 computation_placer.cc:177] computation placer already registered. Please check linkage and avoid linking the same target more than once.
W0000 00:00:1762506269.172715    1985 computation_placer.cc:177] computation placer already registered. Please check linkage and avoid linking the same target more than once.
W0000 00:00:1762506269.172723    1985 computation_placer.cc:177] computation placer already registered. Please check linkage and avoid linking the same target more than once.
W0000 00:00:1762506269.172730    1985 computation_placer.cc:177] computation placer already registered. Please check linkage and avoid linking the same target more than once.
2025-11-07 09:04:29.222618: I tensorflow/core/platform/cpu_feature_guard.cc:210] This TensorFlow binary is optimized to use available CPU instructions in performance-critical operations.
To enable the following instructions: AVX2 FMA, in other operations, rebuild TensorFlow with the appropriate compiler flags.
2025-11-07 09:04:35,815 [INFO] Checking for dataset...
2025-11-07 09:04:35,816 [INFO] Dataset found at /content/neuromorphic_decision_transformer/data/CartPole-v1/dataset.npz.
2025-11-07 09:04:35,816 [INFO] Starting training...
2025-11-07 09:04:52,741 [INFO] Dataset size: 22826 clips
2025-11-07 09:04:52,759 [INFO] DataLoader created with num_workers=0 and pin_memory=False.
2025-11-07 09:04:58,543 [INFO] Starting training loop...
Epoch 1/1000: 100% 1000/1000 [00:14<00:00, 66.85it/s, loss=1.7972]
Epoch 2/1000: 100% 1000/1000 [00:13<00:00, 73.11it/s, loss=3.9624]
Epoch 3/1000: 100% 1000/1000 [00:13<00:00, 73.06it/s, loss=5.6107]
Epoch 4/1000: 100% 1000/1000 [00:13<00:00, 73.35it/s, loss=7.3649]
Epoch 5/1000: 100% 1000/1000 [00:13<00:00, 71.54it/s, loss=8.7040]
Epoch 6/1000: 100% 1000/1000 [00:13<00:00, 71.89it/s, loss=9.1290]
Epoch 7/1000: 100% 1000/1000 [00:13<00:00, 72.99it/s, loss=9.0766]
Epoch 8/1000: 100% 1000/1000 [00:13<00:00, 73.04it/s, loss=9.6816]
Epoch 9/1000: 100% 1000/1000 [00:13<00:00, 73.02it/s, loss=9.8722]
Epoch 10/1000: 100% 1000/1000 [00:13<00:00, 72.87it/s, loss=10.1629]
2025-11-07 09:07:17,258 [INFO] Epoch 10/1000 | Time: 13.78s | Loss: 10.1629 | Eval Return: 9.10
2025-11-07 09:07:17,269 [INFO] New best eval return: 9.10. Saved best model.
Epoch 11/1000: 100% 1000/1000 [00:13<00:00, 72.90it/s, loss=11.3231]
Epoch 12/1000: 100% 1000/1000 [00:14<00:00, 70.84it/s, loss=13.4921]
Epoch 13/1000: 100% 1000/1000 [00:13<00:00, 73.32it/s, loss=22.2421]
Epoch 14/1000: 100% 1000/1000 [00:13<00:00, 73.20it/s, loss=43.6330]
Epoch 15/1000: 100% 1000/1000 [00:13<00:00, 73.30it/s, loss=65.5204]
Epoch 16/1000: 100% 1000/1000 [00:13<00:00, 72.99it/s, loss=73.2872]
Epoch 17/1000: 100% 1000/1000 [00:13<00:00, 72.94it/s, loss=89.3086]
Epoch 18/1000: 100% 1000/1000 [00:13<00:00, 72.58it/s, loss=103.0520]
Epoch 19/1000: 100% 1000/1000 [00:14<00:00, 70.85it/s, loss=100.1893]
Epoch 20/1000: 100% 1000/1000 [00:13<00:00, 72.59it/s, loss=94.4544]
2025-11-07 09:09:35,164 [INFO] Epoch 20/1000 | Time: 13.81s | Loss: 94.4544 | Eval Return: 9.40
2025-11-07 09:09:35,172 [INFO] New best eval return: 9.40. Saved best model.
Epoch 21/1000: 100% 1000/1000 [00:13<00:00, 72.65it/s, loss=82.0936]
Epoch 22/1000: 100% 1000/1000 [00:13<00:00, 72.38it/s, loss=61.7464]
Epoch 23/1000: 100% 1000/1000 [00:13<00:00, 73.04it/s, loss=37.3304]
Epoch 24/1000: 100% 1000/1000 [00:13<00:00, 73.46it/s, loss=17.3759]
Epoch 25/1000: 100% 1000/1000 [00:14<00:00, 71.41it/s, loss=8.5264]
Epoch 26/1000: 100% 1000/1000 [00:13<00:00, 72.65it/s, loss=6.1401]
Epoch 27/1000: 100% 1000/1000 [00:13<00:00, 73.49it/s, loss=5.1290]
Epoch 28/1000: 100% 1000/1000 [00:13<00:00, 73.49it/s, loss=4.3607]
Epoch 29/1000: 100% 1000/1000 [00:13<00:00, 73.04it/s, loss=3.4373]
Epoch 30/1000: 100% 1000/1000 [00:13<00:00, 73.75it/s, loss=2.8738]
2025-11-07 09:11:52,332 [INFO] Epoch 30/1000 | Time: 13.59s | Loss: 2.8738 | Eval Return: 9.80
2025-11-07 09:11:52,341 [INFO] New best eval return: 9.80. Saved best model.
Epoch 31/1000: 100% 1000/1000 [00:13<00:00, 73.16it/s, loss=3.3705]
Epoch 32/1000: 100% 1000/1000 [00:13<00:00, 71.69it/s, loss=5.0776]
Epoch 33/1000: 100% 1000/1000 [00:13<00:00, 72.84it/s, loss=10.3272]
Epoch 34/1000: 100% 1000/1000 [00:13<00:00, 73.52it/s, loss=20.1346]
Epoch 35/1000: 100% 1000/1000 [00:13<00:00, 73.35it/s, loss=36.6173]
Epoch 36/1000: 100% 1000/1000 [00:13<00:00, 73.52it/s, loss=54.2729]
Epoch 37/1000: 100% 1000/1000 [00:13<00:00, 73.48it/s, loss=70.6825]
Epoch 38/1000: 100% 1000/1000 [00:13<00:00, 73.27it/s, loss=80.3551]
Epoch 39/1000: 100% 1000/1000 [00:14<00:00, 71.29it/s, loss=80.9734]
Epoch 40/1000: 100% 1000/1000 [00:13<00:00, 72.64it/s, loss=76.9658]
2025-11-07 09:14:09,614 [INFO] Epoch 40/1000 | Time: 13.80s | Loss: 76.9658 | Eval Return: 9.10
Epoch 41/1000: 100% 1000/1000 [00:13<00:00, 72.45it/s, loss=68.2214]
Epoch 42/1000: 100% 1000/1000 [00:13<00:00, 72.89it/s, loss=53.9230]
Epoch 43/1000: 100% 1000/1000 [00:13<00:00, 72.78it/s, loss=38.5162]
Epoch 44/1000: 100% 1000/1000 [00:13<00:00, 72.30it/s, loss=24.5576]
Epoch 45/1000: 100% 1000/1000 [00:13<00:00, 72.49it/s, loss=13.3107]
Epoch 46/1000: 100% 1000/1000 [00:14<00:00, 71.33it/s, loss=6.4162]
Epoch 47/1000: 100% 1000/1000 [00:13<00:00, 73.75it/s, loss=4.9797]
Epoch 48/1000: 100% 1000/1000 [00:13<00:00, 73.75it/s, loss=8.4189]
Epoch 49/1000: 100% 1000/1000 [00:13<00:00, 73.63it/s, loss=14.2309]
Epoch 50/1000: 100% 1000/1000 [00:13<00:00, 73.19it/s, loss=18.3318]
2025-11-07 09:16:26,925 [INFO] Epoch 50/1000 | Time: 13.70s | Loss: 18.3318 | Eval Return: 9.50
Epoch 51/1000: 100% 1000/1000 [00:13<00:00, 72.98it/s, loss=18.8276]
Epoch 52/1000: 100% 1000/1000 [00:13<00:00, 73.11it/s, loss=15.4778]
Epoch 53/1000: 100% 1000/1000 [00:14<00:00, 70.75it/s, loss=10.3312]
Epoch 54/1000: 100% 1000/1000 [00:13<00:00, 73.36it/s, loss=6.3658]
Epoch 55/1000: 100% 1000/1000 [00:13<00:00, 73.19it/s, loss=6.9661]
Epoch 56/1000: 100% 1000/1000 [00:13<00:00, 72.72it/s, loss=16.3852]
Epoch 57/1000: 100% 1000/1000 [00:13<00:00, 72.36it/s, loss=38.2334]
Epoch 58/1000: 100% 1000/1000 [00:13<00:00, 72.41it/s, loss=75.2068]
Epoch 59/1000: 100% 1000/1000 [00:14<00:00, 70.61it/s, loss=117.7546]
Epoch 60/1000: 100% 1000/1000 [00:13<00:00, 72.16it/s, loss=164.2838]
2025-11-07 09:18:45,181 [INFO] Epoch 60/1000 | Time: 13.89s | Loss: 164.2838 | Eval Return: 9.40
Epoch 61/1000: 100% 1000/1000 [00:13<00:00, 73.35it/s, loss=196.1505]
Epoch 62/1000: 100% 1000/1000 [00:13<00:00, 72.92it/s, loss=220.3642]
Epoch 63/1000: 100% 1000/1000 [00:13<00:00, 73.29it/s, loss=225.6085]
Epoch 64/1000: 100% 1000/1000 [00:13<00:00, 72.84it/s, loss=217.7670]
Epoch 65/1000: 100% 1000/1000 [00:13<00:00, 73.45it/s, loss=195.6739]
Epoch 66/1000: 100% 1000/1000 [00:14<00:00, 71.04it/s, loss=165.5006]
Epoch 67/1000: 100% 1000/1000 [00:13<00:00, 71.69it/s, loss=128.5885]
Epoch 68/1000: 100% 1000/1000 [00:13<00:00, 73.13it/s, loss=91.9190]
Epoch 69/1000: 100% 1000/1000 [00:13<00:00, 73.13it/s, loss=60.9321]
Epoch 70/1000: 100% 1000/1000 [00:13<00:00, 72.96it/s, loss=38.5182]
2025-11-07 09:21:02,636 [INFO] Epoch 70/1000 | Time: 13.74s | Loss: 38.5182 | Eval Return: 9.00
Epoch 71/1000: 100% 1000/1000 [00:13<00:00, 73.55it/s, loss=26.8341]
Epoch 72/1000: 100% 1000/1000 [00:13<00:00, 72.02it/s, loss=28.0516]
Epoch 73/1000: 100% 1000/1000 [00:14<00:00, 71.22it/s, loss=43.6787]
Epoch 74/1000: 100% 1000/1000 [00:13<00:00, 73.34it/s, loss=70.9940]
Epoch 75/1000: 100% 1000/1000 [00:13<00:00, 72.88it/s, loss=104.0728]
Epoch 76/1000: 100% 1000/1000 [00:13<00:00, 73.09it/s, loss=135.9602]
Epoch 77/1000: 100% 1000/1000 [00:13<00:00, 73.12it/s, loss=150.4723]
Epoch 78/1000: 100% 1000/1000 [00:13<00:00, 73.35it/s, loss=144.9815]
Epoch 79/1000: 100% 1000/1000 [00:13<00:00, 72.02it/s, loss=122.1771]
Epoch 80/1000: 100% 1000/1000 [00:13<00:00, 71.67it/s, loss=90.9725]
2025-11-07 09:23:20,385 [INFO] Epoch 80/1000 | Time: 13.99s | Loss: 90.9725 | Eval Return: 9.20
Epoch 81/1000: 100% 1000/1000 [00:13<00:00, 73.12it/s, loss=51.2031]
Epoch 82/1000: 100% 1000/1000 [00:13<00:00, 72.81it/s, loss=27.4966]
Epoch 83/1000: 100% 1000/1000 [00:13<00:00, 73.03it/s, loss=39.1911]
Epoch 84/1000: 100% 1000/1000 [00:13<00:00, 72.28it/s, loss=82.3054]
Epoch 85/1000: 100% 1000/1000 [00:13<00:00, 72.98it/s, loss=184.5253]
Epoch 86/1000: 100% 1000/1000 [00:14<00:00, 70.21it/s, loss=338.7273]
Epoch 87/1000: 100% 1000/1000 [00:13<00:00, 72.37it/s, loss=223.9284]
Epoch 88/1000: 100% 1000/1000 [00:13<00:00, 72.18it/s, loss=199.3470]
Epoch 89/1000: 100% 1000/1000 [00:13<00:00, 71.83it/s, loss=226.3796]
Epoch 90/1000: 100% 1000/1000 [00:13<00:00, 71.88it/s, loss=252.2150]
2025-11-07 09:25:38,815 [INFO] Epoch 90/1000 | Time: 13.94s | Loss: 252.2150 | Eval Return: 9.20
Epoch 91/1000: 100% 1000/1000 [00:13<00:00, 72.97it/s, loss=266.1826]
Epoch 92/1000: 100% 1000/1000 [00:13<00:00, 71.44it/s, loss=282.0976]
Epoch 93/1000: 100% 1000/1000 [00:13<00:00, 71.45it/s, loss=272.8755]
Epoch 94/1000: 100% 1000/1000 [00:13<00:00, 72.71it/s, loss=259.4407]
Epoch 95/1000: 100% 1000/1000 [00:13<00:00, 73.22it/s, loss=235.3678]
Epoch 96/1000: 100% 1000/1000 [00:13<00:00, 72.40it/s, loss=186.6875]
Epoch 97/1000: 100% 1000/1000 [00:13<00:00, 73.38it/s, loss=141.2510]
Epoch 98/1000: 100% 1000/1000 [00:13<00:00, 73.31it/s, loss=99.3362]
Epoch 99/1000: 100% 1000/1000 [00:14<00:00, 71.33it/s, loss=70.4347]
Epoch 100/1000: 100% 1000/1000 [00:13<00:00, 72.22it/s, loss=48.9000]
2025-11-07 09:27:56,912 [INFO] Epoch 100/1000 | Time: 13.88s | Loss: 48.9000 | Eval Return: 9.80
Epoch 101/1000: 100% 1000/1000 [00:13<00:00, 73.14it/s, loss=32.1782]
Epoch 102/1000: 100% 1000/1000 [00:13<00:00, 73.23it/s, loss=57.1174]
Epoch 103/1000: 100% 1000/1000 [00:13<00:00, 73.04it/s, loss=135.7482]
Epoch 104/1000: 100% 1000/1000 [00:13<00:00, 73.18it/s, loss=305.4227]
Epoch 105/1000: 100% 1000/1000 [00:13<00:00, 72.92it/s, loss=580.3709]
Epoch 106/1000: 100% 1000/1000 [00:14<00:00, 71.07it/s, loss=859.8398]
Epoch 107/1000: 100% 1000/1000 [00:13<00:00, 73.36it/s, loss=1099.2998]
Epoch 108/1000: 100% 1000/1000 [00:13<00:00, 73.34it/s, loss=1495.3271]
Epoch 109/1000: 100% 1000/1000 [00:13<00:00, 73.16it/s, loss=2066.1299]
Epoch 110/1000: 100% 1000/1000 [00:13<00:00, 73.19it/s, loss=2413.7379]
2025-11-07 09:30:14,026 [INFO] Epoch 110/1000 | Time: 13.70s | Loss: 2413.7379 | Eval Return: 9.50
Epoch 111/1000: 100% 1000/1000 [00:13<00:00, 73.11it/s, loss=2998.1915]
Epoch 112/1000: 100% 1000/1000 [00:13<00:00, 71.45it/s, loss=3450.6110]
Epoch 113/1000: 100% 1000/1000 [00:13<00:00, 71.59it/s, loss=3638.4974]
Epoch 114/1000: 100% 1000/1000 [00:13<00:00, 73.49it/s, loss=4247.3433]
Epoch 115/1000: 100% 1000/1000 [00:13<00:00, 73.40it/s, loss=5334.1010]
Epoch 116/1000: 100% 1000/1000 [00:13<00:00, 73.52it/s, loss=6202.0529]
Epoch 117/1000: 100% 1000/1000 [00:13<00:00, 72.97it/s, loss=6527.7525]
Epoch 118/1000: 100% 1000/1000 [00:13<00:00, 73.73it/s, loss=7131.3694]
Epoch 119/1000: 100% 1000/1000 [00:13<00:00, 72.84it/s, loss=7591.3612]
Epoch 120/1000: 100% 1000/1000 [00:13<00:00, 71.86it/s, loss=7543.7175]
2025-11-07 09:32:31,454 [INFO] Epoch 120/1000 | Time: 13.95s | Loss: 7543.7175 | Eval Return: 9.10
Epoch 121/1000: 100% 1000/1000 [00:13<00:00, 73.73it/s, loss=7543.3514]
Epoch 122/1000: 100% 1000/1000 [00:13<00:00, 73.29it/s, loss=6944.2155]
Epoch 123/1000: 100% 1000/1000 [00:14<00:00, 70.77it/s, loss=5939.6654]
Epoch 124/1000: 100% 1000/1000 [00:14<00:00, 71.30it/s, loss=4978.6878]
Epoch 125/1000: 100% 1000/1000 [00:13<00:00, 73.31it/s, loss=3792.3950]
Epoch 126/1000: 100% 1000/1000 [00:13<00:00, 72.53it/s, loss=2499.5843]
Epoch 127/1000: 100% 1000/1000 [00:13<00:00, 72.71it/s, loss=1420.2582]
Epoch 128/1000: 100% 1000/1000 [00:13<00:00, 73.70it/s, loss=761.3175]
Epoch 129/1000: 100% 1000/1000 [00:13<00:00, 73.07it/s, loss=1049.8704]
Epoch 130/1000: 100% 1000/1000 [00:13<00:00, 73.60it/s, loss=3156.7182]
2025-11-07 09:34:48,876 [INFO] Epoch 130/1000 | Time: 13.62s | Loss: 3156.7182 | Eval Return: 9.10
Epoch 131/1000: 100% 1000/1000 [00:13<00:00, 73.27it/s, loss=8034.8544]
Epoch 132/1000: 100% 1000/1000 [00:13<00:00, 73.23it/s, loss=16478.9319]
Epoch 133/1000: 100% 1000/1000 [00:13<00:00, 72.08it/s, loss=27822.1125]
Epoch 134/1000: 100% 1000/1000 [00:13<00:00, 71.54it/s, loss=42084.7353]
Epoch 135/1000: 100% 1000/1000 [00:13<00:00, 72.26it/s, loss=58637.2813]
Epoch 136/1000: 100% 1000/1000 [00:13<00:00, 73.34it/s, loss=76440.8751]
Epoch 137/1000: 100% 1000/1000 [00:13<00:00, 73.65it/s, loss=93178.1177]
Epoch 138/1000: 100% 1000/1000 [00:13<00:00, 73.22it/s, loss=109137.5524]
Epoch 139/1000: 100% 1000/1000 [00:13<00:00, 73.40it/s, loss=124495.3822]
Epoch 140/1000: 100% 1000/1000 [00:13<00:00, 71.74it/s, loss=138009.3628]
2025-11-07 09:37:06,358 [INFO] Epoch 140/1000 | Time: 13.99s | Loss: 138009.3628 | Eval Return: 9.30
Epoch 141/1000: 100% 1000/1000 [00:13<00:00, 72.41it/s, loss=149543.3500]
Epoch 142/1000: 100% 1000/1000 [00:13<00:00, 73.74it/s, loss=156284.7180]
Epoch 143/1000: 100% 1000/1000 [00:13<00:00, 73.38it/s, loss=160532.3079]
Epoch 144/1000: 100% 1000/1000 [00:13<00:00, 73.85it/s, loss=162426.5786]
Epoch 145/1000: 100% 1000/1000 [00:13<00:00, 73.72it/s, loss=159812.0524]
Epoch 146/1000: 100% 1000/1000 [00:13<00:00, 73.66it/s, loss=155967.0025]
Epoch 147/1000: 100% 1000/1000 [00:13<00:00, 71.56it/s, loss=147127.2844]
Epoch 148/1000: 100% 1000/1000 [00:13<00:00, 72.78it/s, loss=136883.4313]
Epoch 149/1000: 100% 1000/1000 [00:13<00:00, 73.50it/s, loss=124436.1921]
Epoch 150/1000: 100% 1000/1000 [00:13<00:00, 73.70it/s, loss=111596.0913]
2025-11-07 09:39:22,966 [INFO] Epoch 150/1000 | Time: 13.60s | Loss: 111596.0913 | Eval Return: 9.60
Epoch 151/1000: 100% 1000/1000 [00:13<00:00, 73.58it/s, loss=98611.9640]
Epoch 152/1000: 100% 1000/1000 [00:13<00:00, 73.47it/s, loss=86321.8845]
Epoch 153/1000: 100% 1000/1000 [00:13<00:00, 73.42it/s, loss=76488.9700]
Epoch 154/1000: 100% 1000/1000 [00:13<00:00, 72.25it/s, loss=68455.6437]
Epoch 155/1000: 100% 1000/1000 [00:13<00:00, 72.43it/s, loss=62071.6588]
Epoch 156/1000: 100% 1000/1000 [00:13<00:00, 73.25it/s, loss=56168.0616]
Epoch 157/1000: 100% 1000/1000 [00:13<00:00, 73.01it/s, loss=51363.8746]
Epoch 158/1000: 100% 1000/1000 [00:13<00:00, 72.65it/s, loss=46720.9271]
Epoch 159/1000: 100% 1000/1000 [00:13<00:00, 73.78it/s, loss=42976.1307]
Epoch 160/1000: 100% 1000/1000 [00:13<00:00, 73.65it/s, loss=39189.7384]
2025-11-07 09:41:39,729 [INFO] Epoch 160/1000 | Time: 13.61s | Loss: 39189.7384 | Eval Return: 9.50
Epoch 161/1000: 100% 1000/1000 [00:13<00:00, 71.74it/s, loss=35787.0882]
Epoch 162/1000: 100% 1000/1000 [00:13<00:00, 72.72it/s, loss=33064.5675]
Epoch 163/1000: 100% 1000/1000 [00:13<00:00, 74.01it/s, loss=30250.8270]
Epoch 164/1000: 100% 1000/1000 [00:13<00:00, 73.14it/s, loss=27559.3518]
Epoch 165/1000: 100% 1000/1000 [00:13<00:00, 73.60it/s, loss=25316.1708]
Epoch 166/1000: 100% 1000/1000 [00:13<00:00, 73.80it/s, loss=23641.5649]
Epoch 167/1000: 100% 1000/1000 [00:13<00:00, 73.26it/s, loss=21586.5295]
Epoch 168/1000: 100% 1000/1000 [00:13<00:00, 72.49it/s, loss=19518.7824]
Epoch 169/1000: 100% 1000/1000 [00:13<00:00, 72.14it/s, loss=17649.9633]
Epoch 170/1000: 100% 1000/1000 [00:13<00:00, 73.69it/s, loss=15779.8381]
2025-11-07 09:43:56,659 [INFO] Epoch 170/1000 | Time: 13.60s | Loss: 15779.8381 | Eval Return: 9.30
Epoch 171/1000: 100% 1000/1000 [00:13<00:00, 73.87it/s, loss=14403.4358]
Epoch 172/1000: 100% 1000/1000 [00:13<00:00, 73.51it/s, loss=13116.8645]
Epoch 173/1000: 100% 1000/1000 [00:13<00:00, 73.69it/s, loss=11855.5568]
Epoch 174/1000: 100% 1000/1000 [00:13<00:00, 73.75it/s, loss=10665.8422]
Epoch 175/1000: 100% 1000/1000 [00:13<00:00, 72.40it/s, loss=9882.4180]
Epoch 176/1000: 100% 1000/1000 [00:13<00:00, 71.98it/s, loss=8905.9554]
Epoch 177/1000: 100% 1000/1000 [00:13<00:00, 73.59it/s, loss=8304.6429]
Epoch 178/1000: 100% 1000/1000 [00:13<00:00, 73.37it/s, loss=7589.0637]
Epoch 179/1000: 100% 1000/1000 [00:13<00:00, 73.41it/s, loss=7107.7745]
Epoch 180/1000: 100% 1000/1000 [00:13<00:00, 73.07it/s, loss=6659.5062]
2025-11-07 09:46:13,200 [INFO] Epoch 180/1000 | Time: 13.72s | Loss: 6659.5062 | Eval Return: 9.30
Epoch 181/1000: 100% 1000/1000 [00:13<00:00, 73.41it/s, loss=6051.7775]
Epoch 182/1000: 100% 1000/1000 [00:13<00:00, 71.58it/s, loss=5540.9079]
Epoch 183/1000: 100% 1000/1000 [00:13<00:00, 72.41it/s, loss=5184.0241]
Epoch 184/1000: 100% 1000/1000 [00:13<00:00, 73.75it/s, loss=4823.4714]
Epoch 185/1000: 100% 1000/1000 [00:13<00:00, 73.46it/s, loss=4527.0652]
Epoch 186/1000: 100% 1000/1000 [00:13<00:00, 73.88it/s, loss=4265.0330]
Epoch 187/1000: 100% 1000/1000 [00:13<00:00, 73.64it/s, loss=4104.0589]
Epoch 188/1000: 100% 1000/1000 [00:13<00:00, 73.24it/s, loss=3981.2334]
Epoch 189/1000: 100% 1000/1000 [00:13<00:00, 72.76it/s, loss=3941.2615]
Epoch 190/1000: 100% 1000/1000 [00:13<00:00, 71.80it/s, loss=3956.1471]
2025-11-07 09:48:30,255 [INFO] Epoch 190/1000 | Time: 13.96s | Loss: 3956.1471 | Eval Return: 9.80
Epoch 191/1000: 100% 1000/1000 [00:13<00:00, 73.62it/s, loss=4083.1636]
Epoch 192/1000: 100% 1000/1000 [00:13<00:00, 74.00it/s, loss=4037.9042]
Epoch 193/1000: 100% 1000/1000 [00:13<00:00, 73.20it/s, loss=3987.5684]
Epoch 194/1000: 100% 1000/1000 [00:13<00:00, 73.53it/s, loss=3929.1643]
Epoch 195/1000: 100% 1000/1000 [00:13<00:00, 73.74it/s, loss=3898.6094]
Epoch 196/1000: 100% 1000/1000 [00:13<00:00, 72.56it/s, loss=3857.2394]
Epoch 197/1000: 100% 1000/1000 [00:14<00:00, 71.11it/s, loss=3756.2101]
Epoch 198/1000: 100% 1000/1000 [00:13<00:00, 73.62it/s, loss=3686.9142]
Epoch 199/1000: 100% 1000/1000 [00:13<00:00, 73.81it/s, loss=3545.6447]
Epoch 200/1000: 100% 1000/1000 [00:13<00:00, 72.98it/s, loss=3383.5098]
2025-11-07 09:50:46,888 [INFO] Epoch 200/1000 | Time: 13.73s | Loss: 3383.5098 | Eval Return: 9.10
Epoch 201/1000: 100% 1000/1000 [00:13<00:00, 73.88it/s, loss=3331.0307]
Epoch 202/1000: 100% 1000/1000 [00:13<00:00, 73.56it/s, loss=3288.1657]
Epoch 203/1000: 100% 1000/1000 [00:13<00:00, 72.71it/s, loss=3193.3221]
Epoch 204/1000: 100% 1000/1000 [00:13<00:00, 71.43it/s, loss=3210.8915]
Epoch 205/1000: 100% 1000/1000 [00:13<00:00, 73.60it/s, loss=3246.6097]
Epoch 206/1000: 100% 1000/1000 [00:13<00:00, 73.47it/s, loss=3275.1169]
Epoch 207/1000: 100% 1000/1000 [00:13<00:00, 73.78it/s, loss=3349.3822]
Epoch 208/1000: 100% 1000/1000 [00:13<00:00, 73.60it/s, loss=3412.4671]
Epoch 209/1000: 100% 1000/1000 [00:13<00:00, 73.55it/s, loss=3494.2139]
Epoch 210/1000: 100% 1000/1000 [00:13<00:00, 73.75it/s, loss=3547.5141]
2025-11-07 09:53:03,321 [INFO] Epoch 210/1000 | Time: 13.60s | Loss: 3547.5141 | Eval Return: 9.60
Epoch 211/1000: 100% 1000/1000 [00:14<00:00, 70.03it/s, loss=3627.3561]
Epoch 212/1000: 100% 1000/1000 [00:13<00:00, 73.14it/s, loss=3759.8066]
Epoch 213/1000: 100% 1000/1000 [00:13<00:00, 72.24it/s, loss=3845.2183]
Epoch 214/1000: 100% 1000/1000 [00:13<00:00, 72.44it/s, loss=3966.4991]
Epoch 215/1000: 100% 1000/1000 [00:13<00:00, 72.22it/s, loss=4098.8269]
Epoch 216/1000: 100% 1000/1000 [00:13<00:00, 73.38it/s, loss=4237.7216]
Epoch 217/1000: 100% 1000/1000 [00:13<00:00, 72.07it/s, loss=4366.2188]
Epoch 218/1000: 100% 1000/1000 [00:14<00:00, 71.11it/s, loss=4523.5356]
Epoch 219/1000: 100% 1000/1000 [00:13<00:00, 73.59it/s, loss=4614.9865]
Epoch 220/1000: 100% 1000/1000 [00:13<00:00, 73.38it/s, loss=4773.0544]
2025-11-07 09:55:21,589 [INFO] Epoch 220/1000 | Time: 13.66s | Loss: 4773.0544 | Eval Return: 9.20
Epoch 221/1000: 100% 1000/1000 [00:13<00:00, 73.57it/s, loss=4801.3965]
Epoch 222/1000: 100% 1000/1000 [00:13<00:00, 73.50it/s, loss=4711.8166]
Epoch 223/1000: 100% 1000/1000 [00:13<00:00, 74.33it/s, loss=4523.4004]
Epoch 224/1000: 100% 1000/1000 [00:13<00:00, 72.52it/s, loss=4303.7968]
Epoch 225/1000: 100% 1000/1000 [00:14<00:00, 70.42it/s, loss=4024.0976]
Epoch 226/1000: 100% 1000/1000 [00:13<00:00, 73.06it/s, loss=3700.4721]
Epoch 227/1000: 100% 1000/1000 [00:13<00:00, 73.45it/s, loss=3435.5850]
Epoch 228/1000: 100% 1000/1000 [00:13<00:00, 73.35it/s, loss=3076.0193]
Epoch 229/1000: 100% 1000/1000 [00:13<00:00, 73.70it/s, loss=2735.1437]
Epoch 230/1000: 100% 1000/1000 [00:13<00:00, 73.69it/s, loss=2415.0578]
2025-11-07 09:57:38,343 [INFO] Epoch 230/1000 | Time: 13.60s | Loss: 2415.0578 | Eval Return: 9.20
Epoch 231/1000: 100% 1000/1000 [00:13<00:00, 72.94it/s, loss=2142.6405]
Epoch 232/1000: 100% 1000/1000 [00:13<00:00, 71.70it/s, loss=1930.0194]
Epoch 233/1000: 100% 1000/1000 [00:13<00:00, 73.53it/s, loss=1776.5750]
Epoch 234/1000: 100% 1000/1000 [00:13<00:00, 73.86it/s, loss=1670.5767]
Epoch 235/1000: 100% 1000/1000 [00:13<00:00, 73.20it/s, loss=1579.4784]
Epoch 236/1000: 100% 1000/1000 [00:13<00:00, 73.60it/s, loss=1467.4676]
Epoch 237/1000: 100% 1000/1000 [00:13<00:00, 73.40it/s, loss=1415.4897]
Epoch 238/1000: 100% 1000/1000 [00:13<00:00, 72.51it/s, loss=1345.4148]
Epoch 239/1000: 100% 1000/1000 [00:14<00:00, 71.38it/s, loss=1296.7614]
Epoch 240/1000: 100% 1000/1000 [00:13<00:00, 73.32it/s, loss=1241.1754]
2025-11-07 09:59:55,487 [INFO] Epoch 240/1000 | Time: 13.67s | Loss: 1241.1754 | Eval Return: 9.50
Epoch 241/1000: 100% 1000/1000 [00:13<00:00, 73.20it/s, loss=1160.6615]
Epoch 242/1000: 100% 1000/1000 [00:13<00:00, 73.76it/s, loss=1068.3360]
Epoch 243/1000: 100% 1000/1000 [00:13<00:00, 73.97it/s, loss=979.2600]
Epoch 244/1000: 100% 1000/1000 [00:13<00:00, 73.64it/s, loss=883.6397]
Epoch 245/1000: 100% 1000/1000 [00:13<00:00, 73.85it/s, loss=760.7654]
Epoch 246/1000: 100% 1000/1000 [00:14<00:00, 70.65it/s, loss=628.1554]
Epoch 247/1000: 100% 1000/1000 [00:13<00:00, 73.09it/s, loss=483.2390]
Epoch 248/1000: 100% 1000/1000 [00:13<00:00, 72.00it/s, loss=351.3581]
Epoch 249/1000: 100% 1000/1000 [00:13<00:00, 73.65it/s, loss=238.0659]
Epoch 250/1000: 100% 1000/1000 [00:13<00:00, 73.30it/s, loss=150.8853]
2025-11-07 10:02:12,330 [INFO] Epoch 250/1000 | Time: 13.68s | Loss: 150.8853 | Eval Return: 9.40
Epoch 251/1000: 100% 1000/1000 [00:13<00:00, 73.56it/s, loss=119.3287]
Epoch 252/1000: 100% 1000/1000 [00:13<00:00, 73.27it/s, loss=169.1928]
Epoch 253/1000: 100% 1000/1000 [00:14<00:00, 70.94it/s, loss=318.8163]
Epoch 254/1000: 100% 1000/1000 [00:13<00:00, 73.59it/s, loss=574.5614]
Epoch 255/1000: 100% 1000/1000 [00:13<00:00, 73.41it/s, loss=948.4647]
Epoch 256/1000: 100% 1000/1000 [00:13<00:00, 73.94it/s, loss=1453.8868]
Epoch 257/1000: 100% 1000/1000 [00:13<00:00, 72.46it/s, loss=2111.1226]
Epoch 258/1000: 100% 1000/1000 [00:13<00:00, 71.45it/s, loss=2905.4703]
Epoch 259/1000: 100% 1000/1000 [00:14<00:00, 70.91it/s, loss=3987.5977]
Epoch 260/1000: 100% 1000/1000 [00:14<00:00, 71.39it/s, loss=5157.9314]
2025-11-07 10:04:30,359 [INFO] Epoch 260/1000 | Time: 14.04s | Loss: 5157.9314 | Eval Return: 9.40
Epoch 261/1000: 100% 1000/1000 [00:13<00:00, 72.61it/s, loss=6523.2872]
Epoch 262/1000: 100% 1000/1000 [00:13<00:00, 72.74it/s, loss=8191.6325]
Epoch 263/1000: 100% 1000/1000 [00:13<00:00, 72.50it/s, loss=9751.2703]
Epoch 264/1000: 100% 1000/1000 [00:13<00:00, 73.45it/s, loss=11241.9566]
Epoch 265/1000: 100% 1000/1000 [00:13<00:00, 72.96it/s, loss=12607.0120]
Epoch 266/1000: 100% 1000/1000 [00:14<00:00, 71.15it/s, loss=13821.3366]
Epoch 267/1000: 100% 1000/1000 [00:13<00:00, 72.29it/s, loss=14586.5434]
Epoch 268/1000: 100% 1000/1000 [00:13<00:00, 73.27it/s, loss=14591.9478]
Epoch 269/1000: 100% 1000/1000 [00:13<00:00, 74.14it/s, loss=14081.8688]
Epoch 270/1000: 100% 1000/1000 [00:13<00:00, 72.93it/s, loss=13191.6877]
2025-11-07 10:06:47,767 [INFO] Epoch 270/1000 | Time: 13.74s | Loss: 13191.6877 | Eval Return: 9.20
Epoch 271/1000: 100% 1000/1000 [00:13<00:00, 73.15it/s, loss=11554.0179]
Epoch 272/1000: 100% 1000/1000 [00:13<00:00, 73.20it/s, loss=9552.3469]
Epoch 273/1000: 100% 1000/1000 [00:13<00:00, 71.69it/s, loss=7161.0771]
Epoch 274/1000: 100% 1000/1000 [00:13<00:00, 72.39it/s, loss=4778.0053]
Epoch 275/1000: 100% 1000/1000 [00:13<00:00, 73.70it/s, loss=2887.1679]
Epoch 276/1000: 100% 1000/1000 [00:13<00:00, 73.04it/s, loss=1871.5301]
Epoch 277/1000: 100% 1000/1000 [00:13<00:00, 73.40it/s, loss=3148.5121]
Epoch 278/1000: 100% 1000/1000 [00:13<00:00, 74.00it/s, loss=9153.5887]
Epoch 279/1000: 100% 1000/1000 [00:13<00:00, 73.04it/s, loss=21983.4218]
Epoch 280/1000: 100% 1000/1000 [00:13<00:00, 71.97it/s, loss=42315.2435]
2025-11-07 10:09:04,896 [INFO] Epoch 280/1000 | Time: 13.94s | Loss: 42315.2435 | Eval Return: 8.90
Epoch 281/1000: 100% 1000/1000 [00:13<00:00, 72.29it/s, loss=72785.9547]
Epoch 282/1000: 100% 1000/1000 [00:13<00:00, 73.18it/s, loss=116935.1799]
Epoch 283/1000: 100% 1000/1000 [00:13<00:00, 73.23it/s, loss=181802.4472]
Epoch 284/1000: 100% 1000/1000 [00:13<00:00, 73.77it/s, loss=269007.1160]
Epoch 285/1000: 100% 1000/1000 [00:13<00:00, 73.50it/s, loss=377785.7825]
Epoch 286/1000: 100% 1000/1000 [00:13<00:00, 73.55it/s, loss=517778.7705]
Epoch 287/1000: 100% 1000/1000 [00:13<00:00, 71.52it/s, loss=676992.0300]
Epoch 288/1000: 100% 1000/1000 [00:13<00:00, 72.74it/s, loss=876091.7896]
Epoch 289/1000: 100% 1000/1000 [00:13<00:00, 73.68it/s, loss=1094084.6592]
Epoch 290/1000: 100% 1000/1000 [00:13<00:00, 73.78it/s, loss=1364098.9492]
2025-11-07 10:11:21,703 [INFO] Epoch 290/1000 | Time: 13.59s | Loss: 1364098.9492 | Eval Return: 9.30
Epoch 291/1000: 100% 1000/1000 [00:13<00:00, 73.52it/s, loss=1661879.5343]
Epoch 292/1000: 100% 1000/1000 [00:13<00:00, 73.09it/s, loss=1951850.6708]
Epoch 293/1000: 100% 1000/1000 [00:13<00:00, 72.58it/s, loss=2260777.6635]
Epoch 294/1000: 100% 1000/1000 [00:14<00:00, 71.17it/s, loss=2543310.6721]
Epoch 295/1000: 100% 1000/1000 [00:13<00:00, 72.67it/s, loss=2835094.9359]
Epoch 296/1000: 100% 1000/1000 [00:13<00:00, 73.31it/s, loss=3100332.7252]
Epoch 297/1000: 100% 1000/1000 [00:13<00:00, 73.51it/s, loss=3369066.5506]
Epoch 298/1000: 100% 1000/1000 [00:13<00:00, 72.93it/s, loss=3630711.7042]
Epoch 299/1000: 100% 1000/1000 [00:13<00:00, 73.80it/s, loss=3878383.8911]
Epoch 300/1000: 100% 1000/1000 [00:13<00:00, 73.19it/s, loss=4100232.5502]
2025-11-07 10:13:38,784 [INFO] Epoch 300/1000 | Time: 13.69s | Loss: 4100232.5502 | Eval Return: 9.00
Epoch 301/1000: 100% 1000/1000 [00:14<00:00, 70.86it/s, loss=4362845.3556]
Epoch 302/1000: 100% 1000/1000 [00:13<00:00, 71.96it/s, loss=4574412.7815]
Epoch 303/1000: 100% 1000/1000 [00:13<00:00, 72.52it/s, loss=4670182.7057]
Epoch 304/1000: 100% 1000/1000 [00:13<00:00, 73.22it/s, loss=4776309.7837]
Epoch 305/1000: 100% 1000/1000 [00:13<00:00, 72.15it/s, loss=4800527.1344]
Epoch 306/1000: 100% 1000/1000 [00:13<00:00, 72.50it/s, loss=4805192.2715]
Epoch 307/1000: 100% 1000/1000 [00:13<00:00, 73.12it/s, loss=4712728.1012]
Epoch 308/1000: 100% 1000/1000 [00:14<00:00, 70.40it/s, loss=4507948.8556]
Epoch 309/1000: 100% 1000/1000 [00:13<00:00, 73.25it/s, loss=4292563.7726]
Epoch 310/1000: 100% 1000/1000 [00:13<00:00, 73.18it/s, loss=4101895.6302]
2025-11-07 10:15:57,136 [INFO] Epoch 310/1000 | Time: 13.70s | Loss: 4101895.6302 | Eval Return: 9.10
Epoch 311/1000: 100% 1000/1000 [00:13<00:00, 72.97it/s, loss=3925465.6035]
Epoch 312/1000: 100% 1000/1000 [00:13<00:00, 73.52it/s, loss=3702795.9792]
Epoch 313/1000: 100% 1000/1000 [00:13<00:00, 73.43it/s, loss=3494509.3910]
Epoch 314/1000: 100% 1000/1000 [00:13<00:00, 73.28it/s, loss=3245829.2508]
Epoch 315/1000: 100% 1000/1000 [00:14<00:00, 70.51it/s, loss=3024515.0266]
Epoch 316/1000: 100% 1000/1000 [00:13<00:00, 72.16it/s, loss=2765513.2545]
Epoch 317/1000: 100% 1000/1000 [00:13<00:00, 72.83it/s, loss=2563094.4098]
Epoch 318/1000: 100% 1000/1000 [00:13<00:00, 72.67it/s, loss=2348820.6371]
Epoch 319/1000: 100% 1000/1000 [00:13<00:00, 73.81it/s, loss=2151062.5951]
Epoch 320/1000: 100% 1000/1000 [00:13<00:00, 73.05it/s, loss=1952453.9563]
2025-11-07 10:18:14,514 [INFO] Epoch 320/1000 | Time: 13.72s | Loss: 1952453.9563 | Eval Return: 9.50
Epoch 321/1000: 100% 1000/1000 [00:13<00:00, 72.86it/s, loss=1762519.1022]
Epoch 322/1000: 100% 1000/1000 [00:14<00:00, 71.21it/s, loss=1575275.3382]
Epoch 323/1000: 100% 1000/1000 [00:13<00:00, 73.03it/s, loss=1410311.1716]
Epoch 324/1000: 100% 1000/1000 [00:13<00:00, 73.35it/s, loss=1240437.9106]
Epoch 325/1000: 100% 1000/1000 [00:13<00:00, 73.34it/s, loss=1080738.5178]
Epoch 326/1000: 100% 1000/1000 [00:13<00:00, 73.58it/s, loss=946197.8757]
Epoch 327/1000: 100% 1000/1000 [00:13<00:00, 73.23it/s, loss=805633.8613]
Epoch 328/1000: 100% 1000/1000 [00:13<00:00, 72.84it/s, loss=693734.6686]
Epoch 329/1000: 100% 1000/1000 [00:14<00:00, 70.93it/s, loss=584673.2230]
Epoch 330/1000: 100% 1000/1000 [00:13<00:00, 73.37it/s, loss=479135.6891]
2025-11-07 10:20:31,984 [INFO] Epoch 330/1000 | Time: 13.66s | Loss: 479135.6891 | Eval Return: 9.30
Epoch 331/1000: 100% 1000/1000 [00:13<00:00, 73.68it/s, loss=395196.5436]
Epoch 332/1000: 100% 1000/1000 [00:13<00:00, 73.68it/s, loss=319457.1363]
Epoch 333/1000: 100% 1000/1000 [00:13<00:00, 73.60it/s, loss=250849.7382]
Epoch 334/1000: 100% 1000/1000 [00:13<00:00, 73.64it/s, loss=191957.7055]
Epoch 335/1000: 100% 1000/1000 [00:13<00:00, 73.53it/s, loss=143767.3852]
Epoch 336/1000: 100% 1000/1000 [00:14<00:00, 70.69it/s, loss=106602.9215]
Epoch 337/1000: 100% 1000/1000 [00:13<00:00, 73.66it/s, loss=76281.6476]
Epoch 338/1000: 100% 1000/1000 [00:13<00:00, 72.97it/s, loss=56597.0780]
Epoch 339/1000: 100% 1000/1000 [00:13<00:00, 72.94it/s, loss=50099.2757]
Epoch 340/1000: 100% 1000/1000 [00:13<00:00, 73.48it/s, loss=55216.9440]
2025-11-07 10:22:48,680 [INFO] Epoch 340/1000 | Time: 13.64s | Loss: 55216.9440 | Eval Return: 9.20
Epoch 341/1000: 100% 1000/1000 [00:13<00:00, 73.11it/s, loss=69904.8845]
Epoch 342/1000: 100% 1000/1000 [00:13<00:00, 73.46it/s, loss=96557.2493]
Epoch 343/1000: 100% 1000/1000 [00:13<00:00, 71.69it/s, loss=135293.5368]
Epoch 344/1000: 100% 1000/1000 [00:13<00:00, 72.97it/s, loss=180231.4977]
Epoch 345/1000: 100% 1000/1000 [00:13<00:00, 73.52it/s, loss=240804.9112]
Epoch 346/1000: 100% 1000/1000 [00:13<00:00, 73.58it/s, loss=306768.2670]
Epoch 347/1000: 100% 1000/1000 [00:13<00:00, 73.06it/s, loss=386564.6965]
Epoch 348/1000: 100% 1000/1000 [00:13<00:00, 73.23it/s, loss=470021.0298]
Epoch 349/1000: 100% 1000/1000 [00:13<00:00, 73.28it/s, loss=560296.3387]
Epoch 350/1000: 100% 1000/1000 [00:14<00:00, 71.05it/s, loss=665308.1082]
2025-11-07 10:25:05,937 [INFO] Epoch 350/1000 | Time: 14.13s | Loss: 665308.1082 | Eval Return: 9.10
Epoch 351/1000: 100% 1000/1000 [00:13<00:00, 73.23it/s, loss=765083.8961]
Epoch 352/1000: 100% 1000/1000 [00:13<00:00, 73.96it/s, loss=878937.1475]
Epoch 353/1000: 100% 1000/1000 [00:13<00:00, 73.30it/s, loss=1000816.4822]
Epoch 354/1000: 100% 1000/1000 [00:13<00:00, 74.03it/s, loss=1128232.8473]
Epoch 355/1000: 100% 1000/1000 [00:13<00:00, 73.54it/s, loss=1261300.5427]
Epoch 356/1000: 100% 1000/1000 [00:13<00:00, 73.76it/s, loss=1395754.0498]
Epoch 357/1000: 100% 1000/1000 [00:13<00:00, 71.97it/s, loss=1554596.8860]
Epoch 358/1000: 100% 1000/1000 [00:13<00:00, 72.50it/s, loss=1707911.3316]
Epoch 359/1000: 100% 1000/1000 [00:13<00:00, 73.63it/s, loss=1852841.7097]
Epoch 360/1000: 100% 1000/1000 [00:13<00:00, 73.66it/s, loss=2014032.2518]
2025-11-07 10:27:22,319 [INFO] Epoch 360/1000 | Time: 13.61s | Loss: 2014032.2518 | Eval Return: 9.50
Epoch 361/1000: 100% 1000/1000 [00:13<00:00, 73.25it/s, loss=2160069.4095]
Epoch 362/1000: 100% 1000/1000 [00:13<00:00, 73.41it/s, loss=2345687.5378]
Epoch 363/1000: 100% 1000/1000 [00:13<00:00, 73.99it/s, loss=2506821.4750]
Epoch 364/1000: 100% 1000/1000 [00:13<00:00, 72.23it/s, loss=2672913.7272]
Epoch 365/1000: 100% 1000/1000 [00:13<00:00, 72.10it/s, loss=2833194.3082]
Epoch 366/1000: 100% 1000/1000 [00:13<00:00, 73.82it/s, loss=2987389.4259]
Epoch 367/1000: 100% 1000/1000 [00:13<00:00, 73.66it/s, loss=3108235.8310]
Epoch 368/1000: 100% 1000/1000 [00:13<00:00, 73.54it/s, loss=3249939.6285]
Epoch 369/1000: 100% 1000/1000 [00:13<00:00, 73.54it/s, loss=3286732.7356]
Epoch 370/1000: 100% 1000/1000 [00:13<00:00, 73.70it/s, loss=3315882.8462]
2025-11-07 10:29:38,749 [INFO] Epoch 370/1000 | Time: 13.60s | Loss: 3315882.8462 | Eval Return: 9.40
Epoch 371/1000: 100% 1000/1000 [00:13<00:00, 72.32it/s, loss=3309331.8435]
Epoch 372/1000: 100% 1000/1000 [00:13<00:00, 72.32it/s, loss=3292362.2033]
Epoch 373/1000: 100% 1000/1000 [00:13<00:00, 73.34it/s, loss=3196260.2093]
Epoch 374/1000: 100% 1000/1000 [00:13<00:00, 73.67it/s, loss=3167564.4056]
Epoch 375/1000: 100% 1000/1000 [00:13<00:00, 73.45it/s, loss=3053662.6174]
Epoch 376/1000: 100% 1000/1000 [00:13<00:00, 73.83it/s, loss=2956803.0547]
Epoch 377/1000: 100% 1000/1000 [00:13<00:00, 73.54it/s, loss=2827260.4339]
Epoch 378/1000: 100% 1000/1000 [00:13<00:00, 73.22it/s, loss=2668880.9752]
Epoch 379/1000: 100% 1000/1000 [00:13<00:00, 71.60it/s, loss=2520758.6275]
Epoch 380/1000: 100% 1000/1000 [00:13<00:00, 73.55it/s, loss=2361919.7280]
2025-11-07 10:31:55,629 [INFO] Epoch 380/1000 | Time: 13.63s | Loss: 2361919.7280 | Eval Return: 9.20
Epoch 381/1000: 100% 1000/1000 [00:13<00:00, 73.65it/s, loss=2185722.1543]
Epoch 382/1000: 100% 1000/1000 [00:13<00:00, 73.67it/s, loss=2019844.5700]
Epoch 383/1000: 100% 1000/1000 [00:13<00:00, 73.04it/s, loss=1846533.4288]
Epoch 384/1000: 100% 1000/1000 [00:13<00:00, 72.52it/s, loss=1659655.7873]
Epoch 385/1000: 100% 1000/1000 [00:13<00:00, 72.61it/s, loss=1496416.5740]
Epoch 386/1000: 100% 1000/1000 [00:13<00:00, 71.96it/s, loss=1326552.3347]
Epoch 387/1000: 100% 1000/1000 [00:13<00:00, 72.86it/s, loss=1155361.2136]
Epoch 388/1000: 100% 1000/1000 [00:13<00:00, 72.40it/s, loss=987119.9721]
Epoch 389/1000: 100% 1000/1000 [00:13<00:00, 73.50it/s, loss=813957.9735]
Epoch 390/1000: 100% 1000/1000 [00:13<00:00, 73.73it/s, loss=650373.9741]
2025-11-07 10:34:12,675 [INFO] Epoch 390/1000 | Time: 13.60s | Loss: 650373.9741 | Eval Return: 9.50
Epoch 391/1000: 100% 1000/1000 [00:13<00:00, 73.13it/s, loss=481153.8255]
Epoch 392/1000: 100% 1000/1000 [00:13<00:00, 72.49it/s, loss=320547.8472]
Epoch 393/1000: 100% 1000/1000 [00:13<00:00, 71.92it/s, loss=190615.1798]
Epoch 394/1000: 100% 1000/1000 [00:13<00:00, 73.44it/s, loss=96377.6699]
Epoch 395/1000: 100% 1000/1000 [00:13<00:00, 73.78it/s, loss=46013.8497]
Epoch 396/1000: 100% 1000/1000 [00:13<00:00, 74.01it/s, loss=69866.3082]
Epoch 397/1000: 100% 1000/1000 [00:13<00:00, 73.44it/s, loss=200461.3247]
Epoch 398/1000: 100% 1000/1000 [00:13<00:00, 74.38it/s, loss=505093.2482]
Epoch 399/1000: 100% 1000/1000 [00:13<00:00, 73.58it/s, loss=1052798.0095]
Epoch 400/1000: 100% 1000/1000 [00:14<00:00, 70.59it/s, loss=1904691.6913]
2025-11-07 10:36:29,585 [INFO] Epoch 400/1000 | Time: 14.20s | Loss: 1904691.6913 | Eval Return: 9.40
Epoch 401/1000: 100% 1000/1000 [00:13<00:00, 73.58it/s, loss=3153019.4014]
Epoch 402/1000: 100% 1000/1000 [00:13<00:00, 73.73it/s, loss=4777188.2413]
Epoch 403/1000: 100% 1000/1000 [00:13<00:00, 73.74it/s, loss=6903453.6162]
Epoch 404/1000: 100% 1000/1000 [00:13<00:00, 73.52it/s, loss=9315482.8314]
Epoch 405/1000: 100% 1000/1000 [00:13<00:00, 74.19it/s, loss=12325900.4757]
Epoch 406/1000: 100% 1000/1000 [00:13<00:00, 73.06it/s, loss=15604512.3657]
Epoch 407/1000: 100% 1000/1000 [00:13<00:00, 71.80it/s, loss=19081902.2928]
Epoch 408/1000: 100% 1000/1000 [00:13<00:00, 73.09it/s, loss=23446413.1806]
Epoch 409/1000: 100% 1000/1000 [00:13<00:00, 73.83it/s, loss=28228349.0680]
Epoch 410/1000: 100% 1000/1000 [00:13<00:00, 74.26it/s, loss=33103924.6742]
2025-11-07 10:38:45,733 [INFO] Epoch 410/1000 | Time: 13.50s | Loss: 33103924.6742 | Eval Return: 9.20
Epoch 411/1000: 100% 1000/1000 [00:13<00:00, 73.61it/s, loss=39079145.0492]
Epoch 412/1000: 100% 1000/1000 [00:13<00:00, 73.72it/s, loss=45400904.7540]
Epoch 413/1000: 100% 1000/1000 [00:13<00:00, 73.98it/s, loss=52198512.2915]
Epoch 414/1000: 100% 1000/1000 [00:13<00:00, 72.54it/s, loss=59368790.0498]
Epoch 415/1000: 100% 1000/1000 [00:13<00:00, 72.30it/s, loss=66899701.8795]
Epoch 416/1000: 100% 1000/1000 [00:13<00:00, 74.01it/s, loss=74322648.4265]
Epoch 417/1000: 100% 1000/1000 [00:13<00:00, 73.36it/s, loss=82388091.8725]
Epoch 418/1000: 100% 1000/1000 [00:13<00:00, 73.66it/s, loss=89788726.1215]
Epoch 419/1000: 100% 1000/1000 [00:13<00:00, 73.82it/s, loss=98710185.3105]
Epoch 420/1000: 100% 1000/1000 [00:13<00:00, 73.81it/s, loss=104257653.1395]
2025-11-07 10:41:01,869 [INFO] Epoch 420/1000 | Time: 13.58s | Loss: 104257653.1395 | Eval Return: 9.50
Epoch 421/1000: 100% 1000/1000 [00:13<00:00, 72.92it/s, loss=110738452.7230]
Epoch 422/1000: 100% 1000/1000 [00:13<00:00, 71.76it/s, loss=116742515.7810]
Epoch 423/1000: 100% 1000/1000 [00:13<00:00, 73.50it/s, loss=122951461.9450]
Epoch 424/1000: 100% 1000/1000 [00:13<00:00, 73.38it/s, loss=128961365.7620]
Epoch 425/1000: 100% 1000/1000 [00:13<00:00, 74.15it/s, loss=133838730.1680]
Epoch 426/1000: 100% 1000/1000 [00:13<00:00, 73.31it/s, loss=138662741.9800]
Epoch 427/1000: 100% 1000/1000 [00:13<00:00, 73.94it/s, loss=141334119.6170]
Epoch 428/1000: 100% 1000/1000 [00:13<00:00, 73.35it/s, loss=143058973.3660]
Epoch 429/1000: 100% 1000/1000 [00:14<00:00, 70.33it/s, loss=145701795.3900]
Epoch 430/1000: 100% 1000/1000 [00:13<00:00, 72.84it/s, loss=145796905.2760]
2025-11-07 10:43:19,023 [INFO] Epoch 430/1000 | Time: 13.76s | Loss: 145796905.2760 | Eval Return: 8.80
Epoch 431/1000: 100% 1000/1000 [00:13<00:00, 73.68it/s, loss=146780364.4960]
Epoch 432/1000: 100% 1000/1000 [00:13<00:00, 73.71it/s, loss=148556584.8390]
Epoch 433/1000: 100% 1000/1000 [00:13<00:00, 73.18it/s, loss=148663686.1140]
Epoch 434/1000: 100% 1000/1000 [00:13<00:00, 73.68it/s, loss=150545034.0230]
Epoch 435/1000: 100% 1000/1000 [00:13<00:00, 73.44it/s, loss=150620726.4020]
Epoch 436/1000: 100% 1000/1000 [00:14<00:00, 70.90it/s, loss=151387251.7770]
Epoch 437/1000: 100% 1000/1000 [00:13<00:00, 73.31it/s, loss=152151553.2730]
Epoch 438/1000: 100% 1000/1000 [00:13<00:00, 72.73it/s, loss=152013329.4170]
Epoch 439/1000: 100% 1000/1000 [00:13<00:00, 72.40it/s, loss=152670800.2770]
Epoch 440/1000: 100% 1000/1000 [00:13<00:00, 73.38it/s, loss=150430391.5420]
2025-11-07 10:45:35,987 [INFO] Epoch 440/1000 | Time: 13.66s | Loss: 150430391.5420 | Eval Return: 9.70
Epoch 441/1000: 100% 1000/1000 [00:13<00:00, 72.61it/s, loss=150781483.7470]
Epoch 442/1000: 100% 1000/1000 [00:13<00:00, 72.61it/s, loss=150023142.4160]
Epoch 443/1000: 100% 1000/1000 [00:14<00:00, 71.36it/s, loss=148907673.7910]
Epoch 444/1000: 100% 1000/1000 [00:13<00:00, 73.37it/s, loss=146732008.5890]
Epoch 445/1000: 100% 1000/1000 [00:13<00:00, 73.31it/s, loss=145702453.7560]
Epoch 446/1000: 100% 1000/1000 [00:13<00:00, 73.71it/s, loss=141169490.3520]
Epoch 447/1000: 100% 1000/1000 [00:13<00:00, 73.17it/s, loss=137883796.3935]
Epoch 448/1000: 100% 1000/1000 [00:13<00:00, 73.56it/s, loss=134791400.6740]
Epoch 449/1000: 100% 1000/1000 [00:13<00:00, 73.73it/s, loss=129343470.0030]
Epoch 450/1000: 100% 1000/1000 [00:14<00:00, 70.63it/s, loss=122811909.1140]
2025-11-07 10:47:53,403 [INFO] Epoch 450/1000 | Time: 14.19s | Loss: 122811909.1140 | Eval Return: 9.10
Epoch 451/1000: 100% 1000/1000 [00:13<00:00, 73.60it/s, loss=116005086.7310]
Epoch 452/1000: 100% 1000/1000 [00:13<00:00, 72.36it/s, loss=108594071.6800]
Epoch 453/1000: 100% 1000/1000 [00:13<00:00, 73.48it/s, loss=101261235.6285]
Epoch 454/1000: 100% 1000/1000 [00:13<00:00, 73.27it/s, loss=93860244.0290]
Epoch 455/1000: 100% 1000/1000 [00:13<00:00, 73.55it/s, loss=86388272.7085]
Epoch 456/1000: 100% 1000/1000 [00:13<00:00, 73.32it/s, loss=78836119.1577]
Epoch 457/1000: 100% 1000/1000 [00:14<00:00, 70.62it/s, loss=72147084.2222]
Epoch 458/1000: 100% 1000/1000 [00:13<00:00, 73.08it/s, loss=65660551.7295]
Epoch 459/1000: 100% 1000/1000 [00:13<00:00, 72.47it/s, loss=59377872.2765]
Epoch 460/1000: 100% 1000/1000 [00:13<00:00, 73.15it/s, loss=54011880.4202]
2025-11-07 10:50:10,659 [INFO] Epoch 460/1000 | Time: 13.70s | Loss: 54011880.4202 | Eval Return: 9.20
Epoch 461/1000: 100% 1000/1000 [00:13<00:00, 72.86it/s, loss=48983099.4258]
Epoch 462/1000: 100% 1000/1000 [00:13<00:00, 73.27it/s, loss=43677924.9145]
Epoch 463/1000: 100% 1000/1000 [00:13<00:00, 72.68it/s, loss=39268823.7612]
Epoch 464/1000: 100% 1000/1000 [00:13<00:00, 71.54it/s, loss=34990004.2027]
Epoch 465/1000: 100% 1000/1000 [00:13<00:00, 73.39it/s, loss=31557064.8884]
Epoch 466/1000: 100% 1000/1000 [00:13<00:00, 73.26it/s, loss=28168439.1801]
Epoch 467/1000: 100% 1000/1000 [00:13<00:00, 73.54it/s, loss=25012274.2119]
Epoch 468/1000: 100% 1000/1000 [00:13<00:00, 73.02it/s, loss=22120343.5644]
Epoch 469/1000: 100% 1000/1000 [00:13<00:00, 72.95it/s, loss=19629692.0515]
Epoch 470/1000: 100% 1000/1000 [00:13<00:00, 72.03it/s, loss=17331540.4945]
2025-11-07 10:52:27,984 [INFO] Epoch 470/1000 | Time: 13.93s | Loss: 17331540.4945 | Eval Return: 9.20
Epoch 471/1000: 100% 1000/1000 [00:13<00:00, 71.52it/s, loss=15130724.2477]
Epoch 472/1000: 100% 1000/1000 [00:13<00:00, 73.35it/s, loss=13187726.6483]
Epoch 473/1000: 100% 1000/1000 [00:13<00:00, 73.44it/s, loss=11352673.2247]
Epoch 474/1000: 100% 1000/1000 [00:13<00:00, 72.38it/s, loss=9790142.2741]
Epoch 475/1000: 100% 1000/1000 [00:13<00:00, 72.24it/s, loss=8482801.2070]
Epoch 476/1000: 100% 1000/1000 [00:13<00:00, 73.16it/s, loss=7173568.2837]
Epoch 477/1000: 100% 1000/1000 [00:13<00:00, 71.65it/s, loss=6119704.1721]
Epoch 478/1000: 100% 1000/1000 [00:13<00:00, 71.68it/s, loss=5144596.9032]
Epoch 479/1000: 100% 1000/1000 [00:13<00:00, 73.12it/s, loss=4308776.5785]
Epoch 480/1000: 100% 1000/1000 [00:13<00:00, 73.02it/s, loss=3517287.9014]
2025-11-07 10:54:45,862 [INFO] Epoch 480/1000 | Time: 13.73s | Loss: 3517287.9014 | Eval Return: 9.70
Epoch 481/1000: 100% 1000/1000 [00:13<00:00, 73.01it/s, loss=2879717.8586]
Epoch 482/1000: 100% 1000/1000 [00:13<00:00, 73.48it/s, loss=2350746.6318]
Epoch 483/1000: 100% 1000/1000 [00:13<00:00, 73.24it/s, loss=1912636.0225]
Epoch 484/1000: 100% 1000/1000 [00:14<00:00, 71.32it/s, loss=1515689.6752]
Epoch 485/1000: 100% 1000/1000 [00:13<00:00, 72.88it/s, loss=1203688.7882]
Epoch 486/1000: 100% 1000/1000 [00:13<00:00, 73.82it/s, loss=963043.0219]
Epoch 487/1000: 100% 1000/1000 [00:13<00:00, 73.18it/s, loss=709456.4430]
Epoch 488/1000: 100% 1000/1000 [00:13<00:00, 73.43it/s, loss=512980.2654]
Epoch 489/1000: 100% 1000/1000 [00:13<00:00, 73.48it/s, loss=367938.8451]
Epoch 490/1000: 100% 1000/1000 [00:13<00:00, 73.57it/s, loss=244674.5717]
2025-11-07 10:57:02,634 [INFO] Epoch 490/1000 | Time: 13.63s | Loss: 244674.5717 | Eval Return: 9.50
Epoch 491/1000: 100% 1000/1000 [00:14<00:00, 71.31it/s, loss=165696.7514]
Epoch 492/1000: 100% 1000/1000 [00:13<00:00, 73.48it/s, loss=121797.4786]
Epoch 493/1000: 100% 1000/1000 [00:13<00:00, 73.68it/s, loss=102068.8474]
Epoch 494/1000: 100% 1000/1000 [00:13<00:00, 73.56it/s, loss=107425.9188]
Epoch 495/1000: 100% 1000/1000 [00:13<00:00, 73.17it/s, loss=124152.8880]
Epoch 496/1000: 100% 1000/1000 [00:13<00:00, 73.42it/s, loss=154705.5900]
Epoch 497/1000: 100% 1000/1000 [00:13<00:00, 72.60it/s, loss=193979.1299]
Epoch 498/1000: 100% 1000/1000 [00:14<00:00, 70.58it/s, loss=240569.8532]
Epoch 499/1000: 100% 1000/1000 [00:13<00:00, 72.50it/s, loss=285823.4102]
Epoch 500/1000: 100% 1000/1000 [00:13<00:00, 72.91it/s, loss=330008.4003]
2025-11-07 10:59:20,209 [INFO] Epoch 500/1000 | Time: 13.75s | Loss: 330008.4003 | Eval Return: 8.90
Epoch 501/1000: 100% 1000/1000 [00:13<00:00, 73.11it/s, loss=364348.7028]
Epoch 502/1000: 100% 1000/1000 [00:13<00:00, 73.63it/s, loss=385266.0942]
Epoch 503/1000: 100% 1000/1000 [00:13<00:00, 73.03it/s, loss=404841.0753]
Epoch 504/1000: 100% 1000/1000 [00:13<00:00, 73.70it/s, loss=409413.6471]
Epoch 505/1000: 100% 1000/1000 [00:14<00:00, 71.31it/s, loss=409917.1641]
Epoch 506/1000: 100% 1000/1000 [00:13<00:00, 71.96it/s, loss=403454.3893]
Epoch 507/1000: 100% 1000/1000 [00:13<00:00, 72.95it/s, loss=387013.0559]
Epoch 508/1000: 100% 1000/1000 [00:13<00:00, 73.68it/s, loss=363600.0481]
Epoch 509/1000: 100% 1000/1000 [00:13<00:00, 73.05it/s, loss=340853.4280]
Epoch 510/1000: 100% 1000/1000 [00:13<00:00, 73.60it/s, loss=307888.8221]
2025-11-07 11:01:37,255 [INFO] Epoch 510/1000 | Time: 13.62s | Loss: 307888.8221 | Eval Return: 9.50
Epoch 511/1000: 100% 1000/1000 [00:13<00:00, 73.14it/s, loss=276141.7466]
Epoch 512/1000: 100% 1000/1000 [00:14<00:00, 70.77it/s, loss=239807.4431]
Epoch 513/1000: 100% 1000/1000 [00:13<00:00, 72.82it/s, loss=205375.4957]
Epoch 514/1000: 100% 1000/1000 [00:13<00:00, 73.28it/s, loss=166795.5413]
Epoch 515/1000: 100% 1000/1000 [00:13<00:00, 73.63it/s, loss=133694.9217]
Epoch 516/1000: 100% 1000/1000 [00:13<00:00, 72.88it/s, loss=102465.4619]
Epoch 517/1000: 100% 1000/1000 [00:13<00:00, 73.23it/s, loss=76111.5534]
Epoch 518/1000: 100% 1000/1000 [00:13<00:00, 73.20it/s, loss=52870.4484]
Epoch 519/1000: 100% 1000/1000 [00:13<00:00, 71.88it/s, loss=35750.6166]
Epoch 520/1000: 100% 1000/1000 [00:14<00:00, 70.83it/s, loss=25008.3543]
2025-11-07 11:03:55,125 [INFO] Epoch 520/1000 | Time: 14.15s | Loss: 25008.3543 | Eval Return: 9.40
Epoch 521/1000: 100% 1000/1000 [00:13<00:00, 73.11it/s, loss=19734.5695]
Epoch 522/1000: 100% 1000/1000 [00:13<00:00, 73.09it/s, loss=19282.3525]
Epoch 523/1000: 100% 1000/1000 [00:13<00:00, 73.18it/s, loss=23219.9045]
Epoch 524/1000: 100% 1000/1000 [00:13<00:00, 73.27it/s, loss=30541.5906]
Epoch 525/1000: 100% 1000/1000 [00:13<00:00, 73.08it/s, loss=42364.1589]
Epoch 526/1000: 100% 1000/1000 [00:14<00:00, 71.05it/s, loss=60724.4229]
Epoch 527/1000: 100% 1000/1000 [00:13<00:00, 72.42it/s, loss=86192.1342]
Epoch 528/1000: 100% 1000/1000 [00:13<00:00, 73.04it/s, loss=119287.5728]
Epoch 529/1000: 100% 1000/1000 [00:13<00:00, 73.07it/s, loss=152972.1175]
Epoch 530/1000: 100% 1000/1000 [00:13<00:00, 73.09it/s, loss=190067.1901]
2025-11-07 11:06:12,463 [INFO] Epoch 530/1000 | Time: 13.71s | Loss: 190067.1901 | Eval Return: 9.30
Epoch 531/1000: 100% 1000/1000 [00:13<00:00, 73.10it/s, loss=232585.9220]
Epoch 532/1000: 100% 1000/1000 [00:13<00:00, 73.03it/s, loss=271300.4093]
Epoch 533/1000: 100% 1000/1000 [00:14<00:00, 70.74it/s, loss=314374.7028]
Epoch 534/1000: 100% 1000/1000 [00:13<00:00, 73.24it/s, loss=356042.6644]
Epoch 535/1000: 100% 1000/1000 [00:13<00:00, 73.01it/s, loss=396949.1607]
Epoch 536/1000: 100% 1000/1000 [00:13<00:00, 72.65it/s, loss=433729.3774]
Epoch 537/1000: 100% 1000/1000 [00:13<00:00, 73.28it/s, loss=469465.1402]
Epoch 538/1000: 100% 1000/1000 [00:13<00:00, 72.74it/s, loss=504230.1859]
Epoch 539/1000: 100% 1000/1000 [00:13<00:00, 72.63it/s, loss=534148.8954]
Epoch 540/1000: 100% 1000/1000 [00:14<00:00, 70.69it/s, loss=554117.7655]
2025-11-07 11:08:30,433 [INFO] Epoch 540/1000 | Time: 14.18s | Loss: 554117.7655 | Eval Return: 9.70
Epoch 541/1000: 100% 1000/1000 [00:13<00:00, 73.28it/s, loss=569632.7534]
Epoch 542/1000: 100% 1000/1000 [00:13<00:00, 72.50it/s, loss=584363.4875]
Epoch 543/1000: 100% 1000/1000 [00:13<00:00, 72.05it/s, loss=591502.2297]
Epoch 544/1000: 100% 1000/1000 [00:13<00:00, 73.08it/s, loss=592529.4064]
Epoch 545/1000: 100% 1000/1000 [00:13<00:00, 72.77it/s, loss=585007.2125]
Epoch 546/1000: 100% 1000/1000 [00:13<00:00, 72.24it/s, loss=577918.5128]
Epoch 547/1000: 100% 1000/1000 [00:13<00:00, 71.68it/s, loss=569079.5523]
Epoch 548/1000: 100% 1000/1000 [00:13<00:00, 73.25it/s, loss=544926.1354]
Epoch 549/1000: 100% 1000/1000 [00:13<00:00, 73.20it/s, loss=522291.2306]
Epoch 550/1000: 100% 1000/1000 [00:13<00:00, 73.09it/s, loss=497008.3920]
2025-11-07 11:10:48,007 [INFO] Epoch 550/1000 | Time: 13.72s | Loss: 497008.3920 | Eval Return: 9.80
Epoch 551/1000: 100% 1000/1000 [00:13<00:00, 73.49it/s, loss=474635.8425]
Epoch 552/1000: 100% 1000/1000 [00:13<00:00, 73.47it/s, loss=448633.9859]
Epoch 553/1000: 100% 1000/1000 [00:13<00:00, 71.68it/s, loss=415624.7904]
Epoch 554/1000: 100% 1000/1000 [00:13<00:00, 71.67it/s, loss=385482.7654]
Epoch 555/1000: 100% 1000/1000 [00:13<00:00, 73.46it/s, loss=352924.2490]
Epoch 556/1000: 100% 1000/1000 [00:13<00:00, 73.21it/s, loss=320339.9171]
Epoch 557/1000: 100% 1000/1000 [00:13<00:00, 73.67it/s, loss=292222.9876]
Epoch 558/1000: 100% 1000/1000 [00:13<00:00, 72.99it/s, loss=259543.8239]
Epoch 559/1000: 100% 1000/1000 [00:13<00:00, 72.61it/s, loss=230627.6744]
Epoch 560/1000: 100% 1000/1000 [00:13<00:00, 72.37it/s, loss=204260.5540]
2025-11-07 11:13:05,322 [INFO] Epoch 560/1000 | Time: 13.86s | Loss: 204260.5540 | Eval Return: 9.60
Epoch 561/1000: 100% 1000/1000 [00:13<00:00, 71.57it/s, loss=177553.8446]
Epoch 562/1000: 100% 1000/1000 [00:13<00:00, 73.01it/s, loss=155871.5077]
Epoch 563/1000: 100% 1000/1000 [00:13<00:00, 73.20it/s, loss=136739.9043]
Epoch 564/1000: 100% 1000/1000 [00:13<00:00, 73.28it/s, loss=118690.6417]
Epoch 565/1000: 100% 1000/1000 [00:13<00:00, 72.47it/s, loss=104039.6571]
Epoch 566/1000: 100% 1000/1000 [00:13<00:00, 73.29it/s, loss=91953.2397]
Epoch 567/1000: 100% 1000/1000 [00:13<00:00, 71.77it/s, loss=82122.4231]
Epoch 568/1000: 100% 1000/1000 [00:13<00:00, 71.86it/s, loss=75862.1867]
Epoch 569/1000: 100% 1000/1000 [00:13<00:00, 73.02it/s, loss=71331.5558]
Epoch 570/1000: 100% 1000/1000 [00:13<00:00, 73.57it/s, loss=67012.6502]
2025-11-07 11:15:22,922 [INFO] Epoch 570/1000 | Time: 13.63s | Loss: 67012.6502 | Eval Return: 9.80
Epoch 571/1000: 100% 1000/1000 [00:13<00:00, 72.71it/s, loss=64714.4367]
Epoch 572/1000: 100% 1000/1000 [00:13<00:00, 73.62it/s, loss=64568.1454]
Epoch 573/1000: 100% 1000/1000 [00:13<00:00, 73.03it/s, loss=65669.7231]
Epoch 574/1000: 100% 1000/1000 [00:13<00:00, 71.98it/s, loss=66920.1182]
Epoch 575/1000: 100% 1000/1000 [00:13<00:00, 71.57it/s, loss=69167.6913]
Epoch 576/1000: 100% 1000/1000 [00:13<00:00, 73.30it/s, loss=71795.0396]
Epoch 577/1000: 100% 1000/1000 [00:13<00:00, 72.89it/s, loss=75016.7605]
Epoch 578/1000: 100% 1000/1000 [00:13<00:00, 73.49it/s, loss=77325.6116]
Epoch 579/1000: 100% 1000/1000 [00:13<00:00, 73.40it/s, loss=80587.5180]
Epoch 580/1000: 100% 1000/1000 [00:13<00:00, 73.10it/s, loss=88975.4177]
2025-11-07 11:17:40,126 [INFO] Epoch 580/1000 | Time: 13.71s | Loss: 88975.4177 | Eval Return: 9.40
Epoch 581/1000: 100% 1000/1000 [00:13<00:00, 71.99it/s, loss=101166.8502]
Epoch 582/1000: 100% 1000/1000 [00:13<00:00, 71.50it/s, loss=119438.2629]
Epoch 583/1000: 100% 1000/1000 [00:13<00:00, 72.89it/s, loss=142208.6996]
Epoch 584/1000: 100% 1000/1000 [00:13<00:00, 73.06it/s, loss=169566.9741]
Epoch 585/1000: 100% 1000/1000 [00:13<00:00, 73.41it/s, loss=202158.0753]
Epoch 586/1000: 100% 1000/1000 [00:13<00:00, 72.89it/s, loss=239080.0563]
Epoch 587/1000: 100% 1000/1000 [00:13<00:00, 72.99it/s, loss=280895.5644]
Epoch 588/1000: 100% 1000/1000 [00:14<00:00, 70.80it/s, loss=330651.0761]
Epoch 589/1000: 100% 1000/1000 [00:13<00:00, 72.42it/s, loss=378206.8286]
Epoch 590/1000: 100% 1000/1000 [00:13<00:00, 73.45it/s, loss=433715.3407]
2025-11-07 11:19:58,046 [INFO] Epoch 590/1000 | Time: 13.66s | Loss: 433715.3407 | Eval Return: 9.60
Epoch 591/1000: 100% 1000/1000 [00:13<00:00, 73.03it/s, loss=486672.0815]
Epoch 592/1000: 100% 1000/1000 [00:13<00:00, 73.60it/s, loss=546222.7505]
Epoch 593/1000: 100% 1000/1000 [00:13<00:00, 73.19it/s, loss=596349.2128]
Epoch 594/1000: 100% 1000/1000 [00:13<00:00, 73.34it/s, loss=657887.3469]
Epoch 595/1000: 100% 1000/1000 [00:14<00:00, 71.42it/s, loss=714736.0319]
Epoch 596/1000: 100% 1000/1000 [00:13<00:00, 72.55it/s, loss=777228.9427]
Epoch 597/1000: 100% 1000/1000 [00:13<00:00, 73.24it/s, loss=829632.1143]
Epoch 598/1000: 100% 1000/1000 [00:13<00:00, 73.42it/s, loss=889022.3170]
Epoch 599/1000: 100% 1000/1000 [00:13<00:00, 73.46it/s, loss=939119.4662]
Epoch 600/1000: 100% 1000/1000 [00:13<00:00, 73.37it/s, loss=999032.1959]
2025-11-07 11:22:14,967 [INFO] Epoch 600/1000 | Time: 13.66s | Loss: 999032.1959 | Eval Return: 9.30
Epoch 601/1000: 100% 1000/1000 [00:13<00:00, 73.14it/s, loss=1065902.3354]
Epoch 602/1000: 100% 1000/1000 [00:13<00:00, 72.23it/s, loss=1117087.1597]
Epoch 603/1000: 100% 1000/1000 [00:13<00:00, 72.05it/s, loss=1178549.9293]
Epoch 604/1000: 100% 1000/1000 [00:13<00:00, 73.31it/s, loss=1243123.2135]
Epoch 605/1000: 100% 1000/1000 [00:13<00:00, 73.58it/s, loss=1302720.1838]
Epoch 606/1000: 100% 1000/1000 [00:13<00:00, 72.80it/s, loss=1372393.9519]
Epoch 607/1000: 100% 1000/1000 [00:13<00:00, 73.52it/s, loss=1449078.7749]
Epoch 608/1000: 100% 1000/1000 [00:13<00:00, 73.33it/s, loss=1525624.9425]
Epoch 609/1000: 100% 1000/1000 [00:13<00:00, 72.24it/s, loss=1625920.1065]
Epoch 610/1000: 100% 1000/1000 [00:14<00:00, 70.92it/s, loss=1713046.4470]
2025-11-07 11:24:32,558 [INFO] Epoch 610/1000 | Time: 14.13s | Loss: 1713046.4470 | Eval Return: 9.60
Epoch 611/1000: 100% 1000/1000 [00:13<00:00, 72.87it/s, loss=1843305.9857]
Epoch 612/1000: 100% 1000/1000 [00:13<00:00, 72.75it/s, loss=1987989.2286]
Epoch 613/1000: 100% 1000/1000 [00:13<00:00, 73.75it/s, loss=2127104.0756]
Epoch 614/1000: 100% 1000/1000 [00:13<00:00, 73.72it/s, loss=2282244.9077]
Epoch 615/1000: 100% 1000/1000 [00:13<00:00, 73.31it/s, loss=2466983.9032]
Epoch 616/1000: 100% 1000/1000 [00:13<00:00, 72.35it/s, loss=2677823.8635]
Epoch 617/1000: 100% 1000/1000 [00:13<00:00, 71.94it/s, loss=2948773.8565]
Epoch 618/1000: 100% 1000/1000 [00:13<00:00, 73.59it/s, loss=3210194.9518]
Epoch 619/1000: 100% 1000/1000 [00:13<00:00, 73.51it/s, loss=3483302.4568]
Epoch 620/1000: 100% 1000/1000 [00:13<00:00, 73.48it/s, loss=3829162.1477]
2025-11-07 11:26:49,355 [INFO] Epoch 620/1000 | Time: 13.64s | Loss: 3829162.1477 | Eval Return: 9.20
Epoch 621/1000: 100% 1000/1000 [00:13<00:00, 73.21it/s, loss=4181485.5823]
Epoch 622/1000: 100% 1000/1000 [00:13<00:00, 73.41it/s, loss=4565752.2213]
Epoch 623/1000: 100% 1000/1000 [00:13<00:00, 72.61it/s, loss=5021591.7768]
Epoch 624/1000: 100% 1000/1000 [00:13<00:00, 71.49it/s, loss=5458471.0555]
Epoch 625/1000: 100% 1000/1000 [00:13<00:00, 73.63it/s, loss=5965859.1702]
Epoch 626/1000: 100% 1000/1000 [00:13<00:00, 73.25it/s, loss=6447904.4859]
Epoch 627/1000: 100% 1000/1000 [00:13<00:00, 73.57it/s, loss=6985079.7093]
Epoch 628/1000: 100% 1000/1000 [00:13<00:00, 73.42it/s, loss=7564437.2496]
Epoch 629/1000: 100% 1000/1000 [00:13<00:00, 73.42it/s, loss=8201700.1212]
Epoch 630/1000: 100% 1000/1000 [00:13<00:00, 72.06it/s, loss=8986629.2633]
2025-11-07 11:29:06,389 [INFO] Epoch 630/1000 | Time: 13.92s | Loss: 8986629.2633 | Eval Return: 9.60
Epoch 631/1000: 100% 1000/1000 [00:13<00:00, 71.91it/s, loss=9697807.9304]
Epoch 632/1000: 100% 1000/1000 [00:13<00:00, 73.12it/s, loss=10498391.4884]
Epoch 633/1000: 100% 1000/1000 [00:13<00:00, 72.52it/s, loss=11309980.3232]
Epoch 634/1000: 100% 1000/1000 [00:13<00:00, 73.11it/s, loss=12125273.3751]
Epoch 635/1000: 100% 1000/1000 [00:13<00:00, 73.77it/s, loss=12995685.3656]
Epoch 636/1000: 100% 1000/1000 [00:13<00:00, 73.38it/s, loss=13722737.5343]
Epoch 637/1000: 100% 1000/1000 [00:13<00:00, 72.73it/s, loss=14685785.6276]
Epoch 638/1000: 100% 1000/1000 [00:13<00:00, 71.78it/s, loss=15486213.9061]
Epoch 639/1000: 100% 1000/1000 [00:13<00:00, 73.31it/s, loss=16606683.6889]
Epoch 640/1000: 100% 1000/1000 [00:13<00:00, 73.40it/s, loss=17283056.9390]
2025-11-07 11:31:23,615 [INFO] Epoch 640/1000 | Time: 13.66s | Loss: 17283056.9390 | Eval Return: 9.50
Epoch 641/1000: 100% 1000/1000 [00:13<00:00, 72.75it/s, loss=18253774.7910]
Epoch 642/1000: 100% 1000/1000 [00:13<00:00, 72.94it/s, loss=19044881.1715]
Epoch 643/1000: 100% 1000/1000 [00:13<00:00, 73.64it/s, loss=19802329.1114]
Epoch 644/1000: 100% 1000/1000 [00:13<00:00, 73.17it/s, loss=20845054.8692]
Epoch 645/1000: 100% 1000/1000 [00:13<00:00, 71.63it/s, loss=21484151.5390]
Epoch 646/1000: 100% 1000/1000 [00:13<00:00, 73.84it/s, loss=22235804.4501]
Epoch 647/1000: 100% 1000/1000 [00:13<00:00, 73.12it/s, loss=23013072.8628]
Epoch 648/1000: 100% 1000/1000 [00:13<00:00, 72.76it/s, loss=23636602.9862]
Epoch 649/1000: 100% 1000/1000 [00:13<00:00, 73.45it/s, loss=24144066.5865]
Epoch 650/1000: 100% 1000/1000 [00:13<00:00, 72.96it/s, loss=24805364.6971]
2025-11-07 11:33:40,600 [INFO] Epoch 650/1000 | Time: 13.74s | Loss: 24805364.6971 | Eval Return: 9.40
Epoch 651/1000: 100% 1000/1000 [00:13<00:00, 73.18it/s, loss=25366698.3657]
Epoch 652/1000: 100% 1000/1000 [00:14<00:00, 71.14it/s, loss=25466895.3848]
Epoch 653/1000: 100% 1000/1000 [00:13<00:00, 73.33it/s, loss=25850341.8533]
Epoch 654/1000: 100% 1000/1000 [00:13<00:00, 73.52it/s, loss=25931736.5066]
Epoch 655/1000: 100% 1000/1000 [00:13<00:00, 73.21it/s, loss=26261068.5116]
Epoch 656/1000: 100% 1000/1000 [00:13<00:00, 72.80it/s, loss=26214056.6184]
Epoch 657/1000: 100% 1000/1000 [00:13<00:00, 73.24it/s, loss=26272999.2256]
Epoch 658/1000: 100% 1000/1000 [00:13<00:00, 73.54it/s, loss=25811857.7116]
Epoch 659/1000: 100% 1000/1000 [00:14<00:00, 70.61it/s, loss=25752267.2673]
Epoch 660/1000: 100% 1000/1000 [00:13<00:00, 73.24it/s, loss=25428920.1805]
2025-11-07 11:35:58,069 [INFO] Epoch 660/1000 | Time: 13.69s | Loss: 25428920.1805 | Eval Return: 9.70
Epoch 661/1000: 100% 1000/1000 [00:13<00:00, 73.49it/s, loss=25064757.2572]
Epoch 662/1000: 100% 1000/1000 [00:13<00:00, 73.55it/s, loss=24468444.9574]
Epoch 663/1000: 100% 1000/1000 [00:13<00:00, 73.35it/s, loss=23849144.1199]
Epoch 664/1000: 100% 1000/1000 [00:13<00:00, 73.77it/s, loss=23189540.8423]
Epoch 665/1000: 100% 1000/1000 [00:13<00:00, 73.00it/s, loss=22546223.1143]
Epoch 666/1000: 100% 1000/1000 [00:14<00:00, 70.59it/s, loss=21657605.9596]
Epoch 667/1000: 100% 1000/1000 [00:13<00:00, 73.03it/s, loss=20845903.6191]
Epoch 668/1000: 100% 1000/1000 [00:13<00:00, 73.23it/s, loss=19681545.2081]
Epoch 669/1000: 100% 1000/1000 [00:13<00:00, 73.11it/s, loss=18680382.9356]
Epoch 670/1000: 100% 1000/1000 [00:13<00:00, 73.30it/s, loss=17427598.5712]
2025-11-07 11:38:15,031 [INFO] Epoch 670/1000 | Time: 13.67s | Loss: 17427598.5712 | Eval Return: 9.10
Epoch 671/1000: 100% 1000/1000 [00:13<00:00, 73.63it/s, loss=16431877.4064]
Epoch 672/1000: 100% 1000/1000 [00:13<00:00, 73.31it/s, loss=15216032.1851]
Epoch 673/1000: 100% 1000/1000 [00:13<00:00, 71.96it/s, loss=14312572.3960]
Epoch 674/1000: 100% 1000/1000 [00:13<00:00, 72.50it/s, loss=13201729.1978]
Epoch 675/1000: 100% 1000/1000 [00:13<00:00, 73.66it/s, loss=12132618.8954]
Epoch 676/1000: 100% 1000/1000 [00:13<00:00, 73.79it/s, loss=11196649.8966]
Epoch 677/1000: 100% 1000/1000 [00:13<00:00, 72.98it/s, loss=10170142.7872]
Epoch 678/1000: 100% 1000/1000 [00:13<00:00, 72.19it/s, loss=9122637.9908]
Epoch 679/1000: 100% 1000/1000 [00:13<00:00, 72.61it/s, loss=8165318.0057]
Epoch 680/1000: 100% 1000/1000 [00:14<00:00, 70.61it/s, loss=7114252.3903]
2025-11-07 11:40:32,618 [INFO] Epoch 680/1000 | Time: 14.22s | Loss: 7114252.3903 | Eval Return: 9.10
Epoch 681/1000: 100% 1000/1000 [00:13<00:00, 73.00it/s, loss=6154891.8432]
Epoch 682/1000: 100% 1000/1000 [00:13<00:00, 73.01it/s, loss=5245829.2209]
Epoch 683/1000: 100% 1000/1000 [00:13<00:00, 72.82it/s, loss=4444342.8984]
Epoch 684/1000: 100% 1000/1000 [00:13<00:00, 73.27it/s, loss=3680474.6752]
Epoch 685/1000: 100% 1000/1000 [00:13<00:00, 73.35it/s, loss=2992429.0712]
Epoch 686/1000: 100% 1000/1000 [00:13<00:00, 72.82it/s, loss=2421414.2565]
Epoch 687/1000: 100% 1000/1000 [00:14<00:00, 70.28it/s, loss=1902889.3447]
Epoch 688/1000: 100% 1000/1000 [00:13<00:00, 73.23it/s, loss=1460370.2929]
Epoch 689/1000: 100% 1000/1000 [00:13<00:00, 73.45it/s, loss=1093111.8638]
Epoch 690/1000: 100% 1000/1000 [00:13<00:00, 73.54it/s, loss=780287.4123]
2025-11-07 11:42:49,906 [INFO] Epoch 690/1000 | Time: 13.64s | Loss: 780287.4123 | Eval Return: 9.40
Epoch 691/1000: 100% 1000/1000 [00:13<00:00, 73.34it/s, loss=535754.3511]
Epoch 692/1000: 100% 1000/1000 [00:13<00:00, 73.36it/s, loss=350834.5707]
Epoch 693/1000: 100% 1000/1000 [00:13<00:00, 73.36it/s, loss=215890.0254]
Epoch 694/1000: 100% 1000/1000 [00:14<00:00, 71.04it/s, loss=120861.7871]
Epoch 695/1000: 100% 1000/1000 [00:13<00:00, 73.09it/s, loss=62728.5511]
Epoch 696/1000: 100% 1000/1000 [00:13<00:00, 73.62it/s, loss=38347.5100]
Epoch 697/1000: 100% 1000/1000 [00:13<00:00, 73.26it/s, loss=36511.7938]
Epoch 698/1000: 100% 1000/1000 [00:13<00:00, 73.40it/s, loss=59832.0837]
Epoch 699/1000: 100% 1000/1000 [00:13<00:00, 73.67it/s, loss=106035.5439]
Epoch 700/1000: 100% 1000/1000 [00:13<00:00, 73.04it/s, loss=162210.8410]
2025-11-07 11:45:06,729 [INFO] Epoch 700/1000 | Time: 13.73s | Loss: 162210.8410 | Eval Return: 8.90
Epoch 701/1000: 100% 1000/1000 [00:14<00:00, 70.84it/s, loss=219994.5431]
Epoch 702/1000: 100% 1000/1000 [00:13<00:00, 73.04it/s, loss=262932.4569]
Epoch 703/1000: 100% 1000/1000 [00:13<00:00, 73.45it/s, loss=288803.2075]
Epoch 704/1000: 100% 1000/1000 [00:13<00:00, 73.25it/s, loss=287003.2060]
Epoch 705/1000: 100% 1000/1000 [00:13<00:00, 73.33it/s, loss=269084.3962]
Epoch 706/1000: 100% 1000/1000 [00:13<00:00, 73.42it/s, loss=255912.5907]
Epoch 707/1000: 100% 1000/1000 [00:13<00:00, 73.11it/s, loss=285724.3341]
Epoch 708/1000: 100% 1000/1000 [00:13<00:00, 71.84it/s, loss=415664.9269]
Epoch 709/1000: 100% 1000/1000 [00:13<00:00, 72.21it/s, loss=729874.9382]
Epoch 710/1000: 100% 1000/1000 [00:13<00:00, 73.40it/s, loss=1365390.3665]
2025-11-07 11:47:24,176 [INFO] Epoch 710/1000 | Time: 13.66s | Loss: 1365390.3665 | Eval Return: 9.40
Epoch 711/1000: 100% 1000/1000 [00:13<00:00, 73.50it/s, loss=2431014.6626]
Epoch 712/1000: 100% 1000/1000 [00:13<00:00, 73.15it/s, loss=4075962.9008]
Epoch 713/1000: 100% 1000/1000 [00:13<00:00, 73.34it/s, loss=6454238.9501]
Epoch 714/1000: 100% 1000/1000 [00:13<00:00, 73.38it/s, loss=9869029.9834]
Epoch 715/1000: 100% 1000/1000 [00:13<00:00, 71.92it/s, loss=14361574.2422]
Epoch 716/1000: 100% 1000/1000 [00:13<00:00, 72.05it/s, loss=19936736.9625]
Epoch 717/1000: 100% 1000/1000 [00:13<00:00, 73.43it/s, loss=25966315.5483]
Epoch 718/1000: 100% 1000/1000 [00:13<00:00, 73.28it/s, loss=32670616.9285]
Epoch 719/1000: 100% 1000/1000 [00:13<00:00, 73.77it/s, loss=39888099.9473]
Epoch 720/1000: 100% 1000/1000 [00:13<00:00, 73.47it/s, loss=46742472.8965]
2025-11-07 11:49:40,966 [INFO] Epoch 720/1000 | Time: 13.64s | Loss: 46742472.8965 | Eval Return: 9.30
Epoch 721/1000: 100% 1000/1000 [00:13<00:00, 73.34it/s, loss=54924829.1110]
Epoch 722/1000: 100% 1000/1000 [00:14<00:00, 71.39it/s, loss=63429730.5885]
Epoch 723/1000: 100% 1000/1000 [00:13<00:00, 71.75it/s, loss=72334053.3195]
Epoch 724/1000: 100% 1000/1000 [00:13<00:00, 72.64it/s, loss=81809286.7680]
Epoch 725/1000: 100% 1000/1000 [00:13<00:00, 73.61it/s, loss=92221151.9435]
Epoch 726/1000: 100% 1000/1000 [00:13<00:00, 73.35it/s, loss=100910008.3765]
Epoch 727/1000: 100% 1000/1000 [00:13<00:00, 73.41it/s, loss=110937342.1730]
Epoch 728/1000: 100% 1000/1000 [00:13<00:00, 73.26it/s, loss=119069541.4550]
Epoch 729/1000: 100% 1000/1000 [00:13<00:00, 71.82it/s, loss=128710689.8860]
Epoch 730/1000: 100% 1000/1000 [00:13<00:00, 72.35it/s, loss=136066597.6905]
2025-11-07 11:51:58,586 [INFO] Epoch 730/1000 | Time: 13.85s | Loss: 136066597.6905 | Eval Return: 9.40
Epoch 731/1000: 100% 1000/1000 [00:13<00:00, 73.09it/s, loss=144546134.0960]
Epoch 732/1000: 100% 1000/1000 [00:13<00:00, 73.43it/s, loss=151519704.2900]
Epoch 733/1000: 100% 1000/1000 [00:13<00:00, 73.26it/s, loss=158224809.3460]
Epoch 734/1000: 100% 1000/1000 [00:13<00:00, 73.33it/s, loss=164616933.6780]
Epoch 735/1000: 100% 1000/1000 [00:13<00:00, 73.22it/s, loss=170817664.6700]
Epoch 736/1000: 100% 1000/1000 [00:14<00:00, 71.38it/s, loss=174737759.4690]
Epoch 737/1000: 100% 1000/1000 [00:13<00:00, 72.34it/s, loss=180024519.8420]
Epoch 738/1000: 100% 1000/1000 [00:13<00:00, 72.85it/s, loss=182995441.5890]
Epoch 739/1000: 100% 1000/1000 [00:13<00:00, 73.24it/s, loss=188179309.6260]
Epoch 740/1000: 100% 1000/1000 [00:13<00:00, 72.96it/s, loss=191662056.1980]
2025-11-07 11:54:15,791 [INFO] Epoch 740/1000 | Time: 13.74s | Loss: 191662056.1980 | Eval Return: 9.70
Epoch 741/1000: 100% 1000/1000 [00:13<00:00, 73.14it/s, loss=199549715.4490]
Epoch 742/1000: 100% 1000/1000 [00:13<00:00, 72.71it/s, loss=203956126.6640]
Epoch 743/1000: 100% 1000/1000 [00:13<00:00, 71.51it/s, loss=206121353.6630]
Epoch 744/1000: 100% 1000/1000 [00:13<00:00, 72.17it/s, loss=212811539.7820]
Epoch 745/1000: 100% 1000/1000 [00:13<00:00, 73.29it/s, loss=216567274.7360]
Epoch 746/1000: 100% 1000/1000 [00:13<00:00, 72.51it/s, loss=218785323.9530]
Epoch 747/1000: 100% 1000/1000 [00:13<00:00, 73.23it/s, loss=220090327.6740]
Epoch 748/1000: 100% 1000/1000 [00:13<00:00, 73.04it/s, loss=219659903.9380]
Epoch 749/1000: 100% 1000/1000 [00:13<00:00, 73.22it/s, loss=218588466.0320]
Epoch 750/1000: 100% 1000/1000 [00:13<00:00, 71.46it/s, loss=214671320.0450]
2025-11-07 11:56:33,543 [INFO] Epoch 750/1000 | Time: 14.04s | Loss: 214671320.0450 | Eval Return: 9.50
Epoch 751/1000: 100% 1000/1000 [00:13<00:00, 72.54it/s, loss=209556402.2410]
Epoch 752/1000: 100% 1000/1000 [00:13<00:00, 73.09it/s, loss=203024013.7110]
Epoch 753/1000: 100% 1000/1000 [00:13<00:00, 72.84it/s, loss=198134540.4540]
Epoch 754/1000: 100% 1000/1000 [00:13<00:00, 73.29it/s, loss=188113695.4040]
Epoch 755/1000: 100% 1000/1000 [00:13<00:00, 73.22it/s, loss=180674828.9260]
Epoch 756/1000: 100% 1000/1000 [00:13<00:00, 72.93it/s, loss=173794082.3330]
Epoch 757/1000: 100% 1000/1000 [00:14<00:00, 70.49it/s, loss=166015733.9690]
Epoch 758/1000: 100% 1000/1000 [00:13<00:00, 73.25it/s, loss=157753673.3440]
Epoch 759/1000: 100% 1000/1000 [00:13<00:00, 73.28it/s, loss=148991324.0440]
Epoch 760/1000: 100% 1000/1000 [00:13<00:00, 72.54it/s, loss=136456376.1400]
2025-11-07 11:58:51,071 [INFO] Epoch 760/1000 | Time: 13.82s | Loss: 136456376.1400 | Eval Return: 9.00
Epoch 761/1000: 100% 1000/1000 [00:13<00:00, 73.32it/s, loss=128536772.5540]
Epoch 762/1000: 100% 1000/1000 [00:13<00:00, 72.97it/s, loss=118911775.6880]
Epoch 763/1000: 100% 1000/1000 [00:13<00:00, 72.94it/s, loss=111184130.8860]
Epoch 764/1000: 100% 1000/1000 [00:14<00:00, 70.85it/s, loss=103043253.2370]
Epoch 765/1000: 100% 1000/1000 [00:13<00:00, 73.05it/s, loss=94281362.4890]
Epoch 766/1000: 100% 1000/1000 [00:13<00:00, 72.97it/s, loss=86094520.4930]
Epoch 767/1000: 100% 1000/1000 [00:13<00:00, 73.32it/s, loss=77457270.8660]
Epoch 768/1000: 100% 1000/1000 [00:13<00:00, 72.63it/s, loss=68050995.6765]
Epoch 769/1000: 100% 1000/1000 [00:13<00:00, 72.67it/s, loss=59163980.3708]
Epoch 770/1000: 100% 1000/1000 [00:14<00:00, 70.58it/s, loss=49911048.0157]
2025-11-07 12:01:09,022 [INFO] Epoch 770/1000 | Time: 14.22s | Loss: 49911048.0157 | Eval Return: 9.90
2025-11-07 12:01:09,032 [INFO] New best eval return: 9.90. Saved best model.
Epoch 771/1000: 100% 1000/1000 [00:14<00:00, 69.73it/s, loss=40258788.3375]
Epoch 772/1000: 100% 1000/1000 [00:13<00:00, 72.78it/s, loss=31011426.6311]
Epoch 773/1000: 100% 1000/1000 [00:13<00:00, 72.35it/s, loss=22856021.3011]
Epoch 774/1000: 100% 1000/1000 [00:13<00:00, 72.39it/s, loss=15872305.3633]
Epoch 775/1000: 100% 1000/1000 [00:13<00:00, 72.34it/s, loss=10390335.5505]
Epoch 776/1000: 100% 1000/1000 [00:13<00:00, 73.40it/s, loss=6277113.4211]
Epoch 777/1000: 100% 1000/1000 [00:14<00:00, 69.91it/s, loss=3462373.1155]
Epoch 778/1000: 100% 1000/1000 [00:13<00:00, 72.97it/s, loss=1705895.2762]
Epoch 779/1000: 100% 1000/1000 [00:13<00:00, 72.10it/s, loss=856359.8797]
Epoch 780/1000: 100% 1000/1000 [00:13<00:00, 72.84it/s, loss=651269.9376]
2025-11-07 12:03:27,843 [INFO] Epoch 780/1000 | Time: 13.76s | Loss: 651269.9376 | Eval Return: 9.40
Epoch 781/1000: 100% 1000/1000 [00:13<00:00, 73.13it/s, loss=1013441.8919]
Epoch 782/1000: 100% 1000/1000 [00:13<00:00, 72.82it/s, loss=2107824.6130]
Epoch 783/1000: 100% 1000/1000 [00:14<00:00, 71.15it/s, loss=3985718.9434]
Epoch 784/1000: 100% 1000/1000 [00:14<00:00, 71.01it/s, loss=6520045.2645]
Epoch 785/1000: 100% 1000/1000 [00:13<00:00, 72.71it/s, loss=9441198.6402]
Epoch 786/1000: 100% 1000/1000 [00:13<00:00, 72.51it/s, loss=12756164.9780]
Epoch 787/1000: 100% 1000/1000 [00:13<00:00, 72.95it/s, loss=16750615.8264]
Epoch 788/1000: 100% 1000/1000 [00:13<00:00, 72.57it/s, loss=21116491.9029]
Epoch 789/1000: 100% 1000/1000 [00:13<00:00, 72.68it/s, loss=25671352.3612]
Epoch 790/1000: 100% 1000/1000 [00:14<00:00, 70.50it/s, loss=30807937.2503]
2025-11-07 12:05:46,412 [INFO] Epoch 790/1000 | Time: 14.23s | Loss: 30807937.2503 | Eval Return: 9.50
Epoch 791/1000: 100% 1000/1000 [00:14<00:00, 71.34it/s, loss=35825832.8308]
Epoch 792/1000: 100% 1000/1000 [00:13<00:00, 72.16it/s, loss=41924110.4953]
Epoch 793/1000: 100% 1000/1000 [00:13<00:00, 72.63it/s, loss=47620396.9450]
Epoch 794/1000: 100% 1000/1000 [00:13<00:00, 72.49it/s, loss=54287102.3668]
Epoch 795/1000: 100% 1000/1000 [00:13<00:00, 72.34it/s, loss=61784605.8075]
Epoch 796/1000: 100% 1000/1000 [00:13<00:00, 71.88it/s, loss=68205079.2905]
Epoch 797/1000: 100% 1000/1000 [00:14<00:00, 70.32it/s, loss=76540123.9885]
Epoch 798/1000: 100% 1000/1000 [00:13<00:00, 72.80it/s, loss=84441841.2605]
Epoch 799/1000: 100% 1000/1000 [00:13<00:00, 72.25it/s, loss=91989409.9300]
Epoch 800/1000: 100% 1000/1000 [00:13<00:00, 72.97it/s, loss=99853053.1755]
2025-11-07 12:08:05,134 [INFO] Epoch 800/1000 | Time: 13.74s | Loss: 99853053.1755 | Eval Return: 9.60
Epoch 801/1000: 100% 1000/1000 [00:13<00:00, 72.90it/s, loss=108738015.5880]
Epoch 802/1000: 100% 1000/1000 [00:13<00:00, 72.53it/s, loss=117515653.1480]
Epoch 803/1000: 100% 1000/1000 [00:14<00:00, 70.45it/s, loss=125938308.7060]
Epoch 804/1000: 100% 1000/1000 [00:14<00:00, 71.22it/s, loss=135306541.9060]
Epoch 805/1000: 100% 1000/1000 [00:13<00:00, 72.31it/s, loss=144736739.5830]
Epoch 806/1000: 100% 1000/1000 [00:13<00:00, 72.02it/s, loss=152810107.8750]
Epoch 807/1000: 100% 1000/1000 [00:13<00:00, 72.67it/s, loss=163175764.8735]
Epoch 808/1000: 100% 1000/1000 [00:13<00:00, 72.98it/s, loss=173617122.6280]
Epoch 809/1000: 100% 1000/1000 [00:13<00:00, 72.13it/s, loss=182669463.5770]
Epoch 810/1000: 100% 1000/1000 [00:14<00:00, 70.39it/s, loss=192232167.1960]
2025-11-07 12:10:24,166 [INFO] Epoch 810/1000 | Time: 14.24s | Loss: 192232167.1960 | Eval Return: 9.70
Epoch 811/1000: 100% 1000/1000 [00:13<00:00, 73.04it/s, loss=201398748.3300]
Epoch 812/1000: 100% 1000/1000 [00:13<00:00, 72.26it/s, loss=212296005.3400]
Epoch 813/1000: 100% 1000/1000 [00:13<00:00, 71.53it/s, loss=218576023.5650]
Epoch 814/1000: 100% 1000/1000 [00:13<00:00, 71.80it/s, loss=229105455.9720]
Epoch 815/1000: 100% 1000/1000 [00:13<00:00, 72.42it/s, loss=239337954.9210]
Epoch 816/1000: 100% 1000/1000 [00:14<00:00, 70.39it/s, loss=247398690.1140]
Epoch 817/1000: 100% 1000/1000 [00:13<00:00, 71.74it/s, loss=254480077.4280]
Epoch 818/1000: 100% 1000/1000 [00:13<00:00, 72.62it/s, loss=261526437.7980]
Epoch 819/1000: 100% 1000/1000 [00:13<00:00, 72.26it/s, loss=269115158.1920]
Epoch 820/1000: 100% 1000/1000 [00:13<00:00, 72.24it/s, loss=277852975.0240]
2025-11-07 12:12:43,049 [INFO] Epoch 820/1000 | Time: 13.88s | Loss: 277852975.0240 | Eval Return: 9.50
Epoch 821/1000: 100% 1000/1000 [00:13<00:00, 72.36it/s, loss=282859382.3080]
Epoch 822/1000: 100% 1000/1000 [00:13<00:00, 72.82it/s, loss=289259018.6800]
Epoch 823/1000: 100% 1000/1000 [00:14<00:00, 70.63it/s, loss=292850136.7160]
Epoch 824/1000: 100% 1000/1000 [00:13<00:00, 72.71it/s, loss=299312614.4250]
Epoch 825/1000: 100% 1000/1000 [00:13<00:00, 73.05it/s, loss=301877247.5200]
Epoch 826/1000: 100% 1000/1000 [00:13<00:00, 73.13it/s, loss=308978637.5880]
Epoch 827/1000: 100% 1000/1000 [00:13<00:00, 72.86it/s, loss=313549905.2760]
Epoch 828/1000: 100% 1000/1000 [00:13<00:00, 72.71it/s, loss=318027833.6860]
Epoch 829/1000: 100% 1000/1000 [00:13<00:00, 71.93it/s, loss=321000509.8980]
Epoch 830/1000: 100% 1000/1000 [00:13<00:00, 71.45it/s, loss=324180207.5360]
2025-11-07 12:15:01,297 [INFO] Epoch 830/1000 | Time: 14.03s | Loss: 324180207.5360 | Eval Return: 9.10
Epoch 831/1000: 100% 1000/1000 [00:13<00:00, 73.10it/s, loss=327865764.1840]
Epoch 832/1000: 100% 1000/1000 [00:13<00:00, 73.21it/s, loss=330882150.6560]
Epoch 833/1000: 100% 1000/1000 [00:13<00:00, 72.93it/s, loss=333696531.1280]
Epoch 834/1000: 100% 1000/1000 [00:13<00:00, 72.98it/s, loss=338260771.8560]
Epoch 835/1000: 100% 1000/1000 [00:13<00:00, 72.46it/s, loss=341801298.7780]
Epoch 836/1000: 100% 1000/1000 [00:14<00:00, 70.76it/s, loss=346386330.0000]
Epoch 837/1000: 100% 1000/1000 [00:13<00:00, 71.68it/s, loss=349429351.2100]
Epoch 838/1000: 100% 1000/1000 [00:13<00:00, 72.79it/s, loss=351354359.7860]
Epoch 839/1000: 100% 1000/1000 [00:13<00:00, 73.07it/s, loss=356051416.0880]
Epoch 840/1000: 100% 1000/1000 [00:13<00:00, 73.13it/s, loss=359048342.4040]
2025-11-07 12:17:19,074 [INFO] Epoch 840/1000 | Time: 13.71s | Loss: 359048342.4040 | Eval Return: 9.30
Epoch 841/1000: 100% 1000/1000 [00:13<00:00, 72.37it/s, loss=361982973.7140]
Epoch 842/1000: 100% 1000/1000 [00:13<00:00, 73.00it/s, loss=366832729.8180]
Epoch 843/1000: 100% 1000/1000 [00:14<00:00, 70.85it/s, loss=373113141.8480]
Epoch 844/1000: 100% 1000/1000 [00:13<00:00, 72.14it/s, loss=375021462.7080]
Epoch 845/1000: 100% 1000/1000 [00:13<00:00, 72.90it/s, loss=375347422.6900]
Epoch 846/1000: 100% 1000/1000 [00:13<00:00, 72.94it/s, loss=378841126.6200]
Epoch 847/1000: 100% 1000/1000 [00:13<00:00, 72.88it/s, loss=382970094.9720]
Epoch 848/1000: 100% 1000/1000 [00:13<00:00, 72.96it/s, loss=384821879.5020]
Epoch 849/1000: 100% 1000/1000 [00:13<00:00, 72.88it/s, loss=390752785.8080]
Epoch 850/1000: 100% 1000/1000 [00:14<00:00, 70.51it/s, loss=392799105.0260]
2025-11-07 12:19:37,366 [INFO] Epoch 850/1000 | Time: 14.22s | Loss: 392799105.0260 | Eval Return: 9.50
Epoch 851/1000: 100% 1000/1000 [00:13<00:00, 72.73it/s, loss=394748027.4800]
Epoch 852/1000: 100% 1000/1000 [00:13<00:00, 72.78it/s, loss=400197965.1660]
Epoch 853/1000: 100% 1000/1000 [00:13<00:00, 72.57it/s, loss=403810741.7400]
Epoch 854/1000: 100% 1000/1000 [00:13<00:00, 72.85it/s, loss=408701721.2880]
Epoch 855/1000: 100% 1000/1000 [00:13<00:00, 72.76it/s, loss=409710239.1400]
Epoch 856/1000: 100% 1000/1000 [00:13<00:00, 72.13it/s, loss=414417088.3800]
Epoch 857/1000: 100% 1000/1000 [00:14<00:00, 71.09it/s, loss=419774545.7820]
Epoch 858/1000: 100% 1000/1000 [00:13<00:00, 72.02it/s, loss=420435656.5700]
Epoch 859/1000: 100% 1000/1000 [00:13<00:00, 72.27it/s, loss=425108504.2580]
Epoch 860/1000: 100% 1000/1000 [00:13<00:00, 72.80it/s, loss=426700743.0860]
2025-11-07 12:21:55,539 [INFO] Epoch 860/1000 | Time: 13.77s | Loss: 426700743.0860 | Eval Return: 9.30
Epoch 861/1000: 100% 1000/1000 [00:13<00:00, 73.22it/s, loss=433866032.1320]
Epoch 862/1000: 100% 1000/1000 [00:13<00:00, 72.67it/s, loss=432843568.2060]
Epoch 863/1000: 100% 1000/1000 [00:14<00:00, 70.48it/s, loss=439276728.7200]
Epoch 864/1000: 100% 1000/1000 [00:13<00:00, 72.53it/s, loss=439435074.2360]
Epoch 865/1000: 100% 1000/1000 [00:13<00:00, 72.81it/s, loss=446241111.0340]
Epoch 866/1000: 100% 1000/1000 [00:13<00:00, 72.88it/s, loss=447294823.4480]
Epoch 867/1000: 100% 1000/1000 [00:13<00:00, 72.78it/s, loss=450973394.5160]
Epoch 868/1000: 100% 1000/1000 [00:13<00:00, 73.14it/s, loss=452633871.4880]
Epoch 869/1000: 100% 1000/1000 [00:13<00:00, 72.62it/s, loss=458662463.2000]
Epoch 870/1000: 100% 1000/1000 [00:14<00:00, 69.61it/s, loss=462568181.9580]
2025-11-07 12:24:13,974 [INFO] Epoch 870/1000 | Time: 14.40s | Loss: 462568181.9580 | Eval Return: 9.10
Epoch 871/1000: 100% 1000/1000 [00:13<00:00, 71.78it/s, loss=463088683.4320]
Epoch 872/1000: 100% 1000/1000 [00:13<00:00, 72.00it/s, loss=464568926.2440]
Epoch 873/1000: 100% 1000/1000 [00:13<00:00, 72.50it/s, loss=467917158.1360]
Epoch 874/1000: 100% 1000/1000 [00:13<00:00, 72.74it/s, loss=467678499.6360]
Epoch 875/1000: 100% 1000/1000 [00:13<00:00, 71.62it/s, loss=470812122.2980]
Epoch 876/1000: 100% 1000/1000 [00:14<00:00, 70.53it/s, loss=472899550.7140]
Epoch 877/1000: 100% 1000/1000 [00:13<00:00, 72.31it/s, loss=476883995.8080]
Epoch 878/1000: 100% 1000/1000 [00:13<00:00, 72.88it/s, loss=481887909.2480]
Epoch 879/1000: 100% 1000/1000 [00:13<00:00, 72.84it/s, loss=482075253.4280]
Epoch 880/1000: 100% 1000/1000 [00:13<00:00, 72.47it/s, loss=482908981.9360]
2025-11-07 12:26:32,591 [INFO] Epoch 880/1000 | Time: 13.83s | Loss: 482908981.9360 | Eval Return: 9.20
Epoch 881/1000: 100% 1000/1000 [00:13<00:00, 71.96it/s, loss=484386640.6920]
Epoch 882/1000: 100% 1000/1000 [00:13<00:00, 72.12it/s, loss=486475153.3440]
Epoch 883/1000: 100% 1000/1000 [00:14<00:00, 70.99it/s, loss=486527164.1240]
Epoch 884/1000: 100% 1000/1000 [00:13<00:00, 72.87it/s, loss=487538448.1620]
Epoch 885/1000: 100% 1000/1000 [00:13<00:00, 72.52it/s, loss=493277029.2580]
Epoch 886/1000: 100% 1000/1000 [00:13<00:00, 72.20it/s, loss=494033505.3440]
Epoch 887/1000: 100% 1000/1000 [00:13<00:00, 72.59it/s, loss=490883734.8640]
Epoch 888/1000: 100% 1000/1000 [00:13<00:00, 72.33it/s, loss=490329200.8000]
Epoch 889/1000: 100% 1000/1000 [00:14<00:00, 71.04it/s, loss=492761068.5120]
Epoch 890/1000: 100% 1000/1000 [00:14<00:00, 71.12it/s, loss=496278837.3780]
2025-11-07 12:28:51,581 [INFO] Epoch 890/1000 | Time: 14.09s | Loss: 496278837.3780 | Eval Return: 9.50
Epoch 891/1000: 100% 1000/1000 [00:13<00:00, 72.77it/s, loss=495552911.0320]
Epoch 892/1000: 100% 1000/1000 [00:13<00:00, 72.42it/s, loss=496598058.1400]
Epoch 893/1000: 100% 1000/1000 [00:13<00:00, 72.48it/s, loss=498007128.5040]
Epoch 894/1000: 100% 1000/1000 [00:13<00:00, 71.92it/s, loss=496760872.0860]
Epoch 895/1000: 100% 1000/1000 [00:14<00:00, 71.40it/s, loss=495499338.2940]
Epoch 896/1000: 100% 1000/1000 [00:14<00:00, 70.05it/s, loss=497524466.6640]
Epoch 897/1000: 100% 1000/1000 [00:13<00:00, 72.48it/s, loss=500651329.8480]
Epoch 898/1000: 100% 1000/1000 [00:13<00:00, 73.09it/s, loss=498719740.1560]
Epoch 899/1000: 100% 1000/1000 [00:13<00:00, 72.39it/s, loss=500234191.3620]
Epoch 900/1000: 100% 1000/1000 [00:13<00:00, 72.70it/s, loss=503673878.4560]
2025-11-07 12:31:10,202 [INFO] Epoch 900/1000 | Time: 13.79s | Loss: 503673878.4560 | Eval Return: 9.30
Epoch 901/1000: 100% 1000/1000 [00:13<00:00, 72.12it/s, loss=501841387.3240]
Epoch 902/1000: 100% 1000/1000 [00:14<00:00, 69.54it/s, loss=501189905.7280]
Epoch 903/1000: 100% 1000/1000 [00:14<00:00, 70.98it/s, loss=502574735.5400]
Epoch 904/1000: 100% 1000/1000 [00:13<00:00, 72.90it/s, loss=499673860.9800]
Epoch 905/1000: 100% 1000/1000 [00:13<00:00, 72.88it/s, loss=499630348.1400]
Epoch 906/1000: 100% 1000/1000 [00:13<00:00, 71.98it/s, loss=499886671.8120]
Epoch 907/1000: 100% 1000/1000 [00:13<00:00, 72.52it/s, loss=501958073.2080]
Epoch 908/1000: 100% 1000/1000 [00:13<00:00, 71.54it/s, loss=500923135.9120]
Epoch 909/1000: 100% 1000/1000 [00:14<00:00, 70.93it/s, loss=500785407.0440]
Epoch 910/1000: 100% 1000/1000 [00:13<00:00, 72.71it/s, loss=498854438.6980]
2025-11-07 12:33:29,535 [INFO] Epoch 910/1000 | Time: 13.79s | Loss: 498854438.6980 | Eval Return: 9.20
Epoch 911/1000: 100% 1000/1000 [00:13<00:00, 72.39it/s, loss=498334402.6320]
Epoch 912/1000: 100% 1000/1000 [00:13<00:00, 73.03it/s, loss=499088153.3560]
Epoch 913/1000: 100% 1000/1000 [00:13<00:00, 73.07it/s, loss=499674010.8600]
Epoch 914/1000: 100% 1000/1000 [00:13<00:00, 72.19it/s, loss=493284445.3920]
Epoch 915/1000: 100% 1000/1000 [00:14<00:00, 69.13it/s, loss=494973128.2080]
Epoch 916/1000: 100% 1000/1000 [00:13<00:00, 72.22it/s, loss=495369382.4260]
Epoch 917/1000: 100% 1000/1000 [00:13<00:00, 72.49it/s, loss=493955678.5600]
Epoch 918/1000: 100% 1000/1000 [00:13<00:00, 73.14it/s, loss=492564140.3420]
Epoch 919/1000: 100% 1000/1000 [00:13<00:00, 72.53it/s, loss=490165428.3520]
Epoch 920/1000: 100% 1000/1000 [00:13<00:00, 72.06it/s, loss=488007035.9720]
2025-11-07 12:35:48,065 [INFO] Epoch 920/1000 | Time: 13.91s | Loss: 488007035.9720 | Eval Return: 9.60
Epoch 921/1000: 100% 1000/1000 [00:14<00:00, 70.86it/s, loss=489107125.4120]
Epoch 922/1000: 100% 1000/1000 [00:13<00:00, 71.44it/s, loss=487300455.6480]
Epoch 923/1000: 100% 1000/1000 [00:13<00:00, 72.60it/s, loss=486687336.2440]
Epoch 924/1000: 100% 1000/1000 [00:13<00:00, 73.27it/s, loss=486211223.3320]
Epoch 925/1000: 100% 1000/1000 [00:13<00:00, 72.64it/s, loss=482143477.3260]
Epoch 926/1000: 100% 1000/1000 [00:13<00:00, 72.15it/s, loss=482714760.9560]
Epoch 927/1000: 100% 1000/1000 [00:13<00:00, 72.90it/s, loss=480408762.1400]
Epoch 928/1000: 100% 1000/1000 [00:14<00:00, 70.15it/s, loss=477335116.5720]
Epoch 929/1000: 100% 1000/1000 [00:13<00:00, 72.75it/s, loss=476168935.4040]
Epoch 930/1000: 100% 1000/1000 [00:13<00:00, 73.11it/s, loss=473906277.3960]
2025-11-07 12:38:06,663 [INFO] Epoch 930/1000 | Time: 13.71s | Loss: 473906277.3960 | Eval Return: 9.60
Epoch 931/1000: 100% 1000/1000 [00:13<00:00, 72.18it/s, loss=469472660.5500]
Epoch 932/1000: 100% 1000/1000 [00:13<00:00, 72.16it/s, loss=468669366.8720]
Epoch 933/1000: 100% 1000/1000 [00:13<00:00, 72.17it/s, loss=468127122.9600]
Epoch 934/1000: 100% 1000/1000 [00:13<00:00, 71.51it/s, loss=464518357.1040]
Epoch 935/1000: 100% 1000/1000 [00:13<00:00, 71.50it/s, loss=460444897.2060]
Epoch 936/1000: 100% 1000/1000 [00:13<00:00, 73.24it/s, loss=459776000.4720]
Epoch 937/1000: 100% 1000/1000 [00:13<00:00, 73.01it/s, loss=458564620.1760]
Epoch 938/1000: 100% 1000/1000 [00:13<00:00, 72.20it/s, loss=455245507.0680]
Epoch 939/1000: 100% 1000/1000 [00:13<00:00, 73.05it/s, loss=452238666.7620]
Epoch 940/1000: 100% 1000/1000 [00:13<00:00, 72.80it/s, loss=447366304.3840]
2025-11-07 12:40:24,868 [INFO] Epoch 940/1000 | Time: 13.77s | Loss: 447366304.3840 | Eval Return: 9.10
Epoch 941/1000: 100% 1000/1000 [00:14<00:00, 71.31it/s, loss=447353434.5220]
Epoch 942/1000: 100% 1000/1000 [00:13<00:00, 72.24it/s, loss=444343164.9120]
Epoch 943/1000: 100% 1000/1000 [00:13<00:00, 72.30it/s, loss=442890183.6140]
Epoch 944/1000: 100% 1000/1000 [00:13<00:00, 71.92it/s, loss=437276407.6960]
Epoch 945/1000: 100% 1000/1000 [00:13<00:00, 72.54it/s, loss=435131014.1940]
Epoch 946/1000: 100% 1000/1000 [00:13<00:00, 73.18it/s, loss=432792060.0680]
Epoch 947/1000: 100% 1000/1000 [00:13<00:00, 72.28it/s, loss=433184742.7280]
Epoch 948/1000: 100% 1000/1000 [00:14<00:00, 69.47it/s, loss=426920250.5600]
Epoch 949/1000: 100% 1000/1000 [00:13<00:00, 72.13it/s, loss=421990739.5540]
Epoch 950/1000: 100% 1000/1000 [00:13<00:00, 72.56it/s, loss=420420401.4360]
2025-11-07 12:42:43,837 [INFO] Epoch 950/1000 | Time: 13.81s | Loss: 420420401.4360 | Eval Return: 9.50
Epoch 951/1000: 100% 1000/1000 [00:13<00:00, 73.11it/s, loss=417378770.2680]
Epoch 952/1000: 100% 1000/1000 [00:13<00:00, 72.60it/s, loss=415867883.5140]
Epoch 953/1000: 100% 1000/1000 [00:13<00:00, 73.45it/s, loss=409408166.4160]
Epoch 954/1000: 100% 1000/1000 [00:13<00:00, 71.52it/s, loss=405674858.4780]
Epoch 955/1000: 100% 1000/1000 [00:14<00:00, 70.69it/s, loss=404180046.4680]
Epoch 956/1000: 100% 1000/1000 [00:13<00:00, 73.66it/s, loss=400976425.2360]
Epoch 957/1000: 100% 1000/1000 [00:13<00:00, 73.08it/s, loss=395588885.5950]
Epoch 958/1000: 100% 1000/1000 [00:13<00:00, 73.05it/s, loss=396576374.5520]
Epoch 959/1000: 100% 1000/1000 [00:13<00:00, 73.33it/s, loss=390106685.1040]
Epoch 960/1000: 100% 1000/1000 [00:13<00:00, 72.97it/s, loss=385536203.6960]
2025-11-07 12:45:01,370 [INFO] Epoch 960/1000 | Time: 13.74s | Loss: 385536203.6960 | Eval Return: 9.70
Epoch 961/1000: 100% 1000/1000 [00:13<00:00, 71.45it/s, loss=383417979.2680]
Epoch 962/1000: 100% 1000/1000 [00:13<00:00, 72.46it/s, loss=376392706.5980]
Epoch 963/1000: 100% 1000/1000 [00:13<00:00, 73.09it/s, loss=376193032.3560]
Epoch 964/1000: 100% 1000/1000 [00:13<00:00, 73.11it/s, loss=371219642.8440]
Epoch 965/1000: 100% 1000/1000 [00:13<00:00, 73.11it/s, loss=369191693.3300]
Epoch 966/1000: 100% 1000/1000 [00:13<00:00, 72.86it/s, loss=363569822.7960]
Epoch 967/1000: 100% 1000/1000 [00:13<00:00, 73.08it/s, loss=360901011.0080]
Epoch 968/1000: 100% 1000/1000 [00:14<00:00, 71.18it/s, loss=359457592.1520]
Epoch 969/1000: 100% 1000/1000 [00:13<00:00, 72.09it/s, loss=354414569.0020]
Epoch 970/1000: 100% 1000/1000 [00:13<00:00, 72.56it/s, loss=348811964.6140]
2025-11-07 12:47:19,352 [INFO] Epoch 970/1000 | Time: 13.81s | Loss: 348811964.6140 | Eval Return: 9.30
Epoch 971/1000: 100% 1000/1000 [00:13<00:00, 72.25it/s, loss=344897586.9440]
Epoch 972/1000: 100% 1000/1000 [00:13<00:00, 73.19it/s, loss=343791436.1610]
Epoch 973/1000: 100% 1000/1000 [00:13<00:00, 72.98it/s, loss=338016953.4660]
Epoch 974/1000: 100% 1000/1000 [00:13<00:00, 73.09it/s, loss=334514969.5240]
Epoch 975/1000: 100% 1000/1000 [00:14<00:00, 70.03it/s, loss=333588689.4160]
Epoch 976/1000: 100% 1000/1000 [00:13<00:00, 73.21it/s, loss=326873559.8300]
Epoch 977/1000: 100% 1000/1000 [00:13<00:00, 73.03it/s, loss=325523596.9340]
Epoch 978/1000: 100% 1000/1000 [00:13<00:00, 72.91it/s, loss=323044194.1640]
Epoch 979/1000: 100% 1000/1000 [00:13<00:00, 72.83it/s, loss=316914315.3500]
Epoch 980/1000: 100% 1000/1000 [00:13<00:00, 72.95it/s, loss=317065132.9140]
2025-11-07 12:49:37,067 [INFO] Epoch 980/1000 | Time: 13.74s | Loss: 317065132.9140 | Eval Return: 9.30
Epoch 981/1000: 100% 1000/1000 [00:13<00:00, 72.71it/s, loss=313581582.8580]
Epoch 982/1000: 100% 1000/1000 [00:14<00:00, 70.92it/s, loss=306401198.6520]
Epoch 983/1000: 100% 1000/1000 [00:13<00:00, 73.00it/s, loss=303325304.2760]
Epoch 984/1000: 100% 1000/1000 [00:13<00:00, 73.00it/s, loss=300170069.8770]
Epoch 985/1000: 100% 1000/1000 [00:13<00:00, 73.25it/s, loss=298747000.9900]
Epoch 986/1000: 100% 1000/1000 [00:13<00:00, 73.12it/s, loss=296014694.1070]
Epoch 987/1000: 100% 1000/1000 [00:13<00:00, 73.01it/s, loss=290773332.9900]
Epoch 988/1000: 100% 1000/1000 [00:13<00:00, 72.67it/s, loss=288308573.6760]
Epoch 989/1000: 100% 1000/1000 [00:14<00:00, 71.03it/s, loss=285157481.8640]
Epoch 990/1000: 100% 1000/1000 [00:13<00:00, 72.94it/s, loss=281833974.3990]
2025-11-07 12:51:54,930 [INFO] Epoch 990/1000 | Time: 13.74s | Loss: 281833974.3990 | Eval Return: 9.90
Epoch 991/1000: 100% 1000/1000 [00:13<00:00, 73.10it/s, loss=278428779.2120]
Epoch 992/1000: 100% 1000/1000 [00:13<00:00, 73.26it/s, loss=275771601.4470]
Epoch 993/1000: 100% 1000/1000 [00:13<00:00, 72.11it/s, loss=273378578.9830]
Epoch 994/1000: 100% 1000/1000 [00:13<00:00, 73.11it/s, loss=269820741.2380]
Epoch 995/1000: 100% 1000/1000 [00:13<00:00, 72.14it/s, loss=265758682.7660]
Epoch 996/1000: 100% 1000/1000 [00:13<00:00, 71.61it/s, loss=265327964.6200]
Epoch 997/1000: 100% 1000/1000 [00:13<00:00, 73.15it/s, loss=259895144.4700]
Epoch 998/1000: 100% 1000/1000 [00:13<00:00, 73.38it/s, loss=256919266.1480]
Epoch 999/1000: 100% 1000/1000 [00:13<00:00, 72.78it/s, loss=254951017.7920]
Epoch 1000/1000: 100% 1000/1000 [00:13<00:00, 72.90it/s, loss=250731487.6640]
2025-11-07 12:54:12,428 [INFO] Epoch 1000/1000 | Time: 13.75s | Loss: 250731487.6640 | Eval Return: 9.20
2025-11-07 12:54:12,484 [INFO] Training complete.