2025-11-07 13:03:28.697730: E external/local_xla/xla/stream_executor/cuda/cuda_fft.cc:467] Unable to register cuFFT factory: Attempting to register factory for plugin cuFFT when one has already been registered
WARNING: All log messages before absl::InitializeLog() is called are written to STDERR
E0000 00:00:1762520608.949569    2311 cuda_dnn.cc:8579] Unable to register cuDNN factory: Attempting to register factory for plugin cuDNN when one has already been registered
E0000 00:00:1762520609.020334    2311 cuda_blas.cc:1407] Unable to register cuBLAS factory: Attempting to register factory for plugin cuBLAS when one has already been registered
W0000 00:00:1762520609.571052    2311 computation_placer.cc:177] computation placer already registered. Please check linkage and avoid linking the same target more than once.
W0000 00:00:1762520609.571089    2311 computation_placer.cc:177] computation placer already registered. Please check linkage and avoid linking the same target more than once.
W0000 00:00:1762520609.571094    2311 computation_placer.cc:177] computation placer already registered. Please check linkage and avoid linking the same target more than once.
W0000 00:00:1762520609.571097    2311 computation_placer.cc:177] computation placer already registered. Please check linkage and avoid linking the same target more than once.
2025-11-07 13:03:29.619584: I tensorflow/core/platform/cpu_feature_guard.cc:210] This TensorFlow binary is optimized to use available CPU instructions in performance-critical operations.
To enable the following instructions: AVX2 FMA, in other operations, rebuild TensorFlow with the appropriate compiler flags.
2025-11-07 13:03:36,320 [INFO] Checking for dataset...
2025-11-07 13:03:36,320 [INFO] Dataset found at /content/neuromorphic_decision_transformer/data/Pendulum-v1/dataset.npz.
2025-11-07 13:03:36,320 [INFO] Starting training...
2025-11-07 13:04:23,255 [INFO] Dataset size: 201000 clips
2025-11-07 13:04:23,273 [INFO] DataLoader created with num_workers=0 and pin_memory=False.
2025-11-07 13:04:28,514 [INFO] Starting training loop...
Epoch 1/1000: 100% 1000/1000 [00:16<00:00, 61.02it/s, loss=9.4562]
Epoch 2/1000: 100% 1000/1000 [00:14<00:00, 68.51it/s, loss=15.1670]
Epoch 3/1000: 100% 1000/1000 [00:14<00:00, 68.57it/s, loss=29.3384]
Epoch 4/1000: 100% 1000/1000 [00:14<00:00, 68.37it/s, loss=46.8104]
Epoch 5/1000: 100% 1000/1000 [00:15<00:00, 66.55it/s, loss=59.4605]
Epoch 6/1000: 100% 1000/1000 [00:14<00:00, 68.62it/s, loss=87.8251]
Epoch 7/1000: 100% 1000/1000 [00:14<00:00, 68.12it/s, loss=106.3606]
Epoch 8/1000: 100% 1000/1000 [00:14<00:00, 68.35it/s, loss=149.7449]
Epoch 9/1000: 100% 1000/1000 [00:15<00:00, 66.43it/s, loss=155.3659]
Epoch 10/1000: 100% 1000/1000 [00:14<00:00, 68.50it/s, loss=181.6771]
2025-11-07 13:06:58,109 [INFO] Epoch 10/1000 | Time: 15.42s | Loss: 181.6771 | Eval Return: -1248.34
2025-11-07 13:06:58,123 [INFO] New best eval return: -1248.34. Saved best model.
Epoch 11/1000: 100% 1000/1000 [00:14<00:00, 68.31it/s, loss=184.3190]
Epoch 12/1000: 100% 1000/1000 [00:14<00:00, 68.45it/s, loss=206.3797]
Epoch 13/1000: 100% 1000/1000 [00:15<00:00, 66.53it/s, loss=244.4392]
Epoch 14/1000: 100% 1000/1000 [00:14<00:00, 68.17it/s, loss=247.9097]
Epoch 15/1000: 100% 1000/1000 [00:14<00:00, 68.47it/s, loss=278.0567]
Epoch 16/1000: 100% 1000/1000 [00:14<00:00, 68.48it/s, loss=288.4461]
Epoch 17/1000: 100% 1000/1000 [00:15<00:00, 66.41it/s, loss=290.7551]
Epoch 18/1000: 100% 1000/1000 [00:14<00:00, 69.07it/s, loss=326.6343]
Epoch 19/1000: 100% 1000/1000 [00:14<00:00, 68.54it/s, loss=340.5192]
Epoch 20/1000: 100% 1000/1000 [00:14<00:00, 68.52it/s, loss=376.7537]
2025-11-07 13:09:26,023 [INFO] Epoch 20/1000 | Time: 15.59s | Loss: 376.7537 | Eval Return: -1264.87
Epoch 21/1000: 100% 1000/1000 [00:14<00:00, 67.27it/s, loss=322.5633]
Epoch 22/1000: 100% 1000/1000 [00:14<00:00, 68.70it/s, loss=359.6771]
Epoch 23/1000: 100% 1000/1000 [00:14<00:00, 68.03it/s, loss=349.3985]
Epoch 24/1000: 100% 1000/1000 [00:14<00:00, 67.99it/s, loss=395.3505]
Epoch 25/1000: 100% 1000/1000 [00:14<00:00, 67.26it/s, loss=398.4470]
Epoch 26/1000: 100% 1000/1000 [00:14<00:00, 68.25it/s, loss=407.4118]
Epoch 27/1000: 100% 1000/1000 [00:14<00:00, 68.29it/s, loss=393.9970]
Epoch 28/1000: 100% 1000/1000 [00:14<00:00, 67.00it/s, loss=409.7165]
Epoch 29/1000: 100% 1000/1000 [00:14<00:00, 66.91it/s, loss=430.4164]
Epoch 30/1000: 100% 1000/1000 [00:14<00:00, 68.32it/s, loss=432.5469]
2025-11-07 13:11:54,348 [INFO] Epoch 30/1000 | Time: 15.43s | Loss: 432.5469 | Eval Return: -1219.52
2025-11-07 13:11:54,354 [INFO] New best eval return: -1219.52. Saved best model.
Epoch 31/1000: 100% 1000/1000 [00:14<00:00, 68.22it/s, loss=451.3899]
Epoch 32/1000: 100% 1000/1000 [00:15<00:00, 66.19it/s, loss=425.0054]
Epoch 33/1000: 100% 1000/1000 [00:14<00:00, 68.18it/s, loss=438.5233]
Epoch 34/1000: 100% 1000/1000 [00:14<00:00, 68.14it/s, loss=443.7438]
Epoch 35/1000: 100% 1000/1000 [00:14<00:00, 68.33it/s, loss=477.8393]
Epoch 36/1000: 100% 1000/1000 [00:15<00:00, 66.19it/s, loss=429.7947]
Epoch 37/1000: 100% 1000/1000 [00:14<00:00, 68.68it/s, loss=469.0432]
Epoch 38/1000: 100% 1000/1000 [00:14<00:00, 68.47it/s, loss=505.9104]
Epoch 39/1000: 100% 1000/1000 [00:14<00:00, 68.01it/s, loss=507.9305]
Epoch 40/1000: 100% 1000/1000 [00:15<00:00, 66.01it/s, loss=482.7383]
2025-11-07 13:14:23,074 [INFO] Epoch 40/1000 | Time: 15.97s | Loss: 482.7383 | Eval Return: -1153.14
2025-11-07 13:14:23,079 [INFO] New best eval return: -1153.14. Saved best model.
Epoch 41/1000: 100% 1000/1000 [00:14<00:00, 67.61it/s, loss=518.0669]
Epoch 42/1000: 100% 1000/1000 [00:14<00:00, 67.49it/s, loss=494.2545]
Epoch 43/1000: 100% 1000/1000 [00:14<00:00, 66.81it/s, loss=495.0832]
Epoch 44/1000: 100% 1000/1000 [00:15<00:00, 66.45it/s, loss=535.4386]
Epoch 45/1000: 100% 1000/1000 [00:14<00:00, 67.71it/s, loss=485.8893]
Epoch 46/1000: 100% 1000/1000 [00:14<00:00, 68.37it/s, loss=512.0933]
Epoch 47/1000: 100% 1000/1000 [00:14<00:00, 67.35it/s, loss=536.2754]
Epoch 48/1000: 100% 1000/1000 [00:14<00:00, 66.92it/s, loss=518.9146]
Epoch 49/1000: 100% 1000/1000 [00:14<00:00, 67.90it/s, loss=519.6328]
Epoch 50/1000: 100% 1000/1000 [00:14<00:00, 68.68it/s, loss=569.5960]
2025-11-07 13:16:52,008 [INFO] Epoch 50/1000 | Time: 15.36s | Loss: 569.5960 | Eval Return: -1001.80
2025-11-07 13:16:52,013 [INFO] New best eval return: -1001.80. Saved best model.
Epoch 51/1000: 100% 1000/1000 [00:15<00:00, 66.34it/s, loss=563.6955]
Epoch 52/1000: 100% 1000/1000 [00:14<00:00, 68.45it/s, loss=559.3225]
Epoch 53/1000: 100% 1000/1000 [00:14<00:00, 68.52it/s, loss=545.8716]
Epoch 54/1000: 100% 1000/1000 [00:14<00:00, 68.34it/s, loss=533.4508]
Epoch 55/1000: 100% 1000/1000 [00:15<00:00, 66.33it/s, loss=524.5008]
Epoch 56/1000: 100% 1000/1000 [00:14<00:00, 68.11it/s, loss=595.9117]
Epoch 57/1000: 100% 1000/1000 [00:14<00:00, 68.34it/s, loss=590.6984]
Epoch 58/1000: 100% 1000/1000 [00:14<00:00, 68.42it/s, loss=539.3123]
Epoch 59/1000: 100% 1000/1000 [00:15<00:00, 66.35it/s, loss=573.8887]
Epoch 60/1000: 100% 1000/1000 [00:14<00:00, 68.43it/s, loss=565.6874]
2025-11-07 13:19:20,461 [INFO] Epoch 60/1000 | Time: 15.43s | Loss: 565.6874 | Eval Return: -1049.07
Epoch 61/1000: 100% 1000/1000 [00:14<00:00, 68.29it/s, loss=572.7434]
Epoch 62/1000: 100% 1000/1000 [00:14<00:00, 68.68it/s, loss=568.9518]
Epoch 63/1000: 100% 1000/1000 [00:15<00:00, 66.28it/s, loss=591.7699]
Epoch 64/1000: 100% 1000/1000 [00:14<00:00, 68.26it/s, loss=601.2415]
Epoch 65/1000: 100% 1000/1000 [00:14<00:00, 68.45it/s, loss=570.4549]
Epoch 66/1000: 100% 1000/1000 [00:14<00:00, 69.00it/s, loss=595.2938]
Epoch 67/1000: 100% 1000/1000 [00:15<00:00, 66.17it/s, loss=588.1215]
Epoch 68/1000: 100% 1000/1000 [00:14<00:00, 68.72it/s, loss=607.1526]
Epoch 69/1000: 100% 1000/1000 [00:14<00:00, 68.09it/s, loss=609.5639]
Epoch 70/1000: 100% 1000/1000 [00:14<00:00, 67.95it/s, loss=595.7816]
2025-11-07 13:21:48,580 [INFO] Epoch 70/1000 | Time: 15.70s | Loss: 595.7816 | Eval Return: -899.56
2025-11-07 13:21:48,590 [INFO] New best eval return: -899.56. Saved best model.
Epoch 71/1000: 100% 1000/1000 [00:14<00:00, 66.68it/s, loss=592.3987]
Epoch 72/1000: 100% 1000/1000 [00:14<00:00, 68.04it/s, loss=574.4131]
Epoch 73/1000: 100% 1000/1000 [00:14<00:00, 68.52it/s, loss=608.7314]
Epoch 74/1000: 100% 1000/1000 [00:14<00:00, 67.58it/s, loss=632.2714]
Epoch 75/1000: 100% 1000/1000 [00:15<00:00, 66.50it/s, loss=666.9996]
Epoch 76/1000: 100% 1000/1000 [00:14<00:00, 68.12it/s, loss=564.7081]
Epoch 77/1000: 100% 1000/1000 [00:14<00:00, 68.39it/s, loss=633.9935]
Epoch 78/1000: 100% 1000/1000 [00:14<00:00, 67.24it/s, loss=597.9842]
Epoch 79/1000: 100% 1000/1000 [00:14<00:00, 67.59it/s, loss=608.9593]
Epoch 80/1000: 100% 1000/1000 [00:14<00:00, 68.16it/s, loss=613.9376]
2025-11-07 13:24:17,212 [INFO] Epoch 80/1000 | Time: 15.50s | Loss: 613.9376 | Eval Return: -961.18
Epoch 81/1000: 100% 1000/1000 [00:14<00:00, 68.46it/s, loss=608.4607]
Epoch 82/1000: 100% 1000/1000 [00:15<00:00, 65.56it/s, loss=572.7164]
Epoch 83/1000: 100% 1000/1000 [00:14<00:00, 68.17it/s, loss=639.4174]
Epoch 84/1000: 100% 1000/1000 [00:14<00:00, 68.61it/s, loss=650.4238]
Epoch 85/1000: 100% 1000/1000 [00:14<00:00, 68.72it/s, loss=607.6258]
Epoch 86/1000: 100% 1000/1000 [00:15<00:00, 66.52it/s, loss=596.5312]
Epoch 87/1000: 100% 1000/1000 [00:14<00:00, 68.94it/s, loss=654.8340]
Epoch 88/1000: 100% 1000/1000 [00:14<00:00, 69.26it/s, loss=575.9023]
Epoch 89/1000: 100% 1000/1000 [00:14<00:00, 69.05it/s, loss=660.2571]
Epoch 90/1000: 100% 1000/1000 [00:14<00:00, 66.83it/s, loss=642.0761]
2025-11-07 13:26:45,289 [INFO] Epoch 90/1000 | Time: 15.94s | Loss: 642.0761 | Eval Return: -1159.92
Epoch 91/1000: 100% 1000/1000 [00:14<00:00, 68.32it/s, loss=643.4565]
Epoch 92/1000: 100% 1000/1000 [00:14<00:00, 69.17it/s, loss=576.3868]
Epoch 93/1000: 100% 1000/1000 [00:14<00:00, 69.22it/s, loss=608.8825]
Epoch 94/1000: 100% 1000/1000 [00:15<00:00, 66.23it/s, loss=639.8807]
Epoch 95/1000: 100% 1000/1000 [00:14<00:00, 69.33it/s, loss=638.7194]
Epoch 96/1000: 100% 1000/1000 [00:14<00:00, 68.95it/s, loss=651.6827]
Epoch 97/1000: 100% 1000/1000 [00:14<00:00, 69.00it/s, loss=650.2265]
Epoch 98/1000: 100% 1000/1000 [00:14<00:00, 67.16it/s, loss=648.2746]
Epoch 99/1000: 100% 1000/1000 [00:14<00:00, 68.78it/s, loss=620.3181]
Epoch 100/1000: 100% 1000/1000 [00:14<00:00, 69.15it/s, loss=625.3886]
2025-11-07 13:29:12,083 [INFO] Epoch 100/1000 | Time: 15.28s | Loss: 625.3886 | Eval Return: -1148.61
Epoch 101/1000: 100% 1000/1000 [00:14<00:00, 68.96it/s, loss=688.9893]
Epoch 102/1000: 100% 1000/1000 [00:14<00:00, 66.81it/s, loss=596.5260]
Epoch 103/1000: 100% 1000/1000 [00:14<00:00, 69.00it/s, loss=646.0373]
Epoch 104/1000: 100% 1000/1000 [00:14<00:00, 69.23it/s, loss=600.8380]
Epoch 105/1000: 100% 1000/1000 [00:14<00:00, 68.81it/s, loss=635.3752]
Epoch 106/1000: 100% 1000/1000 [00:14<00:00, 66.72it/s, loss=642.1820]
Epoch 107/1000: 100% 1000/1000 [00:14<00:00, 67.55it/s, loss=633.4900]
Epoch 108/1000: 100% 1000/1000 [00:14<00:00, 68.88it/s, loss=583.6280]
Epoch 109/1000: 100% 1000/1000 [00:14<00:00, 69.48it/s, loss=654.3993]
Epoch 110/1000: 100% 1000/1000 [00:14<00:00, 67.90it/s, loss=642.9742]
2025-11-07 13:31:39,507 [INFO] Epoch 110/1000 | Time: 15.75s | Loss: 642.9742 | Eval Return: -1189.55
Epoch 111/1000: 100% 1000/1000 [00:14<00:00, 68.80it/s, loss=609.1058]
Epoch 112/1000: 100% 1000/1000 [00:14<00:00, 68.27it/s, loss=637.6816]
Epoch 113/1000: 100% 1000/1000 [00:14<00:00, 68.68it/s, loss=665.8383]
Epoch 114/1000: 100% 1000/1000 [00:15<00:00, 65.63it/s, loss=691.2297]
Epoch 115/1000: 100% 1000/1000 [00:14<00:00, 68.38it/s, loss=711.4112]
Epoch 116/1000: 100% 1000/1000 [00:14<00:00, 68.82it/s, loss=661.3668]
Epoch 117/1000: 100% 1000/1000 [00:14<00:00, 68.82it/s, loss=644.6147]
Epoch 118/1000: 100% 1000/1000 [00:15<00:00, 66.65it/s, loss=683.9071]
Epoch 119/1000: 100% 1000/1000 [00:14<00:00, 68.44it/s, loss=662.2461]
Epoch 120/1000: 100% 1000/1000 [00:14<00:00, 68.95it/s, loss=652.6924]
2025-11-07 13:34:07,107 [INFO] Epoch 120/1000 | Time: 15.29s | Loss: 652.6924 | Eval Return: -1073.32
Epoch 121/1000: 100% 1000/1000 [00:14<00:00, 68.15it/s, loss=666.0017]
Epoch 122/1000: 100% 1000/1000 [00:14<00:00, 67.04it/s, loss=666.7559]
Epoch 123/1000: 100% 1000/1000 [00:14<00:00, 68.43it/s, loss=685.9030]
Epoch 124/1000: 100% 1000/1000 [00:14<00:00, 69.02it/s, loss=611.1714]
Epoch 125/1000: 100% 1000/1000 [00:14<00:00, 68.76it/s, loss=638.4652]
Epoch 126/1000: 100% 1000/1000 [00:14<00:00, 66.93it/s, loss=653.6341]
Epoch 127/1000: 100% 1000/1000 [00:14<00:00, 68.79it/s, loss=625.5271]
Epoch 128/1000: 100% 1000/1000 [00:14<00:00, 68.68it/s, loss=666.9520]
Epoch 129/1000: 100% 1000/1000 [00:14<00:00, 68.74it/s, loss=646.6325]
Epoch 130/1000: 100% 1000/1000 [00:14<00:00, 66.92it/s, loss=619.9560]
2025-11-07 13:36:34,721 [INFO] Epoch 130/1000 | Time: 15.76s | Loss: 619.9560 | Eval Return: -959.91
Epoch 131/1000: 100% 1000/1000 [00:14<00:00, 68.79it/s, loss=698.0756]
Epoch 132/1000: 100% 1000/1000 [00:14<00:00, 68.32it/s, loss=677.3916]
Epoch 133/1000: 100% 1000/1000 [00:14<00:00, 68.50it/s, loss=701.5974]
Epoch 134/1000: 100% 1000/1000 [00:14<00:00, 66.87it/s, loss=681.1357]
Epoch 135/1000: 100% 1000/1000 [00:14<00:00, 68.89it/s, loss=679.0283]
Epoch 136/1000: 100% 1000/1000 [00:14<00:00, 68.63it/s, loss=707.2723]
Epoch 137/1000: 100% 1000/1000 [00:14<00:00, 68.79it/s, loss=667.4159]
Epoch 138/1000: 100% 1000/1000 [00:14<00:00, 66.71it/s, loss=657.3104]
Epoch 139/1000: 100% 1000/1000 [00:14<00:00, 69.03it/s, loss=690.3797]
Epoch 140/1000: 100% 1000/1000 [00:14<00:00, 68.94it/s, loss=692.9788]
2025-11-07 13:39:01,899 [INFO] Epoch 140/1000 | Time: 15.32s | Loss: 692.9788 | Eval Return: -964.59
Epoch 141/1000: 100% 1000/1000 [00:14<00:00, 68.83it/s, loss=636.2517]
Epoch 142/1000: 100% 1000/1000 [00:14<00:00, 67.11it/s, loss=701.8690]
Epoch 143/1000: 100% 1000/1000 [00:14<00:00, 68.60it/s, loss=685.2909]
Epoch 144/1000: 100% 1000/1000 [00:14<00:00, 68.81it/s, loss=742.9449]
Epoch 145/1000: 100% 1000/1000 [00:14<00:00, 68.63it/s, loss=736.0514]
Epoch 146/1000: 100% 1000/1000 [00:15<00:00, 66.62it/s, loss=713.0775]
Epoch 147/1000: 100% 1000/1000 [00:14<00:00, 68.82it/s, loss=666.3273]
Epoch 148/1000: 100% 1000/1000 [00:14<00:00, 68.96it/s, loss=794.3887]
Epoch 149/1000: 100% 1000/1000 [00:14<00:00, 68.61it/s, loss=763.3690]
Epoch 150/1000: 100% 1000/1000 [00:14<00:00, 66.80it/s, loss=731.2237]
2025-11-07 13:41:29,428 [INFO] Epoch 150/1000 | Time: 15.77s | Loss: 731.2237 | Eval Return: -1026.92
Epoch 151/1000: 100% 1000/1000 [00:14<00:00, 68.68it/s, loss=737.9916]
Epoch 152/1000: 100% 1000/1000 [00:14<00:00, 69.13it/s, loss=713.9112]
Epoch 153/1000: 100% 1000/1000 [00:14<00:00, 68.71it/s, loss=734.5183]
Epoch 154/1000: 100% 1000/1000 [00:15<00:00, 66.29it/s, loss=797.5956]
Epoch 155/1000: 100% 1000/1000 [00:14<00:00, 68.88it/s, loss=719.9695]
Epoch 156/1000: 100% 1000/1000 [00:14<00:00, 68.81it/s, loss=748.4480]
Epoch 157/1000: 100% 1000/1000 [00:14<00:00, 68.67it/s, loss=750.5671]
Epoch 158/1000: 100% 1000/1000 [00:14<00:00, 66.86it/s, loss=720.4929]
Epoch 159/1000: 100% 1000/1000 [00:14<00:00, 68.80it/s, loss=721.8259]
Epoch 160/1000: 100% 1000/1000 [00:14<00:00, 68.95it/s, loss=728.9917]
2025-11-07 13:43:56,538 [INFO] Epoch 160/1000 | Time: 15.31s | Loss: 728.9917 | Eval Return: -1013.43
Epoch 161/1000: 100% 1000/1000 [00:14<00:00, 69.04it/s, loss=753.4569]
Epoch 162/1000: 100% 1000/1000 [00:14<00:00, 66.85it/s, loss=732.4877]
Epoch 163/1000: 100% 1000/1000 [00:14<00:00, 68.96it/s, loss=772.0124]
Epoch 164/1000: 100% 1000/1000 [00:14<00:00, 68.94it/s, loss=726.9397]
Epoch 165/1000: 100% 1000/1000 [00:14<00:00, 68.83it/s, loss=804.4165]
Epoch 166/1000: 100% 1000/1000 [00:14<00:00, 67.02it/s, loss=767.0118]
Epoch 167/1000: 100% 1000/1000 [00:14<00:00, 69.09it/s, loss=704.6711]
Epoch 168/1000: 100% 1000/1000 [00:14<00:00, 69.01it/s, loss=783.8963]
Epoch 169/1000: 100% 1000/1000 [00:14<00:00, 68.94it/s, loss=705.1392]
Epoch 170/1000: 100% 1000/1000 [00:14<00:00, 66.88it/s, loss=849.6424]
2025-11-07 13:46:23,691 [INFO] Epoch 170/1000 | Time: 15.75s | Loss: 849.6424 | Eval Return: -1110.59
Epoch 171/1000: 100% 1000/1000 [00:14<00:00, 68.71it/s, loss=778.9432]
Epoch 172/1000: 100% 1000/1000 [00:14<00:00, 69.03it/s, loss=731.5014]
Epoch 173/1000: 100% 1000/1000 [00:14<00:00, 69.19it/s, loss=793.8621]
Epoch 174/1000: 100% 1000/1000 [00:14<00:00, 66.79it/s, loss=763.5390]
Epoch 175/1000: 100% 1000/1000 [00:14<00:00, 68.34it/s, loss=807.9081]
Epoch 176/1000: 100% 1000/1000 [00:14<00:00, 68.74it/s, loss=741.1971]
Epoch 177/1000: 100% 1000/1000 [00:14<00:00, 68.82it/s, loss=677.4388]
Epoch 178/1000: 100% 1000/1000 [00:15<00:00, 66.57it/s, loss=790.8351]
Epoch 179/1000: 100% 1000/1000 [00:14<00:00, 69.01it/s, loss=824.8044]
Epoch 180/1000: 100% 1000/1000 [00:14<00:00, 69.01it/s, loss=795.0348]
2025-11-07 13:48:50,696 [INFO] Epoch 180/1000 | Time: 15.29s | Loss: 795.0348 | Eval Return: -1110.09
Epoch 181/1000: 100% 1000/1000 [00:14<00:00, 68.75it/s, loss=804.1058]
Epoch 182/1000: 100% 1000/1000 [00:15<00:00, 66.61it/s, loss=759.7542]
Epoch 183/1000: 100% 1000/1000 [00:14<00:00, 69.19it/s, loss=764.2791]
Epoch 184/1000: 100% 1000/1000 [00:14<00:00, 69.03it/s, loss=776.1505]
Epoch 185/1000: 100% 1000/1000 [00:14<00:00, 69.11it/s, loss=752.8715]
Epoch 186/1000: 100% 1000/1000 [00:15<00:00, 66.43it/s, loss=781.8747]
Epoch 187/1000: 100% 1000/1000 [00:14<00:00, 69.04it/s, loss=738.2486]
Epoch 188/1000: 100% 1000/1000 [00:14<00:00, 68.97it/s, loss=750.9391]
Epoch 189/1000: 100% 1000/1000 [00:14<00:00, 69.18it/s, loss=792.8839]
Epoch 190/1000: 100% 1000/1000 [00:14<00:00, 67.37it/s, loss=798.9245]
2025-11-07 13:51:17,966 [INFO] Epoch 190/1000 | Time: 15.78s | Loss: 798.9245 | Eval Return: -983.82
Epoch 191/1000: 100% 1000/1000 [00:14<00:00, 69.09it/s, loss=835.0065]
Epoch 192/1000: 100% 1000/1000 [00:14<00:00, 69.02it/s, loss=791.7290]
Epoch 193/1000: 100% 1000/1000 [00:14<00:00, 68.67it/s, loss=871.1087]
Epoch 194/1000: 100% 1000/1000 [00:15<00:00, 66.66it/s, loss=762.0090]
Epoch 195/1000: 100% 1000/1000 [00:14<00:00, 68.82it/s, loss=755.6471]
Epoch 196/1000: 100% 1000/1000 [00:14<00:00, 68.40it/s, loss=807.1784]
Epoch 197/1000: 100% 1000/1000 [00:14<00:00, 68.09it/s, loss=733.7891]
Epoch 198/1000: 100% 1000/1000 [00:15<00:00, 64.93it/s, loss=771.6898]
Epoch 199/1000: 100% 1000/1000 [00:14<00:00, 67.94it/s, loss=751.1293]
Epoch 200/1000: 100% 1000/1000 [00:14<00:00, 67.28it/s, loss=711.3569]
2025-11-07 13:53:46,191 [INFO] Epoch 200/1000 | Time: 15.71s | Loss: 711.3569 | Eval Return: -1120.49
Epoch 201/1000: 100% 1000/1000 [00:14<00:00, 66.74it/s, loss=795.3098]
Epoch 202/1000: 100% 1000/1000 [00:15<00:00, 66.13it/s, loss=850.1279]
Epoch 203/1000: 100% 1000/1000 [00:14<00:00, 68.54it/s, loss=806.6595]
Epoch 204/1000: 100% 1000/1000 [00:14<00:00, 69.04it/s, loss=810.4989]
Epoch 205/1000: 100% 1000/1000 [00:14<00:00, 68.53it/s, loss=782.5394]
Epoch 206/1000: 100% 1000/1000 [00:14<00:00, 67.15it/s, loss=835.8324]
Epoch 207/1000: 100% 1000/1000 [00:14<00:00, 68.73it/s, loss=764.0622]
Epoch 208/1000: 100% 1000/1000 [00:14<00:00, 68.84it/s, loss=809.0039]
Epoch 209/1000: 100% 1000/1000 [00:14<00:00, 68.83it/s, loss=807.2047]
Epoch 210/1000: 100% 1000/1000 [00:14<00:00, 66.98it/s, loss=853.8665]
2025-11-07 13:56:14,220 [INFO] Epoch 210/1000 | Time: 15.72s | Loss: 853.8665 | Eval Return: -991.82
Epoch 211/1000: 100% 1000/1000 [00:14<00:00, 68.69it/s, loss=772.1590]
Epoch 212/1000: 100% 1000/1000 [00:14<00:00, 69.03it/s, loss=890.8703]
Epoch 213/1000: 100% 1000/1000 [00:14<00:00, 68.83it/s, loss=878.9110]
Epoch 214/1000: 100% 1000/1000 [00:14<00:00, 66.84it/s, loss=837.4288]
Epoch 215/1000: 100% 1000/1000 [00:14<00:00, 68.59it/s, loss=838.8760]
Epoch 216/1000: 100% 1000/1000 [00:14<00:00, 68.85it/s, loss=900.7075]
Epoch 217/1000: 100% 1000/1000 [00:14<00:00, 68.08it/s, loss=875.7729]
Epoch 218/1000: 100% 1000/1000 [00:14<00:00, 66.72it/s, loss=852.3760]
Epoch 219/1000: 100% 1000/1000 [00:14<00:00, 68.57it/s, loss=827.9345]
Epoch 220/1000: 100% 1000/1000 [00:14<00:00, 68.41it/s, loss=878.8756]
2025-11-07 13:58:41,585 [INFO] Epoch 220/1000 | Time: 15.44s | Loss: 878.8756 | Eval Return: -1043.56
Epoch 221/1000: 100% 1000/1000 [00:14<00:00, 68.16it/s, loss=826.6686]
Epoch 222/1000: 100% 1000/1000 [00:14<00:00, 67.56it/s, loss=850.9788]
Epoch 223/1000: 100% 1000/1000 [00:14<00:00, 68.73it/s, loss=937.6354]
Epoch 224/1000: 100% 1000/1000 [00:14<00:00, 68.76it/s, loss=873.9960]
Epoch 225/1000: 100% 1000/1000 [00:14<00:00, 68.23it/s, loss=821.5989]
Epoch 226/1000: 100% 1000/1000 [00:14<00:00, 67.33it/s, loss=864.7969]
Epoch 227/1000: 100% 1000/1000 [00:14<00:00, 68.83it/s, loss=945.8718]
Epoch 228/1000: 100% 1000/1000 [00:14<00:00, 68.85it/s, loss=824.3904]
Epoch 229/1000: 100% 1000/1000 [00:14<00:00, 69.18it/s, loss=834.1473]
Epoch 230/1000: 100% 1000/1000 [00:14<00:00, 66.72it/s, loss=872.9453]
2025-11-07 14:01:08,982 [INFO] Epoch 230/1000 | Time: 15.78s | Loss: 872.9453 | Eval Return: -967.03
Epoch 231/1000: 100% 1000/1000 [00:14<00:00, 68.88it/s, loss=892.1952]
Epoch 232/1000: 100% 1000/1000 [00:14<00:00, 68.80it/s, loss=868.3359]
Epoch 233/1000: 100% 1000/1000 [00:14<00:00, 68.66it/s, loss=871.6753]
Epoch 234/1000: 100% 1000/1000 [00:14<00:00, 67.17it/s, loss=892.3676]
Epoch 235/1000: 100% 1000/1000 [00:14<00:00, 68.80it/s, loss=858.4242]
Epoch 236/1000: 100% 1000/1000 [00:14<00:00, 68.23it/s, loss=895.3739]
Epoch 237/1000: 100% 1000/1000 [00:14<00:00, 68.52it/s, loss=913.5663]
Epoch 238/1000: 100% 1000/1000 [00:15<00:00, 65.36it/s, loss=952.3338]
Epoch 239/1000: 100% 1000/1000 [00:14<00:00, 68.27it/s, loss=878.8693]
Epoch 240/1000: 100% 1000/1000 [00:14<00:00, 68.37it/s, loss=938.8963]
2025-11-07 14:03:36,699 [INFO] Epoch 240/1000 | Time: 15.45s | Loss: 938.8963 | Eval Return: -1114.20
Epoch 241/1000: 100% 1000/1000 [00:15<00:00, 66.65it/s, loss=942.5513]
Epoch 242/1000: 100% 1000/1000 [00:15<00:00, 66.66it/s, loss=955.0288]
Epoch 243/1000: 100% 1000/1000 [00:14<00:00, 67.66it/s, loss=849.4094]
Epoch 244/1000: 100% 1000/1000 [00:14<00:00, 68.40it/s, loss=886.7921]
Epoch 245/1000: 100% 1000/1000 [00:14<00:00, 67.33it/s, loss=903.1501]
Epoch 246/1000: 100% 1000/1000 [00:14<00:00, 68.29it/s, loss=870.4518]
Epoch 247/1000: 100% 1000/1000 [00:14<00:00, 68.81it/s, loss=977.8748]
Epoch 248/1000: 100% 1000/1000 [00:14<00:00, 69.01it/s, loss=928.1093]
Epoch 249/1000: 100% 1000/1000 [00:14<00:00, 67.58it/s, loss=913.0671]
Epoch 250/1000: 100% 1000/1000 [00:14<00:00, 68.11it/s, loss=914.6407]
2025-11-07 14:06:04,956 [INFO] Epoch 250/1000 | Time: 15.50s | Loss: 914.6407 | Eval Return: -1046.44
Epoch 251/1000: 100% 1000/1000 [00:14<00:00, 68.94it/s, loss=969.3897]
Epoch 252/1000: 100% 1000/1000 [00:14<00:00, 69.10it/s, loss=940.2029]
Epoch 253/1000: 100% 1000/1000 [00:14<00:00, 66.87it/s, loss=951.5113]
Epoch 254/1000: 100% 1000/1000 [00:14<00:00, 68.59it/s, loss=902.5293]
Epoch 255/1000: 100% 1000/1000 [00:14<00:00, 68.49it/s, loss=852.2068]
Epoch 256/1000: 100% 1000/1000 [00:14<00:00, 68.78it/s, loss=1070.8066]
Epoch 257/1000: 100% 1000/1000 [00:15<00:00, 66.53it/s, loss=969.3974]
Epoch 258/1000: 100% 1000/1000 [00:14<00:00, 67.73it/s, loss=911.5156]
Epoch 259/1000: 100% 1000/1000 [00:14<00:00, 67.72it/s, loss=1052.2813]
Epoch 260/1000: 100% 1000/1000 [00:14<00:00, 67.92it/s, loss=946.3186]
2025-11-07 14:08:32,740 [INFO] Epoch 260/1000 | Time: 15.53s | Loss: 946.3186 | Eval Return: -1162.53
Epoch 261/1000: 100% 1000/1000 [00:15<00:00, 66.62it/s, loss=967.6142]
Epoch 262/1000: 100% 1000/1000 [00:14<00:00, 69.03it/s, loss=912.6206]
Epoch 263/1000: 100% 1000/1000 [00:14<00:00, 68.94it/s, loss=1069.5473]
Epoch 264/1000: 100% 1000/1000 [00:14<00:00, 68.57it/s, loss=883.3812]
Epoch 265/1000: 100% 1000/1000 [00:15<00:00, 65.94it/s, loss=983.0166]
Epoch 266/1000: 100% 1000/1000 [00:14<00:00, 68.39it/s, loss=1007.6252]
Epoch 267/1000: 100% 1000/1000 [00:14<00:00, 68.92it/s, loss=886.2447]
Epoch 268/1000: 100% 1000/1000 [00:14<00:00, 68.49it/s, loss=936.0048]
Epoch 269/1000: 100% 1000/1000 [00:15<00:00, 66.43it/s, loss=981.5889]
Epoch 270/1000: 100% 1000/1000 [00:14<00:00, 69.27it/s, loss=981.2672]
2025-11-07 14:11:00,539 [INFO] Epoch 270/1000 | Time: 15.23s | Loss: 981.2672 | Eval Return: -977.30
Epoch 271/1000: 100% 1000/1000 [00:14<00:00, 68.92it/s, loss=989.0442]
Epoch 272/1000: 100% 1000/1000 [00:14<00:00, 68.98it/s, loss=1068.9616]
Epoch 273/1000: 100% 1000/1000 [00:15<00:00, 66.52it/s, loss=939.4096]
Epoch 274/1000: 100% 1000/1000 [00:14<00:00, 68.41it/s, loss=917.3755]
Epoch 275/1000: 100% 1000/1000 [00:14<00:00, 68.27it/s, loss=1047.3972]
Epoch 276/1000: 100% 1000/1000 [00:14<00:00, 68.34it/s, loss=945.8790]
Epoch 277/1000: 100% 1000/1000 [00:15<00:00, 65.14it/s, loss=1009.5168]
Epoch 278/1000: 100% 1000/1000 [00:14<00:00, 67.59it/s, loss=1057.7689]
Epoch 279/1000: 100% 1000/1000 [00:14<00:00, 68.69it/s, loss=957.1052]
Epoch 280/1000: 100% 1000/1000 [00:14<00:00, 67.75it/s, loss=1049.7564]
2025-11-07 14:13:28,963 [INFO] Epoch 280/1000 | Time: 15.75s | Loss: 1049.7564 | Eval Return: -999.68
Epoch 281/1000: 100% 1000/1000 [00:14<00:00, 67.43it/s, loss=1000.8466]
Epoch 282/1000: 100% 1000/1000 [00:14<00:00, 67.94it/s, loss=1079.8499]
Epoch 283/1000: 100% 1000/1000 [00:14<00:00, 68.47it/s, loss=1057.0574]
Epoch 284/1000: 100% 1000/1000 [00:14<00:00, 68.48it/s, loss=1050.0760]
Epoch 285/1000: 100% 1000/1000 [00:14<00:00, 66.85it/s, loss=1043.7328]
Epoch 286/1000: 100% 1000/1000 [00:14<00:00, 68.54it/s, loss=1000.1890]
Epoch 287/1000: 100% 1000/1000 [00:14<00:00, 68.70it/s, loss=1108.2526]
Epoch 288/1000: 100% 1000/1000 [00:14<00:00, 68.93it/s, loss=970.0945]
Epoch 289/1000: 100% 1000/1000 [00:14<00:00, 67.07it/s, loss=991.1398]
Epoch 290/1000: 100% 1000/1000 [00:14<00:00, 69.06it/s, loss=1071.5931]
2025-11-07 14:15:56,586 [INFO] Epoch 290/1000 | Time: 15.31s | Loss: 1071.5931 | Eval Return: -1103.71
Epoch 291/1000: 100% 1000/1000 [00:14<00:00, 68.56it/s, loss=1094.4321]
Epoch 292/1000: 100% 1000/1000 [00:14<00:00, 68.50it/s, loss=1072.2402]
Epoch 293/1000: 100% 1000/1000 [00:14<00:00, 67.50it/s, loss=1044.0214]
Epoch 294/1000: 100% 1000/1000 [00:14<00:00, 69.03it/s, loss=1055.4592]
Epoch 295/1000: 100% 1000/1000 [00:14<00:00, 68.78it/s, loss=1054.0158]
Epoch 296/1000: 100% 1000/1000 [00:14<00:00, 68.93it/s, loss=1168.4530]
Epoch 297/1000: 100% 1000/1000 [00:15<00:00, 66.63it/s, loss=1095.2675]
Epoch 298/1000: 100% 1000/1000 [00:14<00:00, 69.42it/s, loss=1067.5043]
Epoch 299/1000: 100% 1000/1000 [00:14<00:00, 68.84it/s, loss=1055.4451]
Epoch 300/1000: 100% 1000/1000 [00:14<00:00, 69.07it/s, loss=1111.5661]
2025-11-07 14:18:23,501 [INFO] Epoch 300/1000 | Time: 15.41s | Loss: 1111.5661 | Eval Return: -1221.50
Epoch 301/1000: 100% 1000/1000 [00:15<00:00, 66.66it/s, loss=1114.2928]
Epoch 302/1000: 100% 1000/1000 [00:14<00:00, 68.75it/s, loss=1168.4471]
Epoch 303/1000: 100% 1000/1000 [00:14<00:00, 68.99it/s, loss=1025.9487]
Epoch 304/1000: 100% 1000/1000 [00:14<00:00, 69.22it/s, loss=1099.3418]
Epoch 305/1000: 100% 1000/1000 [00:14<00:00, 67.34it/s, loss=1053.9633]
Epoch 306/1000: 100% 1000/1000 [00:14<00:00, 69.00it/s, loss=1000.2734]
Epoch 307/1000: 100% 1000/1000 [00:14<00:00, 68.84it/s, loss=1126.1192]
Epoch 308/1000: 100% 1000/1000 [00:14<00:00, 69.07it/s, loss=1014.8986]
Epoch 309/1000: 100% 1000/1000 [00:14<00:00, 66.95it/s, loss=1057.0249]
Epoch 310/1000: 100% 1000/1000 [00:14<00:00, 68.95it/s, loss=1247.8977]
2025-11-07 14:20:50,620 [INFO] Epoch 310/1000 | Time: 15.31s | Loss: 1247.8977 | Eval Return: -1076.53
Epoch 311/1000: 100% 1000/1000 [00:14<00:00, 68.80it/s, loss=1220.6175]
Epoch 312/1000: 100% 1000/1000 [00:14<00:00, 69.04it/s, loss=1147.2664]
Epoch 313/1000: 100% 1000/1000 [00:14<00:00, 66.96it/s, loss=1117.3605]
Epoch 314/1000: 100% 1000/1000 [00:14<00:00, 68.93it/s, loss=1147.8068]
Epoch 315/1000: 100% 1000/1000 [00:14<00:00, 68.82it/s, loss=1108.3484]
Epoch 316/1000: 100% 1000/1000 [00:14<00:00, 68.56it/s, loss=1162.5951]
Epoch 317/1000: 100% 1000/1000 [00:14<00:00, 66.76it/s, loss=1150.7488]
Epoch 318/1000: 100% 1000/1000 [00:14<00:00, 68.75it/s, loss=1206.7368]
Epoch 319/1000: 100% 1000/1000 [00:14<00:00, 69.22it/s, loss=1185.5323]
Epoch 320/1000: 100% 1000/1000 [00:14<00:00, 68.52it/s, loss=1251.0231]
2025-11-07 14:23:17,615 [INFO] Epoch 320/1000 | Time: 15.42s | Loss: 1251.0231 | Eval Return: -1178.34
Epoch 321/1000: 100% 1000/1000 [00:14<00:00, 67.13it/s, loss=1222.8717]
Epoch 322/1000: 100% 1000/1000 [00:14<00:00, 68.26it/s, loss=1168.1160]
Epoch 323/1000: 100% 1000/1000 [00:14<00:00, 68.79it/s, loss=1173.1420]
Epoch 324/1000: 100% 1000/1000 [00:14<00:00, 68.63it/s, loss=1233.9349]
Epoch 325/1000: 100% 1000/1000 [00:14<00:00, 67.17it/s, loss=1243.0869]
Epoch 326/1000: 100% 1000/1000 [00:14<00:00, 68.97it/s, loss=1273.0276]
Epoch 327/1000: 100% 1000/1000 [00:14<00:00, 69.10it/s, loss=1159.7631]
Epoch 328/1000: 100% 1000/1000 [00:14<00:00, 68.82it/s, loss=1056.8497]
Epoch 329/1000: 100% 1000/1000 [00:14<00:00, 66.82it/s, loss=1188.8578]
Epoch 330/1000: 100% 1000/1000 [00:14<00:00, 69.01it/s, loss=1346.8270]
2025-11-07 14:25:44,954 [INFO] Epoch 330/1000 | Time: 15.30s | Loss: 1346.8270 | Eval Return: -1228.45
Epoch 331/1000: 100% 1000/1000 [00:14<00:00, 69.08it/s, loss=1239.9092]
Epoch 332/1000: 100% 1000/1000 [00:14<00:00, 69.00it/s, loss=1158.1418]
Epoch 333/1000: 100% 1000/1000 [00:14<00:00, 66.72it/s, loss=1185.7986]
Epoch 334/1000: 100% 1000/1000 [00:14<00:00, 68.79it/s, loss=1170.9343]
Epoch 335/1000: 100% 1000/1000 [00:14<00:00, 68.82it/s, loss=1167.5773]
Epoch 336/1000: 100% 1000/1000 [00:14<00:00, 69.24it/s, loss=1294.7462]
Epoch 337/1000: 100% 1000/1000 [00:14<00:00, 67.25it/s, loss=1227.5440]
Epoch 338/1000: 100% 1000/1000 [00:14<00:00, 68.98it/s, loss=1144.2579]
Epoch 339/1000: 100% 1000/1000 [00:14<00:00, 69.01it/s, loss=1166.9784]
Epoch 340/1000: 100% 1000/1000 [00:14<00:00, 69.02it/s, loss=1197.6231]
2025-11-07 14:28:11,639 [INFO] Epoch 340/1000 | Time: 15.33s | Loss: 1197.6231 | Eval Return: -1066.42
Epoch 341/1000: 100% 1000/1000 [00:14<00:00, 67.06it/s, loss=1179.9412]
Epoch 342/1000: 100% 1000/1000 [00:14<00:00, 69.05it/s, loss=1187.8476]
Epoch 343/1000: 100% 1000/1000 [00:14<00:00, 68.62it/s, loss=1268.6240]
Epoch 344/1000: 100% 1000/1000 [00:14<00:00, 68.79it/s, loss=1263.0596]
Epoch 345/1000: 100% 1000/1000 [00:15<00:00, 66.19it/s, loss=1166.2433]
Epoch 346/1000: 100% 1000/1000 [00:14<00:00, 68.13it/s, loss=1221.1812]
Epoch 347/1000: 100% 1000/1000 [00:14<00:00, 68.19it/s, loss=1267.8455]
Epoch 348/1000: 100% 1000/1000 [00:14<00:00, 68.45it/s, loss=1261.7953]
Epoch 349/1000: 100% 1000/1000 [00:15<00:00, 65.91it/s, loss=1246.3428]
Epoch 350/1000: 100% 1000/1000 [00:14<00:00, 68.71it/s, loss=1305.0660]
2025-11-07 14:30:39,772 [INFO] Epoch 350/1000 | Time: 15.37s | Loss: 1305.0660 | Eval Return: -1129.40
Epoch 351/1000: 100% 1000/1000 [00:14<00:00, 68.31it/s, loss=1232.5938]
Epoch 352/1000: 100% 1000/1000 [00:14<00:00, 68.86it/s, loss=1332.0432]
Epoch 353/1000: 100% 1000/1000 [00:15<00:00, 65.99it/s, loss=1283.7037]
Epoch 354/1000: 100% 1000/1000 [00:14<00:00, 68.43it/s, loss=1347.1468]
Epoch 355/1000: 100% 1000/1000 [00:14<00:00, 68.35it/s, loss=1287.6326]
Epoch 356/1000: 100% 1000/1000 [00:14<00:00, 68.53it/s, loss=1187.5213]
Epoch 357/1000: 100% 1000/1000 [00:15<00:00, 65.92it/s, loss=1335.6210]
Epoch 358/1000: 100% 1000/1000 [00:14<00:00, 68.45it/s, loss=1286.8667]
Epoch 359/1000: 100% 1000/1000 [00:14<00:00, 68.47it/s, loss=1267.8473]
Epoch 360/1000: 100% 1000/1000 [00:14<00:00, 68.20it/s, loss=1272.5514]
2025-11-07 14:33:07,961 [INFO] Epoch 360/1000 | Time: 15.62s | Loss: 1272.5514 | Eval Return: -909.49
Epoch 361/1000: 100% 1000/1000 [00:14<00:00, 66.89it/s, loss=1291.7464]
Epoch 362/1000: 100% 1000/1000 [00:14<00:00, 67.96it/s, loss=1270.2760]
Epoch 363/1000: 100% 1000/1000 [00:14<00:00, 68.72it/s, loss=1321.4290]
Epoch 364/1000: 100% 1000/1000 [00:14<00:00, 66.80it/s, loss=1378.7002]
Epoch 365/1000: 100% 1000/1000 [00:14<00:00, 66.80it/s, loss=1452.6837]
Epoch 366/1000: 100% 1000/1000 [00:14<00:00, 68.24it/s, loss=1254.5335]
Epoch 367/1000: 100% 1000/1000 [00:14<00:00, 68.39it/s, loss=1277.5978]
Epoch 368/1000: 100% 1000/1000 [00:14<00:00, 68.03it/s, loss=1312.7791]
Epoch 369/1000: 100% 1000/1000 [00:14<00:00, 67.43it/s, loss=1296.0955]
Epoch 370/1000: 100% 1000/1000 [00:14<00:00, 69.00it/s, loss=1332.1512]
2025-11-07 14:35:36,261 [INFO] Epoch 370/1000 | Time: 15.30s | Loss: 1332.1512 | Eval Return: -1185.39
Epoch 371/1000: 100% 1000/1000 [00:14<00:00, 69.27it/s, loss=1362.2948]
Epoch 372/1000: 100% 1000/1000 [00:14<00:00, 67.43it/s, loss=1291.3410]
Epoch 373/1000: 100% 1000/1000 [00:14<00:00, 67.15it/s, loss=1331.4128]
Epoch 374/1000: 100% 1000/1000 [00:14<00:00, 69.25it/s, loss=1326.4316]
Epoch 375/1000: 100% 1000/1000 [00:14<00:00, 68.65it/s, loss=1373.7434]
Epoch 376/1000: 100% 1000/1000 [00:14<00:00, 68.02it/s, loss=1233.0604]
Epoch 377/1000: 100% 1000/1000 [00:14<00:00, 67.62it/s, loss=1296.2120]
Epoch 378/1000: 100% 1000/1000 [00:14<00:00, 69.30it/s, loss=1392.7085]
Epoch 379/1000: 100% 1000/1000 [00:14<00:00, 68.76it/s, loss=1294.9239]
Epoch 380/1000: 100% 1000/1000 [00:14<00:00, 69.09it/s, loss=1383.6305]
2025-11-07 14:38:03,476 [INFO] Epoch 380/1000 | Time: 15.55s | Loss: 1383.6305 | Eval Return: -1093.05
Epoch 381/1000: 100% 1000/1000 [00:14<00:00, 67.85it/s, loss=1335.2435]
Epoch 382/1000: 100% 1000/1000 [00:14<00:00, 69.07it/s, loss=1393.0448]
Epoch 383/1000: 100% 1000/1000 [00:14<00:00, 69.11it/s, loss=1348.5701]
Epoch 384/1000: 100% 1000/1000 [00:14<00:00, 68.41it/s, loss=1235.0574]
Epoch 385/1000: 100% 1000/1000 [00:14<00:00, 66.88it/s, loss=1374.4843]
Epoch 386/1000: 100% 1000/1000 [00:14<00:00, 68.64it/s, loss=1362.6411]
Epoch 387/1000: 100% 1000/1000 [00:14<00:00, 69.05it/s, loss=1311.7960]
Epoch 388/1000: 100% 1000/1000 [00:14<00:00, 68.71it/s, loss=1307.0959]
Epoch 389/1000: 100% 1000/1000 [00:14<00:00, 67.05it/s, loss=1375.5714]
Epoch 390/1000: 100% 1000/1000 [00:14<00:00, 68.69it/s, loss=1261.9518]
2025-11-07 14:40:30,661 [INFO] Epoch 390/1000 | Time: 15.37s | Loss: 1261.9518 | Eval Return: -1140.22
Epoch 391/1000: 100% 1000/1000 [00:14<00:00, 69.05it/s, loss=1406.5138]
Epoch 392/1000: 100% 1000/1000 [00:14<00:00, 68.70it/s, loss=1374.5828]
Epoch 393/1000: 100% 1000/1000 [00:14<00:00, 67.59it/s, loss=1457.9729]
Epoch 394/1000: 100% 1000/1000 [00:14<00:00, 69.05it/s, loss=1440.2639]
Epoch 395/1000: 100% 1000/1000 [00:14<00:00, 68.60it/s, loss=1500.2859]
Epoch 396/1000: 100% 1000/1000 [00:14<00:00, 69.22it/s, loss=1366.9161]
Epoch 397/1000: 100% 1000/1000 [00:14<00:00, 67.03it/s, loss=1355.2369]
Epoch 398/1000: 100% 1000/1000 [00:14<00:00, 69.12it/s, loss=1475.3065]
Epoch 399/1000: 100% 1000/1000 [00:14<00:00, 69.26it/s, loss=1312.0643]
Epoch 400/1000: 100% 1000/1000 [00:14<00:00, 69.01it/s, loss=1302.6185]
2025-11-07 14:42:57,199 [INFO] Epoch 400/1000 | Time: 15.34s | Loss: 1302.6185 | Eval Return: -1056.31
Epoch 401/1000: 100% 1000/1000 [00:14<00:00, 67.29it/s, loss=1324.3881]
Epoch 402/1000: 100% 1000/1000 [00:14<00:00, 68.92it/s, loss=1352.0202]
Epoch 403/1000: 100% 1000/1000 [00:14<00:00, 69.08it/s, loss=1475.1951]
Epoch 404/1000: 100% 1000/1000 [00:14<00:00, 68.65it/s, loss=1456.0106]
Epoch 405/1000: 100% 1000/1000 [00:14<00:00, 67.02it/s, loss=1399.7347]
Epoch 406/1000: 100% 1000/1000 [00:14<00:00, 68.14it/s, loss=1431.3268]
Epoch 407/1000: 100% 1000/1000 [00:14<00:00, 68.60it/s, loss=1435.4731]
Epoch 408/1000: 100% 1000/1000 [00:14<00:00, 68.92it/s, loss=1435.8104]
Epoch 409/1000: 100% 1000/1000 [00:14<00:00, 66.88it/s, loss=1489.5692]
Epoch 410/1000: 100% 1000/1000 [00:14<00:00, 69.01it/s, loss=1302.1000]
2025-11-07 14:45:24,591 [INFO] Epoch 410/1000 | Time: 15.30s | Loss: 1302.1000 | Eval Return: -1291.65
Epoch 411/1000: 100% 1000/1000 [00:14<00:00, 68.92it/s, loss=1429.9054]
Epoch 412/1000: 100% 1000/1000 [00:14<00:00, 69.11it/s, loss=1402.5911]
Epoch 413/1000: 100% 1000/1000 [00:14<00:00, 67.43it/s, loss=1497.6235]
Epoch 414/1000: 100% 1000/1000 [00:14<00:00, 68.90it/s, loss=1534.9288]
Epoch 415/1000: 100% 1000/1000 [00:14<00:00, 68.08it/s, loss=1441.6876]
Epoch 416/1000: 100% 1000/1000 [00:14<00:00, 68.48it/s, loss=1333.7570]
Epoch 417/1000: 100% 1000/1000 [00:15<00:00, 66.00it/s, loss=1522.1194]
Epoch 418/1000: 100% 1000/1000 [00:14<00:00, 67.10it/s, loss=1386.8765]
Epoch 419/1000: 100% 1000/1000 [00:14<00:00, 67.75it/s, loss=1453.7152]
Epoch 420/1000: 100% 1000/1000 [00:14<00:00, 68.36it/s, loss=1571.7439]
2025-11-07 14:47:52,726 [INFO] Epoch 420/1000 | Time: 15.67s | Loss: 1571.7439 | Eval Return: -1362.39
Epoch 421/1000: 100% 1000/1000 [00:15<00:00, 66.32it/s, loss=1406.3763]
Epoch 422/1000: 100% 1000/1000 [00:14<00:00, 68.20it/s, loss=1510.5117]
Epoch 423/1000: 100% 1000/1000 [00:14<00:00, 68.73it/s, loss=1366.2101]
Epoch 424/1000: 100% 1000/1000 [00:14<00:00, 68.20it/s, loss=1482.4454]
Epoch 425/1000: 100% 1000/1000 [00:15<00:00, 66.64it/s, loss=1533.3634]
Epoch 426/1000: 100% 1000/1000 [00:14<00:00, 68.81it/s, loss=1376.9021]
Epoch 427/1000: 100% 1000/1000 [00:14<00:00, 68.28it/s, loss=1450.4061]
Epoch 428/1000: 100% 1000/1000 [00:14<00:00, 67.22it/s, loss=1520.6891]
Epoch 429/1000: 100% 1000/1000 [00:14<00:00, 67.54it/s, loss=1470.8240]
Epoch 430/1000: 100% 1000/1000 [00:14<00:00, 68.84it/s, loss=1438.5163]
2025-11-07 14:50:20,924 [INFO] Epoch 430/1000 | Time: 15.34s | Loss: 1438.5163 | Eval Return: -1108.14
Epoch 431/1000: 100% 1000/1000 [00:14<00:00, 68.96it/s, loss=1526.8139]
Epoch 432/1000: 100% 1000/1000 [00:14<00:00, 67.20it/s, loss=1408.5245]
Epoch 433/1000: 100% 1000/1000 [00:14<00:00, 67.61it/s, loss=1490.7944]
Epoch 434/1000: 100% 1000/1000 [00:14<00:00, 68.90it/s, loss=1523.4046]
Epoch 435/1000: 100% 1000/1000 [00:14<00:00, 68.31it/s, loss=1504.4226]
Epoch 436/1000: 100% 1000/1000 [00:14<00:00, 67.29it/s, loss=1574.6314]
Epoch 437/1000: 100% 1000/1000 [00:14<00:00, 67.80it/s, loss=1467.5883]
Epoch 438/1000: 100% 1000/1000 [00:14<00:00, 68.65it/s, loss=1457.3010]
Epoch 439/1000: 100% 1000/1000 [00:14<00:00, 68.27it/s, loss=1535.4370]
Epoch 440/1000: 100% 1000/1000 [00:14<00:00, 68.44it/s, loss=1355.1202]
2025-11-07 14:52:48,784 [INFO] Epoch 440/1000 | Time: 15.67s | Loss: 1355.1202 | Eval Return: -1158.76
Epoch 441/1000: 100% 1000/1000 [00:14<00:00, 68.45it/s, loss=1501.9388]
Epoch 442/1000: 100% 1000/1000 [00:14<00:00, 68.61it/s, loss=1527.5061]
Epoch 443/1000: 100% 1000/1000 [00:14<00:00, 69.09it/s, loss=1472.8242]
Epoch 444/1000: 100% 1000/1000 [00:14<00:00, 67.76it/s, loss=1419.5197]
Epoch 445/1000: 100% 1000/1000 [00:14<00:00, 68.07it/s, loss=1445.4249]
Epoch 446/1000: 100% 1000/1000 [00:14<00:00, 68.71it/s, loss=1522.1841]
Epoch 447/1000: 100% 1000/1000 [00:14<00:00, 68.38it/s, loss=1568.9517]
Epoch 448/1000: 100% 1000/1000 [00:14<00:00, 67.65it/s, loss=1669.3906]
Epoch 449/1000: 100% 1000/1000 [00:14<00:00, 66.92it/s, loss=1416.5259]
Epoch 450/1000: 100% 1000/1000 [00:14<00:00, 68.52it/s, loss=1478.1225]
2025-11-07 14:55:16,258 [INFO] Epoch 450/1000 | Time: 15.43s | Loss: 1478.1225 | Eval Return: -1218.86
Epoch 451/1000: 100% 1000/1000 [00:14<00:00, 68.74it/s, loss=1637.6367]
Epoch 452/1000: 100% 1000/1000 [00:14<00:00, 67.65it/s, loss=1445.9976]
Epoch 453/1000: 100% 1000/1000 [00:14<00:00, 67.99it/s, loss=1601.9516]
Epoch 454/1000: 100% 1000/1000 [00:14<00:00, 68.89it/s, loss=1584.8360]
Epoch 455/1000: 100% 1000/1000 [00:14<00:00, 68.22it/s, loss=1495.6057]
Epoch 456/1000: 100% 1000/1000 [00:14<00:00, 67.93it/s, loss=1535.2372]
Epoch 457/1000: 100% 1000/1000 [00:14<00:00, 67.85it/s, loss=1534.6723]
Epoch 458/1000: 100% 1000/1000 [00:14<00:00, 68.76it/s, loss=1604.9615]
Epoch 459/1000: 100% 1000/1000 [00:14<00:00, 68.78it/s, loss=1435.1085]
Epoch 460/1000: 100% 1000/1000 [00:14<00:00, 67.66it/s, loss=1465.5952]
2025-11-07 14:57:43,913 [INFO] Epoch 460/1000 | Time: 15.86s | Loss: 1465.5952 | Eval Return: -1085.34
Epoch 461/1000: 100% 1000/1000 [00:14<00:00, 68.75it/s, loss=1444.7861]
Epoch 462/1000: 100% 1000/1000 [00:14<00:00, 68.41it/s, loss=1621.2557]
Epoch 463/1000: 100% 1000/1000 [00:14<00:00, 68.22it/s, loss=1535.8765]
Epoch 464/1000: 100% 1000/1000 [00:15<00:00, 64.19it/s, loss=1635.5211]
Epoch 465/1000: 100% 1000/1000 [00:14<00:00, 66.98it/s, loss=1507.4807]
Epoch 466/1000: 100% 1000/1000 [00:14<00:00, 67.31it/s, loss=1512.9152]
Epoch 467/1000: 100% 1000/1000 [00:14<00:00, 66.84it/s, loss=1519.4884]
Epoch 468/1000: 100% 1000/1000 [00:15<00:00, 64.97it/s, loss=1650.8042]
Epoch 469/1000: 100% 1000/1000 [00:14<00:00, 68.15it/s, loss=1514.8664]
Epoch 470/1000: 100% 1000/1000 [00:14<00:00, 68.24it/s, loss=1636.2699]
2025-11-07 15:00:13,638 [INFO] Epoch 470/1000 | Time: 15.48s | Loss: 1636.2699 | Eval Return: -1187.59
Epoch 471/1000: 100% 1000/1000 [00:14<00:00, 67.93it/s, loss=1408.0691]
Epoch 472/1000: 100% 1000/1000 [00:14<00:00, 67.13it/s, loss=1611.9955]
Epoch 473/1000: 100% 1000/1000 [00:14<00:00, 68.32it/s, loss=1716.1372]
Epoch 474/1000: 100% 1000/1000 [00:14<00:00, 68.68it/s, loss=1730.5068]
Epoch 475/1000: 100% 1000/1000 [00:14<00:00, 69.12it/s, loss=1608.8627]
Epoch 476/1000: 100% 1000/1000 [00:15<00:00, 66.33it/s, loss=1644.6100]
Epoch 477/1000: 100% 1000/1000 [00:14<00:00, 68.39it/s, loss=1738.9065]
Epoch 478/1000: 100% 1000/1000 [00:14<00:00, 68.74it/s, loss=1613.4083]
Epoch 479/1000: 100% 1000/1000 [00:14<00:00, 68.66it/s, loss=1574.3019]
Epoch 480/1000: 100% 1000/1000 [00:15<00:00, 66.60it/s, loss=1544.6430]
2025-11-07 15:02:41,597 [INFO] Epoch 480/1000 | Time: 15.83s | Loss: 1544.6430 | Eval Return: -1178.61
Epoch 481/1000: 100% 1000/1000 [00:14<00:00, 68.84it/s, loss=1612.9018]
Epoch 482/1000: 100% 1000/1000 [00:14<00:00, 68.05it/s, loss=1458.5266]
Epoch 483/1000: 100% 1000/1000 [00:14<00:00, 68.10it/s, loss=1596.8318]
Epoch 484/1000: 100% 1000/1000 [00:14<00:00, 67.44it/s, loss=1548.6310]
Epoch 485/1000: 100% 1000/1000 [00:14<00:00, 68.67it/s, loss=1635.3766]
Epoch 486/1000: 100% 1000/1000 [00:14<00:00, 68.52it/s, loss=1528.7712]
Epoch 487/1000: 100% 1000/1000 [00:14<00:00, 67.37it/s, loss=1680.3955]
Epoch 488/1000: 100% 1000/1000 [00:14<00:00, 66.78it/s, loss=1654.8817]
Epoch 489/1000: 100% 1000/1000 [00:14<00:00, 68.67it/s, loss=1670.1077]
Epoch 490/1000: 100% 1000/1000 [00:14<00:00, 68.00it/s, loss=1662.2492]
2025-11-07 15:05:09,424 [INFO] Epoch 490/1000 | Time: 15.52s | Loss: 1662.2492 | Eval Return: -1151.23
Epoch 491/1000: 100% 1000/1000 [00:14<00:00, 67.20it/s, loss=1564.2687]
Epoch 492/1000: 100% 1000/1000 [00:14<00:00, 67.45it/s, loss=1667.9606]
Epoch 493/1000: 100% 1000/1000 [00:14<00:00, 68.66it/s, loss=1626.0305]
Epoch 494/1000: 100% 1000/1000 [00:14<00:00, 68.96it/s, loss=1545.0018]
Epoch 495/1000: 100% 1000/1000 [00:14<00:00, 67.92it/s, loss=1604.5448]
Epoch 496/1000: 100% 1000/1000 [00:14<00:00, 67.00it/s, loss=1708.0614]
Epoch 497/1000: 100% 1000/1000 [00:14<00:00, 68.68it/s, loss=1640.6652]
Epoch 498/1000: 100% 1000/1000 [00:14<00:00, 68.79it/s, loss=1593.0078]
Epoch 499/1000: 100% 1000/1000 [00:14<00:00, 68.66it/s, loss=1650.0933]
Epoch 500/1000: 100% 1000/1000 [00:14<00:00, 66.88it/s, loss=1695.4242]
2025-11-07 15:07:37,325 [INFO] Epoch 500/1000 | Time: 15.78s | Loss: 1695.4242 | Eval Return: -1247.88
Epoch 501/1000: 100% 1000/1000 [00:14<00:00, 68.77it/s, loss=1690.9823]
Epoch 502/1000: 100% 1000/1000 [00:14<00:00, 68.55it/s, loss=1768.5774]
Epoch 503/1000: 100% 1000/1000 [00:14<00:00, 67.82it/s, loss=1665.2285]
Epoch 504/1000: 100% 1000/1000 [00:14<00:00, 67.12it/s, loss=1572.2161]
Epoch 505/1000: 100% 1000/1000 [00:14<00:00, 68.85it/s, loss=1507.4768]
Epoch 506/1000: 100% 1000/1000 [00:14<00:00, 68.67it/s, loss=1590.4333]
Epoch 507/1000: 100% 1000/1000 [00:14<00:00, 67.79it/s, loss=1836.1069]
Epoch 508/1000: 100% 1000/1000 [00:14<00:00, 67.08it/s, loss=1567.5500]
Epoch 509/1000: 100% 1000/1000 [00:14<00:00, 68.55it/s, loss=1662.3743]
Epoch 510/1000: 100% 1000/1000 [00:14<00:00, 68.62it/s, loss=1585.6004]
2025-11-07 15:10:04,830 [INFO] Epoch 510/1000 | Time: 15.36s | Loss: 1585.6004 | Eval Return: -1075.82
Epoch 511/1000: 100% 1000/1000 [00:15<00:00, 66.62it/s, loss=1718.0386]
Epoch 512/1000: 100% 1000/1000 [00:14<00:00, 67.59it/s, loss=1772.1732]
Epoch 513/1000: 100% 1000/1000 [00:14<00:00, 68.71it/s, loss=1663.2605]
Epoch 514/1000: 100% 1000/1000 [00:14<00:00, 68.66it/s, loss=1766.8355]
Epoch 515/1000: 100% 1000/1000 [00:14<00:00, 67.40it/s, loss=1689.4636]
Epoch 516/1000: 100% 1000/1000 [00:14<00:00, 68.04it/s, loss=1843.1757]
Epoch 517/1000: 100% 1000/1000 [00:14<00:00, 68.17it/s, loss=1693.1400]
Epoch 518/1000: 100% 1000/1000 [00:14<00:00, 68.69it/s, loss=1707.9799]
Epoch 519/1000: 100% 1000/1000 [00:14<00:00, 68.13it/s, loss=1622.2223]
Epoch 520/1000: 100% 1000/1000 [00:14<00:00, 67.44it/s, loss=1788.1870]
2025-11-07 15:12:32,875 [INFO] Epoch 520/1000 | Time: 15.64s | Loss: 1788.1870 | Eval Return: -1273.43
Epoch 521/1000: 100% 1000/1000 [00:14<00:00, 68.49it/s, loss=1670.8324]
Epoch 522/1000: 100% 1000/1000 [00:14<00:00, 68.92it/s, loss=1718.6995]
Epoch 523/1000: 100% 1000/1000 [00:14<00:00, 67.40it/s, loss=1734.1478]
Epoch 524/1000: 100% 1000/1000 [00:14<00:00, 68.07it/s, loss=1696.5655]
Epoch 525/1000: 100% 1000/1000 [00:14<00:00, 68.29it/s, loss=1723.0341]
Epoch 526/1000: 100% 1000/1000 [00:14<00:00, 68.78it/s, loss=1625.5845]
Epoch 527/1000: 100% 1000/1000 [00:14<00:00, 67.90it/s, loss=1833.2170]
Epoch 528/1000: 100% 1000/1000 [00:14<00:00, 67.68it/s, loss=1671.0101]
Epoch 529/1000: 100% 1000/1000 [00:14<00:00, 68.46it/s, loss=1781.4300]
Epoch 530/1000: 100% 1000/1000 [00:14<00:00, 69.08it/s, loss=1758.3577]
2025-11-07 15:15:00,112 [INFO] Epoch 530/1000 | Time: 15.27s | Loss: 1758.3577 | Eval Return: -1073.55
Epoch 531/1000: 100% 1000/1000 [00:14<00:00, 67.59it/s, loss=1762.6721]
Epoch 532/1000: 100% 1000/1000 [00:14<00:00, 67.08it/s, loss=1844.7550]
Epoch 533/1000: 100% 1000/1000 [00:14<00:00, 68.20it/s, loss=1774.7795]
Epoch 534/1000: 100% 1000/1000 [00:14<00:00, 68.78it/s, loss=1705.8301]
Epoch 535/1000: 100% 1000/1000 [00:15<00:00, 66.41it/s, loss=1657.8193]
Epoch 536/1000: 100% 1000/1000 [00:14<00:00, 66.87it/s, loss=1597.9647]
Epoch 537/1000: 100% 1000/1000 [00:14<00:00, 68.51it/s, loss=1554.5705]
Epoch 538/1000: 100% 1000/1000 [00:14<00:00, 68.39it/s, loss=1971.8581]
Epoch 539/1000: 100% 1000/1000 [00:14<00:00, 66.93it/s, loss=1612.9650]
Epoch 540/1000: 100% 1000/1000 [00:14<00:00, 67.97it/s, loss=1738.3733]
2025-11-07 15:17:28,752 [INFO] Epoch 540/1000 | Time: 15.53s | Loss: 1738.3733 | Eval Return: -1159.52
Epoch 541/1000: 100% 1000/1000 [00:14<00:00, 68.80it/s, loss=1838.2725]
Epoch 542/1000: 100% 1000/1000 [00:14<00:00, 68.90it/s, loss=1734.7423]
Epoch 543/1000: 100% 1000/1000 [00:15<00:00, 66.42it/s, loss=1574.1981]
Epoch 544/1000: 100% 1000/1000 [00:14<00:00, 68.97it/s, loss=1649.6664]
Epoch 545/1000: 100% 1000/1000 [00:14<00:00, 68.80it/s, loss=1678.4946]
Epoch 546/1000: 100% 1000/1000 [00:14<00:00, 68.60it/s, loss=1692.3703]
Epoch 547/1000: 100% 1000/1000 [00:14<00:00, 67.15it/s, loss=1743.6149]
Epoch 548/1000: 100% 1000/1000 [00:14<00:00, 68.36it/s, loss=1810.4880]
Epoch 549/1000: 100% 1000/1000 [00:14<00:00, 68.83it/s, loss=1866.3800]
Epoch 550/1000: 100% 1000/1000 [00:14<00:00, 68.63it/s, loss=1640.2835]
2025-11-07 15:19:55,931 [INFO] Epoch 550/1000 | Time: 15.38s | Loss: 1640.2835 | Eval Return: -1064.13
Epoch 551/1000: 100% 1000/1000 [00:14<00:00, 66.77it/s, loss=1793.3282]
Epoch 552/1000: 100% 1000/1000 [00:14<00:00, 68.59it/s, loss=1741.8826]
Epoch 553/1000: 100% 1000/1000 [00:14<00:00, 68.46it/s, loss=1956.8793]
Epoch 554/1000: 100% 1000/1000 [00:14<00:00, 68.10it/s, loss=1769.0205]
Epoch 555/1000: 100% 1000/1000 [00:15<00:00, 66.28it/s, loss=1649.3951]
Epoch 556/1000: 100% 1000/1000 [00:14<00:00, 68.85it/s, loss=1824.6490]
Epoch 557/1000: 100% 1000/1000 [00:14<00:00, 67.96it/s, loss=1770.1800]
Epoch 558/1000: 100% 1000/1000 [00:14<00:00, 67.88it/s, loss=1960.8572]
Epoch 559/1000: 100% 1000/1000 [00:15<00:00, 66.48it/s, loss=1734.7157]
Epoch 560/1000: 100% 1000/1000 [00:14<00:00, 68.62it/s, loss=1737.2505]
2025-11-07 15:22:24,312 [INFO] Epoch 560/1000 | Time: 15.40s | Loss: 1737.2505 | Eval Return: -1110.40
Epoch 561/1000: 100% 1000/1000 [00:14<00:00, 68.30it/s, loss=1796.6253]
Epoch 562/1000: 100% 1000/1000 [00:14<00:00, 68.50it/s, loss=1689.6183]
Epoch 563/1000: 100% 1000/1000 [00:15<00:00, 66.54it/s, loss=1716.5479]
Epoch 564/1000: 100% 1000/1000 [00:14<00:00, 68.47it/s, loss=1722.1437]
Epoch 565/1000: 100% 1000/1000 [00:14<00:00, 68.86it/s, loss=1732.9003]
Epoch 566/1000: 100% 1000/1000 [00:14<00:00, 69.00it/s, loss=1783.6126]
Epoch 567/1000: 100% 1000/1000 [00:14<00:00, 66.93it/s, loss=1849.8883]
Epoch 568/1000: 100% 1000/1000 [00:14<00:00, 69.00it/s, loss=1986.3896]
Epoch 569/1000: 100% 1000/1000 [00:14<00:00, 69.21it/s, loss=1929.5340]
Epoch 570/1000: 100% 1000/1000 [00:14<00:00, 68.69it/s, loss=1718.7634]
2025-11-07 15:24:51,485 [INFO] Epoch 570/1000 | Time: 15.37s | Loss: 1718.7634 | Eval Return: -1165.65
Epoch 571/1000: 100% 1000/1000 [00:14<00:00, 66.87it/s, loss=1952.2500]
Epoch 572/1000: 100% 1000/1000 [00:14<00:00, 68.84it/s, loss=1848.7710]
Epoch 573/1000: 100% 1000/1000 [00:14<00:00, 69.03it/s, loss=1816.9389]
Epoch 574/1000: 100% 1000/1000 [00:14<00:00, 68.34it/s, loss=1805.2446]
Epoch 575/1000: 100% 1000/1000 [00:15<00:00, 66.04it/s, loss=1815.2148]
Epoch 576/1000: 100% 1000/1000 [00:14<00:00, 68.64it/s, loss=1789.3020]
Epoch 577/1000: 100% 1000/1000 [00:14<00:00, 69.10it/s, loss=1929.6987]
Epoch 578/1000: 100% 1000/1000 [00:14<00:00, 68.70it/s, loss=1879.3744]
Epoch 579/1000: 100% 1000/1000 [00:14<00:00, 67.57it/s, loss=1731.4343]
Epoch 580/1000: 100% 1000/1000 [00:14<00:00, 68.12it/s, loss=1816.7619]
2025-11-07 15:27:19,128 [INFO] Epoch 580/1000 | Time: 15.48s | Loss: 1816.7619 | Eval Return: -1304.94
Epoch 581/1000: 100% 1000/1000 [00:14<00:00, 68.83it/s, loss=1818.3104]
Epoch 582/1000: 100% 1000/1000 [00:14<00:00, 68.99it/s, loss=1858.5956]
Epoch 583/1000: 100% 1000/1000 [00:14<00:00, 66.85it/s, loss=1813.2722]
Epoch 584/1000: 100% 1000/1000 [00:14<00:00, 68.83it/s, loss=1923.1810]
Epoch 585/1000: 100% 1000/1000 [00:14<00:00, 69.01it/s, loss=1885.9144]
Epoch 586/1000: 100% 1000/1000 [00:14<00:00, 68.55it/s, loss=1902.4344]
Epoch 587/1000: 100% 1000/1000 [00:14<00:00, 67.56it/s, loss=1840.6427]
Epoch 588/1000: 100% 1000/1000 [00:14<00:00, 68.01it/s, loss=1812.5166]
Epoch 589/1000: 100% 1000/1000 [00:14<00:00, 68.91it/s, loss=1833.8026]
Epoch 590/1000: 100% 1000/1000 [00:14<00:00, 68.84it/s, loss=2116.0104]
2025-11-07 15:29:46,109 [INFO] Epoch 590/1000 | Time: 15.34s | Loss: 2116.0104 | Eval Return: -1070.87
Epoch 591/1000: 100% 1000/1000 [00:15<00:00, 66.38it/s, loss=1969.6338]
Epoch 592/1000: 100% 1000/1000 [00:14<00:00, 68.50it/s, loss=1917.7405]
Epoch 593/1000: 100% 1000/1000 [00:14<00:00, 68.77it/s, loss=1883.8127]
Epoch 594/1000: 100% 1000/1000 [00:14<00:00, 68.71it/s, loss=1850.6847]
Epoch 595/1000: 100% 1000/1000 [00:14<00:00, 66.70it/s, loss=1862.3373]
Epoch 596/1000: 100% 1000/1000 [00:14<00:00, 67.82it/s, loss=1908.8488]
Epoch 597/1000: 100% 1000/1000 [00:14<00:00, 68.57it/s, loss=1964.5935]
Epoch 598/1000: 100% 1000/1000 [00:14<00:00, 68.87it/s, loss=1781.6201]
Epoch 599/1000: 100% 1000/1000 [00:14<00:00, 67.99it/s, loss=2015.5213]
Epoch 600/1000: 100% 1000/1000 [00:14<00:00, 67.76it/s, loss=1895.2641]
2025-11-07 15:32:14,009 [INFO] Epoch 600/1000 | Time: 15.56s | Loss: 1895.2641 | Eval Return: -1202.56
Epoch 601/1000: 100% 1000/1000 [00:14<00:00, 68.78it/s, loss=1848.2937]
Epoch 602/1000: 100% 1000/1000 [00:14<00:00, 68.93it/s, loss=2096.6674]
Epoch 603/1000: 100% 1000/1000 [00:15<00:00, 66.48it/s, loss=1851.0171]
Epoch 604/1000: 100% 1000/1000 [00:14<00:00, 68.60it/s, loss=1747.2962]
Epoch 605/1000: 100% 1000/1000 [00:14<00:00, 68.65it/s, loss=1795.8813]
Epoch 606/1000: 100% 1000/1000 [00:14<00:00, 68.89it/s, loss=1833.8189]
Epoch 607/1000: 100% 1000/1000 [00:14<00:00, 67.67it/s, loss=1852.4872]
Epoch 608/1000: 100% 1000/1000 [00:14<00:00, 67.69it/s, loss=1856.8290]
Epoch 609/1000: 100% 1000/1000 [00:14<00:00, 68.81it/s, loss=1833.0491]
Epoch 610/1000: 100% 1000/1000 [00:14<00:00, 68.71it/s, loss=1860.8553]
2025-11-07 15:34:41,241 [INFO] Epoch 610/1000 | Time: 15.36s | Loss: 1860.8553 | Eval Return: -1128.89
Epoch 611/1000: 100% 1000/1000 [00:15<00:00, 66.51it/s, loss=1802.0115]
Epoch 612/1000: 100% 1000/1000 [00:14<00:00, 68.89it/s, loss=1790.1015]
Epoch 613/1000: 100% 1000/1000 [00:14<00:00, 68.69it/s, loss=1809.1192]
Epoch 614/1000: 100% 1000/1000 [00:14<00:00, 68.87it/s, loss=1988.6489]
Epoch 615/1000: 100% 1000/1000 [00:14<00:00, 67.56it/s, loss=1958.4624]
Epoch 616/1000: 100% 1000/1000 [00:14<00:00, 67.59it/s, loss=1912.8196]
Epoch 617/1000: 100% 1000/1000 [00:14<00:00, 67.94it/s, loss=1727.6058]
Epoch 618/1000: 100% 1000/1000 [00:14<00:00, 68.81it/s, loss=2064.8158]
Epoch 619/1000: 100% 1000/1000 [00:14<00:00, 67.68it/s, loss=1903.6239]
Epoch 620/1000: 100% 1000/1000 [00:14<00:00, 68.07it/s, loss=2152.8146]
2025-11-07 15:37:09,036 [INFO] Epoch 620/1000 | Time: 15.51s | Loss: 2152.8146 | Eval Return: -1215.76
Epoch 621/1000: 100% 1000/1000 [00:14<00:00, 68.71it/s, loss=1943.6795]
Epoch 622/1000: 100% 1000/1000 [00:14<00:00, 68.48it/s, loss=2057.7001]
Epoch 623/1000: 100% 1000/1000 [00:14<00:00, 67.29it/s, loss=2162.0144]
Epoch 624/1000: 100% 1000/1000 [00:14<00:00, 68.00it/s, loss=2137.0325]
Epoch 625/1000: 100% 1000/1000 [00:14<00:00, 68.53it/s, loss=1785.4059]
Epoch 626/1000: 100% 1000/1000 [00:14<00:00, 69.06it/s, loss=1839.8047]
Epoch 627/1000: 100% 1000/1000 [00:14<00:00, 67.92it/s, loss=1805.8065]
Epoch 628/1000: 100% 1000/1000 [00:14<00:00, 67.62it/s, loss=1894.9129]
Epoch 629/1000: 100% 1000/1000 [00:14<00:00, 68.99it/s, loss=1997.0848]
Epoch 630/1000: 100% 1000/1000 [00:14<00:00, 68.35it/s, loss=1810.2226]
2025-11-07 15:39:36,310 [INFO] Epoch 630/1000 | Time: 15.43s | Loss: 1810.2226 | Eval Return: -1042.00
Epoch 631/1000: 100% 1000/1000 [00:14<00:00, 67.47it/s, loss=2033.9657]
Epoch 632/1000: 100% 1000/1000 [00:14<00:00, 68.42it/s, loss=1963.6436]
Epoch 633/1000: 100% 1000/1000 [00:14<00:00, 68.48it/s, loss=1887.8561]
Epoch 634/1000: 100% 1000/1000 [00:14<00:00, 68.52it/s, loss=1884.3910]
Epoch 635/1000: 100% 1000/1000 [00:14<00:00, 67.80it/s, loss=1941.7485]
Epoch 636/1000: 100% 1000/1000 [00:14<00:00, 67.52it/s, loss=2165.5046]
Epoch 637/1000: 100% 1000/1000 [00:14<00:00, 68.85it/s, loss=1902.7489]
Epoch 638/1000: 100% 1000/1000 [00:14<00:00, 67.91it/s, loss=1776.4935]
Epoch 639/1000: 100% 1000/1000 [00:14<00:00, 67.95it/s, loss=2085.4110]
Epoch 640/1000: 100% 1000/1000 [00:14<00:00, 67.50it/s, loss=1858.9954]
2025-11-07 15:42:04,139 [INFO] Epoch 640/1000 | Time: 15.64s | Loss: 1858.9954 | Eval Return: -1270.80
Epoch 641/1000: 100% 1000/1000 [00:14<00:00, 68.23it/s, loss=1908.0849]
Epoch 642/1000: 100% 1000/1000 [00:14<00:00, 68.82it/s, loss=1840.5236]
Epoch 643/1000: 100% 1000/1000 [00:14<00:00, 67.58it/s, loss=2066.0720]
Epoch 644/1000: 100% 1000/1000 [00:14<00:00, 68.51it/s, loss=1908.4500]
Epoch 645/1000: 100% 1000/1000 [00:14<00:00, 68.96it/s, loss=1873.9685]
Epoch 646/1000: 100% 1000/1000 [00:14<00:00, 68.88it/s, loss=2015.2264]
Epoch 647/1000: 100% 1000/1000 [00:14<00:00, 67.89it/s, loss=1908.4965]
Epoch 648/1000: 100% 1000/1000 [00:14<00:00, 67.63it/s, loss=1934.8520]
Epoch 649/1000: 100% 1000/1000 [00:14<00:00, 68.90it/s, loss=2015.8376]
Epoch 650/1000: 100% 1000/1000 [00:14<00:00, 68.50it/s, loss=1991.4875]
2025-11-07 15:44:31,212 [INFO] Epoch 650/1000 | Time: 15.41s | Loss: 1991.4875 | Eval Return: -1138.17
Epoch 651/1000: 100% 1000/1000 [00:14<00:00, 67.57it/s, loss=2091.2758]
Epoch 652/1000: 100% 1000/1000 [00:14<00:00, 67.55it/s, loss=2094.5931]
Epoch 653/1000: 100% 1000/1000 [00:14<00:00, 69.20it/s, loss=1827.9076]
Epoch 654/1000: 100% 1000/1000 [00:14<00:00, 68.75it/s, loss=2060.2388]
Epoch 655/1000: 100% 1000/1000 [00:14<00:00, 68.00it/s, loss=1941.7220]
Epoch 656/1000: 100% 1000/1000 [00:14<00:00, 67.33it/s, loss=2016.6733]
Epoch 657/1000: 100% 1000/1000 [00:14<00:00, 68.57it/s, loss=1933.3771]
Epoch 658/1000: 100% 1000/1000 [00:14<00:00, 68.21it/s, loss=2016.6777]
Epoch 659/1000: 100% 1000/1000 [00:14<00:00, 66.95it/s, loss=2114.4374]
Epoch 660/1000: 100% 1000/1000 [00:14<00:00, 67.25it/s, loss=2281.2199]
2025-11-07 15:46:59,282 [INFO] Epoch 660/1000 | Time: 15.69s | Loss: 2281.2199 | Eval Return: -1230.97
Epoch 661/1000: 100% 1000/1000 [00:14<00:00, 68.71it/s, loss=2084.0888]
Epoch 662/1000: 100% 1000/1000 [00:14<00:00, 69.22it/s, loss=2093.0242]
Epoch 663/1000: 100% 1000/1000 [00:14<00:00, 67.05it/s, loss=2000.9449]
Epoch 664/1000: 100% 1000/1000 [00:14<00:00, 67.67it/s, loss=1983.6290]
Epoch 665/1000: 100% 1000/1000 [00:14<00:00, 68.69it/s, loss=1975.6552]
Epoch 666/1000: 100% 1000/1000 [00:14<00:00, 68.60it/s, loss=2144.7663]
Epoch 667/1000: 100% 1000/1000 [00:14<00:00, 68.30it/s, loss=2146.4662]
Epoch 668/1000: 100% 1000/1000 [00:14<00:00, 67.15it/s, loss=2167.9276]
Epoch 669/1000: 100% 1000/1000 [00:14<00:00, 68.74it/s, loss=2011.3467]
Epoch 670/1000: 100% 1000/1000 [00:14<00:00, 68.80it/s, loss=2131.1217]
2025-11-07 15:49:26,579 [INFO] Epoch 670/1000 | Time: 15.35s | Loss: 2131.1217 | Eval Return: -1303.29
Epoch 671/1000: 100% 1000/1000 [00:14<00:00, 67.56it/s, loss=2027.4000]
Epoch 672/1000: 100% 1000/1000 [00:14<00:00, 67.78it/s, loss=2023.3510]
Epoch 673/1000: 100% 1000/1000 [00:14<00:00, 68.72it/s, loss=2140.0134]
Epoch 674/1000: 100% 1000/1000 [00:14<00:00, 68.44it/s, loss=2021.2434]
Epoch 675/1000: 100% 1000/1000 [00:14<00:00, 67.75it/s, loss=2075.6767]
Epoch 676/1000: 100% 1000/1000 [00:14<00:00, 67.71it/s, loss=2118.1567]
Epoch 677/1000: 100% 1000/1000 [00:14<00:00, 68.69it/s, loss=2107.4240]
Epoch 678/1000: 100% 1000/1000 [00:14<00:00, 68.99it/s, loss=1988.3372]
Epoch 679/1000: 100% 1000/1000 [00:14<00:00, 67.80it/s, loss=2079.1745]
Epoch 680/1000: 100% 1000/1000 [00:15<00:00, 66.49it/s, loss=2210.6636]
2025-11-07 15:51:54,522 [INFO] Epoch 680/1000 | Time: 15.86s | Loss: 2210.6636 | Eval Return: -1051.65
Epoch 681/1000: 100% 1000/1000 [00:14<00:00, 68.82it/s, loss=1950.6153]
Epoch 682/1000: 100% 1000/1000 [00:14<00:00, 68.94it/s, loss=2108.9597]
Epoch 683/1000: 100% 1000/1000 [00:14<00:00, 67.64it/s, loss=2036.5601]
Epoch 684/1000: 100% 1000/1000 [00:14<00:00, 67.82it/s, loss=2135.6910]
Epoch 685/1000: 100% 1000/1000 [00:14<00:00, 68.69it/s, loss=1798.5950]
Epoch 686/1000: 100% 1000/1000 [00:14<00:00, 68.94it/s, loss=2173.6487]
Epoch 687/1000: 100% 1000/1000 [00:14<00:00, 68.64it/s, loss=2005.6391]
Epoch 688/1000: 100% 1000/1000 [00:14<00:00, 66.77it/s, loss=1919.8609]
Epoch 689/1000: 100% 1000/1000 [00:14<00:00, 68.76it/s, loss=1960.2027]
Epoch 690/1000: 100% 1000/1000 [00:14<00:00, 68.49it/s, loss=2154.2229]
2025-11-07 15:54:21,687 [INFO] Epoch 690/1000 | Time: 15.41s | Loss: 2154.2229 | Eval Return: -1316.16
Epoch 691/1000: 100% 1000/1000 [00:14<00:00, 68.08it/s, loss=2100.8927]
Epoch 692/1000: 100% 1000/1000 [00:14<00:00, 67.59it/s, loss=2053.0311]
Epoch 693/1000: 100% 1000/1000 [00:14<00:00, 68.70it/s, loss=1984.1158]
Epoch 694/1000: 100% 1000/1000 [00:14<00:00, 69.30it/s, loss=2105.0879]
Epoch 695/1000: 100% 1000/1000 [00:14<00:00, 68.94it/s, loss=2121.7081]
Epoch 696/1000: 100% 1000/1000 [00:15<00:00, 66.39it/s, loss=2023.3192]
Epoch 697/1000: 100% 1000/1000 [00:14<00:00, 68.88it/s, loss=2195.1715]
Epoch 698/1000: 100% 1000/1000 [00:14<00:00, 68.63it/s, loss=2026.4886]
Epoch 699/1000: 100% 1000/1000 [00:14<00:00, 68.85it/s, loss=2120.6411]
Epoch 700/1000: 100% 1000/1000 [00:15<00:00, 66.33it/s, loss=2115.8576]
2025-11-07 15:56:49,244 [INFO] Epoch 700/1000 | Time: 15.88s | Loss: 2115.8576 | Eval Return: -1130.85
Epoch 701/1000: 100% 1000/1000 [00:14<00:00, 67.89it/s, loss=1941.7242]
Epoch 702/1000: 100% 1000/1000 [00:14<00:00, 69.00it/s, loss=1983.0952]
Epoch 703/1000: 100% 1000/1000 [00:14<00:00, 68.35it/s, loss=1992.5140]
Epoch 704/1000: 100% 1000/1000 [00:15<00:00, 66.31it/s, loss=2165.5387]
Epoch 705/1000: 100% 1000/1000 [00:15<00:00, 64.74it/s, loss=2165.6238]
Epoch 706/1000: 100% 1000/1000 [00:15<00:00, 65.80it/s, loss=2019.7761]
Epoch 707/1000: 100% 1000/1000 [00:16<00:00, 62.27it/s, loss=2176.0384]
Epoch 708/1000: 100% 1000/1000 [00:16<00:00, 61.04it/s, loss=2235.0351]
Epoch 709/1000: 100% 1000/1000 [00:15<00:00, 64.06it/s, loss=2297.6817]
Epoch 710/1000: 100% 1000/1000 [00:15<00:00, 64.82it/s, loss=2314.5921]
2025-11-07 15:59:23,175 [INFO] Epoch 710/1000 | Time: 16.26s | Loss: 2314.5921 | Eval Return: -1038.95
Epoch 711/1000: 100% 1000/1000 [00:14<00:00, 66.75it/s, loss=2164.8489]
Epoch 712/1000: 100% 1000/1000 [00:14<00:00, 66.84it/s, loss=2173.8280]
Epoch 713/1000: 100% 1000/1000 [00:14<00:00, 66.82it/s, loss=1951.0336]
Epoch 714/1000: 100% 1000/1000 [00:15<00:00, 65.20it/s, loss=2341.6563]
Epoch 715/1000: 100% 1000/1000 [00:14<00:00, 67.18it/s, loss=2132.4732]
Epoch 716/1000: 100% 1000/1000 [00:14<00:00, 66.83it/s, loss=2276.9297]
Epoch 717/1000: 100% 1000/1000 [00:15<00:00, 65.86it/s, loss=2129.7633]
Epoch 718/1000: 100% 1000/1000 [00:15<00:00, 66.21it/s, loss=2162.0278]
Epoch 719/1000: 100% 1000/1000 [00:14<00:00, 66.78it/s, loss=2071.8719]
Epoch 720/1000: 100% 1000/1000 [00:14<00:00, 66.74it/s, loss=2097.5729]
2025-11-07 16:01:54,384 [INFO] Epoch 720/1000 | Time: 15.81s | Loss: 2097.5729 | Eval Return: -1165.93
Epoch 721/1000: 100% 1000/1000 [00:15<00:00, 64.04it/s, loss=2213.6904]
Epoch 722/1000: 100% 1000/1000 [00:14<00:00, 66.90it/s, loss=2193.9113]
Epoch 723/1000: 100% 1000/1000 [00:14<00:00, 67.18it/s, loss=2125.8646]
Epoch 724/1000: 100% 1000/1000 [00:15<00:00, 66.26it/s, loss=2216.2768]
Epoch 725/1000: 100% 1000/1000 [00:15<00:00, 65.94it/s, loss=2083.5666]
Epoch 726/1000: 100% 1000/1000 [00:14<00:00, 67.33it/s, loss=2091.7654]
Epoch 727/1000: 100% 1000/1000 [00:14<00:00, 66.96it/s, loss=2188.4386]
Epoch 728/1000: 100% 1000/1000 [00:15<00:00, 64.63it/s, loss=1973.8367]
Epoch 729/1000: 100% 1000/1000 [00:14<00:00, 67.26it/s, loss=2210.6072]
Epoch 730/1000: 100% 1000/1000 [00:14<00:00, 66.83it/s, loss=2297.7394]
2025-11-07 16:04:26,047 [INFO] Epoch 730/1000 | Time: 15.80s | Loss: 2297.7394 | Eval Return: -1170.69
Epoch 731/1000: 100% 1000/1000 [00:15<00:00, 66.65it/s, loss=1909.3308]
Epoch 732/1000: 100% 1000/1000 [00:15<00:00, 65.69it/s, loss=2265.1599]
Epoch 733/1000: 100% 1000/1000 [00:14<00:00, 66.81it/s, loss=2072.2293]
Epoch 734/1000: 100% 1000/1000 [00:14<00:00, 67.02it/s, loss=2079.5560]
Epoch 735/1000: 100% 1000/1000 [00:15<00:00, 65.83it/s, loss=2118.1249]
Epoch 736/1000: 100% 1000/1000 [00:15<00:00, 66.19it/s, loss=2266.3308]
Epoch 737/1000: 100% 1000/1000 [00:14<00:00, 66.89it/s, loss=2410.6841]
Epoch 738/1000: 100% 1000/1000 [00:14<00:00, 66.97it/s, loss=2121.2966]
Epoch 739/1000: 100% 1000/1000 [00:15<00:00, 64.99it/s, loss=2229.0833]
Epoch 740/1000: 100% 1000/1000 [00:14<00:00, 67.14it/s, loss=2103.9992]
2025-11-07 16:06:57,497 [INFO] Epoch 740/1000 | Time: 15.73s | Loss: 2103.9992 | Eval Return: -1086.37
Epoch 741/1000: 100% 1000/1000 [00:15<00:00, 66.64it/s, loss=2169.4196]
Epoch 742/1000: 100% 1000/1000 [00:15<00:00, 65.75it/s, loss=2305.8412]
Epoch 743/1000: 100% 1000/1000 [00:15<00:00, 65.89it/s, loss=2043.5776]
Epoch 744/1000: 100% 1000/1000 [00:14<00:00, 67.03it/s, loss=2256.5915]
Epoch 745/1000: 100% 1000/1000 [00:14<00:00, 67.17it/s, loss=2278.6801]
Epoch 746/1000: 100% 1000/1000 [00:15<00:00, 65.06it/s, loss=2021.8368]
Epoch 747/1000: 100% 1000/1000 [00:14<00:00, 67.29it/s, loss=2317.5065]
Epoch 748/1000: 100% 1000/1000 [00:14<00:00, 67.19it/s, loss=2269.9084]
Epoch 749/1000: 100% 1000/1000 [00:14<00:00, 67.07it/s, loss=2141.2916]
Epoch 750/1000: 100% 1000/1000 [00:15<00:00, 64.72it/s, loss=2252.0124]
2025-11-07 16:09:29,012 [INFO] Epoch 750/1000 | Time: 16.26s | Loss: 2252.0124 | Eval Return: -1288.39
Epoch 751/1000: 100% 1000/1000 [00:15<00:00, 66.64it/s, loss=2096.0344]
Epoch 752/1000: 100% 1000/1000 [00:14<00:00, 67.16it/s, loss=2451.0127]
Epoch 753/1000: 100% 1000/1000 [00:15<00:00, 65.27it/s, loss=2222.0144]
Epoch 754/1000: 100% 1000/1000 [00:15<00:00, 66.09it/s, loss=2091.4218]
Epoch 755/1000: 100% 1000/1000 [00:14<00:00, 67.35it/s, loss=2190.6047]
Epoch 756/1000: 100% 1000/1000 [00:14<00:00, 67.03it/s, loss=2144.3977]
Epoch 757/1000: 100% 1000/1000 [00:15<00:00, 65.29it/s, loss=2324.3533]
Epoch 758/1000: 100% 1000/1000 [00:14<00:00, 66.83it/s, loss=2112.2235]
Epoch 759/1000: 100% 1000/1000 [00:14<00:00, 66.86it/s, loss=2228.0360]
Epoch 760/1000: 100% 1000/1000 [00:15<00:00, 66.52it/s, loss=2065.2166]
2025-11-07 16:12:00,476 [INFO] Epoch 760/1000 | Time: 16.08s | Loss: 2065.2166 | Eval Return: -1292.39
Epoch 761/1000: 100% 1000/1000 [00:15<00:00, 65.72it/s, loss=2256.0509]
Epoch 762/1000: 100% 1000/1000 [00:15<00:00, 66.36it/s, loss=2441.0732]
Epoch 763/1000: 100% 1000/1000 [00:14<00:00, 66.76it/s, loss=2260.2762]
Epoch 764/1000: 100% 1000/1000 [00:15<00:00, 64.54it/s, loss=2267.8569]
Epoch 765/1000: 100% 1000/1000 [00:15<00:00, 66.64it/s, loss=2087.4656]
Epoch 766/1000: 100% 1000/1000 [00:14<00:00, 67.14it/s, loss=2242.4086]
Epoch 767/1000: 100% 1000/1000 [00:15<00:00, 66.65it/s, loss=2073.7107]
Epoch 768/1000: 100% 1000/1000 [00:15<00:00, 64.02it/s, loss=2023.6324]
Epoch 769/1000: 100% 1000/1000 [00:14<00:00, 66.73it/s, loss=2108.4847]
Epoch 770/1000: 100% 1000/1000 [00:14<00:00, 66.74it/s, loss=2341.4042]
2025-11-07 16:14:32,574 [INFO] Epoch 770/1000 | Time: 15.79s | Loss: 2341.4042 | Eval Return: -1168.11
Epoch 771/1000: 100% 1000/1000 [00:15<00:00, 64.78it/s, loss=2072.4672]
Epoch 772/1000: 100% 1000/1000 [00:14<00:00, 67.04it/s, loss=2363.8375]
Epoch 773/1000: 100% 1000/1000 [00:14<00:00, 67.01it/s, loss=2419.2705]
Epoch 774/1000: 100% 1000/1000 [00:14<00:00, 67.03it/s, loss=2197.5291]
Epoch 775/1000: 100% 1000/1000 [00:15<00:00, 64.78it/s, loss=2317.5861]
Epoch 776/1000: 100% 1000/1000 [00:14<00:00, 67.25it/s, loss=2168.4061]
Epoch 777/1000: 100% 1000/1000 [00:14<00:00, 67.12it/s, loss=2234.8561]
Epoch 778/1000: 100% 1000/1000 [00:14<00:00, 66.89it/s, loss=2209.3919]
Epoch 779/1000: 100% 1000/1000 [00:15<00:00, 65.67it/s, loss=2296.4928]
Epoch 780/1000: 100% 1000/1000 [00:14<00:00, 67.16it/s, loss=2254.3688]
2025-11-07 16:17:03,899 [INFO] Epoch 780/1000 | Time: 15.72s | Loss: 2254.3688 | Eval Return: -1283.75
Epoch 781/1000: 100% 1000/1000 [00:14<00:00, 66.83it/s, loss=2315.2679]
Epoch 782/1000: 100% 1000/1000 [00:15<00:00, 64.72it/s, loss=2242.0759]
Epoch 783/1000: 100% 1000/1000 [00:15<00:00, 66.06it/s, loss=2126.8004]
Epoch 784/1000: 100% 1000/1000 [00:15<00:00, 65.46it/s, loss=2284.7772]
Epoch 785/1000: 100% 1000/1000 [00:15<00:00, 65.73it/s, loss=2165.3642]
Epoch 786/1000: 100% 1000/1000 [00:15<00:00, 65.05it/s, loss=2304.1598]
Epoch 787/1000: 100% 1000/1000 [00:15<00:00, 66.47it/s, loss=2233.7512]
Epoch 788/1000: 100% 1000/1000 [00:15<00:00, 66.34it/s, loss=2347.5070]
Epoch 789/1000: 100% 1000/1000 [00:15<00:00, 63.78it/s, loss=2228.4129]
Epoch 790/1000: 100% 1000/1000 [00:15<00:00, 66.42it/s, loss=2242.0807]
2025-11-07 16:19:37,004 [INFO] Epoch 790/1000 | Time: 15.86s | Loss: 2242.0807 | Eval Return: -1206.58
Epoch 791/1000: 100% 1000/1000 [00:14<00:00, 67.04it/s, loss=2277.6563]
Epoch 792/1000: 100% 1000/1000 [00:14<00:00, 67.63it/s, loss=2345.2454]
Epoch 793/1000: 100% 1000/1000 [00:15<00:00, 66.13it/s, loss=2244.0406]
Epoch 794/1000: 100% 1000/1000 [00:14<00:00, 67.51it/s, loss=2055.7439]
Epoch 795/1000: 100% 1000/1000 [00:14<00:00, 68.78it/s, loss=2289.5037]
Epoch 796/1000: 100% 1000/1000 [00:14<00:00, 66.72it/s, loss=2205.9254]
Epoch 797/1000: 100% 1000/1000 [00:15<00:00, 66.54it/s, loss=2619.3821]
Epoch 798/1000: 100% 1000/1000 [00:14<00:00, 68.12it/s, loss=2268.7371]
Epoch 799/1000: 100% 1000/1000 [00:14<00:00, 68.29it/s, loss=2312.6441]
Epoch 800/1000: 100% 1000/1000 [00:14<00:00, 67.49it/s, loss=2332.1125]
2025-11-07 16:22:06,443 [INFO] Epoch 800/1000 | Time: 15.89s | Loss: 2332.1125 | Eval Return: -1146.50
Epoch 801/1000: 100% 1000/1000 [00:14<00:00, 68.54it/s, loss=2170.8886]
Epoch 802/1000: 100% 1000/1000 [00:14<00:00, 68.37it/s, loss=2407.9892]
Epoch 803/1000: 100% 1000/1000 [00:14<00:00, 67.87it/s, loss=2178.5823]
Epoch 804/1000: 100% 1000/1000 [00:15<00:00, 66.44it/s, loss=2375.1688]
Epoch 805/1000: 100% 1000/1000 [00:14<00:00, 68.87it/s, loss=2250.0731]
Epoch 806/1000: 100% 1000/1000 [00:14<00:00, 68.69it/s, loss=2183.7123]
Epoch 807/1000: 100% 1000/1000 [00:14<00:00, 68.61it/s, loss=2335.2556]
Epoch 808/1000: 100% 1000/1000 [00:14<00:00, 67.14it/s, loss=2379.1504]
Epoch 809/1000: 100% 1000/1000 [00:14<00:00, 68.26it/s, loss=2598.8374]
Epoch 810/1000: 100% 1000/1000 [00:14<00:00, 68.64it/s, loss=2115.8736]
2025-11-07 16:24:34,069 [INFO] Epoch 810/1000 | Time: 15.38s | Loss: 2115.8736 | Eval Return: -1182.74
Epoch 811/1000: 100% 1000/1000 [00:14<00:00, 68.39it/s, loss=2238.1999]
Epoch 812/1000: 100% 1000/1000 [00:15<00:00, 66.36it/s, loss=2537.4055]
Epoch 813/1000: 100% 1000/1000 [00:14<00:00, 68.62it/s, loss=2279.4429]
Epoch 814/1000: 100% 1000/1000 [00:14<00:00, 68.68it/s, loss=2248.9334]
Epoch 815/1000: 100% 1000/1000 [00:14<00:00, 68.66it/s, loss=2457.1194]
Epoch 816/1000: 100% 1000/1000 [00:15<00:00, 66.45it/s, loss=2383.7869]
Epoch 817/1000: 100% 1000/1000 [00:14<00:00, 68.63it/s, loss=2221.5432]
Epoch 818/1000: 100% 1000/1000 [00:14<00:00, 68.47it/s, loss=2316.7175]
Epoch 819/1000: 100% 1000/1000 [00:14<00:00, 68.55it/s, loss=2364.5725]
Epoch 820/1000: 100% 1000/1000 [00:15<00:00, 66.14it/s, loss=2251.8176]
2025-11-07 16:27:02,328 [INFO] Epoch 820/1000 | Time: 16.03s | Loss: 2251.8176 | Eval Return: -1244.81
Epoch 821/1000: 100% 1000/1000 [00:14<00:00, 68.47it/s, loss=2373.1746]
Epoch 822/1000: 100% 1000/1000 [00:14<00:00, 68.99it/s, loss=2327.1877]
Epoch 823/1000: 100% 1000/1000 [00:14<00:00, 68.40it/s, loss=2476.7052]
Epoch 824/1000: 100% 1000/1000 [00:15<00:00, 65.73it/s, loss=2281.4565]
Epoch 825/1000: 100% 1000/1000 [00:14<00:00, 68.70it/s, loss=2295.2917]
Epoch 826/1000: 100% 1000/1000 [00:14<00:00, 68.55it/s, loss=2432.4399]
Epoch 827/1000: 100% 1000/1000 [00:14<00:00, 68.71it/s, loss=2197.7266]
Epoch 828/1000: 100% 1000/1000 [00:14<00:00, 66.94it/s, loss=2331.0508]
Epoch 829/1000: 100% 1000/1000 [00:14<00:00, 68.76it/s, loss=2306.7910]
Epoch 830/1000: 100% 1000/1000 [00:14<00:00, 68.62it/s, loss=2340.3343]
2025-11-07 16:29:29,851 [INFO] Epoch 830/1000 | Time: 15.38s | Loss: 2340.3343 | Eval Return: -1260.82
Epoch 831/1000: 100% 1000/1000 [00:14<00:00, 68.84it/s, loss=2304.6091]
Epoch 832/1000: 100% 1000/1000 [00:15<00:00, 66.36it/s, loss=2524.4001]
Epoch 833/1000: 100% 1000/1000 [00:14<00:00, 68.91it/s, loss=2199.9697]
Epoch 834/1000: 100% 1000/1000 [00:14<00:00, 68.50it/s, loss=2142.8641]
Epoch 835/1000: 100% 1000/1000 [00:14<00:00, 68.78it/s, loss=2474.7403]
Epoch 836/1000: 100% 1000/1000 [00:15<00:00, 66.02it/s, loss=2577.8680]
Epoch 837/1000: 100% 1000/1000 [00:14<00:00, 67.95it/s, loss=2347.2544]
Epoch 838/1000: 100% 1000/1000 [00:14<00:00, 68.14it/s, loss=2536.9564]
Epoch 839/1000: 100% 1000/1000 [00:14<00:00, 67.78it/s, loss=2181.1479]
Epoch 840/1000: 100% 1000/1000 [00:15<00:00, 66.52it/s, loss=2610.5069]
2025-11-07 16:31:58,311 [INFO] Epoch 840/1000 | Time: 15.89s | Loss: 2610.5069 | Eval Return: -1230.07
Epoch 841/1000: 100% 1000/1000 [00:14<00:00, 67.24it/s, loss=2322.6092]
Epoch 842/1000: 100% 1000/1000 [00:14<00:00, 68.24it/s, loss=2443.4023]
Epoch 843/1000: 100% 1000/1000 [00:14<00:00, 68.31it/s, loss=2408.7836]
Epoch 844/1000: 100% 1000/1000 [00:15<00:00, 65.32it/s, loss=2501.4776]
Epoch 845/1000: 100% 1000/1000 [00:14<00:00, 66.87it/s, loss=2214.8287]
Epoch 846/1000: 100% 1000/1000 [00:14<00:00, 68.13it/s, loss=2414.5687]
Epoch 847/1000: 100% 1000/1000 [00:14<00:00, 68.55it/s, loss=2460.7306]
Epoch 848/1000: 100% 1000/1000 [00:15<00:00, 66.39it/s, loss=2419.0852]
Epoch 849/1000: 100% 1000/1000 [00:14<00:00, 68.40it/s, loss=2319.2249]
Epoch 850/1000: 100% 1000/1000 [00:14<00:00, 68.32it/s, loss=2458.5817]
2025-11-07 16:34:27,175 [INFO] Epoch 850/1000 | Time: 15.46s | Loss: 2458.5817 | Eval Return: -1333.37
Epoch 851/1000: 100% 1000/1000 [00:14<00:00, 67.39it/s, loss=2430.1650]
Epoch 852/1000: 100% 1000/1000 [00:14<00:00, 67.42it/s, loss=2448.3774]
Epoch 853/1000: 100% 1000/1000 [00:14<00:00, 67.99it/s, loss=2491.1963]
Epoch 854/1000: 100% 1000/1000 [00:14<00:00, 68.36it/s, loss=2446.0640]
Epoch 855/1000: 100% 1000/1000 [00:14<00:00, 67.18it/s, loss=2305.1840]
Epoch 856/1000: 100% 1000/1000 [00:14<00:00, 67.48it/s, loss=2350.3849]
Epoch 857/1000: 100% 1000/1000 [00:14<00:00, 68.09it/s, loss=2600.9453]
Epoch 858/1000: 100% 1000/1000 [00:14<00:00, 68.14it/s, loss=2388.0508]
Epoch 859/1000: 100% 1000/1000 [00:14<00:00, 67.59it/s, loss=2391.8279]
Epoch 860/1000: 100% 1000/1000 [00:14<00:00, 67.57it/s, loss=2428.2271]
2025-11-07 16:36:55,695 [INFO] Epoch 860/1000 | Time: 15.61s | Loss: 2428.2271 | Eval Return: -1219.60
Epoch 861/1000: 100% 1000/1000 [00:14<00:00, 68.21it/s, loss=2267.7388]
Epoch 862/1000: 100% 1000/1000 [00:14<00:00, 68.72it/s, loss=2457.3185]
Epoch 863/1000: 100% 1000/1000 [00:14<00:00, 67.50it/s, loss=2248.7040]
Epoch 864/1000: 100% 1000/1000 [00:14<00:00, 67.70it/s, loss=2431.2375]
Epoch 865/1000: 100% 1000/1000 [00:14<00:00, 68.50it/s, loss=2380.1765]
Epoch 866/1000: 100% 1000/1000 [00:14<00:00, 68.29it/s, loss=2315.9013]
Epoch 867/1000: 100% 1000/1000 [00:14<00:00, 67.56it/s, loss=2447.9252]
Epoch 868/1000: 100% 1000/1000 [00:14<00:00, 67.60it/s, loss=2452.4366]
Epoch 869/1000: 100% 1000/1000 [00:14<00:00, 68.70it/s, loss=2406.8317]
Epoch 870/1000: 100% 1000/1000 [00:14<00:00, 68.47it/s, loss=2414.8151]
2025-11-07 16:39:23,333 [INFO] Epoch 870/1000 | Time: 15.41s | Loss: 2414.8151 | Eval Return: -1079.94
Epoch 871/1000: 100% 1000/1000 [00:14<00:00, 67.45it/s, loss=2539.8977]
Epoch 872/1000: 100% 1000/1000 [00:14<00:00, 68.20it/s, loss=2512.2853]
Epoch 873/1000: 100% 1000/1000 [00:14<00:00, 68.25it/s, loss=2444.8445]
Epoch 874/1000: 100% 1000/1000 [00:14<00:00, 68.96it/s, loss=2492.3572]
Epoch 875/1000: 100% 1000/1000 [00:14<00:00, 67.58it/s, loss=2395.7928]
Epoch 876/1000: 100% 1000/1000 [00:14<00:00, 67.95it/s, loss=2449.8658]
Epoch 877/1000: 100% 1000/1000 [00:14<00:00, 68.59it/s, loss=2378.3641]
Epoch 878/1000: 100% 1000/1000 [00:14<00:00, 69.21it/s, loss=2439.3260]
Epoch 879/1000: 100% 1000/1000 [00:14<00:00, 68.19it/s, loss=2394.6503]
Epoch 880/1000: 100% 1000/1000 [00:14<00:00, 67.23it/s, loss=2611.7330]
2025-11-07 16:41:50,905 [INFO] Epoch 880/1000 | Time: 15.69s | Loss: 2611.7330 | Eval Return: -1247.22
Epoch 881/1000: 100% 1000/1000 [00:14<00:00, 68.64it/s, loss=2360.9116]
Epoch 882/1000: 100% 1000/1000 [00:14<00:00, 68.51it/s, loss=2622.2138]
Epoch 883/1000: 100% 1000/1000 [00:14<00:00, 67.93it/s, loss=2453.6034]
Epoch 884/1000: 100% 1000/1000 [00:14<00:00, 67.27it/s, loss=2450.5180]
Epoch 885/1000: 100% 1000/1000 [00:14<00:00, 68.66it/s, loss=2527.4718]
Epoch 886/1000: 100% 1000/1000 [00:14<00:00, 68.64it/s, loss=2550.9175]
Epoch 887/1000: 100% 1000/1000 [00:14<00:00, 67.78it/s, loss=2601.2979]
Epoch 888/1000: 100% 1000/1000 [00:14<00:00, 66.95it/s, loss=2324.2385]
Epoch 889/1000: 100% 1000/1000 [00:14<00:00, 68.83it/s, loss=2555.9772]
Epoch 890/1000: 100% 1000/1000 [00:14<00:00, 68.50it/s, loss=2456.6088]
2025-11-07 16:44:18,472 [INFO] Epoch 890/1000 | Time: 15.43s | Loss: 2456.6088 | Eval Return: -1045.63
Epoch 891/1000: 100% 1000/1000 [00:14<00:00, 67.61it/s, loss=2367.9343]
Epoch 892/1000: 100% 1000/1000 [00:14<00:00, 67.26it/s, loss=2485.7071]
Epoch 893/1000: 100% 1000/1000 [00:14<00:00, 68.66it/s, loss=2337.1352]
Epoch 894/1000: 100% 1000/1000 [00:14<00:00, 68.79it/s, loss=2530.0796]
Epoch 895/1000: 100% 1000/1000 [00:14<00:00, 67.64it/s, loss=2357.4673]
Epoch 896/1000: 100% 1000/1000 [00:14<00:00, 67.18it/s, loss=2581.8321]
Epoch 897/1000: 100% 1000/1000 [00:14<00:00, 68.76it/s, loss=2612.5511]
Epoch 898/1000: 100% 1000/1000 [00:14<00:00, 69.04it/s, loss=2385.1076]
Epoch 899/1000: 100% 1000/1000 [00:14<00:00, 68.09it/s, loss=2368.3000]
Epoch 900/1000: 100% 1000/1000 [00:14<00:00, 66.94it/s, loss=2428.6400]
2025-11-07 16:46:46,379 [INFO] Epoch 900/1000 | Time: 15.72s | Loss: 2428.6400 | Eval Return: -1407.85
Epoch 901/1000: 100% 1000/1000 [00:14<00:00, 68.45it/s, loss=2486.8511]
Epoch 902/1000: 100% 1000/1000 [00:14<00:00, 68.05it/s, loss=2485.3172]
Epoch 903/1000: 100% 1000/1000 [00:14<00:00, 67.20it/s, loss=2552.7623]
Epoch 904/1000: 100% 1000/1000 [00:14<00:00, 67.82it/s, loss=2560.7178]
Epoch 905/1000: 100% 1000/1000 [00:14<00:00, 68.66it/s, loss=2580.4200]
Epoch 906/1000: 100% 1000/1000 [00:14<00:00, 67.16it/s, loss=2268.7081]
Epoch 907/1000: 100% 1000/1000 [00:14<00:00, 67.41it/s, loss=2370.6529]
Epoch 908/1000: 100% 1000/1000 [00:14<00:00, 66.88it/s, loss=2584.6395]
Epoch 909/1000: 100% 1000/1000 [00:14<00:00, 68.75it/s, loss=2525.3900]
Epoch 910/1000: 100% 1000/1000 [00:14<00:00, 68.76it/s, loss=2472.6927]
2025-11-07 16:49:14,484 [INFO] Epoch 910/1000 | Time: 15.35s | Loss: 2472.6927 | Eval Return: -1140.10
Epoch 911/1000: 100% 1000/1000 [00:15<00:00, 66.35it/s, loss=2565.9129]
Epoch 912/1000: 100% 1000/1000 [00:14<00:00, 68.62it/s, loss=2516.5096]
Epoch 913/1000: 100% 1000/1000 [00:14<00:00, 68.88it/s, loss=2476.0472]
Epoch 914/1000: 100% 1000/1000 [00:14<00:00, 67.20it/s, loss=2363.5458]
Epoch 915/1000: 100% 1000/1000 [00:15<00:00, 64.84it/s, loss=2663.0296]
Epoch 916/1000: 100% 1000/1000 [00:14<00:00, 68.62it/s, loss=2537.5692]
Epoch 917/1000: 100% 1000/1000 [00:14<00:00, 68.53it/s, loss=2380.2774]
Epoch 918/1000: 100% 1000/1000 [00:14<00:00, 68.98it/s, loss=2573.6717]
Epoch 919/1000: 100% 1000/1000 [00:15<00:00, 66.54it/s, loss=2778.3366]
Epoch 920/1000: 100% 1000/1000 [00:14<00:00, 68.44it/s, loss=2645.1052]
2025-11-07 16:51:43,078 [INFO] Epoch 920/1000 | Time: 15.41s | Loss: 2645.1052 | Eval Return: -1023.62
Epoch 921/1000: 100% 1000/1000 [00:14<00:00, 68.61it/s, loss=2550.2876]
Epoch 922/1000: 100% 1000/1000 [00:14<00:00, 68.45it/s, loss=2388.4674]
Epoch 923/1000: 100% 1000/1000 [00:14<00:00, 66.71it/s, loss=2571.8531]
Epoch 924/1000: 100% 1000/1000 [00:14<00:00, 68.60it/s, loss=2638.1323]
Epoch 925/1000: 100% 1000/1000 [00:14<00:00, 69.22it/s, loss=2424.3446]
Epoch 926/1000: 100% 1000/1000 [00:14<00:00, 68.55it/s, loss=2708.1992]
Epoch 927/1000: 100% 1000/1000 [00:14<00:00, 66.84it/s, loss=2483.1937]
Epoch 928/1000: 100% 1000/1000 [00:14<00:00, 68.56it/s, loss=2614.0435]
Epoch 929/1000: 100% 1000/1000 [00:14<00:00, 67.70it/s, loss=2491.3994]
Epoch 930/1000: 100% 1000/1000 [00:14<00:00, 68.67it/s, loss=2600.4086]
2025-11-07 16:54:10,587 [INFO] Epoch 930/1000 | Time: 15.37s | Loss: 2600.4086 | Eval Return: -1352.50
Epoch 931/1000: 100% 1000/1000 [00:14<00:00, 66.69it/s, loss=2592.7216]
Epoch 932/1000: 100% 1000/1000 [00:14<00:00, 68.80it/s, loss=2393.7905]
Epoch 933/1000: 100% 1000/1000 [00:14<00:00, 69.29it/s, loss=2362.4412]
Epoch 934/1000: 100% 1000/1000 [00:14<00:00, 68.96it/s, loss=2707.0413]
Epoch 935/1000: 100% 1000/1000 [00:15<00:00, 66.48it/s, loss=2644.2753]
Epoch 936/1000: 100% 1000/1000 [00:14<00:00, 68.53it/s, loss=2609.6000]
Epoch 937/1000: 100% 1000/1000 [00:14<00:00, 67.77it/s, loss=2786.8247]
Epoch 938/1000: 100% 1000/1000 [00:14<00:00, 66.91it/s, loss=2432.7947]
Epoch 939/1000: 100% 1000/1000 [00:15<00:00, 64.77it/s, loss=2347.2060]
Epoch 940/1000: 100% 1000/1000 [00:14<00:00, 67.81it/s, loss=2406.7307]
2025-11-07 16:56:39,424 [INFO] Epoch 940/1000 | Time: 15.57s | Loss: 2406.7307 | Eval Return: -1159.73
Epoch 941/1000: 100% 1000/1000 [00:14<00:00, 66.94it/s, loss=2593.1973]
Epoch 942/1000: 100% 1000/1000 [00:14<00:00, 67.03it/s, loss=2680.8004]
Epoch 943/1000: 100% 1000/1000 [00:14<00:00, 66.82it/s, loss=2654.9047]
Epoch 944/1000: 100% 1000/1000 [00:14<00:00, 68.24it/s, loss=2496.0763]
Epoch 945/1000: 100% 1000/1000 [00:14<00:00, 68.68it/s, loss=2701.7327]
Epoch 946/1000: 100% 1000/1000 [00:14<00:00, 67.90it/s, loss=2640.3236]
Epoch 947/1000: 100% 1000/1000 [00:14<00:00, 66.85it/s, loss=2504.6686]
Epoch 948/1000: 100% 1000/1000 [00:14<00:00, 68.86it/s, loss=2508.7610]
Epoch 949/1000: 100% 1000/1000 [00:14<00:00, 68.64it/s, loss=2596.9823]
Epoch 950/1000: 100% 1000/1000 [00:14<00:00, 67.61it/s, loss=2442.6952]
2025-11-07 16:59:08,103 [INFO] Epoch 950/1000 | Time: 15.83s | Loss: 2442.6952 | Eval Return: -1196.09
Epoch 951/1000: 100% 1000/1000 [00:14<00:00, 67.69it/s, loss=2705.3676]
Epoch 952/1000: 100% 1000/1000 [00:14<00:00, 68.82it/s, loss=2666.5295]
Epoch 953/1000: 100% 1000/1000 [00:14<00:00, 68.42it/s, loss=2742.2654]
Epoch 954/1000: 100% 1000/1000 [00:14<00:00, 67.60it/s, loss=2504.5735]
Epoch 955/1000: 100% 1000/1000 [00:14<00:00, 66.89it/s, loss=2418.4868]
Epoch 956/1000: 100% 1000/1000 [00:14<00:00, 68.84it/s, loss=2594.8530]
Epoch 957/1000: 100% 1000/1000 [00:14<00:00, 68.48it/s, loss=2563.0536]
Epoch 958/1000: 100% 1000/1000 [00:14<00:00, 68.12it/s, loss=2654.7290]
Epoch 959/1000: 100% 1000/1000 [00:14<00:00, 67.09it/s, loss=2463.7651]
Epoch 960/1000: 100% 1000/1000 [00:14<00:00, 69.04it/s, loss=2726.8619]
2025-11-07 17:01:35,833 [INFO] Epoch 960/1000 | Time: 15.31s | Loss: 2726.8619 | Eval Return: -1246.76
Epoch 961/1000: 100% 1000/1000 [00:14<00:00, 68.15it/s, loss=2707.5009]
Epoch 962/1000: 100% 1000/1000 [00:14<00:00, 67.45it/s, loss=2694.7071]
Epoch 963/1000: 100% 1000/1000 [00:14<00:00, 67.48it/s, loss=2464.8546]
Epoch 964/1000: 100% 1000/1000 [00:14<00:00, 68.93it/s, loss=2621.8703]
Epoch 965/1000: 100% 1000/1000 [00:14<00:00, 68.77it/s, loss=2681.7267]
Epoch 966/1000: 100% 1000/1000 [00:14<00:00, 67.38it/s, loss=2664.7190]
Epoch 967/1000: 100% 1000/1000 [00:14<00:00, 67.48it/s, loss=2571.7124]
Epoch 968/1000: 100% 1000/1000 [00:14<00:00, 68.63it/s, loss=2675.7047]
Epoch 969/1000: 100% 1000/1000 [00:14<00:00, 68.73it/s, loss=2684.7986]
Epoch 970/1000: 100% 1000/1000 [00:14<00:00, 68.11it/s, loss=2557.1328]
2025-11-07 17:04:03,776 [INFO] Epoch 970/1000 | Time: 15.76s | Loss: 2557.1328 | Eval Return: -1031.57
Epoch 971/1000: 100% 1000/1000 [00:14<00:00, 67.12it/s, loss=2406.3984]
Epoch 972/1000: 100% 1000/1000 [00:14<00:00, 68.30it/s, loss=2760.8316]
Epoch 973/1000: 100% 1000/1000 [00:14<00:00, 68.78it/s, loss=2593.8530]
Epoch 974/1000: 100% 1000/1000 [00:14<00:00, 67.24it/s, loss=2576.8382]
Epoch 975/1000: 100% 1000/1000 [00:14<00:00, 67.72it/s, loss=2579.1126]
Epoch 976/1000: 100% 1000/1000 [00:14<00:00, 68.58it/s, loss=2319.4206]
Epoch 977/1000: 100% 1000/1000 [00:14<00:00, 68.51it/s, loss=2726.6806]
Epoch 978/1000: 100% 1000/1000 [00:14<00:00, 67.90it/s, loss=2606.2875]
Epoch 979/1000: 100% 1000/1000 [00:14<00:00, 67.25it/s, loss=2548.7034]
Epoch 980/1000: 100% 1000/1000 [00:14<00:00, 68.56it/s, loss=2658.4973]
2025-11-07 17:06:31,717 [INFO] Epoch 980/1000 | Time: 15.41s | Loss: 2658.4973 | Eval Return: -1196.45
Epoch 981/1000: 100% 1000/1000 [00:14<00:00, 68.52it/s, loss=2632.0885]
Epoch 982/1000: 100% 1000/1000 [00:14<00:00, 66.81it/s, loss=2662.2000]
Epoch 983/1000: 100% 1000/1000 [00:14<00:00, 67.57it/s, loss=2523.4260]
Epoch 984/1000: 100% 1000/1000 [00:14<00:00, 68.83it/s, loss=2616.1845]
Epoch 985/1000: 100% 1000/1000 [00:14<00:00, 68.74it/s, loss=2559.8714]
Epoch 986/1000: 100% 1000/1000 [00:15<00:00, 66.47it/s, loss=2618.1888]
Epoch 987/1000: 100% 1000/1000 [00:14<00:00, 68.01it/s, loss=2766.7240]
Epoch 988/1000: 100% 1000/1000 [00:14<00:00, 68.35it/s, loss=2750.4827]
Epoch 989/1000: 100% 1000/1000 [00:14<00:00, 68.35it/s, loss=2575.2315]
Epoch 990/1000: 100% 1000/1000 [00:14<00:00, 66.77it/s, loss=2602.6313]
2025-11-07 17:09:00,195 [INFO] Epoch 990/1000 | Time: 16.00s | Loss: 2602.6313 | Eval Return: -1166.42
Epoch 991/1000: 100% 1000/1000 [00:14<00:00, 68.53it/s, loss=2595.8452]
Epoch 992/1000: 100% 1000/1000 [00:14<00:00, 67.45it/s, loss=2727.9363]
Epoch 993/1000: 100% 1000/1000 [00:14<00:00, 68.40it/s, loss=2507.2335]
Epoch 994/1000: 100% 1000/1000 [00:15<00:00, 66.56it/s, loss=2487.0180]
Epoch 995/1000: 100% 1000/1000 [00:14<00:00, 68.64it/s, loss=2667.6075]
Epoch 996/1000: 100% 1000/1000 [00:14<00:00, 68.58it/s, loss=2618.9110]
Epoch 997/1000: 100% 1000/1000 [00:14<00:00, 68.79it/s, loss=2692.6534]
Epoch 998/1000: 100% 1000/1000 [00:15<00:00, 65.95it/s, loss=2743.9226]
Epoch 999/1000: 100% 1000/1000 [00:14<00:00, 68.23it/s, loss=2582.6457]
Epoch 1000/1000: 100% 1000/1000 [00:14<00:00, 68.63it/s, loss=2609.0934]
2025-11-07 17:11:28,167 [INFO] Epoch 1000/1000 | Time: 15.37s | Loss: 2609.0934 | Eval Return: -1140.21
2025-11-07 17:11:28,205 [INFO] Training complete.