2025-11-07 12:56:45.759842: E external/local_xla/xla/stream_executor/cuda/cuda_fft.cc:467] Unable to register cuFFT factory: Attempting to register factory for plugin cuFFT when one has already been registered
WARNING: All log messages before absl::InitializeLog() is called are written to STDERR
E0000 00:00:1762520205.780051   59989 cuda_dnn.cc:8579] Unable to register cuDNN factory: Attempting to register factory for plugin cuDNN when one has already been registered
E0000 00:00:1762520205.786447   59989 cuda_blas.cc:1407] Unable to register cuBLAS factory: Attempting to register factory for plugin cuBLAS when one has already been registered
W0000 00:00:1762520205.802910   59989 computation_placer.cc:177] computation placer already registered. Please check linkage and avoid linking the same target more than once.
W0000 00:00:1762520205.802934   59989 computation_placer.cc:177] computation placer already registered. Please check linkage and avoid linking the same target more than once.
W0000 00:00:1762520205.802938   59989 computation_placer.cc:177] computation placer already registered. Please check linkage and avoid linking the same target more than once.
W0000 00:00:1762520205.802941   59989 computation_placer.cc:177] computation placer already registered. Please check linkage and avoid linking the same target more than once.
2025-11-07 12:56:45.807538: I tensorflow/core/platform/cpu_feature_guard.cc:210] This TensorFlow binary is optimized to use available CPU instructions in performance-critical operations.
To enable the following instructions: AVX2 FMA, in other operations, rebuild TensorFlow with the appropriate compiler flags.
2025-11-07 12:56:50,707 [INFO] Checking for dataset...
2025-11-07 12:56:50,707 [INFO] Dataset found at /content/neuromorphic_decision_transformer/data/MountainCar-v0/dataset.npz.
2025-11-07 12:56:50,707 [INFO] Starting training...
2025-11-07 12:57:18,750 [INFO] Dataset size: 201000 clips
2025-11-07 12:57:18,755 [INFO] DataLoader created with num_workers=0 and pin_memory=False.
2025-11-07 12:57:20,746 [INFO] Starting training loop...
Epoch 1/1000: 100% 1000/1000 [00:14<00:00, 70.67it/s, loss=1.2906]
Epoch 2/1000: 100% 1000/1000 [00:13<00:00, 71.97it/s, loss=1.4546]
Epoch 3/1000: 100% 1000/1000 [00:13<00:00, 72.72it/s, loss=1.2485]
Epoch 4/1000: 100% 1000/1000 [00:13<00:00, 73.12it/s, loss=1.3188]
Epoch 5/1000: 100% 1000/1000 [00:13<00:00, 72.84it/s, loss=1.4234]
Epoch 6/1000: 100% 1000/1000 [00:13<00:00, 71.86it/s, loss=1.5106]
Epoch 7/1000: 100% 1000/1000 [00:13<00:00, 71.85it/s, loss=1.6556]
Epoch 8/1000: 100% 1000/1000 [00:13<00:00, 72.75it/s, loss=1.8489]
Epoch 9/1000: 100% 1000/1000 [00:13<00:00, 72.58it/s, loss=2.1294]
Epoch 10/1000: 100% 1000/1000 [00:13<00:00, 73.05it/s, loss=2.5206]
2025-11-07 12:59:39,707 [INFO] Epoch 10/1000 | Time: 14.38s | Loss: 2.5206 | Eval Return: -200.00
2025-11-07 12:59:39,715 [INFO] New best eval return: -200.00. Saved best model.
Epoch 11/1000: 100% 1000/1000 [00:13<00:00, 72.95it/s, loss=2.9960]
Epoch 12/1000: 100% 1000/1000 [00:13<00:00, 72.26it/s, loss=3.5148]
Epoch 13/1000: 100% 1000/1000 [00:14<00:00, 71.25it/s, loss=3.9315]
Epoch 14/1000: 100% 1000/1000 [00:13<00:00, 72.54it/s, loss=4.3218]
Epoch 15/1000: 100% 1000/1000 [00:13<00:00, 73.38it/s, loss=4.9731]
Epoch 16/1000: 100% 1000/1000 [00:13<00:00, 73.32it/s, loss=5.6573]
Epoch 17/1000: 100% 1000/1000 [00:13<00:00, 73.02it/s, loss=6.4775]
Epoch 18/1000: 100% 1000/1000 [00:13<00:00, 73.12it/s, loss=7.3245]
Epoch 19/1000: 100% 1000/1000 [00:13<00:00, 71.98it/s, loss=7.6271]
Epoch 20/1000: 100% 1000/1000 [00:13<00:00, 71.65it/s, loss=9.4637]
2025-11-07 13:01:58,275 [INFO] Epoch 20/1000 | Time: 14.64s | Loss: 9.4637 | Eval Return: -200.00
Epoch 21/1000: 100% 1000/1000 [00:13<00:00, 73.35it/s, loss=9.6117]
Epoch 22/1000: 100% 1000/1000 [00:13<00:00, 73.02it/s, loss=10.1363]
Epoch 23/1000: 100% 1000/1000 [00:13<00:00, 73.32it/s, loss=11.4985]
Epoch 24/1000: 100% 1000/1000 [00:13<00:00, 72.84it/s, loss=12.7930]
Epoch 25/1000: 100% 1000/1000 [00:13<00:00, 72.02it/s, loss=12.7101]
Epoch 26/1000: 100% 1000/1000 [00:14<00:00, 70.87it/s, loss=14.6164]
Epoch 27/1000: 100% 1000/1000 [00:13<00:00, 73.26it/s, loss=13.9132]
Epoch 28/1000: 100% 1000/1000 [00:13<00:00, 73.15it/s, loss=16.2387]
Epoch 29/1000: 100% 1000/1000 [00:13<00:00, 73.06it/s, loss=18.5227]
Epoch 30/1000: 100% 1000/1000 [00:13<00:00, 72.92it/s, loss=17.0231]
2025-11-07 13:04:16,381 [INFO] Epoch 30/1000 | Time: 14.38s | Loss: 17.0231 | Eval Return: -200.00
Epoch 31/1000: 100% 1000/1000 [00:13<00:00, 73.11it/s, loss=19.3877]
Epoch 32/1000: 100% 1000/1000 [00:14<00:00, 71.02it/s, loss=19.3070]
Epoch 33/1000: 100% 1000/1000 [00:13<00:00, 72.98it/s, loss=22.2318]
Epoch 34/1000: 100% 1000/1000 [00:13<00:00, 73.32it/s, loss=19.6076]
Epoch 35/1000: 100% 1000/1000 [00:13<00:00, 73.29it/s, loss=21.1180]
Epoch 36/1000: 100% 1000/1000 [00:13<00:00, 73.16it/s, loss=22.0706]
Epoch 37/1000: 100% 1000/1000 [00:13<00:00, 73.53it/s, loss=23.1288]
Epoch 38/1000: 100% 1000/1000 [00:13<00:00, 73.62it/s, loss=24.4394]
Epoch 39/1000: 100% 1000/1000 [00:13<00:00, 71.72it/s, loss=22.9644]
Epoch 40/1000: 100% 1000/1000 [00:13<00:00, 72.45it/s, loss=27.0393]
2025-11-07 13:06:34,429 [INFO] Epoch 40/1000 | Time: 14.48s | Loss: 27.0393 | Eval Return: -200.00
Epoch 41/1000: 100% 1000/1000 [00:13<00:00, 73.52it/s, loss=26.3647]
Epoch 42/1000: 100% 1000/1000 [00:13<00:00, 73.02it/s, loss=25.8406]
Epoch 43/1000: 100% 1000/1000 [00:13<00:00, 73.40it/s, loss=28.9329]
Epoch 44/1000: 100% 1000/1000 [00:13<00:00, 73.08it/s, loss=25.7627]
Epoch 45/1000: 100% 1000/1000 [00:13<00:00, 72.84it/s, loss=28.6306]
Epoch 46/1000: 100% 1000/1000 [00:14<00:00, 70.99it/s, loss=29.0253]
Epoch 47/1000: 100% 1000/1000 [00:13<00:00, 72.53it/s, loss=29.4064]
Epoch 48/1000: 100% 1000/1000 [00:13<00:00, 73.18it/s, loss=31.4496]
Epoch 49/1000: 100% 1000/1000 [00:13<00:00, 72.98it/s, loss=30.4306]
Epoch 50/1000: 100% 1000/1000 [00:13<00:00, 73.59it/s, loss=30.4218]
2025-11-07 13:08:52,270 [INFO] Epoch 50/1000 | Time: 14.24s | Loss: 30.4218 | Eval Return: -200.00
Epoch 51/1000: 100% 1000/1000 [00:13<00:00, 72.95it/s, loss=29.6699]
Epoch 52/1000: 100% 1000/1000 [00:14<00:00, 71.00it/s, loss=29.4034]
Epoch 53/1000: 100% 1000/1000 [00:13<00:00, 72.99it/s, loss=31.2909]
Epoch 54/1000: 100% 1000/1000 [00:13<00:00, 73.12it/s, loss=33.9177]
Epoch 55/1000: 100% 1000/1000 [00:13<00:00, 72.96it/s, loss=30.4889]
Epoch 56/1000: 100% 1000/1000 [00:13<00:00, 73.87it/s, loss=31.2239]
Epoch 57/1000: 100% 1000/1000 [00:13<00:00, 73.55it/s, loss=34.7558]
Epoch 58/1000: 100% 1000/1000 [00:13<00:00, 73.36it/s, loss=31.1795]
Epoch 59/1000: 100% 1000/1000 [00:14<00:00, 71.10it/s, loss=33.4428]
Epoch 60/1000: 100% 1000/1000 [00:13<00:00, 72.87it/s, loss=33.8053]
2025-11-07 13:11:10,415 [INFO] Epoch 60/1000 | Time: 14.41s | Loss: 33.8053 | Eval Return: -200.00
Epoch 61/1000: 100% 1000/1000 [00:13<00:00, 73.13it/s, loss=34.7801]
Epoch 62/1000: 100% 1000/1000 [00:13<00:00, 73.24it/s, loss=32.2883]
Epoch 63/1000: 100% 1000/1000 [00:13<00:00, 73.46it/s, loss=35.4090]
Epoch 64/1000: 100% 1000/1000 [00:13<00:00, 73.03it/s, loss=34.8394]
Epoch 65/1000: 100% 1000/1000 [00:13<00:00, 72.27it/s, loss=33.9531]
Epoch 66/1000: 100% 1000/1000 [00:13<00:00, 71.61it/s, loss=33.1453]
Epoch 67/1000: 100% 1000/1000 [00:13<00:00, 73.31it/s, loss=33.6596]
Epoch 68/1000: 100% 1000/1000 [00:13<00:00, 73.15it/s, loss=35.1963]
Epoch 69/1000: 100% 1000/1000 [00:13<00:00, 72.36it/s, loss=33.3286]
Epoch 70/1000: 100% 1000/1000 [00:13<00:00, 72.64it/s, loss=34.7592]
2025-11-07 13:13:28,464 [INFO] Epoch 70/1000 | Time: 14.46s | Loss: 34.7592 | Eval Return: -200.00
Epoch 71/1000: 100% 1000/1000 [00:13<00:00, 72.68it/s, loss=35.8315]
Epoch 72/1000: 100% 1000/1000 [00:14<00:00, 70.67it/s, loss=31.4394]
Epoch 73/1000: 100% 1000/1000 [00:13<00:00, 72.64it/s, loss=33.9239]
Epoch 74/1000: 100% 1000/1000 [00:13<00:00, 73.32it/s, loss=34.1713]
Epoch 75/1000: 100% 1000/1000 [00:13<00:00, 72.88it/s, loss=36.7666]
Epoch 76/1000: 100% 1000/1000 [00:13<00:00, 72.80it/s, loss=34.2443]
Epoch 77/1000: 100% 1000/1000 [00:13<00:00, 72.87it/s, loss=32.9625]
Epoch 78/1000: 100% 1000/1000 [00:14<00:00, 71.07it/s, loss=37.7792]
Epoch 79/1000: 100% 1000/1000 [00:14<00:00, 70.81it/s, loss=37.5225]
Epoch 80/1000: 100% 1000/1000 [00:13<00:00, 73.04it/s, loss=39.1867]
2025-11-07 13:15:47,557 [INFO] Epoch 80/1000 | Time: 14.38s | Loss: 39.1867 | Eval Return: -200.00
Epoch 81/1000: 100% 1000/1000 [00:13<00:00, 72.66it/s, loss=37.7799]
Epoch 82/1000: 100% 1000/1000 [00:13<00:00, 72.90it/s, loss=38.0177]
Epoch 83/1000: 100% 1000/1000 [00:13<00:00, 73.00it/s, loss=36.9792]
Epoch 84/1000: 100% 1000/1000 [00:13<00:00, 72.97it/s, loss=35.7456]
Epoch 85/1000: 100% 1000/1000 [00:14<00:00, 70.93it/s, loss=38.1112]
Epoch 86/1000: 100% 1000/1000 [00:13<00:00, 73.12it/s, loss=31.5689]
Epoch 87/1000: 100% 1000/1000 [00:13<00:00, 73.05it/s, loss=33.8297]
Epoch 88/1000: 100% 1000/1000 [00:13<00:00, 72.75it/s, loss=37.3758]
Epoch 89/1000: 100% 1000/1000 [00:13<00:00, 73.16it/s, loss=36.0924]
Epoch 90/1000: 100% 1000/1000 [00:13<00:00, 72.75it/s, loss=36.3521]
2025-11-07 13:18:05,766 [INFO] Epoch 90/1000 | Time: 14.42s | Loss: 36.3521 | Eval Return: -200.00
Epoch 91/1000: 100% 1000/1000 [00:14<00:00, 70.19it/s, loss=35.6473]
Epoch 92/1000: 100% 1000/1000 [00:13<00:00, 71.59it/s, loss=34.9167]
Epoch 93/1000: 100% 1000/1000 [00:13<00:00, 73.25it/s, loss=35.1004]
Epoch 94/1000: 100% 1000/1000 [00:13<00:00, 73.14it/s, loss=35.6436]
Epoch 95/1000: 100% 1000/1000 [00:13<00:00, 73.22it/s, loss=36.2530]
Epoch 96/1000: 100% 1000/1000 [00:13<00:00, 73.18it/s, loss=35.2497]
Epoch 97/1000: 100% 1000/1000 [00:13<00:00, 73.10it/s, loss=36.5213]
Epoch 98/1000: 100% 1000/1000 [00:14<00:00, 70.89it/s, loss=34.5766]
Epoch 99/1000: 100% 1000/1000 [00:13<00:00, 73.37it/s, loss=36.4984]
Epoch 100/1000: 100% 1000/1000 [00:13<00:00, 73.42it/s, loss=35.4072]
2025-11-07 13:20:24,375 [INFO] Epoch 100/1000 | Time: 14.30s | Loss: 35.4072 | Eval Return: -200.00
Epoch 101/1000: 100% 1000/1000 [00:13<00:00, 72.86it/s, loss=38.8224]
Epoch 102/1000: 100% 1000/1000 [00:13<00:00, 72.72it/s, loss=34.8991]
Epoch 103/1000: 100% 1000/1000 [00:13<00:00, 73.68it/s, loss=40.5756]
Epoch 104/1000: 100% 1000/1000 [00:14<00:00, 71.32it/s, loss=36.3917]
Epoch 105/1000: 100% 1000/1000 [00:13<00:00, 71.78it/s, loss=34.6105]
Epoch 106/1000: 100% 1000/1000 [00:13<00:00, 72.99it/s, loss=36.2431]
Epoch 107/1000: 100% 1000/1000 [00:13<00:00, 73.27it/s, loss=36.2895]
Epoch 108/1000: 100% 1000/1000 [00:13<00:00, 73.24it/s, loss=39.5366]
Epoch 109/1000: 100% 1000/1000 [00:13<00:00, 73.23it/s, loss=34.5994]
Epoch 110/1000: 100% 1000/1000 [00:13<00:00, 73.13it/s, loss=37.1698]
2025-11-07 13:22:42,555 [INFO] Epoch 110/1000 | Time: 14.49s | Loss: 37.1698 | Eval Return: -200.00
Epoch 111/1000: 100% 1000/1000 [00:14<00:00, 71.30it/s, loss=37.0416]
Epoch 112/1000: 100% 1000/1000 [00:13<00:00, 73.07it/s, loss=36.5965]
Epoch 113/1000: 100% 1000/1000 [00:13<00:00, 73.05it/s, loss=36.1221]
Epoch 114/1000: 100% 1000/1000 [00:13<00:00, 72.25it/s, loss=37.7911]
Epoch 115/1000: 100% 1000/1000 [00:13<00:00, 73.09it/s, loss=38.1822]
Epoch 116/1000: 100% 1000/1000 [00:13<00:00, 73.06it/s, loss=35.7360]
Epoch 117/1000: 100% 1000/1000 [00:13<00:00, 71.69it/s, loss=38.8465]
Epoch 118/1000: 100% 1000/1000 [00:13<00:00, 71.59it/s, loss=37.0909]
Epoch 119/1000: 100% 1000/1000 [00:13<00:00, 73.13it/s, loss=38.2479]
Epoch 120/1000: 100% 1000/1000 [00:13<00:00, 72.99it/s, loss=36.4351]
2025-11-07 13:25:01,183 [INFO] Epoch 120/1000 | Time: 14.40s | Loss: 36.4351 | Eval Return: -200.00
Epoch 121/1000: 100% 1000/1000 [00:13<00:00, 73.31it/s, loss=36.6624]
Epoch 122/1000: 100% 1000/1000 [00:13<00:00, 73.59it/s, loss=36.6890]
Epoch 123/1000: 100% 1000/1000 [00:13<00:00, 72.48it/s, loss=36.6109]
Epoch 124/1000: 100% 1000/1000 [00:14<00:00, 71.01it/s, loss=34.1593]
Epoch 125/1000: 100% 1000/1000 [00:13<00:00, 72.83it/s, loss=37.3509]
Epoch 126/1000: 100% 1000/1000 [00:13<00:00, 73.13it/s, loss=37.1586]
Epoch 127/1000: 100% 1000/1000 [00:13<00:00, 73.10it/s, loss=34.0067]
Epoch 128/1000: 100% 1000/1000 [00:13<00:00, 73.33it/s, loss=34.7991]
Epoch 129/1000: 100% 1000/1000 [00:13<00:00, 73.20it/s, loss=36.0346]
Epoch 130/1000: 100% 1000/1000 [00:13<00:00, 72.65it/s, loss=37.7866]
2025-11-07 13:27:19,323 [INFO] Epoch 130/1000 | Time: 14.62s | Loss: 37.7866 | Eval Return: -200.00
Epoch 131/1000: 100% 1000/1000 [00:13<00:00, 71.91it/s, loss=35.3430]
Epoch 132/1000: 100% 1000/1000 [00:13<00:00, 73.63it/s, loss=35.8539]
Epoch 133/1000: 100% 1000/1000 [00:13<00:00, 73.16it/s, loss=33.6602]
Epoch 134/1000: 100% 1000/1000 [00:13<00:00, 73.08it/s, loss=37.3063]
Epoch 135/1000: 100% 1000/1000 [00:13<00:00, 73.54it/s, loss=38.8423]
Epoch 136/1000: 100% 1000/1000 [00:13<00:00, 72.52it/s, loss=38.4362]
Epoch 137/1000: 100% 1000/1000 [00:14<00:00, 70.67it/s, loss=36.5166]
Epoch 138/1000: 100% 1000/1000 [00:13<00:00, 72.77it/s, loss=37.9654]
Epoch 139/1000: 100% 1000/1000 [00:13<00:00, 73.10it/s, loss=34.5425]
Epoch 140/1000: 100% 1000/1000 [00:13<00:00, 73.30it/s, loss=36.8690]
2025-11-07 13:29:37,471 [INFO] Epoch 140/1000 | Time: 14.32s | Loss: 36.8690 | Eval Return: -200.00
Epoch 141/1000: 100% 1000/1000 [00:13<00:00, 73.23it/s, loss=34.3367]
Epoch 142/1000: 100% 1000/1000 [00:13<00:00, 73.22it/s, loss=36.9195]
Epoch 143/1000: 100% 1000/1000 [00:13<00:00, 72.97it/s, loss=37.0627]
Epoch 144/1000: 100% 1000/1000 [00:14<00:00, 70.97it/s, loss=34.7583]
Epoch 145/1000: 100% 1000/1000 [00:13<00:00, 73.31it/s, loss=34.3814]
Epoch 146/1000: 100% 1000/1000 [00:13<00:00, 73.37it/s, loss=39.7347]
Epoch 147/1000: 100% 1000/1000 [00:13<00:00, 73.09it/s, loss=35.3166]
Epoch 148/1000: 100% 1000/1000 [00:13<00:00, 73.65it/s, loss=35.4212]
Epoch 149/1000: 100% 1000/1000 [00:13<00:00, 72.28it/s, loss=39.8037]
Epoch 150/1000: 100% 1000/1000 [00:13<00:00, 72.24it/s, loss=34.2709]
2025-11-07 13:31:55,716 [INFO] Epoch 150/1000 | Time: 14.75s | Loss: 34.2709 | Eval Return: -200.00
Epoch 151/1000: 100% 1000/1000 [00:13<00:00, 71.49it/s, loss=37.3048]
Epoch 152/1000: 100% 1000/1000 [00:13<00:00, 73.16it/s, loss=34.0665]
Epoch 153/1000: 100% 1000/1000 [00:13<00:00, 73.17it/s, loss=34.9886]
Epoch 154/1000: 100% 1000/1000 [00:13<00:00, 73.40it/s, loss=36.1010]
Epoch 155/1000: 100% 1000/1000 [00:13<00:00, 72.32it/s, loss=36.2146]
Epoch 156/1000: 100% 1000/1000 [00:13<00:00, 72.77it/s, loss=36.3616]
Epoch 157/1000: 100% 1000/1000 [00:14<00:00, 70.04it/s, loss=39.8478]
Epoch 158/1000: 100% 1000/1000 [00:13<00:00, 72.29it/s, loss=38.3336]
Epoch 159/1000: 100% 1000/1000 [00:14<00:00, 67.93it/s, loss=39.4719]
Epoch 160/1000: 100% 1000/1000 [00:14<00:00, 68.80it/s, loss=33.6758]
2025-11-07 13:34:16,302 [INFO] Epoch 160/1000 | Time: 15.20s | Loss: 33.6758 | Eval Return: -200.00
Epoch 161/1000: 100% 1000/1000 [00:13<00:00, 72.61it/s, loss=34.7316]
Epoch 162/1000: 100% 1000/1000 [00:14<00:00, 71.33it/s, loss=37.3798]
Epoch 163/1000: 100% 1000/1000 [00:13<00:00, 72.32it/s, loss=38.2055]
Epoch 164/1000: 100% 1000/1000 [00:13<00:00, 73.67it/s, loss=38.5753]
Epoch 165/1000: 100% 1000/1000 [00:13<00:00, 73.36it/s, loss=36.4049]
Epoch 166/1000: 100% 1000/1000 [00:13<00:00, 72.77it/s, loss=34.1186]
Epoch 167/1000: 100% 1000/1000 [00:13<00:00, 72.91it/s, loss=33.3012]
Epoch 168/1000: 100% 1000/1000 [00:13<00:00, 72.55it/s, loss=37.3793]
Epoch 169/1000: 100% 1000/1000 [00:14<00:00, 70.94it/s, loss=35.6978]
Epoch 170/1000: 100% 1000/1000 [00:13<00:00, 72.60it/s, loss=35.3018]
2025-11-07 13:36:34,926 [INFO] Epoch 170/1000 | Time: 14.44s | Loss: 35.3018 | Eval Return: -200.00
Epoch 171/1000: 100% 1000/1000 [00:13<00:00, 73.52it/s, loss=38.0008]
Epoch 172/1000: 100% 1000/1000 [00:13<00:00, 73.23it/s, loss=36.6858]
Epoch 173/1000: 100% 1000/1000 [00:13<00:00, 72.59it/s, loss=35.1437]
Epoch 174/1000: 100% 1000/1000 [00:13<00:00, 72.90it/s, loss=37.5419]
Epoch 175/1000: 100% 1000/1000 [00:13<00:00, 71.52it/s, loss=35.6950]
Epoch 176/1000: 100% 1000/1000 [00:14<00:00, 71.16it/s, loss=37.1800]
Epoch 177/1000: 100% 1000/1000 [00:13<00:00, 72.52it/s, loss=33.1246]
Epoch 178/1000: 100% 1000/1000 [00:13<00:00, 73.32it/s, loss=37.6174]
Epoch 179/1000: 100% 1000/1000 [00:13<00:00, 73.48it/s, loss=36.2358]
Epoch 180/1000: 100% 1000/1000 [00:13<00:00, 73.59it/s, loss=36.3550]
2025-11-07 13:38:53,029 [INFO] Epoch 180/1000 | Time: 14.26s | Loss: 36.3550 | Eval Return: -200.00
Epoch 181/1000: 100% 1000/1000 [00:13<00:00, 72.71it/s, loss=35.6746]
Epoch 182/1000: 100% 1000/1000 [00:14<00:00, 69.92it/s, loss=39.1865]
Epoch 183/1000: 100% 1000/1000 [00:13<00:00, 73.27it/s, loss=35.9372]
Epoch 184/1000: 100% 1000/1000 [00:13<00:00, 73.29it/s, loss=38.2025]
Epoch 185/1000: 100% 1000/1000 [00:13<00:00, 73.50it/s, loss=36.6076]
Epoch 186/1000: 100% 1000/1000 [00:13<00:00, 73.15it/s, loss=39.2222]
Epoch 187/1000: 100% 1000/1000 [00:13<00:00, 73.19it/s, loss=38.4840]
Epoch 188/1000: 100% 1000/1000 [00:13<00:00, 73.17it/s, loss=36.4530]
Epoch 189/1000: 100% 1000/1000 [00:14<00:00, 70.41it/s, loss=36.5138]
Epoch 190/1000: 100% 1000/1000 [00:13<00:00, 73.34it/s, loss=39.0566]
2025-11-07 13:41:11,512 [INFO] Epoch 190/1000 | Time: 14.30s | Loss: 39.0566 | Eval Return: -200.00
Epoch 191/1000: 100% 1000/1000 [00:13<00:00, 73.26it/s, loss=36.8329]
Epoch 192/1000: 100% 1000/1000 [00:13<00:00, 73.04it/s, loss=34.9421]
Epoch 193/1000: 100% 1000/1000 [00:13<00:00, 73.21it/s, loss=37.0733]
Epoch 194/1000: 100% 1000/1000 [00:13<00:00, 73.14it/s, loss=33.3806]
Epoch 195/1000: 100% 1000/1000 [00:13<00:00, 71.63it/s, loss=36.6146]
Epoch 196/1000: 100% 1000/1000 [00:13<00:00, 72.04it/s, loss=34.0991]
Epoch 197/1000: 100% 1000/1000 [00:13<00:00, 73.33it/s, loss=35.3155]
Epoch 198/1000: 100% 1000/1000 [00:13<00:00, 73.42it/s, loss=36.1810]
Epoch 199/1000: 100% 1000/1000 [00:13<00:00, 73.32it/s, loss=35.6442]
Epoch 200/1000: 100% 1000/1000 [00:13<00:00, 73.42it/s, loss=38.7393]
2025-11-07 13:43:29,234 [INFO] Epoch 200/1000 | Time: 14.29s | Loss: 38.7393 | Eval Return: -200.00
Epoch 201/1000: 100% 1000/1000 [00:13<00:00, 72.45it/s, loss=35.1407]
Epoch 202/1000: 100% 1000/1000 [00:14<00:00, 70.40it/s, loss=35.5134]
Epoch 203/1000: 100% 1000/1000 [00:13<00:00, 72.16it/s, loss=36.8678]
Epoch 204/1000: 100% 1000/1000 [00:13<00:00, 72.38it/s, loss=37.9403]
Epoch 205/1000: 100% 1000/1000 [00:13<00:00, 73.37it/s, loss=38.9470]
Epoch 206/1000: 100% 1000/1000 [00:13<00:00, 73.56it/s, loss=36.2110]
Epoch 207/1000: 100% 1000/1000 [00:13<00:00, 73.51it/s, loss=34.9174]
Epoch 208/1000: 100% 1000/1000 [00:13<00:00, 72.29it/s, loss=37.7360]
Epoch 209/1000: 100% 1000/1000 [00:14<00:00, 70.96it/s, loss=34.1779]
Epoch 210/1000: 100% 1000/1000 [00:13<00:00, 73.46it/s, loss=35.9201]
2025-11-07 13:45:48,001 [INFO] Epoch 210/1000 | Time: 14.30s | Loss: 35.9201 | Eval Return: -200.00
Epoch 211/1000: 100% 1000/1000 [00:13<00:00, 73.65it/s, loss=37.0186]
Epoch 212/1000: 100% 1000/1000 [00:13<00:00, 73.34it/s, loss=36.0536]
Epoch 213/1000: 100% 1000/1000 [00:13<00:00, 73.35it/s, loss=35.7652]
Epoch 214/1000: 100% 1000/1000 [00:13<00:00, 73.09it/s, loss=34.7802]
Epoch 215/1000: 100% 1000/1000 [00:13<00:00, 71.48it/s, loss=37.0655]
Epoch 216/1000: 100% 1000/1000 [00:13<00:00, 72.84it/s, loss=36.7463]
Epoch 217/1000: 100% 1000/1000 [00:13<00:00, 72.83it/s, loss=35.4101]
Epoch 218/1000: 100% 1000/1000 [00:13<00:00, 72.74it/s, loss=36.8523]
Epoch 219/1000: 100% 1000/1000 [00:13<00:00, 72.58it/s, loss=37.8386]
Epoch 220/1000: 100% 1000/1000 [00:13<00:00, 73.39it/s, loss=36.1961]
2025-11-07 13:48:05,834 [INFO] Epoch 220/1000 | Time: 14.30s | Loss: 36.1961 | Eval Return: -200.00
Epoch 221/1000: 100% 1000/1000 [00:13<00:00, 72.50it/s, loss=33.3759]
Epoch 222/1000: 100% 1000/1000 [00:13<00:00, 72.09it/s, loss=37.3071]
Epoch 223/1000: 100% 1000/1000 [00:13<00:00, 73.19it/s, loss=33.3660]
Epoch 224/1000: 100% 1000/1000 [00:13<00:00, 72.96it/s, loss=32.8259]
Epoch 225/1000: 100% 1000/1000 [00:13<00:00, 73.17it/s, loss=36.7848]
Epoch 226/1000: 100% 1000/1000 [00:13<00:00, 72.56it/s, loss=35.5450]
Epoch 227/1000: 100% 1000/1000 [00:13<00:00, 72.00it/s, loss=36.6078]
Epoch 228/1000: 100% 1000/1000 [00:14<00:00, 71.38it/s, loss=35.4161]
Epoch 229/1000: 100% 1000/1000 [00:13<00:00, 71.64it/s, loss=36.9915]
Epoch 230/1000: 100% 1000/1000 [00:13<00:00, 73.31it/s, loss=37.3547]
2025-11-07 13:50:24,512 [INFO] Epoch 230/1000 | Time: 14.31s | Loss: 37.3547 | Eval Return: -200.00
Epoch 231/1000: 100% 1000/1000 [00:13<00:00, 73.37it/s, loss=38.8883]
Epoch 232/1000: 100% 1000/1000 [00:13<00:00, 73.82it/s, loss=38.0292]
Epoch 233/1000: 100% 1000/1000 [00:13<00:00, 72.90it/s, loss=35.9664]
Epoch 234/1000: 100% 1000/1000 [00:13<00:00, 72.39it/s, loss=36.7125]
Epoch 235/1000: 100% 1000/1000 [00:14<00:00, 70.02it/s, loss=31.9649]
Epoch 236/1000: 100% 1000/1000 [00:13<00:00, 72.66it/s, loss=38.7251]
Epoch 237/1000: 100% 1000/1000 [00:13<00:00, 73.48it/s, loss=35.3025]
Epoch 238/1000: 100% 1000/1000 [00:13<00:00, 73.44it/s, loss=34.5079]
Epoch 239/1000: 100% 1000/1000 [00:13<00:00, 73.15it/s, loss=37.8291]
Epoch 240/1000: 100% 1000/1000 [00:13<00:00, 73.09it/s, loss=32.9133]
2025-11-07 13:52:42,522 [INFO] Epoch 240/1000 | Time: 14.33s | Loss: 32.9133 | Eval Return: -200.00
Epoch 241/1000: 100% 1000/1000 [00:14<00:00, 71.31it/s, loss=38.4500]
Epoch 242/1000: 100% 1000/1000 [00:13<00:00, 71.62it/s, loss=36.6353]
Epoch 243/1000: 100% 1000/1000 [00:13<00:00, 73.86it/s, loss=37.2885]
Epoch 244/1000: 100% 1000/1000 [00:13<00:00, 73.19it/s, loss=36.7945]
Epoch 245/1000: 100% 1000/1000 [00:13<00:00, 73.39it/s, loss=37.5070]
Epoch 246/1000: 100% 1000/1000 [00:13<00:00, 73.54it/s, loss=37.4328]
Epoch 247/1000: 100% 1000/1000 [00:13<00:00, 73.43it/s, loss=37.0999]
Epoch 248/1000: 100% 1000/1000 [00:13<00:00, 72.65it/s, loss=35.0994]
Epoch 249/1000: 100% 1000/1000 [00:14<00:00, 70.30it/s, loss=37.2179]
Epoch 250/1000: 100% 1000/1000 [00:13<00:00, 73.35it/s, loss=33.4509]
2025-11-07 13:55:00,883 [INFO] Epoch 250/1000 | Time: 14.31s | Loss: 33.4509 | Eval Return: -200.00
Epoch 251/1000: 100% 1000/1000 [00:13<00:00, 73.23it/s, loss=34.9886]
Epoch 252/1000: 100% 1000/1000 [00:13<00:00, 73.60it/s, loss=37.2759]
Epoch 253/1000: 100% 1000/1000 [00:13<00:00, 73.14it/s, loss=37.4847]
Epoch 254/1000: 100% 1000/1000 [00:13<00:00, 73.29it/s, loss=36.5725]
Epoch 255/1000: 100% 1000/1000 [00:13<00:00, 71.97it/s, loss=34.6030]
Epoch 256/1000: 100% 1000/1000 [00:13<00:00, 72.40it/s, loss=38.1326]
Epoch 257/1000: 100% 1000/1000 [00:13<00:00, 73.34it/s, loss=35.9416]
Epoch 258/1000: 100% 1000/1000 [00:13<00:00, 73.37it/s, loss=36.1510]
Epoch 259/1000: 100% 1000/1000 [00:13<00:00, 73.67it/s, loss=34.3762]
Epoch 260/1000: 100% 1000/1000 [00:13<00:00, 72.98it/s, loss=38.3952]
2025-11-07 13:57:18,395 [INFO] Epoch 260/1000 | Time: 14.37s | Loss: 38.3952 | Eval Return: -200.00
Epoch 261/1000: 100% 1000/1000 [00:13<00:00, 73.52it/s, loss=36.2051]
Epoch 262/1000: 100% 1000/1000 [00:13<00:00, 71.53it/s, loss=37.2377]
Epoch 263/1000: 100% 1000/1000 [00:13<00:00, 72.88it/s, loss=35.3850]
Epoch 264/1000: 100% 1000/1000 [00:13<00:00, 73.09it/s, loss=38.4719]
Epoch 265/1000: 100% 1000/1000 [00:13<00:00, 73.16it/s, loss=36.7499]
Epoch 266/1000: 100% 1000/1000 [00:13<00:00, 73.22it/s, loss=38.4366]
Epoch 267/1000: 100% 1000/1000 [00:13<00:00, 73.51it/s, loss=34.7491]
Epoch 268/1000: 100% 1000/1000 [00:13<00:00, 73.58it/s, loss=38.4999]
Epoch 269/1000: 100% 1000/1000 [00:13<00:00, 72.14it/s, loss=36.7705]
Epoch 270/1000: 100% 1000/1000 [00:13<00:00, 71.98it/s, loss=36.0856]
2025-11-07 13:59:36,331 [INFO] Epoch 270/1000 | Time: 14.54s | Loss: 36.0856 | Eval Return: -200.00
Epoch 271/1000: 100% 1000/1000 [00:13<00:00, 72.39it/s, loss=36.0889]
Epoch 272/1000: 100% 1000/1000 [00:13<00:00, 72.43it/s, loss=35.5631]
Epoch 273/1000: 100% 1000/1000 [00:14<00:00, 70.90it/s, loss=35.2842]
Epoch 274/1000: 100% 1000/1000 [00:13<00:00, 72.89it/s, loss=34.1737]
Epoch 275/1000: 100% 1000/1000 [00:13<00:00, 71.45it/s, loss=39.2240]
Epoch 276/1000: 100% 1000/1000 [00:14<00:00, 70.96it/s, loss=35.6955]
Epoch 277/1000: 100% 1000/1000 [00:13<00:00, 72.85it/s, loss=37.5096]
Epoch 278/1000: 100% 1000/1000 [00:13<00:00, 74.09it/s, loss=32.7130]
Epoch 279/1000: 100% 1000/1000 [00:13<00:00, 72.77it/s, loss=35.8798]
Epoch 280/1000: 100% 1000/1000 [00:13<00:00, 73.10it/s, loss=36.9260]
2025-11-07 14:01:55,204 [INFO] Epoch 280/1000 | Time: 14.34s | Loss: 36.9260 | Eval Return: -200.00
Epoch 281/1000: 100% 1000/1000 [00:13<00:00, 73.08it/s, loss=36.2950]
Epoch 282/1000: 100% 1000/1000 [00:14<00:00, 71.36it/s, loss=34.8080]
Epoch 283/1000: 100% 1000/1000 [00:13<00:00, 71.81it/s, loss=37.3483]
Epoch 284/1000: 100% 1000/1000 [00:13<00:00, 72.63it/s, loss=35.1459]
Epoch 285/1000: 100% 1000/1000 [00:13<00:00, 73.46it/s, loss=34.8219]
Epoch 286/1000: 100% 1000/1000 [00:13<00:00, 73.16it/s, loss=33.7050]
Epoch 287/1000: 100% 1000/1000 [00:13<00:00, 73.34it/s, loss=33.4906]
Epoch 288/1000: 100% 1000/1000 [00:13<00:00, 73.34it/s, loss=36.7876]
Epoch 289/1000: 100% 1000/1000 [00:13<00:00, 71.86it/s, loss=33.0434]
Epoch 290/1000: 100% 1000/1000 [00:13<00:00, 72.10it/s, loss=32.9121]
2025-11-07 14:04:13,640 [INFO] Epoch 290/1000 | Time: 14.55s | Loss: 32.9121 | Eval Return: -200.00
Epoch 291/1000: 100% 1000/1000 [00:13<00:00, 73.54it/s, loss=34.5680]
Epoch 292/1000: 100% 1000/1000 [00:13<00:00, 73.83it/s, loss=36.3806]
Epoch 293/1000: 100% 1000/1000 [00:13<00:00, 73.07it/s, loss=35.6251]
Epoch 294/1000: 100% 1000/1000 [00:13<00:00, 72.71it/s, loss=34.0029]
Epoch 295/1000: 100% 1000/1000 [00:13<00:00, 72.57it/s, loss=33.7852]
Epoch 296/1000: 100% 1000/1000 [00:14<00:00, 70.99it/s, loss=36.8734]
Epoch 297/1000: 100% 1000/1000 [00:13<00:00, 72.71it/s, loss=37.2981]
Epoch 298/1000: 100% 1000/1000 [00:13<00:00, 72.73it/s, loss=37.1503]
Epoch 299/1000: 100% 1000/1000 [00:13<00:00, 73.23it/s, loss=32.7998]
Epoch 300/1000: 100% 1000/1000 [00:13<00:00, 73.64it/s, loss=37.8572]
2025-11-07 14:06:31,533 [INFO] Epoch 300/1000 | Time: 14.26s | Loss: 37.8572 | Eval Return: -200.00
Epoch 301/1000: 100% 1000/1000 [00:13<00:00, 73.63it/s, loss=36.8380]
Epoch 302/1000: 100% 1000/1000 [00:13<00:00, 72.70it/s, loss=37.8376]
Epoch 303/1000: 100% 1000/1000 [00:14<00:00, 71.04it/s, loss=36.1783]
Epoch 304/1000: 100% 1000/1000 [00:13<00:00, 72.92it/s, loss=36.7102]
Epoch 305/1000: 100% 1000/1000 [00:13<00:00, 73.08it/s, loss=35.9424]
Epoch 306/1000: 100% 1000/1000 [00:13<00:00, 73.24it/s, loss=35.4417]
Epoch 307/1000: 100% 1000/1000 [00:13<00:00, 73.50it/s, loss=36.5479]
Epoch 308/1000: 100% 1000/1000 [00:13<00:00, 72.45it/s, loss=38.3053]
Epoch 309/1000: 100% 1000/1000 [00:13<00:00, 72.10it/s, loss=37.7138]
Epoch 310/1000: 100% 1000/1000 [00:13<00:00, 72.40it/s, loss=35.9493]
2025-11-07 14:08:49,805 [INFO] Epoch 310/1000 | Time: 14.49s | Loss: 35.9493 | Eval Return: -200.00
Epoch 311/1000: 100% 1000/1000 [00:13<00:00, 72.69it/s, loss=33.2779]
Epoch 312/1000: 100% 1000/1000 [00:13<00:00, 72.41it/s, loss=34.2209]
Epoch 313/1000: 100% 1000/1000 [00:13<00:00, 73.34it/s, loss=37.7173]
Epoch 314/1000: 100% 1000/1000 [00:13<00:00, 73.38it/s, loss=36.2164]
Epoch 315/1000: 100% 1000/1000 [00:13<00:00, 73.87it/s, loss=35.6261]
Epoch 316/1000: 100% 1000/1000 [00:14<00:00, 69.83it/s, loss=33.8495]
Epoch 317/1000: 100% 1000/1000 [00:13<00:00, 73.18it/s, loss=38.8663]
Epoch 318/1000: 100% 1000/1000 [00:13<00:00, 73.17it/s, loss=36.3691]
Epoch 319/1000: 100% 1000/1000 [00:13<00:00, 73.54it/s, loss=36.8257]
Epoch 320/1000: 100% 1000/1000 [00:13<00:00, 72.89it/s, loss=35.2675]
2025-11-07 14:11:07,846 [INFO] Epoch 320/1000 | Time: 14.40s | Loss: 35.2675 | Eval Return: -200.00
Epoch 321/1000: 100% 1000/1000 [00:13<00:00, 72.52it/s, loss=36.7897]
Epoch 322/1000: 100% 1000/1000 [00:13<00:00, 71.86it/s, loss=38.0450]
Epoch 323/1000: 100% 1000/1000 [00:13<00:00, 72.03it/s, loss=36.7264]
Epoch 324/1000: 100% 1000/1000 [00:13<00:00, 73.73it/s, loss=35.6699]
Epoch 325/1000: 100% 1000/1000 [00:13<00:00, 73.04it/s, loss=36.8285]
Epoch 326/1000: 100% 1000/1000 [00:13<00:00, 73.52it/s, loss=39.7483]
Epoch 327/1000: 100% 1000/1000 [00:13<00:00, 73.30it/s, loss=31.5645]
Epoch 328/1000: 100% 1000/1000 [00:13<00:00, 73.61it/s, loss=34.5249]
Epoch 329/1000: 100% 1000/1000 [00:14<00:00, 71.07it/s, loss=35.9255]
Epoch 330/1000: 100% 1000/1000 [00:14<00:00, 71.32it/s, loss=36.6473]
2025-11-07 14:13:26,323 [INFO] Epoch 330/1000 | Time: 14.70s | Loss: 36.6473 | Eval Return: -200.00
Epoch 331/1000: 100% 1000/1000 [00:13<00:00, 73.81it/s, loss=36.9569]
Epoch 332/1000: 100% 1000/1000 [00:13<00:00, 73.39it/s, loss=36.2869]
Epoch 333/1000: 100% 1000/1000 [00:13<00:00, 72.66it/s, loss=36.6678]
Epoch 334/1000: 100% 1000/1000 [00:13<00:00, 73.00it/s, loss=35.8019]
Epoch 335/1000: 100% 1000/1000 [00:13<00:00, 73.75it/s, loss=36.0167]
Epoch 336/1000: 100% 1000/1000 [00:14<00:00, 71.21it/s, loss=37.1153]
Epoch 337/1000: 100% 1000/1000 [00:13<00:00, 73.54it/s, loss=34.0517]
Epoch 338/1000: 100% 1000/1000 [00:13<00:00, 73.03it/s, loss=37.5298]
Epoch 339/1000: 100% 1000/1000 [00:13<00:00, 72.94it/s, loss=35.9837]
Epoch 340/1000: 100% 1000/1000 [00:13<00:00, 73.78it/s, loss=35.6259]
2025-11-07 14:15:43,838 [INFO] Epoch 340/1000 | Time: 14.24s | Loss: 35.6259 | Eval Return: -200.00
Epoch 341/1000: 100% 1000/1000 [00:13<00:00, 73.26it/s, loss=38.2675]
Epoch 342/1000: 100% 1000/1000 [00:13<00:00, 72.18it/s, loss=35.8816]
Epoch 343/1000: 100% 1000/1000 [00:14<00:00, 70.60it/s, loss=36.5271]
Epoch 344/1000: 100% 1000/1000 [00:13<00:00, 73.39it/s, loss=35.6511]
Epoch 345/1000: 100% 1000/1000 [00:13<00:00, 73.47it/s, loss=36.8539]
Epoch 346/1000: 100% 1000/1000 [00:13<00:00, 73.78it/s, loss=34.8174]
Epoch 347/1000: 100% 1000/1000 [00:13<00:00, 73.46it/s, loss=36.4427]
Epoch 348/1000: 100% 1000/1000 [00:13<00:00, 73.30it/s, loss=34.7863]
Epoch 349/1000: 100% 1000/1000 [00:13<00:00, 72.21it/s, loss=36.5165]
Epoch 350/1000: 100% 1000/1000 [00:14<00:00, 71.38it/s, loss=36.8622]
2025-11-07 14:18:02,113 [INFO] Epoch 350/1000 | Time: 14.68s | Loss: 36.8622 | Eval Return: -200.00
Epoch 351/1000: 100% 1000/1000 [00:13<00:00, 73.29it/s, loss=32.5151]
Epoch 352/1000: 100% 1000/1000 [00:13<00:00, 73.66it/s, loss=37.0804]
Epoch 353/1000: 100% 1000/1000 [00:13<00:00, 73.30it/s, loss=33.2376]
Epoch 354/1000: 100% 1000/1000 [00:13<00:00, 73.66it/s, loss=36.4074]
Epoch 355/1000: 100% 1000/1000 [00:13<00:00, 73.41it/s, loss=35.3519]
Epoch 356/1000: 100% 1000/1000 [00:13<00:00, 72.59it/s, loss=35.0760]
Epoch 357/1000: 100% 1000/1000 [00:13<00:00, 71.70it/s, loss=37.0787]
Epoch 358/1000: 100% 1000/1000 [00:13<00:00, 73.07it/s, loss=34.1326]
Epoch 359/1000: 100% 1000/1000 [00:13<00:00, 73.30it/s, loss=39.7387]
Epoch 360/1000: 100% 1000/1000 [00:13<00:00, 73.48it/s, loss=36.6228]
2025-11-07 14:20:19,550 [INFO] Epoch 360/1000 | Time: 14.29s | Loss: 36.6228 | Eval Return: -200.00
Epoch 361/1000: 100% 1000/1000 [00:13<00:00, 72.68it/s, loss=35.1278]
Epoch 362/1000: 100% 1000/1000 [00:13<00:00, 73.21it/s, loss=38.0616]
Epoch 363/1000: 100% 1000/1000 [00:13<00:00, 72.59it/s, loss=33.9734]
Epoch 364/1000: 100% 1000/1000 [00:13<00:00, 71.68it/s, loss=36.8428]
Epoch 365/1000: 100% 1000/1000 [00:13<00:00, 73.16it/s, loss=34.6595]
Epoch 366/1000: 100% 1000/1000 [00:13<00:00, 73.99it/s, loss=38.3749]
Epoch 367/1000: 100% 1000/1000 [00:13<00:00, 73.58it/s, loss=35.9670]
Epoch 368/1000: 100% 1000/1000 [00:13<00:00, 73.52it/s, loss=34.2493]
Epoch 369/1000: 100% 1000/1000 [00:13<00:00, 73.56it/s, loss=37.1086]
Epoch 370/1000: 100% 1000/1000 [00:13<00:00, 72.64it/s, loss=36.5586]
2025-11-07 14:22:37,351 [INFO] Epoch 370/1000 | Time: 14.65s | Loss: 36.5586 | Eval Return: -200.00
Epoch 371/1000: 100% 1000/1000 [00:13<00:00, 72.10it/s, loss=37.0757]
Epoch 372/1000: 100% 1000/1000 [00:13<00:00, 73.86it/s, loss=38.3221]
Epoch 373/1000: 100% 1000/1000 [00:13<00:00, 73.45it/s, loss=34.7139]
Epoch 374/1000: 100% 1000/1000 [00:13<00:00, 73.70it/s, loss=37.7736]
Epoch 375/1000: 100% 1000/1000 [00:13<00:00, 73.60it/s, loss=37.2134]
Epoch 376/1000: 100% 1000/1000 [00:13<00:00, 73.67it/s, loss=35.5965]
Epoch 377/1000: 100% 1000/1000 [00:13<00:00, 72.03it/s, loss=37.8957]
Epoch 378/1000: 100% 1000/1000 [00:13<00:00, 71.49it/s, loss=33.4751]
Epoch 379/1000: 100% 1000/1000 [00:13<00:00, 72.71it/s, loss=37.3506]
Epoch 380/1000: 100% 1000/1000 [00:13<00:00, 72.86it/s, loss=39.0088]
2025-11-07 14:24:55,159 [INFO] Epoch 380/1000 | Time: 14.40s | Loss: 39.0088 | Eval Return: -200.00
Epoch 381/1000: 100% 1000/1000 [00:13<00:00, 73.53it/s, loss=36.7234]
Epoch 382/1000: 100% 1000/1000 [00:13<00:00, 73.85it/s, loss=33.6595]
Epoch 383/1000: 100% 1000/1000 [00:13<00:00, 73.05it/s, loss=32.0449]
Epoch 384/1000: 100% 1000/1000 [00:14<00:00, 69.82it/s, loss=37.9033]
Epoch 385/1000: 100% 1000/1000 [00:13<00:00, 72.71it/s, loss=35.9014]
Epoch 386/1000: 100% 1000/1000 [00:13<00:00, 72.25it/s, loss=35.2691]
Epoch 387/1000: 100% 1000/1000 [00:13<00:00, 73.22it/s, loss=37.2587]
Epoch 388/1000: 100% 1000/1000 [00:13<00:00, 73.72it/s, loss=33.9020]
Epoch 389/1000: 100% 1000/1000 [00:13<00:00, 73.48it/s, loss=34.5168]
Epoch 390/1000: 100% 1000/1000 [00:13<00:00, 73.39it/s, loss=38.0030]
2025-11-07 14:27:13,221 [INFO] Epoch 390/1000 | Time: 14.45s | Loss: 38.0030 | Eval Return: -200.00
Epoch 391/1000: 100% 1000/1000 [00:14<00:00, 70.79it/s, loss=33.1210]
Epoch 392/1000: 100% 1000/1000 [00:13<00:00, 73.51it/s, loss=36.0060]
Epoch 393/1000: 100% 1000/1000 [00:13<00:00, 72.43it/s, loss=36.1471]
Epoch 394/1000: 100% 1000/1000 [00:13<00:00, 72.87it/s, loss=34.6203]
Epoch 395/1000: 100% 1000/1000 [00:13<00:00, 73.89it/s, loss=37.6594]
Epoch 396/1000: 100% 1000/1000 [00:13<00:00, 74.01it/s, loss=36.0978]
Epoch 397/1000: 100% 1000/1000 [00:13<00:00, 72.94it/s, loss=36.0573]
Epoch 398/1000: 100% 1000/1000 [00:13<00:00, 71.44it/s, loss=37.0890]
Epoch 399/1000: 100% 1000/1000 [00:13<00:00, 73.22it/s, loss=35.0887]
Epoch 400/1000: 100% 1000/1000 [00:13<00:00, 73.24it/s, loss=35.7008]
2025-11-07 14:29:31,249 [INFO] Epoch 400/1000 | Time: 14.33s | Loss: 35.7008 | Eval Return: -200.00
Epoch 401/1000: 100% 1000/1000 [00:13<00:00, 73.63it/s, loss=37.8233]
Epoch 402/1000: 100% 1000/1000 [00:13<00:00, 73.42it/s, loss=35.4314]
Epoch 403/1000: 100% 1000/1000 [00:13<00:00, 73.06it/s, loss=35.5216]
Epoch 404/1000: 100% 1000/1000 [00:13<00:00, 72.12it/s, loss=33.9550]
Epoch 405/1000: 100% 1000/1000 [00:13<00:00, 72.56it/s, loss=36.2027]
Epoch 406/1000: 100% 1000/1000 [00:13<00:00, 72.17it/s, loss=35.4090]
Epoch 407/1000: 100% 1000/1000 [00:13<00:00, 73.06it/s, loss=35.2190]
Epoch 408/1000: 100% 1000/1000 [00:13<00:00, 73.32it/s, loss=34.7171]
Epoch 409/1000: 100% 1000/1000 [00:13<00:00, 73.22it/s, loss=33.7767]
Epoch 410/1000: 100% 1000/1000 [00:14<00:00, 71.04it/s, loss=35.0865]
2025-11-07 14:31:49,567 [INFO] Epoch 410/1000 | Time: 14.91s | Loss: 35.0865 | Eval Return: -200.00
Epoch 411/1000: 100% 1000/1000 [00:13<00:00, 71.44it/s, loss=37.6547]
Epoch 412/1000: 100% 1000/1000 [00:13<00:00, 72.56it/s, loss=34.3666]
Epoch 413/1000: 100% 1000/1000 [00:13<00:00, 73.46it/s, loss=31.4906]
Epoch 414/1000: 100% 1000/1000 [00:13<00:00, 73.19it/s, loss=34.8064]
Epoch 415/1000: 100% 1000/1000 [00:13<00:00, 73.52it/s, loss=37.2854]
Epoch 416/1000: 100% 1000/1000 [00:13<00:00, 73.33it/s, loss=38.8341]
Epoch 417/1000: 100% 1000/1000 [00:13<00:00, 73.17it/s, loss=36.4799]
Epoch 418/1000: 100% 1000/1000 [00:14<00:00, 71.08it/s, loss=35.6831]
Epoch 419/1000: 100% 1000/1000 [00:13<00:00, 73.31it/s, loss=36.3829]
Epoch 420/1000: 100% 1000/1000 [00:13<00:00, 73.47it/s, loss=34.3223]
2025-11-07 14:34:07,574 [INFO] Epoch 420/1000 | Time: 14.30s | Loss: 34.3223 | Eval Return: -200.00
Epoch 421/1000: 100% 1000/1000 [00:13<00:00, 72.22it/s, loss=32.9904]
Epoch 422/1000: 100% 1000/1000 [00:13<00:00, 71.71it/s, loss=36.8950]
Epoch 423/1000: 100% 1000/1000 [00:13<00:00, 72.14it/s, loss=33.8025]
Epoch 424/1000: 100% 1000/1000 [00:14<00:00, 70.54it/s, loss=35.1988]
Epoch 425/1000: 100% 1000/1000 [00:13<00:00, 73.04it/s, loss=36.0551]
Epoch 426/1000: 100% 1000/1000 [00:13<00:00, 73.18it/s, loss=36.7223]
Epoch 427/1000: 100% 1000/1000 [00:13<00:00, 73.48it/s, loss=36.0453]
Epoch 428/1000: 100% 1000/1000 [00:13<00:00, 72.59it/s, loss=36.3538]
Epoch 429/1000: 100% 1000/1000 [00:13<00:00, 72.03it/s, loss=35.0299]
Epoch 430/1000: 100% 1000/1000 [00:13<00:00, 72.57it/s, loss=35.5660]
2025-11-07 14:36:26,701 [INFO] Epoch 430/1000 | Time: 14.64s | Loss: 35.5660 | Eval Return: -200.00
Epoch 431/1000: 100% 1000/1000 [00:14<00:00, 71.10it/s, loss=37.2378]
Epoch 432/1000: 100% 1000/1000 [00:13<00:00, 73.07it/s, loss=37.0791]
Epoch 433/1000: 100% 1000/1000 [00:13<00:00, 73.42it/s, loss=34.6870]
Epoch 434/1000: 100% 1000/1000 [00:13<00:00, 73.06it/s, loss=34.8068]
Epoch 435/1000: 100% 1000/1000 [00:13<00:00, 73.30it/s, loss=35.9537]
Epoch 436/1000: 100% 1000/1000 [00:13<00:00, 73.61it/s, loss=36.9616]
Epoch 437/1000: 100% 1000/1000 [00:14<00:00, 71.00it/s, loss=38.4826]
Epoch 438/1000: 100% 1000/1000 [00:14<00:00, 71.35it/s, loss=34.5815]
Epoch 439/1000: 100% 1000/1000 [00:13<00:00, 72.73it/s, loss=33.7325]
Epoch 440/1000: 100% 1000/1000 [00:13<00:00, 73.05it/s, loss=36.7172]
2025-11-07 14:38:45,212 [INFO] Epoch 440/1000 | Time: 14.35s | Loss: 36.7172 | Eval Return: -200.00
Epoch 441/1000: 100% 1000/1000 [00:13<00:00, 72.75it/s, loss=36.1622]
Epoch 442/1000: 100% 1000/1000 [00:13<00:00, 73.44it/s, loss=39.0728]
Epoch 443/1000: 100% 1000/1000 [00:13<00:00, 73.29it/s, loss=35.0868]
Epoch 444/1000: 100% 1000/1000 [00:14<00:00, 70.60it/s, loss=34.9812]
Epoch 445/1000: 100% 1000/1000 [00:13<00:00, 72.72it/s, loss=33.8512]
Epoch 446/1000: 100% 1000/1000 [00:13<00:00, 72.66it/s, loss=34.9935]
Epoch 447/1000: 100% 1000/1000 [00:13<00:00, 73.16it/s, loss=36.6908]
Epoch 448/1000: 100% 1000/1000 [00:13<00:00, 73.99it/s, loss=37.5351]
Epoch 449/1000: 100% 1000/1000 [00:13<00:00, 73.56it/s, loss=34.9196]
Epoch 450/1000: 100% 1000/1000 [00:13<00:00, 72.79it/s, loss=36.6734]
2025-11-07 14:41:03,290 [INFO] Epoch 450/1000 | Time: 14.58s | Loss: 36.6734 | Eval Return: -200.00
Epoch 451/1000: 100% 1000/1000 [00:14<00:00, 71.31it/s, loss=38.5756]
Epoch 452/1000: 100% 1000/1000 [00:13<00:00, 73.33it/s, loss=35.5635]
Epoch 453/1000: 100% 1000/1000 [00:13<00:00, 73.57it/s, loss=38.2288]
Epoch 454/1000: 100% 1000/1000 [00:13<00:00, 73.32it/s, loss=38.3024]
Epoch 455/1000: 100% 1000/1000 [00:13<00:00, 73.60it/s, loss=32.9943]
Epoch 456/1000: 100% 1000/1000 [00:13<00:00, 73.55it/s, loss=34.7158]
Epoch 457/1000: 100% 1000/1000 [00:13<00:00, 72.73it/s, loss=39.3619]
Epoch 458/1000: 100% 1000/1000 [00:14<00:00, 71.27it/s, loss=36.4962]
Epoch 459/1000: 100% 1000/1000 [00:13<00:00, 73.10it/s, loss=35.9430]
Epoch 460/1000: 100% 1000/1000 [00:13<00:00, 73.40it/s, loss=33.3010]
2025-11-07 14:43:21,167 [INFO] Epoch 460/1000 | Time: 14.30s | Loss: 33.3010 | Eval Return: -200.00
Epoch 461/1000: 100% 1000/1000 [00:13<00:00, 73.23it/s, loss=36.9940]
Epoch 462/1000: 100% 1000/1000 [00:13<00:00, 73.30it/s, loss=33.3126]
Epoch 463/1000: 100% 1000/1000 [00:13<00:00, 73.26it/s, loss=34.7605]
Epoch 464/1000: 100% 1000/1000 [00:13<00:00, 71.75it/s, loss=34.8458]
Epoch 465/1000: 100% 1000/1000 [00:13<00:00, 72.06it/s, loss=42.1294]
Epoch 466/1000: 100% 1000/1000 [00:13<00:00, 73.45it/s, loss=34.3076]
Epoch 467/1000: 100% 1000/1000 [00:13<00:00, 73.22it/s, loss=37.7672]
Epoch 468/1000: 100% 1000/1000 [00:13<00:00, 73.06it/s, loss=36.4983]
Epoch 469/1000: 100% 1000/1000 [00:13<00:00, 73.59it/s, loss=33.2989]
Epoch 470/1000: 100% 1000/1000 [00:13<00:00, 73.11it/s, loss=33.4028]
2025-11-07 14:45:38,865 [INFO] Epoch 470/1000 | Time: 14.35s | Loss: 33.4028 | Eval Return: -200.00
Epoch 471/1000: 100% 1000/1000 [00:14<00:00, 70.75it/s, loss=36.3576]
Epoch 472/1000: 100% 1000/1000 [00:13<00:00, 72.52it/s, loss=36.9758]
Epoch 473/1000: 100% 1000/1000 [00:13<00:00, 72.85it/s, loss=38.2264]
Epoch 474/1000: 100% 1000/1000 [00:13<00:00, 72.43it/s, loss=36.1486]
Epoch 475/1000: 100% 1000/1000 [00:13<00:00, 72.96it/s, loss=37.0622]
Epoch 476/1000: 100% 1000/1000 [00:13<00:00, 72.82it/s, loss=35.1177]
Epoch 477/1000: 100% 1000/1000 [00:13<00:00, 73.11it/s, loss=36.1064]
Epoch 478/1000: 100% 1000/1000 [00:14<00:00, 70.29it/s, loss=36.9524]
Epoch 479/1000: 100% 1000/1000 [00:13<00:00, 73.16it/s, loss=34.8773]
Epoch 480/1000: 100% 1000/1000 [00:13<00:00, 73.15it/s, loss=33.9401]
2025-11-07 14:47:57,690 [INFO] Epoch 480/1000 | Time: 14.33s | Loss: 33.9401 | Eval Return: -200.00
Epoch 481/1000: 100% 1000/1000 [00:13<00:00, 72.44it/s, loss=34.9884]
Epoch 482/1000: 100% 1000/1000 [00:13<00:00, 72.92it/s, loss=37.6996]
Epoch 483/1000: 100% 1000/1000 [00:13<00:00, 73.42it/s, loss=34.7576]
Epoch 484/1000: 100% 1000/1000 [00:13<00:00, 72.23it/s, loss=33.8735]
Epoch 485/1000: 100% 1000/1000 [00:14<00:00, 71.19it/s, loss=37.0619]
Epoch 486/1000: 100% 1000/1000 [00:13<00:00, 73.06it/s, loss=36.3829]
Epoch 487/1000: 100% 1000/1000 [00:13<00:00, 73.32it/s, loss=37.8421]
Epoch 488/1000: 100% 1000/1000 [00:13<00:00, 72.71it/s, loss=36.6392]
Epoch 489/1000: 100% 1000/1000 [00:13<00:00, 73.05it/s, loss=35.8866]
Epoch 490/1000: 100% 1000/1000 [00:13<00:00, 73.01it/s, loss=35.6149]
2025-11-07 14:50:15,886 [INFO] Epoch 490/1000 | Time: 14.37s | Loss: 35.6149 | Eval Return: -200.00
Epoch 491/1000: 100% 1000/1000 [00:14<00:00, 70.94it/s, loss=34.7400]
Epoch 492/1000: 100% 1000/1000 [00:13<00:00, 72.79it/s, loss=37.9607]
Epoch 493/1000: 100% 1000/1000 [00:13<00:00, 73.20it/s, loss=37.1194]
Epoch 494/1000: 100% 1000/1000 [00:13<00:00, 73.24it/s, loss=36.7479]
Epoch 495/1000: 100% 1000/1000 [00:13<00:00, 73.24it/s, loss=32.1816]
Epoch 496/1000: 100% 1000/1000 [00:13<00:00, 72.55it/s, loss=35.5419]
Epoch 497/1000: 100% 1000/1000 [00:13<00:00, 73.06it/s, loss=34.8019]
Epoch 498/1000: 100% 1000/1000 [00:14<00:00, 71.34it/s, loss=35.1453]
Epoch 499/1000: 100% 1000/1000 [00:13<00:00, 71.98it/s, loss=35.1376]
Epoch 500/1000: 100% 1000/1000 [00:13<00:00, 73.42it/s, loss=32.2683]
2025-11-07 14:52:34,401 [INFO] Epoch 500/1000 | Time: 14.29s | Loss: 32.2683 | Eval Return: -200.00
Epoch 501/1000: 100% 1000/1000 [00:13<00:00, 73.26it/s, loss=38.7907]
Epoch 502/1000: 100% 1000/1000 [00:13<00:00, 73.13it/s, loss=35.0050]
Epoch 503/1000: 100% 1000/1000 [00:13<00:00, 73.01it/s, loss=35.4756]
Epoch 504/1000: 100% 1000/1000 [00:13<00:00, 73.36it/s, loss=35.2818]
Epoch 505/1000: 100% 1000/1000 [00:14<00:00, 70.88it/s, loss=35.5314]
Epoch 506/1000: 100% 1000/1000 [00:13<00:00, 73.43it/s, loss=35.0598]
Epoch 507/1000: 100% 1000/1000 [00:13<00:00, 72.97it/s, loss=34.7147]
Epoch 508/1000: 100% 1000/1000 [00:13<00:00, 73.62it/s, loss=38.2706]
Epoch 509/1000: 100% 1000/1000 [00:13<00:00, 73.18it/s, loss=37.4255]
Epoch 510/1000: 100% 1000/1000 [00:13<00:00, 73.45it/s, loss=37.9014]
2025-11-07 14:54:52,049 [INFO] Epoch 510/1000 | Time: 14.28s | Loss: 37.9014 | Eval Return: -200.00
Epoch 511/1000: 100% 1000/1000 [00:13<00:00, 72.21it/s, loss=36.2641]
Epoch 512/1000: 100% 1000/1000 [00:14<00:00, 71.25it/s, loss=36.2628]
Epoch 513/1000: 100% 1000/1000 [00:13<00:00, 73.23it/s, loss=38.5134]
Epoch 514/1000: 100% 1000/1000 [00:13<00:00, 73.16it/s, loss=34.3459]
Epoch 515/1000: 100% 1000/1000 [00:13<00:00, 73.23it/s, loss=34.9130]
Epoch 516/1000: 100% 1000/1000 [00:13<00:00, 72.96it/s, loss=33.8380]
Epoch 517/1000: 100% 1000/1000 [00:13<00:00, 72.87it/s, loss=38.0365]
Epoch 518/1000: 100% 1000/1000 [00:13<00:00, 71.88it/s, loss=36.7436]
Epoch 519/1000: 100% 1000/1000 [00:14<00:00, 70.53it/s, loss=37.2095]
Epoch 520/1000: 100% 1000/1000 [00:13<00:00, 72.96it/s, loss=35.8759]
2025-11-07 14:57:10,850 [INFO] Epoch 520/1000 | Time: 14.38s | Loss: 35.8759 | Eval Return: -200.00
Epoch 521/1000: 100% 1000/1000 [00:13<00:00, 73.38it/s, loss=36.5827]
Epoch 522/1000: 100% 1000/1000 [00:13<00:00, 73.02it/s, loss=37.0081]
Epoch 523/1000: 100% 1000/1000 [00:13<00:00, 72.96it/s, loss=34.3637]
Epoch 524/1000: 100% 1000/1000 [00:13<00:00, 72.90it/s, loss=35.9554]
Epoch 525/1000: 100% 1000/1000 [00:14<00:00, 70.44it/s, loss=35.7478]
Epoch 526/1000: 100% 1000/1000 [00:13<00:00, 73.01it/s, loss=36.0003]
Epoch 527/1000: 100% 1000/1000 [00:13<00:00, 72.97it/s, loss=34.4845]
Epoch 528/1000: 100% 1000/1000 [00:13<00:00, 73.08it/s, loss=35.5426]
Epoch 529/1000: 100% 1000/1000 [00:13<00:00, 72.98it/s, loss=35.1917]
Epoch 530/1000: 100% 1000/1000 [00:13<00:00, 73.30it/s, loss=33.5513]
2025-11-07 14:59:28,911 [INFO] Epoch 530/1000 | Time: 14.30s | Loss: 33.5513 | Eval Return: -200.00
Epoch 531/1000: 100% 1000/1000 [00:13<00:00, 72.32it/s, loss=36.0143]
Epoch 532/1000: 100% 1000/1000 [00:14<00:00, 70.73it/s, loss=34.3024]
Epoch 533/1000: 100% 1000/1000 [00:13<00:00, 72.94it/s, loss=33.1742]
Epoch 534/1000: 100% 1000/1000 [00:13<00:00, 72.82it/s, loss=36.7628]
Epoch 535/1000: 100% 1000/1000 [00:13<00:00, 73.14it/s, loss=34.9665]
Epoch 536/1000: 100% 1000/1000 [00:13<00:00, 73.23it/s, loss=37.7726]
Epoch 537/1000: 100% 1000/1000 [00:13<00:00, 73.42it/s, loss=37.2287]
Epoch 538/1000: 100% 1000/1000 [00:13<00:00, 72.30it/s, loss=36.7728]
Epoch 539/1000: 100% 1000/1000 [00:14<00:00, 70.89it/s, loss=37.2673]
Epoch 540/1000: 100% 1000/1000 [00:13<00:00, 73.24it/s, loss=31.9334]
2025-11-07 15:01:47,575 [INFO] Epoch 540/1000 | Time: 14.34s | Loss: 31.9334 | Eval Return: -200.00
Epoch 541/1000: 100% 1000/1000 [00:13<00:00, 71.77it/s, loss=37.3183]
Epoch 542/1000: 100% 1000/1000 [00:13<00:00, 72.64it/s, loss=35.1577]
Epoch 543/1000: 100% 1000/1000 [00:13<00:00, 72.87it/s, loss=33.7429]
Epoch 544/1000: 100% 1000/1000 [00:13<00:00, 73.37it/s, loss=34.7576]
Epoch 545/1000: 100% 1000/1000 [00:14<00:00, 71.18it/s, loss=34.8816]
Epoch 546/1000: 100% 1000/1000 [00:13<00:00, 71.48it/s, loss=35.0715]
Epoch 547/1000: 100% 1000/1000 [00:13<00:00, 73.44it/s, loss=36.7038]
Epoch 548/1000: 100% 1000/1000 [00:13<00:00, 73.04it/s, loss=37.3458]
Epoch 549/1000: 100% 1000/1000 [00:13<00:00, 72.98it/s, loss=33.9126]
Epoch 550/1000: 100% 1000/1000 [00:13<00:00, 72.84it/s, loss=35.1556]
2025-11-07 15:04:06,080 [INFO] Epoch 550/1000 | Time: 14.37s | Loss: 35.1556 | Eval Return: -200.00
Epoch 551/1000: 100% 1000/1000 [00:13<00:00, 72.29it/s, loss=33.7021]
Epoch 552/1000: 100% 1000/1000 [00:14<00:00, 70.75it/s, loss=37.5473]
Epoch 553/1000: 100% 1000/1000 [00:13<00:00, 73.05it/s, loss=37.5673]
Epoch 554/1000: 100% 1000/1000 [00:13<00:00, 72.86it/s, loss=37.0009]
Epoch 555/1000: 100% 1000/1000 [00:13<00:00, 72.78it/s, loss=33.5696]
Epoch 556/1000: 100% 1000/1000 [00:13<00:00, 73.30it/s, loss=35.4429]
Epoch 557/1000: 100% 1000/1000 [00:13<00:00, 73.14it/s, loss=34.0094]
Epoch 558/1000: 100% 1000/1000 [00:13<00:00, 72.27it/s, loss=33.9275]
Epoch 559/1000: 100% 1000/1000 [00:14<00:00, 71.04it/s, loss=35.9677]
Epoch 560/1000: 100% 1000/1000 [00:13<00:00, 73.37it/s, loss=35.9623]
2025-11-07 15:06:24,776 [INFO] Epoch 560/1000 | Time: 14.31s | Loss: 35.9623 | Eval Return: -200.00
Epoch 561/1000: 100% 1000/1000 [00:13<00:00, 73.26it/s, loss=38.3420]
Epoch 562/1000: 100% 1000/1000 [00:13<00:00, 73.08it/s, loss=37.1040]
Epoch 563/1000: 100% 1000/1000 [00:13<00:00, 72.72it/s, loss=40.0415]
Epoch 564/1000: 100% 1000/1000 [00:13<00:00, 72.29it/s, loss=34.3590]
Epoch 565/1000: 100% 1000/1000 [00:13<00:00, 71.75it/s, loss=35.1510]
Epoch 566/1000: 100% 1000/1000 [00:13<00:00, 72.40it/s, loss=35.6873]
Epoch 567/1000: 100% 1000/1000 [00:13<00:00, 73.13it/s, loss=35.0555]
Epoch 568/1000: 100% 1000/1000 [00:13<00:00, 72.89it/s, loss=37.5535]
Epoch 569/1000: 100% 1000/1000 [00:13<00:00, 72.97it/s, loss=36.6766]
Epoch 570/1000: 100% 1000/1000 [00:13<00:00, 73.59it/s, loss=35.3539]
2025-11-07 15:08:42,832 [INFO] Epoch 570/1000 | Time: 14.26s | Loss: 35.3539 | Eval Return: -200.00
Epoch 571/1000: 100% 1000/1000 [00:13<00:00, 73.25it/s, loss=37.5505]
Epoch 572/1000: 100% 1000/1000 [00:14<00:00, 70.52it/s, loss=35.7880]
Epoch 573/1000: 100% 1000/1000 [00:13<00:00, 73.30it/s, loss=34.7826]
Epoch 574/1000: 100% 1000/1000 [00:13<00:00, 73.16it/s, loss=33.6341]
Epoch 575/1000: 100% 1000/1000 [00:13<00:00, 72.82it/s, loss=35.3500]
Epoch 576/1000: 100% 1000/1000 [00:13<00:00, 72.93it/s, loss=36.3864]
Epoch 577/1000: 100% 1000/1000 [00:13<00:00, 72.97it/s, loss=35.4580]
Epoch 578/1000: 100% 1000/1000 [00:13<00:00, 73.51it/s, loss=35.2670]
Epoch 579/1000: 100% 1000/1000 [00:14<00:00, 70.90it/s, loss=34.4675]
Epoch 580/1000: 100% 1000/1000 [00:13<00:00, 71.92it/s, loss=37.3514]
2025-11-07 15:11:01,430 [INFO] Epoch 580/1000 | Time: 14.57s | Loss: 37.3514 | Eval Return: -200.00
Epoch 581/1000: 100% 1000/1000 [00:13<00:00, 72.83it/s, loss=35.2353]
Epoch 582/1000: 100% 1000/1000 [00:13<00:00, 72.94it/s, loss=39.3599]
Epoch 583/1000: 100% 1000/1000 [00:13<00:00, 72.93it/s, loss=35.5257]
Epoch 584/1000: 100% 1000/1000 [00:13<00:00, 73.13it/s, loss=35.3532]
Epoch 585/1000: 100% 1000/1000 [00:13<00:00, 72.01it/s, loss=35.2190]
Epoch 586/1000: 100% 1000/1000 [00:14<00:00, 70.53it/s, loss=36.6365]
Epoch 587/1000: 100% 1000/1000 [00:13<00:00, 73.14it/s, loss=35.2810]
Epoch 588/1000: 100% 1000/1000 [00:13<00:00, 73.26it/s, loss=36.1135]
Epoch 589/1000: 100% 1000/1000 [00:13<00:00, 73.39it/s, loss=33.7004]
Epoch 590/1000: 100% 1000/1000 [00:13<00:00, 73.10it/s, loss=36.5182]
2025-11-07 15:13:19,642 [INFO] Epoch 590/1000 | Time: 14.34s | Loss: 36.5182 | Eval Return: -200.00
Epoch 591/1000: 100% 1000/1000 [00:13<00:00, 72.94it/s, loss=34.0665]
Epoch 592/1000: 100% 1000/1000 [00:14<00:00, 70.72it/s, loss=36.2713]
Epoch 593/1000: 100% 1000/1000 [00:13<00:00, 72.33it/s, loss=35.7590]
Epoch 594/1000: 100% 1000/1000 [00:13<00:00, 73.10it/s, loss=37.5539]
Epoch 595/1000: 100% 1000/1000 [00:13<00:00, 73.16it/s, loss=35.6236]
Epoch 596/1000: 100% 1000/1000 [00:13<00:00, 73.19it/s, loss=32.6833]
Epoch 597/1000: 100% 1000/1000 [00:13<00:00, 73.27it/s, loss=33.6664]
Epoch 598/1000: 100% 1000/1000 [00:13<00:00, 73.16it/s, loss=35.7936]
Epoch 599/1000: 100% 1000/1000 [00:14<00:00, 71.08it/s, loss=36.3105]
Epoch 600/1000: 100% 1000/1000 [00:13<00:00, 72.54it/s, loss=35.9705]
2025-11-07 15:15:38,187 [INFO] Epoch 600/1000 | Time: 14.44s | Loss: 35.9705 | Eval Return: -200.00
Epoch 601/1000: 100% 1000/1000 [00:13<00:00, 73.46it/s, loss=32.9902]
Epoch 602/1000: 100% 1000/1000 [00:13<00:00, 72.88it/s, loss=33.4965]
Epoch 603/1000: 100% 1000/1000 [00:13<00:00, 73.30it/s, loss=36.8695]
Epoch 604/1000: 100% 1000/1000 [00:13<00:00, 72.84it/s, loss=34.9615]
Epoch 605/1000: 100% 1000/1000 [00:13<00:00, 72.89it/s, loss=34.2995]
Epoch 606/1000: 100% 1000/1000 [00:14<00:00, 70.81it/s, loss=38.1994]
Epoch 607/1000: 100% 1000/1000 [00:13<00:00, 72.65it/s, loss=34.4818]
Epoch 608/1000: 100% 1000/1000 [00:13<00:00, 72.84it/s, loss=35.3433]
Epoch 609/1000: 100% 1000/1000 [00:13<00:00, 72.56it/s, loss=32.5799]
Epoch 610/1000: 100% 1000/1000 [00:13<00:00, 73.43it/s, loss=34.9978]
2025-11-07 15:17:56,348 [INFO] Epoch 610/1000 | Time: 14.30s | Loss: 34.9978 | Eval Return: -200.00
Epoch 611/1000: 100% 1000/1000 [00:13<00:00, 73.23it/s, loss=36.6852]
Epoch 612/1000: 100% 1000/1000 [00:13<00:00, 71.89it/s, loss=33.8796]
Epoch 613/1000: 100% 1000/1000 [00:13<00:00, 71.55it/s, loss=36.2526]
Epoch 614/1000: 100% 1000/1000 [00:13<00:00, 73.21it/s, loss=35.5404]
Epoch 615/1000: 100% 1000/1000 [00:13<00:00, 73.12it/s, loss=37.3019]
Epoch 616/1000: 100% 1000/1000 [00:13<00:00, 72.90it/s, loss=35.0977]
Epoch 617/1000: 100% 1000/1000 [00:13<00:00, 73.29it/s, loss=38.3502]
Epoch 618/1000: 100% 1000/1000 [00:13<00:00, 73.27it/s, loss=35.5567]
Epoch 619/1000: 100% 1000/1000 [00:13<00:00, 71.78it/s, loss=35.1955]
Epoch 620/1000: 100% 1000/1000 [00:14<00:00, 71.21it/s, loss=32.3644]
2025-11-07 15:20:14,920 [INFO] Epoch 620/1000 | Time: 14.73s | Loss: 32.3644 | Eval Return: -200.00
Epoch 621/1000: 100% 1000/1000 [00:13<00:00, 73.23it/s, loss=36.6164]
Epoch 622/1000: 100% 1000/1000 [00:13<00:00, 73.00it/s, loss=33.8641]
Epoch 623/1000: 100% 1000/1000 [00:13<00:00, 73.17it/s, loss=36.3420]
Epoch 624/1000: 100% 1000/1000 [00:13<00:00, 72.93it/s, loss=35.5247]
Epoch 625/1000: 100% 1000/1000 [00:13<00:00, 73.00it/s, loss=34.7334]
Epoch 626/1000: 100% 1000/1000 [00:14<00:00, 70.91it/s, loss=34.8360]
Epoch 627/1000: 100% 1000/1000 [00:13<00:00, 72.63it/s, loss=35.2215]
Epoch 628/1000: 100% 1000/1000 [00:13<00:00, 72.98it/s, loss=33.7806]
Epoch 629/1000: 100% 1000/1000 [00:13<00:00, 73.25it/s, loss=34.8976]
Epoch 630/1000: 100% 1000/1000 [00:13<00:00, 72.98it/s, loss=34.8067]
2025-11-07 15:22:32,985 [INFO] Epoch 630/1000 | Time: 14.38s | Loss: 34.8067 | Eval Return: -200.00
Epoch 631/1000: 100% 1000/1000 [00:13<00:00, 72.34it/s, loss=34.4771]
Epoch 632/1000: 100% 1000/1000 [00:13<00:00, 72.11it/s, loss=34.8811]
Epoch 633/1000: 100% 1000/1000 [00:14<00:00, 71.11it/s, loss=34.8665]
Epoch 634/1000: 100% 1000/1000 [00:13<00:00, 73.18it/s, loss=35.6301]
Epoch 635/1000: 100% 1000/1000 [00:13<00:00, 73.50it/s, loss=33.9420]
Epoch 636/1000: 100% 1000/1000 [00:13<00:00, 73.25it/s, loss=35.2952]
Epoch 637/1000: 100% 1000/1000 [00:13<00:00, 72.79it/s, loss=37.6654]
Epoch 638/1000: 100% 1000/1000 [00:13<00:00, 73.10it/s, loss=36.1971]
Epoch 639/1000: 100% 1000/1000 [00:13<00:00, 72.29it/s, loss=32.7738]
Epoch 640/1000: 100% 1000/1000 [00:14<00:00, 71.07it/s, loss=32.8622]
2025-11-07 15:24:51,693 [INFO] Epoch 640/1000 | Time: 14.75s | Loss: 32.8622 | Eval Return: -200.00
Epoch 641/1000: 100% 1000/1000 [00:13<00:00, 73.11it/s, loss=35.9573]
Epoch 642/1000: 100% 1000/1000 [00:13<00:00, 73.09it/s, loss=35.4981]
Epoch 643/1000: 100% 1000/1000 [00:13<00:00, 73.39it/s, loss=35.8842]
Epoch 644/1000: 100% 1000/1000 [00:13<00:00, 72.99it/s, loss=35.7862]
Epoch 645/1000: 100% 1000/1000 [00:13<00:00, 72.84it/s, loss=34.8488]
Epoch 646/1000: 100% 1000/1000 [00:14<00:00, 70.98it/s, loss=34.2418]
Epoch 647/1000: 100% 1000/1000 [00:13<00:00, 72.18it/s, loss=37.1376]
Epoch 648/1000: 100% 1000/1000 [00:14<00:00, 71.15it/s, loss=33.6629]
Epoch 649/1000: 100% 1000/1000 [00:13<00:00, 73.14it/s, loss=34.6857]
Epoch 650/1000: 100% 1000/1000 [00:13<00:00, 72.98it/s, loss=37.1238]
2025-11-07 15:27:10,175 [INFO] Epoch 650/1000 | Time: 14.37s | Loss: 37.1238 | Eval Return: -200.00
Epoch 651/1000: 100% 1000/1000 [00:13<00:00, 72.50it/s, loss=32.3635]
Epoch 652/1000: 100% 1000/1000 [00:13<00:00, 71.94it/s, loss=35.0772]
Epoch 653/1000: 100% 1000/1000 [00:14<00:00, 70.68it/s, loss=35.9616]
Epoch 654/1000: 100% 1000/1000 [00:13<00:00, 72.82it/s, loss=35.4029]
Epoch 655/1000: 100% 1000/1000 [00:13<00:00, 72.76it/s, loss=35.6578]
Epoch 656/1000: 100% 1000/1000 [00:13<00:00, 72.93it/s, loss=36.2026]
Epoch 657/1000: 100% 1000/1000 [00:13<00:00, 72.94it/s, loss=35.7788]
Epoch 658/1000: 100% 1000/1000 [00:13<00:00, 73.24it/s, loss=36.6540]
Epoch 659/1000: 100% 1000/1000 [00:14<00:00, 71.24it/s, loss=35.9445]
Epoch 660/1000: 100% 1000/1000 [00:13<00:00, 71.98it/s, loss=35.4778]
2025-11-07 15:29:29,220 [INFO] Epoch 660/1000 | Time: 14.57s | Loss: 35.4778 | Eval Return: -200.00
Epoch 661/1000: 100% 1000/1000 [00:13<00:00, 73.04it/s, loss=33.3207]
Epoch 662/1000: 100% 1000/1000 [00:13<00:00, 73.50it/s, loss=34.2629]
Epoch 663/1000: 100% 1000/1000 [00:13<00:00, 73.22it/s, loss=34.6768]
Epoch 664/1000: 100% 1000/1000 [00:13<00:00, 73.21it/s, loss=36.2600]
Epoch 665/1000: 100% 1000/1000 [00:13<00:00, 73.16it/s, loss=33.0507]
Epoch 666/1000: 100% 1000/1000 [00:14<00:00, 70.84it/s, loss=37.1242]
Epoch 667/1000: 100% 1000/1000 [00:13<00:00, 72.50it/s, loss=36.4328]
Epoch 668/1000: 100% 1000/1000 [00:13<00:00, 72.91it/s, loss=34.1143]
Epoch 669/1000: 100% 1000/1000 [00:13<00:00, 73.20it/s, loss=35.4602]
Epoch 670/1000: 100% 1000/1000 [00:13<00:00, 73.04it/s, loss=34.5912]
2025-11-07 15:31:47,173 [INFO] Epoch 670/1000 | Time: 14.36s | Loss: 34.5912 | Eval Return: -200.00
Epoch 671/1000: 100% 1000/1000 [00:13<00:00, 73.04it/s, loss=36.0837]
Epoch 672/1000: 100% 1000/1000 [00:13<00:00, 72.13it/s, loss=33.5174]
Epoch 673/1000: 100% 1000/1000 [00:14<00:00, 71.19it/s, loss=35.4872]
Epoch 674/1000: 100% 1000/1000 [00:13<00:00, 73.02it/s, loss=35.4246]
Epoch 675/1000: 100% 1000/1000 [00:13<00:00, 72.62it/s, loss=34.2157]
Epoch 676/1000: 100% 1000/1000 [00:13<00:00, 72.04it/s, loss=35.8439]
Epoch 677/1000: 100% 1000/1000 [00:13<00:00, 72.93it/s, loss=34.1420]
Epoch 678/1000: 100% 1000/1000 [00:13<00:00, 73.27it/s, loss=34.3752]
Epoch 679/1000: 100% 1000/1000 [00:13<00:00, 72.40it/s, loss=33.7054]
Epoch 680/1000: 100% 1000/1000 [00:14<00:00, 71.12it/s, loss=34.5939]
2025-11-07 15:34:06,039 [INFO] Epoch 680/1000 | Time: 14.72s | Loss: 34.5939 | Eval Return: -200.00
Epoch 681/1000: 100% 1000/1000 [00:13<00:00, 73.24it/s, loss=34.2244]
Epoch 682/1000: 100% 1000/1000 [00:13<00:00, 73.46it/s, loss=34.6026]
Epoch 683/1000: 100% 1000/1000 [00:13<00:00, 73.31it/s, loss=33.7705]
Epoch 684/1000: 100% 1000/1000 [00:13<00:00, 73.31it/s, loss=35.1207]
Epoch 685/1000: 100% 1000/1000 [00:13<00:00, 72.83it/s, loss=34.5581]
Epoch 686/1000: 100% 1000/1000 [00:14<00:00, 70.60it/s, loss=34.6530]
Epoch 687/1000: 100% 1000/1000 [00:13<00:00, 72.36it/s, loss=35.9812]
Epoch 688/1000: 100% 1000/1000 [00:13<00:00, 72.88it/s, loss=34.6318]
Epoch 689/1000: 100% 1000/1000 [00:13<00:00, 72.82it/s, loss=36.4411]
Epoch 690/1000: 100% 1000/1000 [00:13<00:00, 72.90it/s, loss=31.4933]
2025-11-07 15:36:24,167 [INFO] Epoch 690/1000 | Time: 14.38s | Loss: 31.4933 | Eval Return: -200.00
Epoch 691/1000: 100% 1000/1000 [00:13<00:00, 72.98it/s, loss=35.2120]
Epoch 692/1000: 100% 1000/1000 [00:13<00:00, 72.59it/s, loss=37.0280]
Epoch 693/1000: 100% 1000/1000 [00:13<00:00, 71.53it/s, loss=34.9361]
Epoch 694/1000: 100% 1000/1000 [00:13<00:00, 72.61it/s, loss=32.9959]
Epoch 695/1000: 100% 1000/1000 [00:13<00:00, 73.16it/s, loss=35.4201]
Epoch 696/1000: 100% 1000/1000 [00:13<00:00, 73.05it/s, loss=32.5417]
Epoch 697/1000: 100% 1000/1000 [00:13<00:00, 72.88it/s, loss=34.6062]
Epoch 698/1000: 100% 1000/1000 [00:13<00:00, 72.35it/s, loss=35.9105]
Epoch 699/1000: 100% 1000/1000 [00:13<00:00, 72.11it/s, loss=35.4508]
Epoch 700/1000: 100% 1000/1000 [00:14<00:00, 71.11it/s, loss=35.8685]
2025-11-07 15:38:42,923 [INFO] Epoch 700/1000 | Time: 14.73s | Loss: 35.8685 | Eval Return: -200.00
Epoch 701/1000: 100% 1000/1000 [00:13<00:00, 73.13it/s, loss=34.4483]
Epoch 702/1000: 100% 1000/1000 [00:13<00:00, 73.14it/s, loss=33.9604]
Epoch 703/1000: 100% 1000/1000 [00:13<00:00, 73.05it/s, loss=36.7045]
Epoch 704/1000: 100% 1000/1000 [00:13<00:00, 72.85it/s, loss=35.5650]
Epoch 705/1000: 100% 1000/1000 [00:13<00:00, 73.21it/s, loss=36.6403]
Epoch 706/1000: 100% 1000/1000 [00:13<00:00, 71.44it/s, loss=32.9587]
Epoch 707/1000: 100% 1000/1000 [00:13<00:00, 72.03it/s, loss=32.6518]
Epoch 708/1000: 100% 1000/1000 [00:13<00:00, 73.62it/s, loss=34.6613]
Epoch 709/1000: 100% 1000/1000 [00:13<00:00, 72.69it/s, loss=36.3671]
Epoch 710/1000: 100% 1000/1000 [00:13<00:00, 73.24it/s, loss=33.7468]
2025-11-07 15:41:00,904 [INFO] Epoch 710/1000 | Time: 14.30s | Loss: 33.7468 | Eval Return: -200.00
Epoch 711/1000: 100% 1000/1000 [00:13<00:00, 72.97it/s, loss=35.1732]
Epoch 712/1000: 100% 1000/1000 [00:13<00:00, 72.95it/s, loss=34.3740]
Epoch 713/1000: 100% 1000/1000 [00:14<00:00, 70.83it/s, loss=31.8049]
Epoch 714/1000: 100% 1000/1000 [00:13<00:00, 72.90it/s, loss=33.0666]
Epoch 715/1000: 100% 1000/1000 [00:13<00:00, 72.39it/s, loss=34.6803]
Epoch 716/1000: 100% 1000/1000 [00:13<00:00, 73.11it/s, loss=33.4065]
Epoch 717/1000: 100% 1000/1000 [00:13<00:00, 73.04it/s, loss=34.8465]
Epoch 718/1000: 100% 1000/1000 [00:13<00:00, 73.05it/s, loss=34.7740]
Epoch 719/1000: 100% 1000/1000 [00:13<00:00, 72.48it/s, loss=32.2310]
Epoch 720/1000: 100% 1000/1000 [00:14<00:00, 70.32it/s, loss=32.1357]
2025-11-07 15:43:19,744 [INFO] Epoch 720/1000 | Time: 14.89s | Loss: 32.1357 | Eval Return: -200.00
Epoch 721/1000: 100% 1000/1000 [00:13<00:00, 72.50it/s, loss=33.9738]
Epoch 722/1000: 100% 1000/1000 [00:13<00:00, 73.21it/s, loss=33.3654]
Epoch 723/1000: 100% 1000/1000 [00:13<00:00, 73.08it/s, loss=35.5396]
Epoch 724/1000: 100% 1000/1000 [00:13<00:00, 72.80it/s, loss=36.5900]
Epoch 725/1000: 100% 1000/1000 [00:13<00:00, 73.00it/s, loss=34.9779]
Epoch 726/1000: 100% 1000/1000 [00:14<00:00, 71.11it/s, loss=35.5377]
Epoch 727/1000: 100% 1000/1000 [00:13<00:00, 72.40it/s, loss=36.0653]
Epoch 728/1000: 100% 1000/1000 [00:13<00:00, 73.21it/s, loss=35.5258]
Epoch 729/1000: 100% 1000/1000 [00:13<00:00, 73.03it/s, loss=32.6725]
Epoch 730/1000: 100% 1000/1000 [00:13<00:00, 73.51it/s, loss=36.4400]
2025-11-07 15:45:37,870 [INFO] Epoch 730/1000 | Time: 14.30s | Loss: 36.4400 | Eval Return: -200.00
Epoch 731/1000: 100% 1000/1000 [00:13<00:00, 72.87it/s, loss=36.0902]
Epoch 732/1000: 100% 1000/1000 [00:13<00:00, 72.55it/s, loss=34.6434]
Epoch 733/1000: 100% 1000/1000 [00:14<00:00, 70.31it/s, loss=33.6418]
Epoch 734/1000: 100% 1000/1000 [00:13<00:00, 73.33it/s, loss=33.1002]
Epoch 735/1000: 100% 1000/1000 [00:13<00:00, 72.89it/s, loss=35.0707]
Epoch 736/1000: 100% 1000/1000 [00:13<00:00, 73.06it/s, loss=36.4325]
Epoch 737/1000: 100% 1000/1000 [00:13<00:00, 72.74it/s, loss=32.8562]
Epoch 738/1000: 100% 1000/1000 [00:13<00:00, 72.81it/s, loss=35.2651]
Epoch 739/1000: 100% 1000/1000 [00:13<00:00, 71.66it/s, loss=36.9510]
Epoch 740/1000: 100% 1000/1000 [00:13<00:00, 71.80it/s, loss=35.1765]
2025-11-07 15:47:56,710 [INFO] Epoch 740/1000 | Time: 14.60s | Loss: 35.1765 | Eval Return: -200.00
Epoch 741/1000: 100% 1000/1000 [00:13<00:00, 72.59it/s, loss=39.0398]
Epoch 742/1000: 100% 1000/1000 [00:13<00:00, 72.82it/s, loss=37.7611]
Epoch 743/1000: 100% 1000/1000 [00:13<00:00, 72.65it/s, loss=35.5989]
Epoch 744/1000: 100% 1000/1000 [00:13<00:00, 72.81it/s, loss=33.7990]
Epoch 745/1000: 100% 1000/1000 [00:13<00:00, 73.09it/s, loss=33.9322]
Epoch 746/1000: 100% 1000/1000 [00:14<00:00, 70.46it/s, loss=37.4572]
Epoch 747/1000: 100% 1000/1000 [00:13<00:00, 73.11it/s, loss=32.9718]
Epoch 748/1000: 100% 1000/1000 [00:13<00:00, 72.98it/s, loss=36.3590]
Epoch 749/1000: 100% 1000/1000 [00:13<00:00, 73.11it/s, loss=33.5186]
Epoch 750/1000: 100% 1000/1000 [00:13<00:00, 72.57it/s, loss=34.9393]
2025-11-07 15:50:15,138 [INFO] Epoch 750/1000 | Time: 14.46s | Loss: 34.9393 | Eval Return: -200.00
Epoch 751/1000: 100% 1000/1000 [00:13<00:00, 73.21it/s, loss=33.3314]
Epoch 752/1000: 100% 1000/1000 [00:13<00:00, 71.78it/s, loss=33.5356]
Epoch 753/1000: 100% 1000/1000 [00:13<00:00, 71.70it/s, loss=32.3225]
Epoch 754/1000: 100% 1000/1000 [00:13<00:00, 72.60it/s, loss=35.2435]
Epoch 755/1000: 100% 1000/1000 [00:13<00:00, 72.84it/s, loss=32.3845]
Epoch 756/1000: 100% 1000/1000 [00:13<00:00, 73.33it/s, loss=33.9964]
Epoch 757/1000: 100% 1000/1000 [00:13<00:00, 73.15it/s, loss=33.6655]
Epoch 758/1000: 100% 1000/1000 [00:13<00:00, 73.26it/s, loss=34.3576]
Epoch 759/1000: 100% 1000/1000 [00:14<00:00, 71.29it/s, loss=35.0003]
Epoch 760/1000: 100% 1000/1000 [00:13<00:00, 71.96it/s, loss=35.7250]
2025-11-07 15:52:33,777 [INFO] Epoch 760/1000 | Time: 14.58s | Loss: 35.7250 | Eval Return: -200.00
Epoch 761/1000: 100% 1000/1000 [00:13<00:00, 72.86it/s, loss=33.5114]
Epoch 762/1000: 100% 1000/1000 [00:13<00:00, 73.19it/s, loss=32.9514]
Epoch 763/1000: 100% 1000/1000 [00:13<00:00, 72.48it/s, loss=33.6646]
Epoch 764/1000: 100% 1000/1000 [00:14<00:00, 70.51it/s, loss=33.8445]
Epoch 765/1000: 100% 1000/1000 [00:13<00:00, 71.99it/s, loss=34.6757]
Epoch 766/1000: 100% 1000/1000 [00:14<00:00, 70.22it/s, loss=34.2290]
Epoch 767/1000: 100% 1000/1000 [00:13<00:00, 72.26it/s, loss=34.1997]
Epoch 768/1000: 100% 1000/1000 [00:13<00:00, 72.71it/s, loss=33.2830]
Epoch 769/1000: 100% 1000/1000 [00:13<00:00, 72.87it/s, loss=35.0014]
Epoch 770/1000: 100% 1000/1000 [00:13<00:00, 72.71it/s, loss=35.4110]
2025-11-07 15:54:53,046 [INFO] Epoch 770/1000 | Time: 14.43s | Loss: 35.4110 | Eval Return: -200.00
Epoch 771/1000: 100% 1000/1000 [00:13<00:00, 72.96it/s, loss=33.3291]
Epoch 772/1000: 100% 1000/1000 [00:14<00:00, 69.99it/s, loss=33.7216]
Epoch 773/1000: 100% 1000/1000 [00:13<00:00, 73.00it/s, loss=35.3954]
Epoch 774/1000: 100% 1000/1000 [00:13<00:00, 72.44it/s, loss=35.2370]
Epoch 775/1000: 100% 1000/1000 [00:13<00:00, 72.82it/s, loss=37.2153]
Epoch 776/1000: 100% 1000/1000 [00:13<00:00, 72.67it/s, loss=32.7856]
Epoch 777/1000: 100% 1000/1000 [00:13<00:00, 72.82it/s, loss=33.1234]
Epoch 778/1000: 100% 1000/1000 [00:13<00:00, 72.41it/s, loss=34.0175]
Epoch 779/1000: 100% 1000/1000 [00:14<00:00, 70.83it/s, loss=34.0529]
Epoch 780/1000: 100% 1000/1000 [00:13<00:00, 72.36it/s, loss=35.2323]
2025-11-07 15:57:12,231 [INFO] Epoch 780/1000 | Time: 14.51s | Loss: 35.2323 | Eval Return: -200.00
Epoch 781/1000: 100% 1000/1000 [00:13<00:00, 73.14it/s, loss=35.9257]
Epoch 782/1000: 100% 1000/1000 [00:13<00:00, 73.18it/s, loss=31.5253]
Epoch 783/1000: 100% 1000/1000 [00:13<00:00, 72.99it/s, loss=36.8708]
Epoch 784/1000: 100% 1000/1000 [00:13<00:00, 72.99it/s, loss=35.9839]
Epoch 785/1000: 100% 1000/1000 [00:14<00:00, 70.25it/s, loss=34.8551]
Epoch 786/1000: 100% 1000/1000 [00:13<00:00, 72.59it/s, loss=30.4034]
Epoch 787/1000: 100% 1000/1000 [00:13<00:00, 72.86it/s, loss=31.2353]
Epoch 788/1000: 100% 1000/1000 [00:13<00:00, 72.27it/s, loss=36.6110]
Epoch 789/1000: 100% 1000/1000 [00:13<00:00, 72.83it/s, loss=35.5495]
Epoch 790/1000: 100% 1000/1000 [00:13<00:00, 72.76it/s, loss=32.3751]
2025-11-07 15:59:30,715 [INFO] Epoch 790/1000 | Time: 14.41s | Loss: 32.3751 | Eval Return: -200.00
Epoch 791/1000: 100% 1000/1000 [00:13<00:00, 71.78it/s, loss=33.4394]
Epoch 792/1000: 100% 1000/1000 [00:14<00:00, 71.35it/s, loss=32.9556]
Epoch 793/1000: 100% 1000/1000 [00:13<00:00, 72.77it/s, loss=32.8970]
Epoch 794/1000: 100% 1000/1000 [00:13<00:00, 73.31it/s, loss=34.2720]
Epoch 795/1000: 100% 1000/1000 [00:13<00:00, 72.77it/s, loss=33.9231]
Epoch 796/1000: 100% 1000/1000 [00:13<00:00, 73.07it/s, loss=35.8849]
Epoch 797/1000: 100% 1000/1000 [00:13<00:00, 73.03it/s, loss=33.7330]
Epoch 798/1000: 100% 1000/1000 [00:13<00:00, 72.06it/s, loss=35.8576]
Epoch 799/1000: 100% 1000/1000 [00:13<00:00, 71.45it/s, loss=37.1674]
Epoch 800/1000: 100% 1000/1000 [00:13<00:00, 73.10it/s, loss=33.7718]
2025-11-07 16:01:49,426 [INFO] Epoch 800/1000 | Time: 14.36s | Loss: 33.7718 | Eval Return: -200.00
Epoch 801/1000: 100% 1000/1000 [00:13<00:00, 72.90it/s, loss=34.2094]
Epoch 802/1000: 100% 1000/1000 [00:13<00:00, 72.94it/s, loss=33.2599]
Epoch 803/1000: 100% 1000/1000 [00:13<00:00, 72.62it/s, loss=34.0909]
Epoch 804/1000: 100% 1000/1000 [00:13<00:00, 73.28it/s, loss=35.2487]
Epoch 805/1000: 100% 1000/1000 [00:13<00:00, 71.68it/s, loss=34.9647]
Epoch 806/1000: 100% 1000/1000 [00:13<00:00, 71.96it/s, loss=31.1901]
Epoch 807/1000: 100% 1000/1000 [00:13<00:00, 72.74it/s, loss=33.6385]
Epoch 808/1000: 100% 1000/1000 [00:13<00:00, 73.08it/s, loss=36.7846]
Epoch 809/1000: 100% 1000/1000 [00:13<00:00, 72.83it/s, loss=34.1782]
Epoch 810/1000: 100% 1000/1000 [00:13<00:00, 71.74it/s, loss=36.4637]
2025-11-07 16:04:07,932 [INFO] Epoch 810/1000 | Time: 14.62s | Loss: 36.4637 | Eval Return: -200.00
Epoch 811/1000: 100% 1000/1000 [00:13<00:00, 71.97it/s, loss=33.3895]
Epoch 812/1000: 100% 1000/1000 [00:14<00:00, 71.08it/s, loss=35.9912]
Epoch 813/1000: 100% 1000/1000 [00:13<00:00, 73.24it/s, loss=33.4951]
Epoch 814/1000: 100% 1000/1000 [00:13<00:00, 73.20it/s, loss=32.9189]
Epoch 815/1000: 100% 1000/1000 [00:13<00:00, 72.43it/s, loss=34.6016]
Epoch 816/1000: 100% 1000/1000 [00:13<00:00, 72.99it/s, loss=35.4968]
Epoch 817/1000: 100% 1000/1000 [00:13<00:00, 72.88it/s, loss=37.4751]
Epoch 818/1000: 100% 1000/1000 [00:13<00:00, 72.16it/s, loss=36.6062]
Epoch 819/1000: 100% 1000/1000 [00:14<00:00, 70.91it/s, loss=33.0243]
Epoch 820/1000: 100% 1000/1000 [00:13<00:00, 72.40it/s, loss=35.7581]
2025-11-07 16:06:26,914 [INFO] Epoch 820/1000 | Time: 14.48s | Loss: 35.7581 | Eval Return: -200.00
Epoch 821/1000: 100% 1000/1000 [00:13<00:00, 73.12it/s, loss=35.8967]
Epoch 822/1000: 100% 1000/1000 [00:13<00:00, 72.29it/s, loss=34.9513]
Epoch 823/1000: 100% 1000/1000 [00:13<00:00, 73.37it/s, loss=32.1913]
Epoch 824/1000: 100% 1000/1000 [00:13<00:00, 72.61it/s, loss=35.6741]
Epoch 825/1000: 100% 1000/1000 [00:14<00:00, 70.84it/s, loss=34.6789]
Epoch 826/1000: 100% 1000/1000 [00:13<00:00, 72.43it/s, loss=32.8726]
Epoch 827/1000: 100% 1000/1000 [00:13<00:00, 71.75it/s, loss=32.4573]
Epoch 828/1000: 100% 1000/1000 [00:14<00:00, 71.32it/s, loss=33.7839]
Epoch 829/1000: 100% 1000/1000 [00:13<00:00, 71.46it/s, loss=34.0363]
Epoch 830/1000: 100% 1000/1000 [00:13<00:00, 72.29it/s, loss=33.4777]
2025-11-07 16:08:46,232 [INFO] Epoch 830/1000 | Time: 14.50s | Loss: 33.4777 | Eval Return: -200.00
Epoch 831/1000: 100% 1000/1000 [00:14<00:00, 69.86it/s, loss=30.9556]
Epoch 832/1000: 100% 1000/1000 [00:14<00:00, 71.23it/s, loss=35.1774]
Epoch 833/1000: 100% 1000/1000 [00:13<00:00, 71.93it/s, loss=31.9058]
Epoch 834/1000: 100% 1000/1000 [00:13<00:00, 72.32it/s, loss=34.0743]
Epoch 835/1000: 100% 1000/1000 [00:13<00:00, 71.78it/s, loss=33.9971]
Epoch 836/1000: 100% 1000/1000 [00:13<00:00, 72.28it/s, loss=35.5692]
Epoch 837/1000: 100% 1000/1000 [00:14<00:00, 70.70it/s, loss=34.8393]
Epoch 838/1000: 100% 1000/1000 [00:14<00:00, 71.02it/s, loss=33.1426]
Epoch 839/1000: 100% 1000/1000 [00:13<00:00, 72.86it/s, loss=33.7783]
Epoch 840/1000: 100% 1000/1000 [00:13<00:00, 72.64it/s, loss=34.3716]
2025-11-07 16:11:06,504 [INFO] Epoch 840/1000 | Time: 14.44s | Loss: 34.3716 | Eval Return: -200.00
Epoch 841/1000: 100% 1000/1000 [00:13<00:00, 71.94it/s, loss=33.8372]
Epoch 842/1000: 100% 1000/1000 [00:13<00:00, 72.51it/s, loss=33.6606]
Epoch 843/1000: 100% 1000/1000 [00:13<00:00, 71.58it/s, loss=32.7765]
Epoch 844/1000: 100% 1000/1000 [00:14<00:00, 70.75it/s, loss=34.4106]
Epoch 845/1000: 100% 1000/1000 [00:13<00:00, 72.58it/s, loss=35.5810]
Epoch 846/1000: 100% 1000/1000 [00:13<00:00, 72.71it/s, loss=36.7649]
Epoch 847/1000: 100% 1000/1000 [00:13<00:00, 73.03it/s, loss=34.1445]
Epoch 848/1000: 100% 1000/1000 [00:13<00:00, 72.82it/s, loss=36.1392]
Epoch 849/1000: 100% 1000/1000 [00:13<00:00, 71.93it/s, loss=35.6632]
Epoch 850/1000: 100% 1000/1000 [00:14<00:00, 70.97it/s, loss=32.8622]
2025-11-07 16:13:26,189 [INFO] Epoch 850/1000 | Time: 15.00s | Loss: 32.8622 | Eval Return: -200.00
Epoch 851/1000: 100% 1000/1000 [00:13<00:00, 72.46it/s, loss=32.7627]
Epoch 852/1000: 100% 1000/1000 [00:13<00:00, 72.70it/s, loss=31.6455]
Epoch 853/1000: 100% 1000/1000 [00:13<00:00, 72.41it/s, loss=35.4380]
Epoch 854/1000: 100% 1000/1000 [00:13<00:00, 71.97it/s, loss=36.2147]
Epoch 855/1000: 100% 1000/1000 [00:13<00:00, 72.57it/s, loss=32.8932]
Epoch 856/1000: 100% 1000/1000 [00:13<00:00, 71.86it/s, loss=33.9777]
Epoch 857/1000: 100% 1000/1000 [00:14<00:00, 70.92it/s, loss=34.5552]
Epoch 858/1000: 100% 1000/1000 [00:13<00:00, 72.52it/s, loss=34.1845]
Epoch 859/1000: 100% 1000/1000 [00:13<00:00, 72.91it/s, loss=32.1536]
Epoch 860/1000: 100% 1000/1000 [00:13<00:00, 73.01it/s, loss=33.5991]
2025-11-07 16:15:45,165 [INFO] Epoch 860/1000 | Time: 14.38s | Loss: 33.5991 | Eval Return: -200.00
Epoch 861/1000: 100% 1000/1000 [00:13<00:00, 72.77it/s, loss=35.3366]
Epoch 862/1000: 100% 1000/1000 [00:13<00:00, 72.92it/s, loss=31.8870]
Epoch 863/1000: 100% 1000/1000 [00:14<00:00, 69.64it/s, loss=35.2356]
Epoch 864/1000: 100% 1000/1000 [00:13<00:00, 72.54it/s, loss=33.6248]
Epoch 865/1000: 100% 1000/1000 [00:13<00:00, 72.52it/s, loss=34.5647]
Epoch 866/1000: 100% 1000/1000 [00:13<00:00, 72.76it/s, loss=35.2773]
Epoch 867/1000: 100% 1000/1000 [00:13<00:00, 71.82it/s, loss=32.3145]
Epoch 868/1000: 100% 1000/1000 [00:13<00:00, 73.35it/s, loss=31.4145]
Epoch 869/1000: 100% 1000/1000 [00:13<00:00, 71.58it/s, loss=33.4946]
Epoch 870/1000: 100% 1000/1000 [00:14<00:00, 70.09it/s, loss=34.0917]
2025-11-07 16:18:04,812 [INFO] Epoch 870/1000 | Time: 14.95s | Loss: 34.0917 | Eval Return: -200.00
Epoch 871/1000: 100% 1000/1000 [00:13<00:00, 71.73it/s, loss=34.2057]
Epoch 872/1000: 100% 1000/1000 [00:13<00:00, 72.07it/s, loss=31.1741]
Epoch 873/1000: 100% 1000/1000 [00:13<00:00, 72.51it/s, loss=36.3664]
Epoch 874/1000: 100% 1000/1000 [00:13<00:00, 72.47it/s, loss=31.3044]
Epoch 875/1000: 100% 1000/1000 [00:13<00:00, 71.63it/s, loss=31.1916]
Epoch 876/1000: 100% 1000/1000 [00:14<00:00, 69.93it/s, loss=37.5291]
Epoch 877/1000: 100% 1000/1000 [00:13<00:00, 71.90it/s, loss=35.4206]
Epoch 878/1000: 100% 1000/1000 [00:13<00:00, 72.40it/s, loss=33.6285]
Epoch 879/1000: 100% 1000/1000 [00:13<00:00, 72.78it/s, loss=33.9115]
Epoch 880/1000: 100% 1000/1000 [00:13<00:00, 72.63it/s, loss=36.2666]
2025-11-07 16:20:24,416 [INFO] Epoch 880/1000 | Time: 14.45s | Loss: 36.2666 | Eval Return: -200.00
Epoch 881/1000: 100% 1000/1000 [00:13<00:00, 72.96it/s, loss=36.1473]
Epoch 882/1000: 100% 1000/1000 [00:14<00:00, 69.97it/s, loss=34.2553]
Epoch 883/1000: 100% 1000/1000 [00:13<00:00, 72.58it/s, loss=33.8043]
Epoch 884/1000: 100% 1000/1000 [00:13<00:00, 72.19it/s, loss=33.1479]
Epoch 885/1000: 100% 1000/1000 [00:13<00:00, 72.83it/s, loss=33.2033]
Epoch 886/1000: 100% 1000/1000 [00:13<00:00, 72.62it/s, loss=34.0663]
Epoch 887/1000: 100% 1000/1000 [00:13<00:00, 72.78it/s, loss=35.8440]
Epoch 888/1000: 100% 1000/1000 [00:13<00:00, 72.38it/s, loss=35.0612]
Epoch 889/1000: 100% 1000/1000 [00:14<00:00, 70.20it/s, loss=34.0304]
Epoch 890/1000: 100% 1000/1000 [00:13<00:00, 72.86it/s, loss=32.4134]
2025-11-07 16:22:43,763 [INFO] Epoch 890/1000 | Time: 14.39s | Loss: 32.4134 | Eval Return: -200.00
Epoch 891/1000: 100% 1000/1000 [00:13<00:00, 72.85it/s, loss=34.7051]
Epoch 892/1000: 100% 1000/1000 [00:13<00:00, 72.47it/s, loss=34.1579]
Epoch 893/1000: 100% 1000/1000 [00:13<00:00, 72.58it/s, loss=34.3410]
Epoch 894/1000: 100% 1000/1000 [00:13<00:00, 72.92it/s, loss=34.2868]
Epoch 895/1000: 100% 1000/1000 [00:14<00:00, 71.34it/s, loss=33.4757]
Epoch 896/1000: 100% 1000/1000 [00:14<00:00, 70.88it/s, loss=36.1848]
Epoch 897/1000: 100% 1000/1000 [00:13<00:00, 72.61it/s, loss=36.4299]
Epoch 898/1000: 100% 1000/1000 [00:13<00:00, 72.77it/s, loss=29.5867]
Epoch 899/1000: 100% 1000/1000 [00:13<00:00, 72.03it/s, loss=36.4540]
Epoch 900/1000: 100% 1000/1000 [00:13<00:00, 72.66it/s, loss=35.2727]
2025-11-07 16:25:02,764 [INFO] Epoch 900/1000 | Time: 14.43s | Loss: 35.2727 | Eval Return: -200.00
Epoch 901/1000: 100% 1000/1000 [00:13<00:00, 71.81it/s, loss=33.5825]
Epoch 902/1000: 100% 1000/1000 [00:14<00:00, 71.08it/s, loss=34.9337]
Epoch 903/1000: 100% 1000/1000 [00:13<00:00, 72.88it/s, loss=35.0004]
Epoch 904/1000: 100% 1000/1000 [00:13<00:00, 72.60it/s, loss=32.7413]
Epoch 905/1000: 100% 1000/1000 [00:13<00:00, 72.45it/s, loss=34.6841]
Epoch 906/1000: 100% 1000/1000 [00:13<00:00, 73.02it/s, loss=34.4184]
Epoch 907/1000: 100% 1000/1000 [00:13<00:00, 73.23it/s, loss=33.7666]
Epoch 908/1000: 100% 1000/1000 [00:13<00:00, 71.48it/s, loss=32.5637]
Epoch 909/1000: 100% 1000/1000 [00:14<00:00, 70.89it/s, loss=32.1162]
Epoch 910/1000: 100% 1000/1000 [00:13<00:00, 72.19it/s, loss=32.4865]
2025-11-07 16:27:22,054 [INFO] Epoch 910/1000 | Time: 14.51s | Loss: 32.4865 | Eval Return: -200.00
Epoch 911/1000: 100% 1000/1000 [00:13<00:00, 73.09it/s, loss=33.0547]
Epoch 912/1000: 100% 1000/1000 [00:13<00:00, 72.83it/s, loss=32.3223]
Epoch 913/1000: 100% 1000/1000 [00:13<00:00, 72.36it/s, loss=34.5914]
Epoch 914/1000: 100% 1000/1000 [00:13<00:00, 73.31it/s, loss=30.4772]
Epoch 915/1000: 100% 1000/1000 [00:14<00:00, 69.56it/s, loss=35.0601]
Epoch 916/1000: 100% 1000/1000 [00:13<00:00, 72.55it/s, loss=32.8307]
Epoch 917/1000: 100% 1000/1000 [00:13<00:00, 72.36it/s, loss=33.3215]
Epoch 918/1000: 100% 1000/1000 [00:13<00:00, 72.98it/s, loss=33.4951]
Epoch 919/1000: 100% 1000/1000 [00:13<00:00, 72.29it/s, loss=33.9275]
Epoch 920/1000: 100% 1000/1000 [00:13<00:00, 72.69it/s, loss=33.3822]
2025-11-07 16:29:40,902 [INFO] Epoch 920/1000 | Time: 14.43s | Loss: 33.3822 | Eval Return: -200.00
Epoch 921/1000: 100% 1000/1000 [00:14<00:00, 69.88it/s, loss=32.3373]
Epoch 922/1000: 100% 1000/1000 [00:14<00:00, 70.66it/s, loss=32.6101]
Epoch 923/1000: 100% 1000/1000 [00:13<00:00, 71.85it/s, loss=33.1278]
Epoch 924/1000: 100% 1000/1000 [00:13<00:00, 71.84it/s, loss=33.9277]
Epoch 925/1000: 100% 1000/1000 [00:13<00:00, 71.74it/s, loss=32.4470]
Epoch 926/1000: 100% 1000/1000 [00:13<00:00, 71.79it/s, loss=32.2368]
Epoch 927/1000: 100% 1000/1000 [00:13<00:00, 71.44it/s, loss=32.6474]
Epoch 928/1000: 100% 1000/1000 [00:14<00:00, 69.76it/s, loss=35.9698]
Epoch 929/1000: 100% 1000/1000 [00:13<00:00, 72.23it/s, loss=31.2174]
Epoch 930/1000: 100% 1000/1000 [00:13<00:00, 71.84it/s, loss=33.7345]
2025-11-07 16:32:01,875 [INFO] Epoch 930/1000 | Time: 14.59s | Loss: 33.7345 | Eval Return: -200.00
Epoch 931/1000: 100% 1000/1000 [00:13<00:00, 72.68it/s, loss=32.9996]
Epoch 932/1000: 100% 1000/1000 [00:13<00:00, 72.31it/s, loss=31.6390]
Epoch 933/1000: 100% 1000/1000 [00:13<00:00, 72.30it/s, loss=33.5498]
Epoch 934/1000: 100% 1000/1000 [00:14<00:00, 70.22it/s, loss=31.6971]
Epoch 935/1000: 100% 1000/1000 [00:13<00:00, 72.49it/s, loss=36.9290]
Epoch 936/1000: 100% 1000/1000 [00:13<00:00, 72.27it/s, loss=35.5484]
Epoch 937/1000: 100% 1000/1000 [00:13<00:00, 72.99it/s, loss=33.8983]
Epoch 938/1000: 100% 1000/1000 [00:13<00:00, 72.74it/s, loss=32.1067]
Epoch 939/1000: 100% 1000/1000 [00:13<00:00, 72.64it/s, loss=30.7939]
Epoch 940/1000: 100% 1000/1000 [00:13<00:00, 71.81it/s, loss=35.2991]
2025-11-07 16:34:21,247 [INFO] Epoch 940/1000 | Time: 14.83s | Loss: 35.2991 | Eval Return: -200.00
Epoch 941/1000: 100% 1000/1000 [00:13<00:00, 71.77it/s, loss=34.9791]
Epoch 942/1000: 100% 1000/1000 [00:13<00:00, 72.53it/s, loss=34.8756]
Epoch 943/1000: 100% 1000/1000 [00:13<00:00, 71.97it/s, loss=33.6522]
Epoch 944/1000: 100% 1000/1000 [00:13<00:00, 71.92it/s, loss=35.9011]
Epoch 945/1000: 100% 1000/1000 [00:13<00:00, 72.53it/s, loss=36.1513]
Epoch 946/1000: 100% 1000/1000 [00:13<00:00, 71.92it/s, loss=32.7474]
Epoch 947/1000: 100% 1000/1000 [00:14<00:00, 70.11it/s, loss=35.6184]
Epoch 948/1000: 100% 1000/1000 [00:14<00:00, 68.11it/s, loss=34.0800]
Epoch 949/1000: 100% 1000/1000 [00:14<00:00, 69.91it/s, loss=32.9450]
Epoch 950/1000: 100% 1000/1000 [00:13<00:00, 72.40it/s, loss=34.2321]
2025-11-07 16:36:42,219 [INFO] Epoch 950/1000 | Time: 14.48s | Loss: 34.2321 | Eval Return: -200.00
Epoch 951/1000: 100% 1000/1000 [00:13<00:00, 71.99it/s, loss=36.8097]
Epoch 952/1000: 100% 1000/1000 [00:13<00:00, 71.51it/s, loss=32.7671]
Epoch 953/1000: 100% 1000/1000 [00:14<00:00, 71.03it/s, loss=31.5385]
Epoch 954/1000: 100% 1000/1000 [00:13<00:00, 72.77it/s, loss=33.1310]
Epoch 955/1000: 100% 1000/1000 [00:13<00:00, 72.72it/s, loss=33.0045]
Epoch 956/1000: 100% 1000/1000 [00:13<00:00, 72.48it/s, loss=31.9892]
Epoch 957/1000: 100% 1000/1000 [00:13<00:00, 72.61it/s, loss=33.4930]
Epoch 958/1000: 100% 1000/1000 [00:13<00:00, 72.87it/s, loss=36.1396]
Epoch 959/1000: 100% 1000/1000 [00:14<00:00, 71.11it/s, loss=33.0545]
Epoch 960/1000: 100% 1000/1000 [00:13<00:00, 71.56it/s, loss=33.4876]
2025-11-07 16:39:01,704 [INFO] Epoch 960/1000 | Time: 14.64s | Loss: 33.4876 | Eval Return: -200.00
Epoch 961/1000: 100% 1000/1000 [00:13<00:00, 71.95it/s, loss=32.2546]
Epoch 962/1000: 100% 1000/1000 [00:13<00:00, 72.08it/s, loss=35.3060]
Epoch 963/1000: 100% 1000/1000 [00:13<00:00, 72.74it/s, loss=32.9076]
Epoch 964/1000: 100% 1000/1000 [00:13<00:00, 72.86it/s, loss=32.3731]
Epoch 965/1000: 100% 1000/1000 [00:14<00:00, 70.58it/s, loss=32.6842]
Epoch 966/1000: 100% 1000/1000 [00:14<00:00, 69.32it/s, loss=33.4732]
Epoch 967/1000: 100% 1000/1000 [00:13<00:00, 72.73it/s, loss=33.4125]
Epoch 968/1000: 100% 1000/1000 [00:13<00:00, 72.29it/s, loss=32.8761]
Epoch 969/1000: 100% 1000/1000 [00:13<00:00, 72.43it/s, loss=35.5062]
Epoch 970/1000: 100% 1000/1000 [00:13<00:00, 72.10it/s, loss=32.7923]
2025-11-07 16:41:21,518 [INFO] Epoch 970/1000 | Time: 14.55s | Loss: 32.7923 | Eval Return: -200.00
Epoch 971/1000: 100% 1000/1000 [00:14<00:00, 70.93it/s, loss=34.4556]
Epoch 972/1000: 100% 1000/1000 [00:14<00:00, 70.62it/s, loss=34.7531]
Epoch 973/1000: 100% 1000/1000 [00:13<00:00, 71.53it/s, loss=32.6630]
Epoch 974/1000: 100% 1000/1000 [00:14<00:00, 71.22it/s, loss=34.8403]
Epoch 975/1000: 100% 1000/1000 [00:14<00:00, 70.77it/s, loss=31.4453]
Epoch 976/1000: 100% 1000/1000 [00:13<00:00, 71.60it/s, loss=34.5047]
Epoch 977/1000: 100% 1000/1000 [00:14<00:00, 71.11it/s, loss=35.4798]
Epoch 978/1000: 100% 1000/1000 [00:14<00:00, 69.70it/s, loss=33.4591]
Epoch 979/1000: 100% 1000/1000 [00:14<00:00, 71.39it/s, loss=33.2829]
Epoch 980/1000: 100% 1000/1000 [00:13<00:00, 72.11it/s, loss=33.4168]
2025-11-07 16:43:42,885 [INFO] Epoch 980/1000 | Time: 14.54s | Loss: 33.4168 | Eval Return: -200.00
Epoch 981/1000: 100% 1000/1000 [00:13<00:00, 72.50it/s, loss=33.6861]
Epoch 982/1000: 100% 1000/1000 [00:13<00:00, 72.15it/s, loss=35.4889]
Epoch 983/1000: 100% 1000/1000 [00:14<00:00, 70.97it/s, loss=34.1498]
Epoch 984/1000: 100% 1000/1000 [00:14<00:00, 69.49it/s, loss=35.1600]
Epoch 985/1000: 100% 1000/1000 [00:13<00:00, 71.98it/s, loss=30.6209]
Epoch 986/1000: 100% 1000/1000 [00:13<00:00, 72.13it/s, loss=29.5262]
Epoch 987/1000: 100% 1000/1000 [00:13<00:00, 72.43it/s, loss=34.9148]
Epoch 988/1000: 100% 1000/1000 [00:14<00:00, 71.25it/s, loss=36.0179]
Epoch 989/1000: 100% 1000/1000 [00:13<00:00, 72.38it/s, loss=33.1826]
Epoch 990/1000: 100% 1000/1000 [00:14<00:00, 69.84it/s, loss=31.4151]
2025-11-07 16:46:03,554 [INFO] Epoch 990/1000 | Time: 15.09s | Loss: 31.4151 | Eval Return: -200.00
Epoch 991/1000: 100% 1000/1000 [00:13<00:00, 72.39it/s, loss=35.9500]
Epoch 992/1000: 100% 1000/1000 [00:13<00:00, 71.86it/s, loss=33.9161]
Epoch 993/1000: 100% 1000/1000 [00:13<00:00, 71.76it/s, loss=35.0114]
Epoch 994/1000: 100% 1000/1000 [00:14<00:00, 71.36it/s, loss=32.8620]
Epoch 995/1000: 100% 1000/1000 [00:13<00:00, 72.44it/s, loss=37.7638]
Epoch 996/1000: 100% 1000/1000 [00:14<00:00, 70.38it/s, loss=36.1010]
Epoch 997/1000: 100% 1000/1000 [00:13<00:00, 72.11it/s, loss=36.2319]
Epoch 998/1000: 100% 1000/1000 [00:13<00:00, 72.83it/s, loss=31.4612]
Epoch 999/1000: 100% 1000/1000 [00:13<00:00, 72.90it/s, loss=31.6719]
Epoch 1000/1000: 100% 1000/1000 [00:13<00:00, 72.90it/s, loss=31.6044]
2025-11-07 16:48:22,991 [INFO] Epoch 1000/1000 | Time: 14.39s | Loss: 31.6044 | Eval Return: -200.00
2025-11-07 16:48:23,003 [INFO] Training complete.