2025-11-06 18:43:23.155114: E external/local_xla/xla/stream_executor/cuda/cuda_fft.cc:467] Unable to register cuFFT factory: Attempting to register factory for plugin cuFFT when one has already been registered
WARNING: All log messages before absl::InitializeLog() is called are written to STDERR
E0000 00:00:1762454603.178546  127824 cuda_dnn.cc:8579] Unable to register cuDNN factory: Attempting to register factory for plugin cuDNN when one has already been registered
E0000 00:00:1762454603.185667  127824 cuda_blas.cc:1407] Unable to register cuBLAS factory: Attempting to register factory for plugin cuBLAS when one has already been registered
W0000 00:00:1762454603.204184  127824 computation_placer.cc:177] computation placer already registered. Please check linkage and avoid linking the same target more than once.
W0000 00:00:1762454603.204215  127824 computation_placer.cc:177] computation placer already registered. Please check linkage and avoid linking the same target more than once.
W0000 00:00:1762454603.204220  127824 computation_placer.cc:177] computation placer already registered. Please check linkage and avoid linking the same target more than once.
W0000 00:00:1762454603.204225  127824 computation_placer.cc:177] computation placer already registered. Please check linkage and avoid linking the same target more than once.
2025-11-06 18:43:23.209634: I tensorflow/core/platform/cpu_feature_guard.cc:210] This TensorFlow binary is optimized to use available CPU instructions in performance-critical operations.
To enable the following instructions: AVX2 FMA, in other operations, rebuild TensorFlow with the appropriate compiler flags.
2025-11-06 18:43:29,423 [INFO] Checking for dataset...
2025-11-06 18:43:29,424 [INFO] Dataset found at /content/neuromorphic_decision_transformer/neuromorphic_decision_transformer/neuromorphic_decision_transformer/neuromorphic_decision_transformer/data/Pendulum-v1/dataset.npz.
2025-11-06 18:43:29,424 [INFO] Starting training...
2025-11-06 18:44:22,516 [INFO] Dataset size: 201000 clips
2025-11-06 18:44:22,520 [INFO] DataLoader created with num_workers=0 and pin_memory=False.
2025-11-06 18:44:24,102 [INFO] Starting training loop...
Epoch 1/1000: 100% 1000/1000 [00:11<00:00, 90.08it/s, loss=0.0512]
Epoch 2/1000: 100% 1000/1000 [00:10<00:00, 94.50it/s, loss=0.3365]
Epoch 3/1000: 100% 1000/1000 [00:10<00:00, 94.73it/s, loss=0.6682]
Epoch 4/1000: 100% 1000/1000 [00:10<00:00, 92.68it/s, loss=1.0257]
Epoch 5/1000: 100% 1000/1000 [00:10<00:00, 95.69it/s, loss=1.2179]
Epoch 6/1000: 100% 1000/1000 [00:10<00:00, 92.72it/s, loss=1.1080]
Epoch 7/1000: 100% 1000/1000 [00:10<00:00, 92.82it/s, loss=0.9526]
Epoch 8/1000: 100% 1000/1000 [00:10<00:00, 92.26it/s, loss=1.1350]
Epoch 9/1000: 100% 1000/1000 [00:10<00:00, 92.94it/s, loss=1.6763]
Epoch 10/1000: 100% 1000/1000 [00:10<00:00, 93.53it/s, loss=2.2787]
2025-11-06 18:46:12,375 [INFO] Epoch 10/1000 | Time: 11.63s | Loss: 2.2787 | Eval Return: -1207.97
2025-11-06 18:46:12,382 [INFO] New best eval return: -1207.97. Saved best model.
Epoch 11/1000: 100% 1000/1000 [00:10<00:00, 92.61it/s, loss=2.6171]
Epoch 12/1000: 100% 1000/1000 [00:10<00:00, 93.02it/s, loss=2.7299]
Epoch 13/1000: 100% 1000/1000 [00:11<00:00, 89.19it/s, loss=2.7697]
Epoch 14/1000: 100% 1000/1000 [00:10<00:00, 93.74it/s, loss=2.9708]
Epoch 15/1000: 100% 1000/1000 [00:11<00:00, 88.61it/s, loss=3.2925]
Epoch 16/1000: 100% 1000/1000 [00:11<00:00, 86.74it/s, loss=3.7519]
Epoch 17/1000: 100% 1000/1000 [00:11<00:00, 90.15it/s, loss=4.0655]
Epoch 18/1000: 100% 1000/1000 [00:11<00:00, 90.39it/s, loss=4.0912]
Epoch 19/1000: 100% 1000/1000 [00:11<00:00, 89.11it/s, loss=4.2097]
Epoch 20/1000: 100% 1000/1000 [00:11<00:00, 89.41it/s, loss=4.3343]
2025-11-06 18:48:04,177 [INFO] Epoch 20/1000 | Time: 12.17s | Loss: 4.3343 | Eval Return: -1152.27
2025-11-06 18:48:04,184 [INFO] New best eval return: -1152.27. Saved best model.
Epoch 21/1000: 100% 1000/1000 [00:11<00:00, 89.11it/s, loss=4.5486]
Epoch 22/1000: 100% 1000/1000 [00:11<00:00, 88.27it/s, loss=4.7609]
Epoch 23/1000: 100% 1000/1000 [00:11<00:00, 89.57it/s, loss=4.9461]
Epoch 24/1000: 100% 1000/1000 [00:11<00:00, 88.94it/s, loss=5.0175]
Epoch 25/1000: 100% 1000/1000 [00:11<00:00, 90.05it/s, loss=4.9803]
Epoch 26/1000: 100% 1000/1000 [00:10<00:00, 91.46it/s, loss=5.0429]
Epoch 27/1000: 100% 1000/1000 [00:10<00:00, 91.25it/s, loss=5.1877]
Epoch 28/1000: 100% 1000/1000 [00:11<00:00, 89.15it/s, loss=5.3464]
Epoch 29/1000: 100% 1000/1000 [00:11<00:00, 88.79it/s, loss=5.5462]
Epoch 30/1000: 100% 1000/1000 [00:11<00:00, 89.14it/s, loss=5.6432]
2025-11-06 18:49:56,791 [INFO] Epoch 30/1000 | Time: 12.17s | Loss: 5.6432 | Eval Return: -1220.48
Epoch 31/1000: 100% 1000/1000 [00:11<00:00, 90.76it/s, loss=5.6933]
Epoch 32/1000: 100% 1000/1000 [00:10<00:00, 91.86it/s, loss=5.7824]
Epoch 33/1000: 100% 1000/1000 [00:11<00:00, 89.93it/s, loss=5.8385]
Epoch 34/1000: 100% 1000/1000 [00:11<00:00, 90.78it/s, loss=5.9985]
Epoch 35/1000: 100% 1000/1000 [00:11<00:00, 89.47it/s, loss=6.0726]
Epoch 36/1000: 100% 1000/1000 [00:11<00:00, 89.26it/s, loss=6.1375]
Epoch 37/1000: 100% 1000/1000 [00:10<00:00, 91.27it/s, loss=6.1813]
Epoch 38/1000: 100% 1000/1000 [00:10<00:00, 91.54it/s, loss=6.2004]
Epoch 39/1000: 100% 1000/1000 [00:10<00:00, 91.12it/s, loss=6.3206]
Epoch 40/1000: 100% 1000/1000 [00:10<00:00, 91.54it/s, loss=6.2943]
2025-11-06 18:51:47,951 [INFO] Epoch 40/1000 | Time: 11.88s | Loss: 6.2943 | Eval Return: -1191.61
Epoch 41/1000: 100% 1000/1000 [00:11<00:00, 89.93it/s, loss=6.2478]
Epoch 42/1000: 100% 1000/1000 [00:11<00:00, 89.62it/s, loss=6.3817]
Epoch 43/1000: 100% 1000/1000 [00:11<00:00, 89.79it/s, loss=6.4152]
Epoch 44/1000: 100% 1000/1000 [00:10<00:00, 91.04it/s, loss=6.5233]
Epoch 45/1000: 100% 1000/1000 [00:10<00:00, 91.68it/s, loss=6.5775]
Epoch 46/1000: 100% 1000/1000 [00:10<00:00, 93.85it/s, loss=6.4863]
Epoch 47/1000: 100% 1000/1000 [00:10<00:00, 96.19it/s, loss=6.4081]
Epoch 48/1000: 100% 1000/1000 [00:10<00:00, 97.14it/s, loss=6.5189]
Epoch 49/1000: 100% 1000/1000 [00:10<00:00, 93.33it/s, loss=6.4976]
Epoch 50/1000: 100% 1000/1000 [00:10<00:00, 91.09it/s, loss=6.8251]
2025-11-06 18:53:37,244 [INFO] Epoch 50/1000 | Time: 11.92s | Loss: 6.8251 | Eval Return: -1160.50
Epoch 51/1000: 100% 1000/1000 [00:10<00:00, 92.89it/s, loss=6.8840]
Epoch 52/1000: 100% 1000/1000 [00:10<00:00, 93.70it/s, loss=6.8336]
Epoch 53/1000: 100% 1000/1000 [00:10<00:00, 93.24it/s, loss=6.7535]
Epoch 54/1000: 100% 1000/1000 [00:10<00:00, 94.56it/s, loss=6.6960]
Epoch 55/1000: 100% 1000/1000 [00:10<00:00, 93.09it/s, loss=6.7294]
Epoch 56/1000: 100% 1000/1000 [00:10<00:00, 96.60it/s, loss=6.8446]
Epoch 57/1000: 100% 1000/1000 [00:10<00:00, 93.03it/s, loss=6.9455]
Epoch 58/1000: 100% 1000/1000 [00:10<00:00, 92.84it/s, loss=6.8787]
Epoch 59/1000: 100% 1000/1000 [00:10<00:00, 92.25it/s, loss=6.8545]
Epoch 60/1000: 100% 1000/1000 [00:10<00:00, 94.27it/s, loss=6.6447]
2025-11-06 18:55:24,976 [INFO] Epoch 60/1000 | Time: 11.53s | Loss: 6.6447 | Eval Return: -1112.81
2025-11-06 18:55:24,983 [INFO] New best eval return: -1112.81. Saved best model.
Epoch 61/1000: 100% 1000/1000 [00:10<00:00, 93.70it/s, loss=6.7687]
Epoch 62/1000: 100% 1000/1000 [00:10<00:00, 94.72it/s, loss=6.7322]
Epoch 63/1000: 100% 1000/1000 [00:10<00:00, 95.04it/s, loss=6.7180] 
Epoch 64/1000: 100% 1000/1000 [00:10<00:00, 98.60it/s, loss=6.7188]
Epoch 65/1000: 100% 1000/1000 [00:10<00:00, 93.40it/s, loss=6.7139]
Epoch 66/1000: 100% 1000/1000 [00:10<00:00, 93.94it/s, loss=6.8369]
Epoch 67/1000: 100% 1000/1000 [00:10<00:00, 95.46it/s, loss=6.5656]
Epoch 68/1000: 100% 1000/1000 [00:10<00:00, 95.02it/s, loss=6.4195]
Epoch 69/1000: 100% 1000/1000 [00:10<00:00, 97.07it/s, loss=6.4568]
Epoch 70/1000: 100% 1000/1000 [00:10<00:00, 96.78it/s, loss=6.5463] 
2025-11-06 18:57:10,775 [INFO] Epoch 70/1000 | Time: 11.24s | Loss: 6.5463 | Eval Return: -1058.59
2025-11-06 18:57:10,782 [INFO] New best eval return: -1058.59. Saved best model.
Epoch 71/1000: 100% 1000/1000 [00:10<00:00, 95.30it/s, loss=6.4722]
Epoch 72/1000: 100% 1000/1000 [00:10<00:00, 99.60it/s, loss=6.5152]
Epoch 73/1000: 100% 1000/1000 [00:10<00:00, 96.99it/s, loss=6.4701]
Epoch 74/1000: 100% 1000/1000 [00:10<00:00, 97.17it/s, loss=6.4190]
Epoch 75/1000: 100% 1000/1000 [00:10<00:00, 96.92it/s, loss=6.4778] 
Epoch 76/1000: 100% 1000/1000 [00:10<00:00, 96.43it/s, loss=6.5631] 
Epoch 77/1000: 100% 1000/1000 [00:10<00:00, 98.01it/s, loss=6.6978]
Epoch 78/1000: 100% 1000/1000 [00:10<00:00, 96.94it/s, loss=6.3577]
Epoch 79/1000: 100% 1000/1000 [00:10<00:00, 92.77it/s, loss=6.3506]
Epoch 80/1000: 100% 1000/1000 [00:11<00:00, 89.32it/s, loss=6.4066]
2025-11-06 18:58:56,051 [INFO] Epoch 80/1000 | Time: 12.14s | Loss: 6.4066 | Eval Return: -965.95
2025-11-06 18:58:56,058 [INFO] New best eval return: -965.95. Saved best model.
Epoch 81/1000: 100% 1000/1000 [00:11<00:00, 89.43it/s, loss=6.4274]
Epoch 82/1000: 100% 1000/1000 [00:10<00:00, 90.98it/s, loss=6.4980]
Epoch 83/1000: 100% 1000/1000 [00:11<00:00, 88.63it/s, loss=6.3637]
Epoch 84/1000: 100% 1000/1000 [00:11<00:00, 87.50it/s, loss=6.2651]
Epoch 85/1000: 100% 1000/1000 [00:11<00:00, 87.34it/s, loss=6.2678]
Epoch 86/1000: 100% 1000/1000 [00:11<00:00, 88.98it/s, loss=6.3361]
Epoch 87/1000: 100% 1000/1000 [00:11<00:00, 85.15it/s, loss=6.3355]
Epoch 88/1000: 100% 1000/1000 [00:11<00:00, 86.20it/s, loss=6.3565]
Epoch 89/1000: 100% 1000/1000 [00:11<00:00, 86.70it/s, loss=6.3781]
Epoch 90/1000: 100% 1000/1000 [00:11<00:00, 83.47it/s, loss=6.3481]
2025-11-06 19:00:51,496 [INFO] Epoch 90/1000 | Time: 12.98s | Loss: 6.3481 | Eval Return: -1066.42
Epoch 91/1000: 100% 1000/1000 [00:11<00:00, 87.03it/s, loss=6.2000]
Epoch 92/1000: 100% 1000/1000 [00:11<00:00, 86.19it/s, loss=6.1821]
Epoch 93/1000: 100% 1000/1000 [00:11<00:00, 87.81it/s, loss=6.3281]
Epoch 94/1000: 100% 1000/1000 [00:11<00:00, 85.90it/s, loss=6.3146]
Epoch 95/1000: 100% 1000/1000 [00:11<00:00, 88.26it/s, loss=6.3499]
Epoch 96/1000: 100% 1000/1000 [00:11<00:00, 84.11it/s, loss=6.3708]
Epoch 97/1000: 100% 1000/1000 [00:11<00:00, 87.71it/s, loss=6.2563]
Epoch 98/1000: 100% 1000/1000 [00:11<00:00, 85.60it/s, loss=6.1470]
Epoch 99/1000: 100% 1000/1000 [00:11<00:00, 84.57it/s, loss=6.3447]
Epoch 100/1000: 100% 1000/1000 [00:12<00:00, 82.62it/s, loss=6.3315]
2025-11-06 19:02:48,836 [INFO] Epoch 100/1000 | Time: 13.08s | Loss: 6.3315 | Eval Return: -1059.14
Epoch 101/1000: 100% 1000/1000 [00:11<00:00, 88.29it/s, loss=6.3446]
Epoch 102/1000: 100% 1000/1000 [00:10<00:00, 92.56it/s, loss=6.2759]
Epoch 103/1000: 100% 1000/1000 [00:10<00:00, 91.17it/s, loss=6.3228]
Epoch 104/1000: 100% 1000/1000 [00:10<00:00, 92.11it/s, loss=6.2423]
Epoch 105/1000: 100% 1000/1000 [00:10<00:00, 92.52it/s, loss=6.2321]
Epoch 106/1000: 100% 1000/1000 [00:11<00:00, 89.77it/s, loss=6.2524]
Epoch 107/1000: 100% 1000/1000 [00:10<00:00, 95.28it/s, loss=6.1991]
Epoch 108/1000: 100% 1000/1000 [00:10<00:00, 94.46it/s, loss=6.3450]
Epoch 109/1000: 100% 1000/1000 [00:10<00:00, 93.72it/s, loss=6.3794]
Epoch 110/1000: 100% 1000/1000 [00:10<00:00, 92.75it/s, loss=6.4278]
2025-11-06 19:04:38,191 [INFO] Epoch 110/1000 | Time: 11.69s | Loss: 6.4278 | Eval Return: -937.95
2025-11-06 19:04:38,198 [INFO] New best eval return: -937.95. Saved best model.
Epoch 111/1000: 100% 1000/1000 [00:10<00:00, 92.26it/s, loss=6.3420]
Epoch 112/1000: 100% 1000/1000 [00:10<00:00, 94.14it/s, loss=6.2502]
Epoch 113/1000: 100% 1000/1000 [00:10<00:00, 95.11it/s, loss=6.2690] 
Epoch 114/1000: 100% 1000/1000 [00:10<00:00, 94.07it/s, loss=6.2698]
Epoch 115/1000: 100% 1000/1000 [00:10<00:00, 96.53it/s, loss=6.2783]
Epoch 116/1000: 100% 1000/1000 [00:10<00:00, 96.36it/s, loss=6.4254]
Epoch 117/1000: 100% 1000/1000 [00:10<00:00, 93.15it/s, loss=6.4621]
Epoch 118/1000: 100% 1000/1000 [00:10<00:00, 92.75it/s, loss=6.4408]
Epoch 119/1000: 100% 1000/1000 [00:10<00:00, 93.34it/s, loss=6.3009]
Epoch 120/1000: 100% 1000/1000 [00:10<00:00, 93.00it/s, loss=6.2775]
2025-11-06 19:06:25,491 [INFO] Epoch 120/1000 | Time: 11.72s | Loss: 6.2775 | Eval Return: -1000.70
Epoch 121/1000: 100% 1000/1000 [00:10<00:00, 92.82it/s, loss=6.2993]
Epoch 122/1000: 100% 1000/1000 [00:10<00:00, 93.41it/s, loss=6.3857]
Epoch 123/1000: 100% 1000/1000 [00:10<00:00, 96.06it/s, loss=6.4839]
Epoch 124/1000: 100% 1000/1000 [00:10<00:00, 96.44it/s, loss=6.2612]
Epoch 125/1000: 100% 1000/1000 [00:10<00:00, 95.81it/s, loss=6.2815]
Epoch 126/1000: 100% 1000/1000 [00:10<00:00, 97.38it/s, loss=6.3329]
Epoch 127/1000: 100% 1000/1000 [00:10<00:00, 96.34it/s, loss=6.2120]
Epoch 128/1000: 100% 1000/1000 [00:10<00:00, 96.25it/s, loss=6.2651]
Epoch 129/1000: 100% 1000/1000 [00:10<00:00, 96.75it/s, loss=6.2139]
Epoch 130/1000: 100% 1000/1000 [00:09<00:00, 100.76it/s, loss=6.3677]
2025-11-06 19:08:10,672 [INFO] Epoch 130/1000 | Time: 11.11s | Loss: 6.3677 | Eval Return: -863.93
2025-11-06 19:08:10,681 [INFO] New best eval return: -863.93. Saved best model.
Epoch 131/1000: 100% 1000/1000 [00:09<00:00, 100.07it/s, loss=6.4581]
Epoch 132/1000: 100% 1000/1000 [00:10<00:00, 96.26it/s, loss=6.2785]
Epoch 133/1000: 100% 1000/1000 [00:10<00:00, 96.78it/s, loss=6.2668]
Epoch 134/1000: 100% 1000/1000 [00:10<00:00, 96.95it/s, loss=6.5046]
Epoch 135/1000: 100% 1000/1000 [00:10<00:00, 95.22it/s, loss=6.4529]
Epoch 136/1000: 100% 1000/1000 [00:10<00:00, 96.39it/s, loss=6.3124]
Epoch 137/1000: 100% 1000/1000 [00:09<00:00, 100.96it/s, loss=6.4153]
Epoch 138/1000: 100% 1000/1000 [00:10<00:00, 97.33it/s, loss=6.5371]
Epoch 139/1000: 100% 1000/1000 [00:10<00:00, 96.12it/s, loss=6.5760]
Epoch 140/1000: 100% 1000/1000 [00:10<00:00, 97.59it/s, loss=6.5431] 
2025-11-06 19:09:54,326 [INFO] Epoch 140/1000 | Time: 11.15s | Loss: 6.5431 | Eval Return: -935.41
Epoch 141/1000: 100% 1000/1000 [00:10<00:00, 98.09it/s, loss=6.4660]
Epoch 142/1000: 100% 1000/1000 [00:10<00:00, 98.82it/s, loss=6.4390]
Epoch 143/1000: 100% 1000/1000 [00:10<00:00, 97.62it/s, loss=6.5126]
Epoch 144/1000: 100% 1000/1000 [00:10<00:00, 98.73it/s, loss=6.5818]
Epoch 145/1000: 100% 1000/1000 [00:10<00:00, 95.56it/s, loss=6.6043]
Epoch 146/1000: 100% 1000/1000 [00:10<00:00, 97.73it/s, loss=6.5392]
Epoch 147/1000: 100% 1000/1000 [00:10<00:00, 98.06it/s, loss=6.6363]
Epoch 148/1000: 100% 1000/1000 [00:10<00:00, 97.98it/s, loss=6.4540]
Epoch 149/1000: 100% 1000/1000 [00:10<00:00, 98.10it/s, loss=6.4538]
Epoch 150/1000: 100% 1000/1000 [00:10<00:00, 98.50it/s, loss=6.5680]
2025-11-06 19:11:37,675 [INFO] Epoch 150/1000 | Time: 11.36s | Loss: 6.5680 | Eval Return: -884.43
Epoch 151/1000: 100% 1000/1000 [00:09<00:00, 100.33it/s, loss=6.4065]
Epoch 152/1000: 100% 1000/1000 [00:10<00:00, 98.08it/s, loss=6.5793]
Epoch 153/1000: 100% 1000/1000 [00:10<00:00, 97.04it/s, loss=6.6765] 
Epoch 154/1000: 100% 1000/1000 [00:10<00:00, 96.00it/s, loss=6.5176]
Epoch 155/1000: 100% 1000/1000 [00:10<00:00, 97.18it/s, loss=6.3371]
Epoch 156/1000: 100% 1000/1000 [00:10<00:00, 97.44it/s, loss=6.4062] 
Epoch 157/1000: 100% 1000/1000 [00:10<00:00, 99.33it/s, loss=6.5287]
Epoch 158/1000: 100% 1000/1000 [00:09<00:00, 101.64it/s, loss=6.6440]
Epoch 159/1000: 100% 1000/1000 [00:10<00:00, 99.15it/s, loss=6.5530]
Epoch 160/1000: 100% 1000/1000 [00:10<00:00, 99.61it/s, loss=6.4348]
2025-11-06 19:13:20,047 [INFO] Epoch 160/1000 | Time: 10.93s | Loss: 6.4348 | Eval Return: -926.69
Epoch 161/1000: 100% 1000/1000 [00:09<00:00, 100.02it/s, loss=6.4357]
Epoch 162/1000: 100% 1000/1000 [00:10<00:00, 99.44it/s, loss=6.5815] 
Epoch 163/1000: 100% 1000/1000 [00:09<00:00, 101.63it/s, loss=6.6414]
Epoch 164/1000: 100% 1000/1000 [00:09<00:00, 101.14it/s, loss=6.6730]
Epoch 165/1000: 100% 1000/1000 [00:10<00:00, 98.06it/s, loss=6.7122]
Epoch 166/1000: 100% 1000/1000 [00:10<00:00, 98.67it/s, loss=6.6799]
Epoch 167/1000: 100% 1000/1000 [00:09<00:00, 100.49it/s, loss=6.6056]
Epoch 168/1000: 100% 1000/1000 [00:09<00:00, 100.72it/s, loss=6.6199]
Epoch 169/1000: 100% 1000/1000 [00:09<00:00, 102.78it/s, loss=6.5221]
Epoch 170/1000: 100% 1000/1000 [00:09<00:00, 101.93it/s, loss=6.5729]
2025-11-06 19:15:00,460 [INFO] Epoch 170/1000 | Time: 10.68s | Loss: 6.5729 | Eval Return: -980.99
Epoch 171/1000: 100% 1000/1000 [00:09<00:00, 100.49it/s, loss=6.5212]
Epoch 172/1000: 100% 1000/1000 [00:10<00:00, 99.56it/s, loss=6.5166]
Epoch 173/1000: 100% 1000/1000 [00:10<00:00, 98.99it/s, loss=6.5841]
Epoch 174/1000: 100% 1000/1000 [00:10<00:00, 99.41it/s, loss=6.6887]
Epoch 175/1000: 100% 1000/1000 [00:09<00:00, 103.46it/s, loss=6.5396]
Epoch 176/1000: 100% 1000/1000 [00:09<00:00, 101.04it/s, loss=6.5438]
Epoch 177/1000: 100% 1000/1000 [00:10<00:00, 99.13it/s, loss=6.5800]
Epoch 178/1000: 100% 1000/1000 [00:10<00:00, 99.14it/s, loss=6.7275]
Epoch 179/1000: 100% 1000/1000 [00:10<00:00, 98.14it/s, loss=6.5743]
Epoch 180/1000: 100% 1000/1000 [00:10<00:00, 99.57it/s, loss=6.5091]
2025-11-06 19:16:41,459 [INFO] Epoch 180/1000 | Time: 10.91s | Loss: 6.5091 | Eval Return: -858.34
2025-11-06 19:16:41,466 [INFO] New best eval return: -858.34. Saved best model.
Epoch 181/1000: 100% 1000/1000 [00:09<00:00, 100.26it/s, loss=6.5293]
Epoch 182/1000: 100% 1000/1000 [00:09<00:00, 100.75it/s, loss=6.6497]
Epoch 183/1000: 100% 1000/1000 [00:09<00:00, 100.11it/s, loss=6.6905]
Epoch 184/1000: 100% 1000/1000 [00:10<00:00, 99.13it/s, loss=6.4505]
Epoch 185/1000: 100% 1000/1000 [00:10<00:00, 98.59it/s, loss=6.4798]
Epoch 186/1000: 100% 1000/1000 [00:10<00:00, 98.36it/s, loss=6.6106] 
Epoch 187/1000: 100% 1000/1000 [00:09<00:00, 102.72it/s, loss=6.6727]
Epoch 188/1000: 100% 1000/1000 [00:09<00:00, 101.00it/s, loss=6.6622]
Epoch 189/1000: 100% 1000/1000 [00:09<00:00, 100.66it/s, loss=6.5202]
Epoch 190/1000: 100% 1000/1000 [00:09<00:00, 101.01it/s, loss=6.5392]
2025-11-06 19:18:22,085 [INFO] Epoch 190/1000 | Time: 10.76s | Loss: 6.5392 | Eval Return: -701.01
2025-11-06 19:18:22,091 [INFO] New best eval return: -701.01. Saved best model.
Epoch 191/1000: 100% 1000/1000 [00:09<00:00, 100.25it/s, loss=6.7532]
Epoch 192/1000: 100% 1000/1000 [00:09<00:00, 101.13it/s, loss=6.7929]
Epoch 193/1000: 100% 1000/1000 [00:09<00:00, 107.11it/s, loss=6.6542]
Epoch 194/1000: 100% 1000/1000 [00:09<00:00, 101.00it/s, loss=6.6108]
Epoch 195/1000: 100% 1000/1000 [00:09<00:00, 101.06it/s, loss=6.6479]
Epoch 196/1000: 100% 1000/1000 [00:09<00:00, 100.28it/s, loss=6.7001]
Epoch 197/1000: 100% 1000/1000 [00:10<00:00, 98.26it/s, loss=6.7510]
Epoch 198/1000: 100% 1000/1000 [00:09<00:00, 102.89it/s, loss=6.8665]
Epoch 199/1000: 100% 1000/1000 [00:09<00:00, 103.33it/s, loss=6.8660]
Epoch 200/1000: 100% 1000/1000 [00:09<00:00, 100.60it/s, loss=6.7808]
2025-11-06 19:20:01,456 [INFO] Epoch 200/1000 | Time: 10.82s | Loss: 6.7808 | Eval Return: -842.94
Epoch 201/1000: 100% 1000/1000 [00:09<00:00, 101.26it/s, loss=6.7114]
Epoch 202/1000: 100% 1000/1000 [00:09<00:00, 101.00it/s, loss=6.8338]
Epoch 203/1000: 100% 1000/1000 [00:09<00:00, 101.86it/s, loss=7.0768]
Epoch 204/1000: 100% 1000/1000 [00:09<00:00, 104.89it/s, loss=6.8780]
Epoch 205/1000: 100% 1000/1000 [00:09<00:00, 103.63it/s, loss=6.7762]
Epoch 206/1000: 100% 1000/1000 [00:09<00:00, 101.36it/s, loss=6.8200]
Epoch 207/1000: 100% 1000/1000 [00:09<00:00, 101.72it/s, loss=6.8738]
Epoch 208/1000: 100% 1000/1000 [00:09<00:00, 102.19it/s, loss=6.8275]
Epoch 209/1000: 100% 1000/1000 [00:09<00:00, 104.54it/s, loss=6.9073]
Epoch 210/1000: 100% 1000/1000 [00:09<00:00, 104.57it/s, loss=6.6931]
2025-11-06 19:21:39,719 [INFO] Epoch 210/1000 | Time: 10.43s | Loss: 6.6931 | Eval Return: -925.47
Epoch 211/1000: 100% 1000/1000 [00:09<00:00, 102.01it/s, loss=6.9245]
Epoch 212/1000: 100% 1000/1000 [00:09<00:00, 102.03it/s, loss=6.8332]
Epoch 213/1000: 100% 1000/1000 [00:09<00:00, 102.29it/s, loss=6.7151]
Epoch 214/1000: 100% 1000/1000 [00:09<00:00, 102.22it/s, loss=6.8697]
Epoch 215/1000: 100% 1000/1000 [00:09<00:00, 107.53it/s, loss=6.9783]
Epoch 216/1000: 100% 1000/1000 [00:09<00:00, 102.21it/s, loss=6.9758]
Epoch 217/1000: 100% 1000/1000 [00:09<00:00, 101.62it/s, loss=7.0458]
Epoch 218/1000: 100% 1000/1000 [00:09<00:00, 101.63it/s, loss=7.1598]
Epoch 219/1000: 100% 1000/1000 [00:09<00:00, 101.81it/s, loss=6.8770]
Epoch 220/1000: 100% 1000/1000 [00:09<00:00, 108.26it/s, loss=6.7740]
2025-11-06 19:23:17,833 [INFO] Epoch 220/1000 | Time: 10.36s | Loss: 6.7740 | Eval Return: -976.93
Epoch 221/1000: 100% 1000/1000 [00:09<00:00, 104.57it/s, loss=6.9341]
Epoch 222/1000: 100% 1000/1000 [00:09<00:00, 101.54it/s, loss=6.9114]
Epoch 223/1000: 100% 1000/1000 [00:09<00:00, 101.79it/s, loss=6.9957]
Epoch 224/1000: 100% 1000/1000 [00:09<00:00, 102.90it/s, loss=6.8317]
Epoch 225/1000: 100% 1000/1000 [00:09<00:00, 103.11it/s, loss=6.8226]
Epoch 226/1000: 100% 1000/1000 [00:09<00:00, 106.37it/s, loss=6.8671]
Epoch 227/1000: 100% 1000/1000 [00:09<00:00, 102.71it/s, loss=6.9689]
Epoch 228/1000: 100% 1000/1000 [00:09<00:00, 100.08it/s, loss=6.9402]
Epoch 229/1000: 100% 1000/1000 [00:09<00:00, 100.02it/s, loss=7.0245]
Epoch 230/1000: 100% 1000/1000 [00:09<00:00, 101.31it/s, loss=6.8687]
2025-11-06 19:24:56,365 [INFO] Epoch 230/1000 | Time: 10.75s | Loss: 6.8687 | Eval Return: -774.63
Epoch 231/1000: 100% 1000/1000 [00:09<00:00, 103.89it/s, loss=6.8873]
Epoch 232/1000: 100% 1000/1000 [00:09<00:00, 103.59it/s, loss=6.7926]
Epoch 233/1000: 100% 1000/1000 [00:09<00:00, 102.03it/s, loss=6.9133]
Epoch 234/1000: 100% 1000/1000 [00:09<00:00, 101.33it/s, loss=6.7465]
Epoch 235/1000: 100% 1000/1000 [00:09<00:00, 101.36it/s, loss=7.0824]
Epoch 236/1000: 100% 1000/1000 [00:09<00:00, 104.37it/s, loss=6.8390]
Epoch 237/1000: 100% 1000/1000 [00:09<00:00, 104.16it/s, loss=6.9371]
Epoch 238/1000: 100% 1000/1000 [00:09<00:00, 100.58it/s, loss=6.8722]
Epoch 239/1000: 100% 1000/1000 [00:09<00:00, 102.31it/s, loss=6.9668]
Epoch 240/1000: 100% 1000/1000 [00:09<00:00, 101.43it/s, loss=6.8140]
2025-11-06 19:26:34,810 [INFO] Epoch 240/1000 | Time: 10.73s | Loss: 6.8140 | Eval Return: -809.83
Epoch 241/1000: 100% 1000/1000 [00:09<00:00, 101.00it/s, loss=6.9581]
Epoch 242/1000: 100% 1000/1000 [00:09<00:00, 105.06it/s, loss=6.8407]
Epoch 243/1000: 100% 1000/1000 [00:09<00:00, 102.77it/s, loss=6.8687]
Epoch 244/1000: 100% 1000/1000 [00:09<00:00, 102.28it/s, loss=6.9866]
Epoch 245/1000: 100% 1000/1000 [00:09<00:00, 101.19it/s, loss=7.0524]
Epoch 246/1000: 100% 1000/1000 [00:09<00:00, 101.90it/s, loss=6.8987]
Epoch 247/1000: 100% 1000/1000 [00:09<00:00, 105.34it/s, loss=6.9126]
Epoch 248/1000: 100% 1000/1000 [00:09<00:00, 103.17it/s, loss=6.9902]
Epoch 249/1000: 100% 1000/1000 [00:09<00:00, 102.24it/s, loss=6.9035]
Epoch 250/1000: 100% 1000/1000 [00:09<00:00, 101.73it/s, loss=7.1411]
2025-11-06 19:28:13,063 [INFO] Epoch 250/1000 | Time: 10.66s | Loss: 7.1411 | Eval Return: -711.80
Epoch 251/1000: 100% 1000/1000 [00:09<00:00, 101.95it/s, loss=7.1792]
Epoch 252/1000: 100% 1000/1000 [00:09<00:00, 101.50it/s, loss=7.0848]
Epoch 253/1000: 100% 1000/1000 [00:09<00:00, 107.08it/s, loss=6.9843]
Epoch 254/1000: 100% 1000/1000 [00:09<00:00, 101.94it/s, loss=6.9823]
Epoch 255/1000: 100% 1000/1000 [00:09<00:00, 101.88it/s, loss=7.0505]
Epoch 256/1000: 100% 1000/1000 [00:09<00:00, 102.38it/s, loss=7.0874]
Epoch 257/1000: 100% 1000/1000 [00:09<00:00, 103.34it/s, loss=7.0365]
Epoch 258/1000: 100% 1000/1000 [00:09<00:00, 107.06it/s, loss=6.9660]
Epoch 259/1000: 100% 1000/1000 [00:09<00:00, 101.16it/s, loss=6.7818]
Epoch 260/1000: 100% 1000/1000 [00:09<00:00, 100.25it/s, loss=6.9288]
2025-11-06 19:29:51,189 [INFO] Epoch 260/1000 | Time: 10.82s | Loss: 6.9288 | Eval Return: -735.96
Epoch 261/1000: 100% 1000/1000 [00:09<00:00, 102.43it/s, loss=7.0715]
Epoch 262/1000: 100% 1000/1000 [00:09<00:00, 101.14it/s, loss=7.1933]
Epoch 263/1000: 100% 1000/1000 [00:09<00:00, 104.00it/s, loss=6.9669]
Epoch 264/1000: 100% 1000/1000 [00:09<00:00, 105.88it/s, loss=6.9694]
Epoch 265/1000: 100% 1000/1000 [00:09<00:00, 101.70it/s, loss=7.0055]
Epoch 266/1000: 100% 1000/1000 [00:09<00:00, 102.14it/s, loss=6.8947]
Epoch 267/1000: 100% 1000/1000 [00:09<00:00, 102.56it/s, loss=6.8465]
Epoch 268/1000: 100% 1000/1000 [00:09<00:00, 102.33it/s, loss=6.9493]
Epoch 269/1000: 100% 1000/1000 [00:09<00:00, 108.25it/s, loss=7.0699]
Epoch 270/1000: 100% 1000/1000 [00:09<00:00, 103.28it/s, loss=7.1504]
2025-11-06 19:31:28,831 [INFO] Epoch 270/1000 | Time: 10.55s | Loss: 7.1504 | Eval Return: -819.36
Epoch 271/1000: 100% 1000/1000 [00:09<00:00, 101.86it/s, loss=7.3017]
Epoch 272/1000: 100% 1000/1000 [00:09<00:00, 102.62it/s, loss=7.2144]
Epoch 273/1000: 100% 1000/1000 [00:09<00:00, 103.25it/s, loss=7.1520]
Epoch 274/1000: 100% 1000/1000 [00:09<00:00, 108.96it/s, loss=6.9784]
Epoch 275/1000: 100% 1000/1000 [00:09<00:00, 102.36it/s, loss=7.3661]
Epoch 276/1000: 100% 1000/1000 [00:09<00:00, 102.05it/s, loss=7.4346]
Epoch 277/1000: 100% 1000/1000 [00:09<00:00, 101.95it/s, loss=7.3990]
Epoch 278/1000: 100% 1000/1000 [00:09<00:00, 102.25it/s, loss=7.1405]
Epoch 279/1000: 100% 1000/1000 [00:09<00:00, 108.24it/s, loss=6.9344]
Epoch 280/1000: 100% 1000/1000 [00:09<00:00, 101.77it/s, loss=7.0311]
2025-11-06 19:33:06,339 [INFO] Epoch 280/1000 | Time: 10.68s | Loss: 7.0311 | Eval Return: -825.83
Epoch 281/1000: 100% 1000/1000 [00:09<00:00, 103.19it/s, loss=7.0414]
Epoch 282/1000: 100% 1000/1000 [00:09<00:00, 102.87it/s, loss=7.3304]
Epoch 283/1000: 100% 1000/1000 [00:09<00:00, 102.06it/s, loss=7.2468]
Epoch 284/1000: 100% 1000/1000 [00:09<00:00, 105.10it/s, loss=6.9790]
Epoch 285/1000: 100% 1000/1000 [00:09<00:00, 105.85it/s, loss=7.0814]
Epoch 286/1000: 100% 1000/1000 [00:09<00:00, 102.82it/s, loss=7.3153]
Epoch 287/1000: 100% 1000/1000 [00:09<00:00, 102.84it/s, loss=7.2245]
Epoch 288/1000: 100% 1000/1000 [00:09<00:00, 102.73it/s, loss=7.1224]
Epoch 289/1000: 100% 1000/1000 [00:09<00:00, 102.63it/s, loss=7.1979]
Epoch 290/1000: 100% 1000/1000 [00:09<00:00, 106.78it/s, loss=7.2746]
2025-11-06 19:34:43,670 [INFO] Epoch 290/1000 | Time: 10.23s | Loss: 7.2746 | Eval Return: -674.20
2025-11-06 19:34:43,676 [INFO] New best eval return: -674.20. Saved best model.
Epoch 291/1000: 100% 1000/1000 [00:09<00:00, 101.63it/s, loss=7.3695]
Epoch 292/1000: 100% 1000/1000 [00:09<00:00, 100.64it/s, loss=7.0308]
Epoch 293/1000: 100% 1000/1000 [00:09<00:00, 103.00it/s, loss=7.0655]
Epoch 294/1000: 100% 1000/1000 [00:09<00:00, 103.24it/s, loss=7.0423]
Epoch 295/1000: 100% 1000/1000 [00:09<00:00, 107.34it/s, loss=7.1697]
Epoch 296/1000: 100% 1000/1000 [00:09<00:00, 102.39it/s, loss=7.3437]
Epoch 297/1000: 100% 1000/1000 [00:09<00:00, 102.79it/s, loss=7.1690]
Epoch 298/1000: 100% 1000/1000 [00:09<00:00, 103.00it/s, loss=7.1395]
Epoch 299/1000: 100% 1000/1000 [00:09<00:00, 102.84it/s, loss=7.0293]
Epoch 300/1000: 100% 1000/1000 [00:09<00:00, 108.63it/s, loss=7.2066]
2025-11-06 19:36:21,399 [INFO] Epoch 300/1000 | Time: 10.30s | Loss: 7.2066 | Eval Return: -579.74
2025-11-06 19:36:21,408 [INFO] New best eval return: -579.74. Saved best model.
Epoch 301/1000: 100% 1000/1000 [00:09<00:00, 106.00it/s, loss=7.3146]
Epoch 302/1000: 100% 1000/1000 [00:09<00:00, 101.80it/s, loss=7.2253]
Epoch 303/1000: 100% 1000/1000 [00:09<00:00, 103.01it/s, loss=7.2704]
Epoch 304/1000: 100% 1000/1000 [00:09<00:00, 103.33it/s, loss=7.1967]
Epoch 305/1000: 100% 1000/1000 [00:09<00:00, 104.82it/s, loss=7.4719]
Epoch 306/1000: 100% 1000/1000 [00:09<00:00, 105.37it/s, loss=7.2906]
Epoch 307/1000: 100% 1000/1000 [00:09<00:00, 102.78it/s, loss=7.3104]
Epoch 308/1000: 100% 1000/1000 [00:09<00:00, 101.81it/s, loss=7.1877]
Epoch 309/1000: 100% 1000/1000 [00:09<00:00, 102.52it/s, loss=7.2615]
Epoch 310/1000: 100% 1000/1000 [00:09<00:00, 105.86it/s, loss=7.3151]
2025-11-06 19:37:58,915 [INFO] Epoch 310/1000 | Time: 10.52s | Loss: 7.3151 | Eval Return: -676.34
Epoch 311/1000: 100% 1000/1000 [00:09<00:00, 108.03it/s, loss=7.4298]
Epoch 312/1000: 100% 1000/1000 [00:09<00:00, 102.83it/s, loss=7.3641]
Epoch 313/1000: 100% 1000/1000 [00:09<00:00, 102.52it/s, loss=7.3301]
Epoch 314/1000: 100% 1000/1000 [00:09<00:00, 101.14it/s, loss=7.2134]
Epoch 315/1000: 100% 1000/1000 [00:09<00:00, 101.81it/s, loss=7.2861]
Epoch 316/1000: 100% 1000/1000 [00:09<00:00, 108.39it/s, loss=7.4981]
Epoch 317/1000: 100% 1000/1000 [00:09<00:00, 101.79it/s, loss=7.3751]
Epoch 318/1000: 100% 1000/1000 [00:09<00:00, 103.73it/s, loss=7.4021]
Epoch 319/1000: 100% 1000/1000 [00:09<00:00, 102.90it/s, loss=7.3501]
Epoch 320/1000: 100% 1000/1000 [00:09<00:00, 101.81it/s, loss=7.3909]
2025-11-06 19:39:36,438 [INFO] Epoch 320/1000 | Time: 10.67s | Loss: 7.3909 | Eval Return: -576.37
2025-11-06 19:39:36,444 [INFO] New best eval return: -576.37. Saved best model.
Epoch 321/1000: 100% 1000/1000 [00:09<00:00, 104.50it/s, loss=7.3993]
Epoch 322/1000: 100% 1000/1000 [00:09<00:00, 104.42it/s, loss=7.4018]
Epoch 323/1000: 100% 1000/1000 [00:09<00:00, 100.89it/s, loss=7.4523]
Epoch 324/1000: 100% 1000/1000 [00:09<00:00, 101.18it/s, loss=7.4202]
Epoch 325/1000: 100% 1000/1000 [00:09<00:00, 102.39it/s, loss=7.4616]
Epoch 326/1000: 100% 1000/1000 [00:09<00:00, 103.03it/s, loss=7.6621]
Epoch 327/1000: 100% 1000/1000 [00:09<00:00, 106.58it/s, loss=7.4874]
Epoch 328/1000: 100% 1000/1000 [00:09<00:00, 102.07it/s, loss=7.2965]
Epoch 329/1000: 100% 1000/1000 [00:09<00:00, 102.71it/s, loss=7.3667]
Epoch 330/1000: 100% 1000/1000 [00:09<00:00, 103.21it/s, loss=7.4248]
2025-11-06 19:41:14,308 [INFO] Epoch 330/1000 | Time: 10.53s | Loss: 7.4248 | Eval Return: -611.22
Epoch 331/1000: 100% 1000/1000 [00:10<00:00, 99.71it/s, loss=7.4877]
Epoch 332/1000: 100% 1000/1000 [00:09<00:00, 105.49it/s, loss=7.5295]
Epoch 333/1000: 100% 1000/1000 [00:09<00:00, 102.42it/s, loss=7.4312]
Epoch 334/1000: 100% 1000/1000 [00:09<00:00, 102.56it/s, loss=7.5083]
Epoch 335/1000: 100% 1000/1000 [00:09<00:00, 102.27it/s, loss=7.3957]
Epoch 336/1000: 100% 1000/1000 [00:09<00:00, 102.67it/s, loss=7.4944]
Epoch 337/1000: 100% 1000/1000 [00:09<00:00, 107.55it/s, loss=7.4652]
Epoch 338/1000: 100% 1000/1000 [00:09<00:00, 104.33it/s, loss=7.4911]
Epoch 339/1000: 100% 1000/1000 [00:09<00:00, 102.16it/s, loss=7.5418]
Epoch 340/1000: 100% 1000/1000 [00:09<00:00, 103.90it/s, loss=7.4365]
2025-11-06 19:42:52,005 [INFO] Epoch 340/1000 | Time: 10.48s | Loss: 7.4365 | Eval Return: -410.44
2025-11-06 19:42:52,012 [INFO] New best eval return: -410.44. Saved best model.
Epoch 341/1000: 100% 1000/1000 [00:10<00:00, 98.81it/s, loss=7.4618]
Epoch 342/1000: 100% 1000/1000 [00:10<00:00, 98.07it/s, loss=7.5007]
Epoch 343/1000: 100% 1000/1000 [00:09<00:00, 105.71it/s, loss=7.3926]
Epoch 344/1000: 100% 1000/1000 [00:09<00:00, 101.37it/s, loss=7.4450]
Epoch 345/1000: 100% 1000/1000 [00:09<00:00, 100.72it/s, loss=7.3449]
Epoch 346/1000: 100% 1000/1000 [00:09<00:00, 100.44it/s, loss=7.3978]
Epoch 347/1000: 100% 1000/1000 [00:09<00:00, 102.02it/s, loss=7.3251]
Epoch 348/1000: 100% 1000/1000 [00:09<00:00, 105.52it/s, loss=7.5078]
Epoch 349/1000: 100% 1000/1000 [00:09<00:00, 103.95it/s, loss=7.3824]
Epoch 350/1000: 100% 1000/1000 [00:09<00:00, 102.13it/s, loss=7.5384]
2025-11-06 19:44:31,076 [INFO] Epoch 350/1000 | Time: 10.64s | Loss: 7.5384 | Eval Return: -643.43
Epoch 351/1000: 100% 1000/1000 [00:09<00:00, 102.23it/s, loss=7.5658]
Epoch 352/1000: 100% 1000/1000 [00:09<00:00, 101.65it/s, loss=7.6192]
Epoch 353/1000: 100% 1000/1000 [00:09<00:00, 102.13it/s, loss=7.5720]
Epoch 354/1000: 100% 1000/1000 [00:09<00:00, 107.08it/s, loss=7.6064]
Epoch 355/1000: 100% 1000/1000 [00:09<00:00, 101.11it/s, loss=7.5746]
Epoch 356/1000: 100% 1000/1000 [00:09<00:00, 102.21it/s, loss=7.4935]
Epoch 357/1000: 100% 1000/1000 [00:09<00:00, 102.03it/s, loss=7.5551]
Epoch 358/1000: 100% 1000/1000 [00:09<00:00, 101.12it/s, loss=7.5232]
Epoch 359/1000: 100% 1000/1000 [00:09<00:00, 107.42it/s, loss=7.3959]
Epoch 360/1000: 100% 1000/1000 [00:09<00:00, 101.14it/s, loss=7.4440]
2025-11-06 19:46:09,245 [INFO] Epoch 360/1000 | Time: 10.74s | Loss: 7.4440 | Eval Return: -436.61
Epoch 361/1000: 100% 1000/1000 [00:09<00:00, 103.05it/s, loss=7.4576]
Epoch 362/1000: 100% 1000/1000 [00:09<00:00, 102.03it/s, loss=7.6044]
Epoch 363/1000: 100% 1000/1000 [00:09<00:00, 101.92it/s, loss=7.7016]
Epoch 364/1000: 100% 1000/1000 [00:09<00:00, 105.73it/s, loss=7.4894]
Epoch 365/1000: 100% 1000/1000 [00:09<00:00, 104.31it/s, loss=7.3622]
Epoch 366/1000: 100% 1000/1000 [00:09<00:00, 102.79it/s, loss=7.3546]
Epoch 367/1000: 100% 1000/1000 [00:09<00:00, 102.33it/s, loss=7.5462]
Epoch 368/1000: 100% 1000/1000 [00:09<00:00, 102.79it/s, loss=7.5005]
Epoch 369/1000: 100% 1000/1000 [00:09<00:00, 103.80it/s, loss=7.3434]
Epoch 370/1000: 100% 1000/1000 [00:09<00:00, 103.65it/s, loss=7.4391]
2025-11-06 19:47:46,976 [INFO] Epoch 370/1000 | Time: 10.50s | Loss: 7.4391 | Eval Return: -414.68
Epoch 371/1000: 100% 1000/1000 [00:09<00:00, 102.45it/s, loss=7.5710]
Epoch 372/1000: 100% 1000/1000 [00:09<00:00, 101.28it/s, loss=7.5008]
Epoch 373/1000: 100% 1000/1000 [00:09<00:00, 102.60it/s, loss=7.4502]
Epoch 374/1000: 100% 1000/1000 [00:09<00:00, 101.75it/s, loss=7.4562]
Epoch 375/1000: 100% 1000/1000 [00:09<00:00, 107.92it/s, loss=7.4064]
Epoch 376/1000: 100% 1000/1000 [00:09<00:00, 101.39it/s, loss=7.5318]
Epoch 377/1000: 100% 1000/1000 [00:09<00:00, 102.15it/s, loss=7.5394]
Epoch 378/1000: 100% 1000/1000 [00:09<00:00, 102.17it/s, loss=7.4324]
Epoch 379/1000: 100% 1000/1000 [00:09<00:00, 101.15it/s, loss=7.3704]
Epoch 380/1000: 100% 1000/1000 [00:09<00:00, 108.27it/s, loss=7.4159]
2025-11-06 19:49:25,158 [INFO] Epoch 380/1000 | Time: 10.38s | Loss: 7.4159 | Eval Return: -692.29
Epoch 381/1000: 100% 1000/1000 [00:09<00:00, 104.87it/s, loss=7.5658]
Epoch 382/1000: 100% 1000/1000 [00:09<00:00, 101.53it/s, loss=7.3245]
Epoch 383/1000: 100% 1000/1000 [00:09<00:00, 101.50it/s, loss=7.4335]
Epoch 384/1000: 100% 1000/1000 [00:09<00:00, 102.13it/s, loss=7.5066]
Epoch 385/1000: 100% 1000/1000 [00:09<00:00, 104.79it/s, loss=7.4804]
Epoch 386/1000: 100% 1000/1000 [00:09<00:00, 103.96it/s, loss=7.4882]
Epoch 387/1000: 100% 1000/1000 [00:09<00:00, 101.32it/s, loss=7.5389]
Epoch 388/1000: 100% 1000/1000 [00:09<00:00, 101.43it/s, loss=7.4058]
Epoch 389/1000: 100% 1000/1000 [00:09<00:00, 102.00it/s, loss=7.3248]
Epoch 390/1000: 100% 1000/1000 [00:09<00:00, 103.62it/s, loss=7.4611]
2025-11-06 19:51:03,484 [INFO] Epoch 390/1000 | Time: 10.60s | Loss: 7.4611 | Eval Return: -346.82
2025-11-06 19:51:03,494 [INFO] New best eval return: -346.82. Saved best model.
Epoch 391/1000: 100% 1000/1000 [00:09<00:00, 106.99it/s, loss=7.4797]
Epoch 392/1000: 100% 1000/1000 [00:09<00:00, 102.62it/s, loss=7.5833]
Epoch 393/1000: 100% 1000/1000 [00:09<00:00, 101.08it/s, loss=7.4621]
Epoch 394/1000: 100% 1000/1000 [00:09<00:00, 101.47it/s, loss=7.6235]
Epoch 395/1000: 100% 1000/1000 [00:09<00:00, 101.96it/s, loss=7.6137]
Epoch 396/1000: 100% 1000/1000 [00:09<00:00, 105.20it/s, loss=7.6164]
Epoch 397/1000: 100% 1000/1000 [00:09<00:00, 103.73it/s, loss=7.4195]
Epoch 398/1000: 100% 1000/1000 [00:09<00:00, 103.01it/s, loss=7.5116]
Epoch 399/1000: 100% 1000/1000 [00:09<00:00, 102.05it/s, loss=7.4908]
Epoch 400/1000: 100% 1000/1000 [00:09<00:00, 102.54it/s, loss=7.6437]
2025-11-06 19:52:41,423 [INFO] Epoch 400/1000 | Time: 10.62s | Loss: 7.6437 | Eval Return: -401.06
Epoch 401/1000: 100% 1000/1000 [00:09<00:00, 103.09it/s, loss=7.6529]
Epoch 402/1000: 100% 1000/1000 [00:09<00:00, 106.36it/s, loss=7.8982]
Epoch 403/1000: 100% 1000/1000 [00:09<00:00, 101.63it/s, loss=7.7158]
Epoch 404/1000: 100% 1000/1000 [00:09<00:00, 102.56it/s, loss=7.8096]
Epoch 405/1000: 100% 1000/1000 [00:09<00:00, 102.14it/s, loss=7.7551]
Epoch 406/1000: 100% 1000/1000 [00:09<00:00, 102.22it/s, loss=7.6843]
Epoch 407/1000: 100% 1000/1000 [00:09<00:00, 106.16it/s, loss=7.6186]
Epoch 408/1000: 100% 1000/1000 [00:09<00:00, 102.27it/s, loss=7.4491]
Epoch 409/1000: 100% 1000/1000 [00:09<00:00, 101.93it/s, loss=7.4265]
Epoch 410/1000: 100% 1000/1000 [00:09<00:00, 101.89it/s, loss=7.7719]
2025-11-06 19:54:19,386 [INFO] Epoch 410/1000 | Time: 10.68s | Loss: 7.7719 | Eval Return: -310.31
2025-11-06 19:54:19,392 [INFO] New best eval return: -310.31. Saved best model.
Epoch 411/1000: 100% 1000/1000 [00:09<00:00, 102.32it/s, loss=7.7859]
Epoch 412/1000: 100% 1000/1000 [00:09<00:00, 105.69it/s, loss=7.6782]
Epoch 413/1000: 100% 1000/1000 [00:09<00:00, 102.10it/s, loss=7.5622]
Epoch 414/1000: 100% 1000/1000 [00:09<00:00, 103.05it/s, loss=7.5019]
Epoch 415/1000: 100% 1000/1000 [00:09<00:00, 102.05it/s, loss=7.6651]
Epoch 416/1000: 100% 1000/1000 [00:09<00:00, 101.44it/s, loss=7.6244]
Epoch 417/1000: 100% 1000/1000 [00:09<00:00, 104.82it/s, loss=7.4683]
Epoch 418/1000: 100% 1000/1000 [00:09<00:00, 103.85it/s, loss=7.5637]
Epoch 419/1000: 100% 1000/1000 [00:09<00:00, 100.18it/s, loss=7.5482]
Epoch 420/1000: 100% 1000/1000 [00:09<00:00, 102.70it/s, loss=7.6830]
2025-11-06 19:55:57,521 [INFO] Epoch 420/1000 | Time: 10.58s | Loss: 7.6830 | Eval Return: -316.58
Epoch 421/1000: 100% 1000/1000 [00:09<00:00, 102.85it/s, loss=7.7718]
Epoch 422/1000: 100% 1000/1000 [00:09<00:00, 101.54it/s, loss=7.7612]
Epoch 423/1000: 100% 1000/1000 [00:09<00:00, 107.49it/s, loss=7.6777]
Epoch 424/1000: 100% 1000/1000 [00:09<00:00, 101.05it/s, loss=7.5240]
Epoch 425/1000: 100% 1000/1000 [00:09<00:00, 100.31it/s, loss=7.6667]
Epoch 426/1000: 100% 1000/1000 [00:09<00:00, 101.32it/s, loss=7.7903]
Epoch 427/1000: 100% 1000/1000 [00:09<00:00, 101.67it/s, loss=7.7458]
Epoch 428/1000: 100% 1000/1000 [00:09<00:00, 105.95it/s, loss=7.8038]
Epoch 429/1000: 100% 1000/1000 [00:09<00:00, 101.70it/s, loss=7.5195]
Epoch 430/1000: 100% 1000/1000 [00:09<00:00, 102.75it/s, loss=7.7080]
2025-11-06 19:57:35,829 [INFO] Epoch 430/1000 | Time: 10.59s | Loss: 7.7080 | Eval Return: -256.94
2025-11-06 19:57:35,835 [INFO] New best eval return: -256.94. Saved best model.
Epoch 431/1000: 100% 1000/1000 [00:09<00:00, 101.42it/s, loss=7.7435]
Epoch 432/1000: 100% 1000/1000 [00:09<00:00, 102.29it/s, loss=7.8254]
Epoch 433/1000: 100% 1000/1000 [00:09<00:00, 102.08it/s, loss=7.7977]
Epoch 434/1000: 100% 1000/1000 [00:09<00:00, 105.69it/s, loss=7.7264]
Epoch 435/1000: 100% 1000/1000 [00:09<00:00, 101.42it/s, loss=7.7084]
Epoch 436/1000: 100% 1000/1000 [00:09<00:00, 101.53it/s, loss=7.9640]
Epoch 437/1000: 100% 1000/1000 [00:09<00:00, 101.40it/s, loss=7.8607]
Epoch 438/1000: 100% 1000/1000 [00:09<00:00, 101.66it/s, loss=7.7008]
Epoch 439/1000: 100% 1000/1000 [00:09<00:00, 107.30it/s, loss=7.8126]
Epoch 440/1000: 100% 1000/1000 [00:09<00:00, 100.42it/s, loss=7.9398]
2025-11-06 19:59:14,305 [INFO] Epoch 440/1000 | Time: 10.85s | Loss: 7.9398 | Eval Return: -295.95
Epoch 441/1000: 100% 1000/1000 [00:09<00:00, 101.85it/s, loss=7.7529]
Epoch 442/1000: 100% 1000/1000 [00:09<00:00, 101.21it/s, loss=7.7733]
Epoch 443/1000: 100% 1000/1000 [00:09<00:00, 100.28it/s, loss=7.6649]
Epoch 444/1000: 100% 1000/1000 [00:09<00:00, 104.37it/s, loss=7.6338]
Epoch 445/1000: 100% 1000/1000 [00:09<00:00, 103.51it/s, loss=7.8083]
Epoch 446/1000: 100% 1000/1000 [00:09<00:00, 101.25it/s, loss=7.9810]
Epoch 447/1000: 100% 1000/1000 [00:09<00:00, 102.40it/s, loss=7.8540]
Epoch 448/1000: 100% 1000/1000 [00:09<00:00, 102.22it/s, loss=7.5948]
Epoch 449/1000: 100% 1000/1000 [00:09<00:00, 102.77it/s, loss=7.6878]
Epoch 450/1000: 100% 1000/1000 [00:09<00:00, 104.04it/s, loss=7.6665]
2025-11-06 20:00:52,855 [INFO] Epoch 450/1000 | Time: 10.48s | Loss: 7.6665 | Eval Return: -316.73
Epoch 451/1000: 100% 1000/1000 [00:09<00:00, 101.76it/s, loss=7.6785]
Epoch 452/1000: 100% 1000/1000 [00:09<00:00, 101.71it/s, loss=7.7801]
Epoch 453/1000: 100% 1000/1000 [00:09<00:00, 101.29it/s, loss=7.6079]
Epoch 454/1000: 100% 1000/1000 [00:09<00:00, 101.54it/s, loss=7.5259]
Epoch 455/1000: 100% 1000/1000 [00:09<00:00, 105.61it/s, loss=7.5833]
Epoch 456/1000: 100% 1000/1000 [00:09<00:00, 102.46it/s, loss=7.5253]
Epoch 457/1000: 100% 1000/1000 [00:09<00:00, 102.24it/s, loss=7.6554]
Epoch 458/1000: 100% 1000/1000 [00:09<00:00, 101.62it/s, loss=7.5575]
Epoch 459/1000: 100% 1000/1000 [00:09<00:00, 102.32it/s, loss=7.6109]
Epoch 460/1000: 100% 1000/1000 [00:09<00:00, 106.80it/s, loss=7.6834]
2025-11-06 20:02:31,369 [INFO] Epoch 460/1000 | Time: 10.50s | Loss: 7.6834 | Eval Return: -464.80
Epoch 461/1000: 100% 1000/1000 [00:09<00:00, 106.35it/s, loss=7.5846]
Epoch 462/1000: 100% 1000/1000 [00:09<00:00, 100.89it/s, loss=7.7420]
Epoch 463/1000: 100% 1000/1000 [00:09<00:00, 102.31it/s, loss=7.7360]
Epoch 464/1000: 100% 1000/1000 [00:09<00:00, 102.16it/s, loss=7.5011]
Epoch 465/1000: 100% 1000/1000 [00:09<00:00, 101.39it/s, loss=7.7031]
Epoch 466/1000: 100% 1000/1000 [00:09<00:00, 107.32it/s, loss=7.5833]
Epoch 467/1000: 100% 1000/1000 [00:09<00:00, 101.80it/s, loss=7.7291]
Epoch 468/1000: 100% 1000/1000 [00:09<00:00, 101.26it/s, loss=7.7840]
Epoch 469/1000: 100% 1000/1000 [00:09<00:00, 102.22it/s, loss=7.8457]
Epoch 470/1000: 100% 1000/1000 [00:09<00:00, 102.10it/s, loss=7.7527]
2025-11-06 20:04:09,580 [INFO] Epoch 470/1000 | Time: 10.67s | Loss: 7.7527 | Eval Return: -321.43
Epoch 471/1000: 100% 1000/1000 [00:09<00:00, 105.96it/s, loss=7.8770]
Epoch 472/1000: 100% 1000/1000 [00:09<00:00, 104.07it/s, loss=7.8032]
Epoch 473/1000: 100% 1000/1000 [00:09<00:00, 101.92it/s, loss=7.8502]
Epoch 474/1000: 100% 1000/1000 [00:09<00:00, 101.25it/s, loss=7.7557]
Epoch 475/1000: 100% 1000/1000 [00:09<00:00, 102.00it/s, loss=7.6742]
Epoch 476/1000: 100% 1000/1000 [00:09<00:00, 106.33it/s, loss=7.8849]
Epoch 477/1000: 100% 1000/1000 [00:09<00:00, 103.84it/s, loss=8.0233]
Epoch 478/1000: 100% 1000/1000 [00:09<00:00, 101.42it/s, loss=7.9404]
Epoch 479/1000: 100% 1000/1000 [00:09<00:00, 101.08it/s, loss=8.1330]
Epoch 480/1000: 100% 1000/1000 [00:09<00:00, 102.08it/s, loss=8.0026]
2025-11-06 20:05:47,597 [INFO] Epoch 480/1000 | Time: 10.69s | Loss: 8.0026 | Eval Return: -493.99
Epoch 481/1000: 100% 1000/1000 [00:09<00:00, 100.32it/s, loss=7.9880]
Epoch 482/1000: 100% 1000/1000 [00:09<00:00, 105.62it/s, loss=7.8454]
Epoch 483/1000: 100% 1000/1000 [00:09<00:00, 101.67it/s, loss=7.8974]
Epoch 484/1000: 100% 1000/1000 [00:09<00:00, 101.90it/s, loss=7.8959]
Epoch 485/1000: 100% 1000/1000 [00:09<00:00, 101.63it/s, loss=7.9728]
Epoch 486/1000: 100% 1000/1000 [00:10<00:00, 97.40it/s, loss=7.8372]
Epoch 487/1000: 100% 1000/1000 [00:10<00:00, 97.56it/s, loss=7.7548]
Epoch 488/1000: 100% 1000/1000 [00:10<00:00, 99.68it/s, loss=7.9689]
Epoch 489/1000: 100% 1000/1000 [00:10<00:00, 94.49it/s, loss=7.9271]
Epoch 490/1000: 100% 1000/1000 [00:11<00:00, 90.50it/s, loss=7.9352]
2025-11-06 20:07:29,646 [INFO] Epoch 490/1000 | Time: 11.99s | Loss: 7.9352 | Eval Return: -434.26
Epoch 491/1000: 100% 1000/1000 [00:10<00:00, 92.64it/s, loss=7.9220]
Epoch 492/1000: 100% 1000/1000 [00:10<00:00, 91.33it/s, loss=7.8327]
Epoch 493/1000: 100% 1000/1000 [00:10<00:00, 91.95it/s, loss=7.7649]
Epoch 494/1000: 100% 1000/1000 [00:10<00:00, 93.35it/s, loss=7.8928]
Epoch 495/1000: 100% 1000/1000 [00:10<00:00, 95.61it/s, loss=7.9651]
Epoch 496/1000: 100% 1000/1000 [00:10<00:00, 95.05it/s, loss=7.9646]
Epoch 497/1000: 100% 1000/1000 [00:10<00:00, 91.64it/s, loss=8.0261]
Epoch 498/1000: 100% 1000/1000 [00:11<00:00, 90.82it/s, loss=7.8245]
Epoch 499/1000: 100% 1000/1000 [00:10<00:00, 92.26it/s, loss=7.9349]
Epoch 500/1000: 100% 1000/1000 [00:10<00:00, 92.21it/s, loss=7.9874]
2025-11-06 20:09:18,500 [INFO] Epoch 500/1000 | Time: 11.78s | Loss: 7.9874 | Eval Return: -238.07
2025-11-06 20:09:18,506 [INFO] New best eval return: -238.07. Saved best model.
Epoch 501/1000: 100% 1000/1000 [00:10<00:00, 93.00it/s, loss=8.1397]
Epoch 502/1000: 100% 1000/1000 [00:10<00:00, 94.69it/s, loss=8.1612]
Epoch 503/1000: 100% 1000/1000 [00:10<00:00, 94.24it/s, loss=8.2265]
Epoch 504/1000: 100% 1000/1000 [00:10<00:00, 96.23it/s, loss=7.8315]
Epoch 505/1000: 100% 1000/1000 [00:10<00:00, 95.76it/s, loss=7.9584]
Epoch 506/1000: 100% 1000/1000 [00:10<00:00, 93.92it/s, loss=8.0682]
Epoch 507/1000: 100% 1000/1000 [00:10<00:00, 93.23it/s, loss=7.9335]
Epoch 508/1000: 100% 1000/1000 [00:10<00:00, 93.05it/s, loss=8.0239]
Epoch 509/1000: 100% 1000/1000 [00:10<00:00, 92.60it/s, loss=7.9739]
Epoch 510/1000: 100% 1000/1000 [00:10<00:00, 92.51it/s, loss=8.1259]
2025-11-06 20:11:05,929 [INFO] Epoch 510/1000 | Time: 11.74s | Loss: 8.1259 | Eval Return: -400.18
Epoch 511/1000: 100% 1000/1000 [00:10<00:00, 92.01it/s, loss=7.9201]
Epoch 512/1000: 100% 1000/1000 [00:10<00:00, 96.84it/s, loss=8.1219]
Epoch 513/1000: 100% 1000/1000 [00:10<00:00, 95.33it/s, loss=8.0474]
Epoch 514/1000: 100% 1000/1000 [00:10<00:00, 91.88it/s, loss=7.9675]
Epoch 515/1000: 100% 1000/1000 [00:10<00:00, 92.70it/s, loss=8.0830]
Epoch 516/1000: 100% 1000/1000 [00:10<00:00, 92.51it/s, loss=8.0578]
Epoch 517/1000: 100% 1000/1000 [00:10<00:00, 92.91it/s, loss=8.0094]
Epoch 518/1000: 100% 1000/1000 [00:10<00:00, 92.54it/s, loss=8.1190]
Epoch 519/1000: 100% 1000/1000 [00:10<00:00, 91.85it/s, loss=8.1558]
Epoch 520/1000: 100% 1000/1000 [00:10<00:00, 95.73it/s, loss=8.2169]
2025-11-06 20:12:54,256 [INFO] Epoch 520/1000 | Time: 11.70s | Loss: 8.2169 | Eval Return: -270.83
Epoch 521/1000: 100% 1000/1000 [00:10<00:00, 97.35it/s, loss=8.1496]
Epoch 522/1000: 100% 1000/1000 [00:10<00:00, 94.44it/s, loss=8.1881]
Epoch 523/1000: 100% 1000/1000 [00:10<00:00, 95.00it/s, loss=8.1623]
Epoch 524/1000: 100% 1000/1000 [00:10<00:00, 94.96it/s, loss=8.1861]
Epoch 525/1000: 100% 1000/1000 [00:10<00:00, 93.94it/s, loss=8.3728]
Epoch 526/1000: 100% 1000/1000 [00:10<00:00, 95.43it/s, loss=8.3910]
Epoch 527/1000: 100% 1000/1000 [00:10<00:00, 95.71it/s, loss=8.4699]
Epoch 528/1000: 100% 1000/1000 [00:10<00:00, 98.61it/s, loss=8.2466]
Epoch 529/1000: 100% 1000/1000 [00:10<00:00, 95.97it/s, loss=8.3346]
Epoch 530/1000: 100% 1000/1000 [00:10<00:00, 95.61it/s, loss=8.2245]
2025-11-06 20:14:39,670 [INFO] Epoch 530/1000 | Time: 11.36s | Loss: 8.2245 | Eval Return: -418.63
Epoch 531/1000: 100% 1000/1000 [00:10<00:00, 94.61it/s, loss=8.0680]
Epoch 532/1000: 100% 1000/1000 [00:10<00:00, 96.48it/s, loss=7.9307]
Epoch 533/1000: 100% 1000/1000 [00:10<00:00, 95.30it/s, loss=8.1613]
Epoch 534/1000: 100% 1000/1000 [00:10<00:00, 94.96it/s, loss=8.2465]
Epoch 535/1000: 100% 1000/1000 [00:10<00:00, 98.63it/s, loss=8.2492]
Epoch 536/1000: 100% 1000/1000 [00:10<00:00, 94.16it/s, loss=8.1767]
Epoch 537/1000: 100% 1000/1000 [00:10<00:00, 94.76it/s, loss=8.1460]
Epoch 538/1000: 100% 1000/1000 [00:10<00:00, 96.11it/s, loss=8.0110]
Epoch 539/1000: 100% 1000/1000 [00:10<00:00, 93.19it/s, loss=8.1414]
Epoch 540/1000: 100% 1000/1000 [00:10<00:00, 92.17it/s, loss=8.5035]
2025-11-06 20:16:25,884 [INFO] Epoch 540/1000 | Time: 11.80s | Loss: 8.5035 | Eval Return: -322.97
Epoch 541/1000: 100% 1000/1000 [00:10<00:00, 94.54it/s, loss=8.3593]
Epoch 542/1000: 100% 1000/1000 [00:10<00:00, 94.37it/s, loss=8.2346]
Epoch 543/1000: 100% 1000/1000 [00:09<00:00, 100.71it/s, loss=8.1607]
Epoch 544/1000: 100% 1000/1000 [00:10<00:00, 94.97it/s, loss=8.3352]
Epoch 545/1000: 100% 1000/1000 [00:10<00:00, 95.60it/s, loss=8.4883]
Epoch 546/1000: 100% 1000/1000 [00:10<00:00, 95.40it/s, loss=8.4308]
Epoch 547/1000: 100% 1000/1000 [00:10<00:00, 94.39it/s, loss=8.2371]
Epoch 548/1000: 100% 1000/1000 [00:10<00:00, 95.04it/s, loss=8.2031]
Epoch 549/1000: 100% 1000/1000 [00:10<00:00, 95.14it/s, loss=8.0854]
Epoch 550/1000: 100% 1000/1000 [00:10<00:00, 98.71it/s, loss=8.2088]
2025-11-06 20:18:11,309 [INFO] Epoch 550/1000 | Time: 11.22s | Loss: 8.2088 | Eval Return: -259.56
Epoch 551/1000: 100% 1000/1000 [00:10<00:00, 96.44it/s, loss=8.3723]
Epoch 552/1000: 100% 1000/1000 [00:10<00:00, 95.76it/s, loss=8.1577]
Epoch 553/1000: 100% 1000/1000 [00:10<00:00, 93.62it/s, loss=7.9012]
Epoch 554/1000: 100% 1000/1000 [00:10<00:00, 95.47it/s, loss=7.8382]
Epoch 555/1000: 100% 1000/1000 [00:10<00:00, 95.65it/s, loss=7.9003]
Epoch 556/1000: 100% 1000/1000 [00:10<00:00, 96.43it/s, loss=7.8521]
Epoch 557/1000: 100% 1000/1000 [00:09<00:00, 100.05it/s, loss=7.9716]
Epoch 558/1000: 100% 1000/1000 [00:10<00:00, 96.07it/s, loss=7.9541]
Epoch 559/1000: 100% 1000/1000 [00:10<00:00, 95.71it/s, loss=7.8972]
Epoch 560/1000: 100% 1000/1000 [00:10<00:00, 95.11it/s, loss=7.8787]
2025-11-06 20:19:56,372 [INFO] Epoch 560/1000 | Time: 11.40s | Loss: 7.8787 | Eval Return: -233.56
2025-11-06 20:19:56,378 [INFO] New best eval return: -233.56. Saved best model.
Epoch 561/1000: 100% 1000/1000 [00:10<00:00, 96.35it/s, loss=7.8877] 
Epoch 562/1000: 100% 1000/1000 [00:10<00:00, 95.87it/s, loss=7.9283]
Epoch 563/1000: 100% 1000/1000 [00:10<00:00, 95.47it/s, loss=8.0334]
Epoch 564/1000: 100% 1000/1000 [00:10<00:00, 98.75it/s, loss=7.8640]
Epoch 565/1000: 100% 1000/1000 [00:10<00:00, 96.99it/s, loss=7.9431]
Epoch 566/1000: 100% 1000/1000 [00:10<00:00, 94.79it/s, loss=7.9071]
Epoch 567/1000: 100% 1000/1000 [00:10<00:00, 95.09it/s, loss=7.8185]
Epoch 568/1000: 100% 1000/1000 [00:10<00:00, 96.93it/s, loss=7.7590]
Epoch 569/1000: 100% 1000/1000 [00:10<00:00, 96.89it/s, loss=7.8231]
Epoch 570/1000: 100% 1000/1000 [00:10<00:00, 97.23it/s, loss=7.9187]
2025-11-06 20:21:41,005 [INFO] Epoch 570/1000 | Time: 11.20s | Loss: 7.9187 | Eval Return: -259.04
Epoch 571/1000: 100% 1000/1000 [00:10<00:00, 97.83it/s, loss=7.9070]
Epoch 572/1000: 100% 1000/1000 [00:10<00:00, 99.12it/s, loss=7.7956]
Epoch 573/1000: 100% 1000/1000 [00:10<00:00, 96.78it/s, loss=7.9914] 
Epoch 574/1000: 100% 1000/1000 [00:10<00:00, 94.18it/s, loss=8.0452]
Epoch 575/1000: 100% 1000/1000 [00:10<00:00, 94.98it/s, loss=8.0737]
Epoch 576/1000: 100% 1000/1000 [00:10<00:00, 93.83it/s, loss=7.8794]
Epoch 577/1000: 100% 1000/1000 [00:10<00:00, 95.16it/s, loss=7.9463]
Epoch 578/1000: 100% 1000/1000 [00:10<00:00, 99.41it/s, loss=7.9465]
Epoch 579/1000: 100% 1000/1000 [00:10<00:00, 95.31it/s, loss=7.9643]
Epoch 580/1000: 100% 1000/1000 [00:10<00:00, 95.65it/s, loss=7.9302]
2025-11-06 20:23:25,855 [INFO] Epoch 580/1000 | Time: 11.34s | Loss: 7.9302 | Eval Return: -395.22
Epoch 581/1000: 100% 1000/1000 [00:10<00:00, 95.89it/s, loss=7.8478]
Epoch 582/1000: 100% 1000/1000 [00:10<00:00, 95.44it/s, loss=7.9518]
Epoch 583/1000: 100% 1000/1000 [00:10<00:00, 96.01it/s, loss=8.0822]
Epoch 584/1000: 100% 1000/1000 [00:10<00:00, 95.77it/s, loss=7.9714]
Epoch 585/1000: 100% 1000/1000 [00:10<00:00, 99.85it/s, loss=7.7859]
Epoch 586/1000: 100% 1000/1000 [00:10<00:00, 96.90it/s, loss=7.6603]
Epoch 587/1000: 100% 1000/1000 [00:10<00:00, 95.18it/s, loss=7.8718]
Epoch 588/1000: 100% 1000/1000 [00:10<00:00, 94.54it/s, loss=7.8701]
Epoch 589/1000: 100% 1000/1000 [00:10<00:00, 94.51it/s, loss=8.0205]
Epoch 590/1000: 100% 1000/1000 [00:10<00:00, 92.54it/s, loss=7.9850]
2025-11-06 20:25:11,348 [INFO] Epoch 590/1000 | Time: 11.73s | Loss: 7.9850 | Eval Return: -516.97
Epoch 591/1000: 100% 1000/1000 [00:10<00:00, 92.08it/s, loss=8.1498]
Epoch 592/1000: 100% 1000/1000 [00:10<00:00, 95.59it/s, loss=8.0255]
Epoch 593/1000: 100% 1000/1000 [00:09<00:00, 100.31it/s, loss=8.1537]
Epoch 594/1000: 100% 1000/1000 [00:10<00:00, 94.48it/s, loss=8.2178]
Epoch 595/1000: 100% 1000/1000 [00:10<00:00, 93.64it/s, loss=7.9703]
Epoch 596/1000: 100% 1000/1000 [00:10<00:00, 93.24it/s, loss=7.8952]
Epoch 597/1000: 100% 1000/1000 [00:10<00:00, 92.96it/s, loss=7.9678]
Epoch 598/1000: 100% 1000/1000 [00:10<00:00, 93.17it/s, loss=7.9412]
Epoch 599/1000: 100% 1000/1000 [00:11<00:00, 90.45it/s, loss=8.0558]
Epoch 600/1000: 100% 1000/1000 [00:10<00:00, 96.63it/s, loss=8.0603]
2025-11-06 20:26:58,778 [INFO] Epoch 600/1000 | Time: 11.60s | Loss: 8.0603 | Eval Return: -198.33
2025-11-06 20:26:58,785 [INFO] New best eval return: -198.33. Saved best model.
Epoch 601/1000: 100% 1000/1000 [00:10<00:00, 99.03it/s, loss=8.1548]
Epoch 602/1000: 100% 1000/1000 [00:10<00:00, 97.03it/s, loss=8.0600]
Epoch 603/1000: 100% 1000/1000 [00:10<00:00, 96.40it/s, loss=7.8755]
Epoch 604/1000: 100% 1000/1000 [00:10<00:00, 96.52it/s, loss=7.9099]
Epoch 605/1000: 100% 1000/1000 [00:10<00:00, 95.25it/s, loss=7.8673]
Epoch 606/1000: 100% 1000/1000 [00:10<00:00, 95.08it/s, loss=7.8453]
Epoch 607/1000: 100% 1000/1000 [00:10<00:00, 96.78it/s, loss=8.0124]
Epoch 608/1000: 100% 1000/1000 [00:10<00:00, 96.79it/s, loss=8.0524]
Epoch 609/1000: 100% 1000/1000 [00:10<00:00, 95.02it/s, loss=7.9987]
Epoch 610/1000: 100% 1000/1000 [00:10<00:00, 94.98it/s, loss=8.0290]
2025-11-06 20:28:43,585 [INFO] Epoch 610/1000 | Time: 11.45s | Loss: 8.0290 | Eval Return: -632.19
Epoch 611/1000: 100% 1000/1000 [00:10<00:00, 93.96it/s, loss=7.8924]
Epoch 612/1000: 100% 1000/1000 [00:10<00:00, 94.69it/s, loss=7.9278]
Epoch 613/1000: 100% 1000/1000 [00:10<00:00, 95.66it/s, loss=8.0187]
Epoch 614/1000: 100% 1000/1000 [00:10<00:00, 95.69it/s, loss=8.0289]
Epoch 615/1000: 100% 1000/1000 [00:10<00:00, 99.31it/s, loss=8.0536]
Epoch 616/1000: 100% 1000/1000 [00:10<00:00, 95.33it/s, loss=7.8990]
Epoch 617/1000: 100% 1000/1000 [00:10<00:00, 95.21it/s, loss=7.9769] 
Epoch 618/1000: 100% 1000/1000 [00:10<00:00, 95.55it/s, loss=7.8852]
Epoch 619/1000: 100% 1000/1000 [00:10<00:00, 95.51it/s, loss=8.1690]
Epoch 620/1000: 100% 1000/1000 [00:10<00:00, 95.69it/s, loss=7.9896]
2025-11-06 20:30:29,061 [INFO] Epoch 620/1000 | Time: 11.37s | Loss: 7.9896 | Eval Return: -321.17
Epoch 621/1000: 100% 1000/1000 [00:10<00:00, 95.47it/s, loss=7.9583]
Epoch 622/1000: 100% 1000/1000 [00:10<00:00, 97.91it/s, loss=7.8594]
Epoch 623/1000: 100% 1000/1000 [00:10<00:00, 97.34it/s, loss=8.0236]
Epoch 624/1000: 100% 1000/1000 [00:10<00:00, 95.44it/s, loss=8.0780]
Epoch 625/1000: 100% 1000/1000 [00:10<00:00, 95.16it/s, loss=8.0458]
Epoch 626/1000: 100% 1000/1000 [00:10<00:00, 93.98it/s, loss=8.0668]
Epoch 627/1000: 100% 1000/1000 [00:10<00:00, 92.16it/s, loss=7.9381]
Epoch 628/1000: 100% 1000/1000 [00:11<00:00, 89.01it/s, loss=8.0988]
Epoch 629/1000: 100% 1000/1000 [00:11<00:00, 88.53it/s, loss=8.2789]
Epoch 630/1000: 100% 1000/1000 [00:10<00:00, 93.34it/s, loss=8.1418]
2025-11-06 20:32:17,053 [INFO] Epoch 630/1000 | Time: 12.02s | Loss: 8.1418 | Eval Return: -430.35
Epoch 631/1000: 100% 1000/1000 [00:10<00:00, 91.99it/s, loss=8.1038]
Epoch 632/1000: 100% 1000/1000 [00:11<00:00, 90.24it/s, loss=8.1515]
Epoch 633/1000: 100% 1000/1000 [00:11<00:00, 88.13it/s, loss=8.1851]
Epoch 634/1000: 100% 1000/1000 [00:11<00:00, 87.72it/s, loss=8.2925]
Epoch 635/1000: 100% 1000/1000 [00:11<00:00, 87.66it/s, loss=8.2356]
Epoch 636/1000: 100% 1000/1000 [00:11<00:00, 87.47it/s, loss=8.1920]
Epoch 637/1000: 100% 1000/1000 [00:11<00:00, 87.16it/s, loss=8.2207]
Epoch 638/1000: 100% 1000/1000 [00:11<00:00, 87.59it/s, loss=7.9902]
Epoch 639/1000: 100% 1000/1000 [00:11<00:00, 88.92it/s, loss=8.0010]
Epoch 640/1000: 100% 1000/1000 [00:11<00:00, 89.05it/s, loss=8.2216]
2025-11-06 20:34:10,927 [INFO] Epoch 640/1000 | Time: 12.20s | Loss: 8.2216 | Eval Return: -173.70
2025-11-06 20:34:10,934 [INFO] New best eval return: -173.70. Saved best model.
Epoch 641/1000: 100% 1000/1000 [00:11<00:00, 87.17it/s, loss=8.3443]
Epoch 642/1000: 100% 1000/1000 [00:11<00:00, 88.87it/s, loss=8.2625]
Epoch 643/1000: 100% 1000/1000 [00:10<00:00, 93.44it/s, loss=8.1962]
Epoch 644/1000: 100% 1000/1000 [00:10<00:00, 92.50it/s, loss=8.0232]
Epoch 645/1000: 100% 1000/1000 [00:11<00:00, 90.58it/s, loss=8.1333]
Epoch 646/1000: 100% 1000/1000 [00:10<00:00, 91.58it/s, loss=8.3745]
Epoch 647/1000: 100% 1000/1000 [00:11<00:00, 90.75it/s, loss=8.2837]
Epoch 648/1000: 100% 1000/1000 [00:11<00:00, 90.41it/s, loss=8.4317]
Epoch 649/1000: 100% 1000/1000 [00:11<00:00, 90.71it/s, loss=8.0636]
Epoch 650/1000: 100% 1000/1000 [00:11<00:00, 89.94it/s, loss=8.1446]
2025-11-06 20:36:02,299 [INFO] Epoch 650/1000 | Time: 12.06s | Loss: 8.1446 | Eval Return: -363.03
Epoch 651/1000: 100% 1000/1000 [00:11<00:00, 90.35it/s, loss=8.2787]
Epoch 652/1000: 100% 1000/1000 [00:11<00:00, 89.67it/s, loss=8.0501]
Epoch 653/1000: 100% 1000/1000 [00:10<00:00, 92.53it/s, loss=8.1405]
Epoch 654/1000: 100% 1000/1000 [00:10<00:00, 91.97it/s, loss=8.1865]
Epoch 655/1000: 100% 1000/1000 [00:11<00:00, 89.95it/s, loss=8.1849]
Epoch 656/1000: 100% 1000/1000 [00:11<00:00, 88.95it/s, loss=8.3520]
Epoch 657/1000: 100% 1000/1000 [00:11<00:00, 90.20it/s, loss=8.3483]
Epoch 658/1000: 100% 1000/1000 [00:11<00:00, 90.64it/s, loss=8.3668]
Epoch 659/1000: 100% 1000/1000 [00:11<00:00, 90.22it/s, loss=8.2075]
Epoch 660/1000: 100% 1000/1000 [00:11<00:00, 89.16it/s, loss=8.1755]
2025-11-06 20:37:53,930 [INFO] Epoch 660/1000 | Time: 12.16s | Loss: 8.1755 | Eval Return: -364.75
Epoch 661/1000: 100% 1000/1000 [00:10<00:00, 90.99it/s, loss=8.2105]
Epoch 662/1000: 100% 1000/1000 [00:10<00:00, 91.80it/s, loss=8.2699]
Epoch 663/1000: 100% 1000/1000 [00:10<00:00, 93.73it/s, loss=8.2824]
Epoch 664/1000: 100% 1000/1000 [00:10<00:00, 94.14it/s, loss=8.0518]
Epoch 665/1000: 100% 1000/1000 [00:10<00:00, 92.16it/s, loss=8.0704]
Epoch 666/1000: 100% 1000/1000 [00:10<00:00, 93.12it/s, loss=8.1080]
Epoch 667/1000: 100% 1000/1000 [00:10<00:00, 92.63it/s, loss=8.3411]
Epoch 668/1000: 100% 1000/1000 [00:10<00:00, 93.89it/s, loss=8.1064]
Epoch 669/1000: 100% 1000/1000 [00:11<00:00, 90.83it/s, loss=8.2034]
Epoch 670/1000: 100% 1000/1000 [00:11<00:00, 89.55it/s, loss=8.2313]
2025-11-06 20:39:43,258 [INFO] Epoch 670/1000 | Time: 12.10s | Loss: 8.2313 | Eval Return: -257.96
Epoch 671/1000: 100% 1000/1000 [00:11<00:00, 89.06it/s, loss=8.2373]
Epoch 672/1000: 100% 1000/1000 [00:11<00:00, 90.90it/s, loss=8.3054]
Epoch 673/1000: 100% 1000/1000 [00:11<00:00, 89.31it/s, loss=8.2010]
Epoch 674/1000: 100% 1000/1000 [00:11<00:00, 86.30it/s, loss=8.1660]
Epoch 675/1000: 100% 1000/1000 [00:11<00:00, 86.96it/s, loss=8.2758]
Epoch 676/1000: 100% 1000/1000 [00:11<00:00, 89.26it/s, loss=8.3966]
Epoch 677/1000: 100% 1000/1000 [00:11<00:00, 89.08it/s, loss=8.2438]
Epoch 678/1000: 100% 1000/1000 [00:11<00:00, 89.40it/s, loss=8.0038]
Epoch 679/1000: 100% 1000/1000 [00:11<00:00, 89.41it/s, loss=8.1772]
Epoch 680/1000: 100% 1000/1000 [00:11<00:00, 89.46it/s, loss=8.2359]
2025-11-06 20:41:36,688 [INFO] Epoch 680/1000 | Time: 12.11s | Loss: 8.2359 | Eval Return: -425.22
Epoch 681/1000: 100% 1000/1000 [00:11<00:00, 88.62it/s, loss=8.2056]
Epoch 682/1000: 100% 1000/1000 [00:11<00:00, 88.23it/s, loss=8.2244]
Epoch 683/1000: 100% 1000/1000 [00:11<00:00, 89.13it/s, loss=8.1612]
Epoch 684/1000: 100% 1000/1000 [00:10<00:00, 90.98it/s, loss=8.1001]
Epoch 685/1000: 100% 1000/1000 [00:10<00:00, 91.22it/s, loss=8.1150]
Epoch 686/1000: 100% 1000/1000 [00:11<00:00, 89.59it/s, loss=8.1920]
Epoch 687/1000: 100% 1000/1000 [00:11<00:00, 89.25it/s, loss=8.3038]
Epoch 688/1000: 100% 1000/1000 [00:11<00:00, 90.11it/s, loss=8.3409]
Epoch 689/1000: 100% 1000/1000 [00:11<00:00, 89.51it/s, loss=8.3380]
Epoch 690/1000: 100% 1000/1000 [00:11<00:00, 89.69it/s, loss=8.3085]
2025-11-06 20:43:29,240 [INFO] Epoch 690/1000 | Time: 12.12s | Loss: 8.3085 | Eval Return: -486.98
Epoch 691/1000: 100% 1000/1000 [00:11<00:00, 89.19it/s, loss=8.2292]
Epoch 692/1000: 100% 1000/1000 [00:11<00:00, 88.47it/s, loss=8.2384]
Epoch 693/1000: 100% 1000/1000 [00:11<00:00, 89.54it/s, loss=8.0414]
Epoch 694/1000: 100% 1000/1000 [00:11<00:00, 90.43it/s, loss=8.2588]
Epoch 695/1000: 100% 1000/1000 [00:10<00:00, 92.32it/s, loss=8.1360]
Epoch 696/1000: 100% 1000/1000 [00:11<00:00, 90.46it/s, loss=8.2594]
Epoch 697/1000: 100% 1000/1000 [00:11<00:00, 89.30it/s, loss=8.2896]
Epoch 698/1000: 100% 1000/1000 [00:11<00:00, 88.69it/s, loss=8.3176]
Epoch 699/1000: 100% 1000/1000 [00:11<00:00, 89.58it/s, loss=8.3820]
Epoch 700/1000: 100% 1000/1000 [00:11<00:00, 89.14it/s, loss=8.3911]
2025-11-06 20:45:21,680 [INFO] Epoch 700/1000 | Time: 12.17s | Loss: 8.3911 | Eval Return: -221.12
Epoch 701/1000: 100% 1000/1000 [00:11<00:00, 89.36it/s, loss=8.2772]
Epoch 702/1000: 100% 1000/1000 [00:11<00:00, 89.46it/s, loss=8.1384]
Epoch 703/1000: 100% 1000/1000 [00:11<00:00, 88.28it/s, loss=8.3764]
Epoch 704/1000: 100% 1000/1000 [00:11<00:00, 89.35it/s, loss=8.3424]
Epoch 705/1000: 100% 1000/1000 [00:10<00:00, 91.35it/s, loss=8.2999]
Epoch 706/1000: 100% 1000/1000 [00:10<00:00, 91.73it/s, loss=8.2902]
Epoch 707/1000: 100% 1000/1000 [00:11<00:00, 90.29it/s, loss=8.2287]
Epoch 708/1000: 100% 1000/1000 [00:11<00:00, 89.13it/s, loss=8.4290]
Epoch 709/1000: 100% 1000/1000 [00:11<00:00, 88.80it/s, loss=8.5056]
Epoch 710/1000: 100% 1000/1000 [00:11<00:00, 90.13it/s, loss=8.4839]
2025-11-06 20:47:14,024 [INFO] Epoch 710/1000 | Time: 12.04s | Loss: 8.4839 | Eval Return: -413.05
Epoch 711/1000: 100% 1000/1000 [00:11<00:00, 88.39it/s, loss=8.2025]
Epoch 712/1000: 100% 1000/1000 [00:11<00:00, 87.98it/s, loss=8.0846]
Epoch 713/1000: 100% 1000/1000 [00:11<00:00, 88.80it/s, loss=8.0424]
Epoch 714/1000: 100% 1000/1000 [00:11<00:00, 89.29it/s, loss=8.3255]
Epoch 715/1000: 100% 1000/1000 [00:11<00:00, 88.50it/s, loss=8.3233]
Epoch 716/1000: 100% 1000/1000 [00:11<00:00, 87.56it/s, loss=8.2524]
Epoch 717/1000: 100% 1000/1000 [00:11<00:00, 86.19it/s, loss=8.3044]
Epoch 718/1000: 100% 1000/1000 [00:11<00:00, 86.15it/s, loss=8.2783]
Epoch 719/1000: 100% 1000/1000 [00:11<00:00, 87.83it/s, loss=8.3618]
Epoch 720/1000: 100% 1000/1000 [00:11<00:00, 86.45it/s, loss=8.4716]
2025-11-06 20:49:09,009 [INFO] Epoch 720/1000 | Time: 12.52s | Loss: 8.4716 | Eval Return: -310.38
Epoch 721/1000: 100% 1000/1000 [00:11<00:00, 87.21it/s, loss=8.4398]
Epoch 722/1000: 100% 1000/1000 [00:11<00:00, 85.47it/s, loss=8.0817]
Epoch 723/1000: 100% 1000/1000 [00:11<00:00, 85.13it/s, loss=8.1521]
Epoch 724/1000: 100% 1000/1000 [00:11<00:00, 87.25it/s, loss=8.2182]
Epoch 725/1000: 100% 1000/1000 [00:11<00:00, 85.91it/s, loss=8.3183]
Epoch 726/1000: 100% 1000/1000 [00:11<00:00, 85.86it/s, loss=8.1007]
Epoch 727/1000: 100% 1000/1000 [00:11<00:00, 85.89it/s, loss=8.4608]
Epoch 728/1000: 100% 1000/1000 [00:11<00:00, 85.89it/s, loss=8.1705]
Epoch 729/1000: 100% 1000/1000 [00:11<00:00, 85.87it/s, loss=8.0741]
Epoch 730/1000: 100% 1000/1000 [00:11<00:00, 85.60it/s, loss=8.0943]
2025-11-06 20:51:06,240 [INFO] Epoch 730/1000 | Time: 12.64s | Loss: 8.0943 | Eval Return: -318.75
Epoch 731/1000: 100% 1000/1000 [00:11<00:00, 86.96it/s, loss=8.1768]
Epoch 732/1000: 100% 1000/1000 [00:11<00:00, 86.37it/s, loss=8.2183]
Epoch 733/1000: 100% 1000/1000 [00:11<00:00, 86.31it/s, loss=8.2620]
Epoch 734/1000: 100% 1000/1000 [00:11<00:00, 88.11it/s, loss=8.1790]
Epoch 735/1000: 100% 1000/1000 [00:11<00:00, 89.53it/s, loss=7.9629]
Epoch 736/1000: 100% 1000/1000 [00:11<00:00, 89.18it/s, loss=8.2127]
Epoch 737/1000: 100% 1000/1000 [00:11<00:00, 88.42it/s, loss=8.3003]
Epoch 738/1000: 100% 1000/1000 [00:11<00:00, 86.85it/s, loss=8.4573]
Epoch 739/1000: 100% 1000/1000 [00:11<00:00, 87.83it/s, loss=8.3627]
Epoch 740/1000: 100% 1000/1000 [00:11<00:00, 88.84it/s, loss=8.1895]
2025-11-06 20:53:01,061 [INFO] Epoch 740/1000 | Time: 12.21s | Loss: 8.1895 | Eval Return: -376.83
Epoch 741/1000: 100% 1000/1000 [00:11<00:00, 89.04it/s, loss=8.2219]
Epoch 742/1000: 100% 1000/1000 [00:11<00:00, 88.71it/s, loss=8.1688]
Epoch 743/1000: 100% 1000/1000 [00:11<00:00, 86.53it/s, loss=8.3111]
Epoch 744/1000: 100% 1000/1000 [00:11<00:00, 87.31it/s, loss=8.4023]
Epoch 745/1000: 100% 1000/1000 [00:11<00:00, 87.30it/s, loss=8.2883]
Epoch 746/1000: 100% 1000/1000 [00:11<00:00, 87.81it/s, loss=8.3858]
Epoch 747/1000: 100% 1000/1000 [00:10<00:00, 91.82it/s, loss=8.2550]
Epoch 748/1000: 100% 1000/1000 [00:10<00:00, 91.16it/s, loss=8.2134]
Epoch 749/1000: 100% 1000/1000 [00:11<00:00, 88.12it/s, loss=8.1070]
Epoch 750/1000: 100% 1000/1000 [00:11<00:00, 86.00it/s, loss=8.1708]
2025-11-06 20:54:55,224 [INFO] Epoch 750/1000 | Time: 12.60s | Loss: 8.1708 | Eval Return: -327.68
Epoch 751/1000: 100% 1000/1000 [00:11<00:00, 84.87it/s, loss=8.0731]
Epoch 752/1000: 100% 1000/1000 [00:11<00:00, 86.13it/s, loss=8.3372]
Epoch 753/1000: 100% 1000/1000 [00:11<00:00, 86.82it/s, loss=8.2445]
Epoch 754/1000: 100% 1000/1000 [00:11<00:00, 85.98it/s, loss=8.1592]
Epoch 755/1000: 100% 1000/1000 [00:11<00:00, 83.82it/s, loss=8.1549]
Epoch 756/1000: 100% 1000/1000 [00:11<00:00, 84.52it/s, loss=8.2497]
Epoch 757/1000: 100% 1000/1000 [00:11<00:00, 85.84it/s, loss=8.2883]
Epoch 758/1000: 100% 1000/1000 [00:11<00:00, 86.44it/s, loss=8.2213]
Epoch 759/1000: 100% 1000/1000 [00:11<00:00, 86.99it/s, loss=8.1658]
Epoch 760/1000: 100% 1000/1000 [00:11<00:00, 85.96it/s, loss=8.3435]
2025-11-06 20:56:52,858 [INFO] Epoch 760/1000 | Time: 12.61s | Loss: 8.3435 | Eval Return: -354.31
Epoch 761/1000: 100% 1000/1000 [00:11<00:00, 86.52it/s, loss=8.3514]
Epoch 762/1000: 100% 1000/1000 [00:11<00:00, 87.62it/s, loss=8.3947]
Epoch 763/1000: 100% 1000/1000 [00:11<00:00, 88.14it/s, loss=8.2340]
Epoch 764/1000: 100% 1000/1000 [00:11<00:00, 87.33it/s, loss=8.3238]
Epoch 765/1000: 100% 1000/1000 [00:11<00:00, 88.16it/s, loss=8.2522]
Epoch 766/1000: 100% 1000/1000 [00:11<00:00, 86.78it/s, loss=8.2459]
Epoch 767/1000: 100% 1000/1000 [00:11<00:00, 87.15it/s, loss=8.3563]
Epoch 768/1000: 100% 1000/1000 [00:11<00:00, 87.60it/s, loss=8.4566]
Epoch 769/1000: 100% 1000/1000 [00:11<00:00, 87.90it/s, loss=8.3543]
Epoch 770/1000: 100% 1000/1000 [00:11<00:00, 87.36it/s, loss=8.3039]
2025-11-06 20:58:48,180 [INFO] Epoch 770/1000 | Time: 12.42s | Loss: 8.3039 | Eval Return: -309.15
Epoch 771/1000: 100% 1000/1000 [00:11<00:00, 88.07it/s, loss=8.3529]
Epoch 772/1000: 100% 1000/1000 [00:11<00:00, 87.23it/s, loss=8.5635]
Epoch 773/1000: 100% 1000/1000 [00:11<00:00, 86.32it/s, loss=8.4601]
Epoch 774/1000: 100% 1000/1000 [00:11<00:00, 86.49it/s, loss=8.3272]
Epoch 775/1000: 100% 1000/1000 [00:11<00:00, 87.85it/s, loss=8.2860]
Epoch 776/1000: 100% 1000/1000 [00:11<00:00, 87.88it/s, loss=8.3446]
Epoch 777/1000: 100% 1000/1000 [00:11<00:00, 88.99it/s, loss=8.6140]
Epoch 778/1000: 100% 1000/1000 [00:11<00:00, 89.19it/s, loss=8.5175]
Epoch 779/1000: 100% 1000/1000 [00:11<00:00, 86.22it/s, loss=8.2402]
Epoch 780/1000: 100% 1000/1000 [00:11<00:00, 87.47it/s, loss=8.1505]
2025-11-06 21:00:43,366 [INFO] Epoch 780/1000 | Time: 12.41s | Loss: 8.1505 | Eval Return: -319.08
Epoch 781/1000: 100% 1000/1000 [00:11<00:00, 86.62it/s, loss=8.1034]
Epoch 782/1000: 100% 1000/1000 [00:11<00:00, 86.58it/s, loss=8.1549]
Epoch 783/1000: 100% 1000/1000 [00:11<00:00, 86.31it/s, loss=8.2594]
Epoch 784/1000: 100% 1000/1000 [00:11<00:00, 86.38it/s, loss=8.1572]
Epoch 785/1000: 100% 1000/1000 [00:11<00:00, 86.97it/s, loss=8.1610]
Epoch 786/1000: 100% 1000/1000 [00:11<00:00, 86.71it/s, loss=8.1106]
Epoch 787/1000: 100% 1000/1000 [00:11<00:00, 86.45it/s, loss=8.0570]
Epoch 788/1000: 100% 1000/1000 [00:11<00:00, 85.97it/s, loss=8.1518]
Epoch 789/1000: 100% 1000/1000 [00:11<00:00, 88.08it/s, loss=8.3358]
Epoch 790/1000: 100% 1000/1000 [00:11<00:00, 85.97it/s, loss=8.4586]
2025-11-06 21:02:39,821 [INFO] Epoch 790/1000 | Time: 12.61s | Loss: 8.4586 | Eval Return: -480.17
Epoch 791/1000: 100% 1000/1000 [00:11<00:00, 85.59it/s, loss=8.3964]
Epoch 792/1000: 100% 1000/1000 [00:11<00:00, 84.03it/s, loss=8.5417]
Epoch 793/1000: 100% 1000/1000 [00:11<00:00, 90.83it/s, loss=8.4087]
Epoch 794/1000: 100% 1000/1000 [00:11<00:00, 89.36it/s, loss=8.2460]
Epoch 795/1000: 100% 1000/1000 [00:11<00:00, 87.83it/s, loss=8.3002]
Epoch 796/1000: 100% 1000/1000 [00:11<00:00, 89.67it/s, loss=8.4567]
Epoch 797/1000: 100% 1000/1000 [00:11<00:00, 87.39it/s, loss=8.4945]
Epoch 798/1000: 100% 1000/1000 [00:11<00:00, 86.46it/s, loss=8.2554]
Epoch 799/1000: 100% 1000/1000 [00:11<00:00, 88.34it/s, loss=8.3381]
Epoch 800/1000: 100% 1000/1000 [00:11<00:00, 87.94it/s, loss=8.3779]
2025-11-06 21:04:34,797 [INFO] Epoch 800/1000 | Time: 12.32s | Loss: 8.3779 | Eval Return: -507.45
Epoch 801/1000: 100% 1000/1000 [00:11<00:00, 89.58it/s, loss=8.3059]
Epoch 802/1000: 100% 1000/1000 [00:11<00:00, 88.85it/s, loss=8.3360]
Epoch 803/1000: 100% 1000/1000 [00:11<00:00, 87.35it/s, loss=8.2369]
Epoch 804/1000: 100% 1000/1000 [00:11<00:00, 88.37it/s, loss=8.4589]
Epoch 805/1000: 100% 1000/1000 [00:10<00:00, 91.09it/s, loss=8.2193]
Epoch 806/1000: 100% 1000/1000 [00:11<00:00, 90.60it/s, loss=8.2818]
Epoch 807/1000: 100% 1000/1000 [00:11<00:00, 87.35it/s, loss=8.5072]
Epoch 808/1000: 100% 1000/1000 [00:11<00:00, 86.62it/s, loss=8.3126]
Epoch 809/1000: 100% 1000/1000 [00:11<00:00, 89.39it/s, loss=8.4460]
Epoch 810/1000: 100% 1000/1000 [00:11<00:00, 88.95it/s, loss=8.5061]
2025-11-06 21:06:28,396 [INFO] Epoch 810/1000 | Time: 12.21s | Loss: 8.5061 | Eval Return: -317.66
Epoch 811/1000: 100% 1000/1000 [00:11<00:00, 88.33it/s, loss=8.4319]
Epoch 812/1000: 100% 1000/1000 [00:11<00:00, 87.30it/s, loss=8.5904]
Epoch 813/1000: 100% 1000/1000 [00:11<00:00, 86.14it/s, loss=8.4794]
Epoch 814/1000: 100% 1000/1000 [00:11<00:00, 89.18it/s, loss=8.3759]
Epoch 815/1000: 100% 1000/1000 [00:11<00:00, 89.84it/s, loss=8.4031]
Epoch 816/1000: 100% 1000/1000 [00:11<00:00, 87.67it/s, loss=8.3665]
Epoch 817/1000: 100% 1000/1000 [00:11<00:00, 88.67it/s, loss=8.5151]
Epoch 818/1000: 100% 1000/1000 [00:11<00:00, 89.34it/s, loss=8.3896]
Epoch 819/1000: 100% 1000/1000 [00:11<00:00, 87.21it/s, loss=8.4865]
Epoch 820/1000: 100% 1000/1000 [00:11<00:00, 86.56it/s, loss=8.6160]
2025-11-06 21:08:22,983 [INFO] Epoch 820/1000 | Time: 12.51s | Loss: 8.6160 | Eval Return: -314.96
Epoch 821/1000: 100% 1000/1000 [00:11<00:00, 87.14it/s, loss=8.5837]
Epoch 822/1000: 100% 1000/1000 [00:11<00:00, 86.95it/s, loss=8.5728]
Epoch 823/1000: 100% 1000/1000 [00:11<00:00, 86.87it/s, loss=8.3283]
Epoch 824/1000: 100% 1000/1000 [00:11<00:00, 88.37it/s, loss=8.4558]
Epoch 825/1000: 100% 1000/1000 [00:11<00:00, 87.27it/s, loss=8.6117]
Epoch 826/1000: 100% 1000/1000 [00:11<00:00, 86.83it/s, loss=8.5679]
Epoch 827/1000: 100% 1000/1000 [00:11<00:00, 87.62it/s, loss=8.4900]
Epoch 828/1000: 100% 1000/1000 [00:11<00:00, 88.08it/s, loss=8.4362]
Epoch 829/1000: 100% 1000/1000 [00:11<00:00, 88.56it/s, loss=8.5585]
Epoch 830/1000: 100% 1000/1000 [00:10<00:00, 93.51it/s, loss=8.6377]
2025-11-06 21:10:17,835 [INFO] Epoch 830/1000 | Time: 12.01s | Loss: 8.6377 | Eval Return: -317.76
Epoch 831/1000: 100% 1000/1000 [00:10<00:00, 93.72it/s, loss=8.6087]
Epoch 832/1000: 100% 1000/1000 [00:10<00:00, 93.45it/s, loss=8.5416]
Epoch 833/1000: 100% 1000/1000 [00:11<00:00, 90.47it/s, loss=8.5696]
Epoch 834/1000: 100% 1000/1000 [00:10<00:00, 91.94it/s, loss=8.7048]
Epoch 835/1000: 100% 1000/1000 [00:10<00:00, 92.54it/s, loss=8.5895]
Epoch 836/1000: 100% 1000/1000 [00:10<00:00, 93.07it/s, loss=8.5280]
Epoch 837/1000: 100% 1000/1000 [00:10<00:00, 92.40it/s, loss=8.5101]
Epoch 838/1000: 100% 1000/1000 [00:10<00:00, 93.59it/s, loss=8.5888]
Epoch 839/1000: 100% 1000/1000 [00:10<00:00, 96.61it/s, loss=8.6832]
Epoch 840/1000: 100% 1000/1000 [00:10<00:00, 92.23it/s, loss=8.7007]
2025-11-06 21:12:06,404 [INFO] Epoch 840/1000 | Time: 11.85s | Loss: 8.7007 | Eval Return: -329.18
Epoch 841/1000: 100% 1000/1000 [00:10<00:00, 93.75it/s, loss=8.5833]
Epoch 842/1000: 100% 1000/1000 [00:10<00:00, 93.28it/s, loss=8.6024]
Epoch 843/1000: 100% 1000/1000 [00:10<00:00, 92.59it/s, loss=8.5983]
Epoch 844/1000: 100% 1000/1000 [00:10<00:00, 91.20it/s, loss=8.6964]
Epoch 845/1000: 100% 1000/1000 [00:11<00:00, 89.66it/s, loss=8.5425]
Epoch 846/1000: 100% 1000/1000 [00:11<00:00, 89.99it/s, loss=8.4223]
Epoch 847/1000: 100% 1000/1000 [00:11<00:00, 90.77it/s, loss=8.5359]
Epoch 848/1000: 100% 1000/1000 [00:10<00:00, 93.09it/s, loss=8.5583]
Epoch 849/1000: 100% 1000/1000 [00:10<00:00, 93.39it/s, loss=8.4902]
Epoch 850/1000: 100% 1000/1000 [00:10<00:00, 92.96it/s, loss=8.6242]
2025-11-06 21:13:55,987 [INFO] Epoch 850/1000 | Time: 11.69s | Loss: 8.6242 | Eval Return: -280.03
Epoch 851/1000: 100% 1000/1000 [00:10<00:00, 92.34it/s, loss=8.7699]
Epoch 852/1000: 100% 1000/1000 [00:10<00:00, 92.48it/s, loss=8.6684]
Epoch 853/1000: 100% 1000/1000 [00:10<00:00, 93.83it/s, loss=8.6393]
Epoch 854/1000: 100% 1000/1000 [00:10<00:00, 93.96it/s, loss=8.6458]
Epoch 855/1000: 100% 1000/1000 [00:10<00:00, 93.40it/s, loss=8.4589]
Epoch 856/1000: 100% 1000/1000 [00:10<00:00, 96.32it/s, loss=8.7093]
Epoch 857/1000: 100% 1000/1000 [00:10<00:00, 97.06it/s, loss=8.6956]
Epoch 858/1000: 100% 1000/1000 [00:10<00:00, 96.27it/s, loss=8.5602]
Epoch 859/1000: 100% 1000/1000 [00:10<00:00, 96.00it/s, loss=8.4970] 
Epoch 860/1000: 100% 1000/1000 [00:10<00:00, 94.30it/s, loss=8.7477]
2025-11-06 21:15:42,660 [INFO] Epoch 860/1000 | Time: 11.52s | Loss: 8.7477 | Eval Return: -325.47
Epoch 861/1000: 100% 1000/1000 [00:10<00:00, 94.43it/s, loss=8.8242]
Epoch 862/1000: 100% 1000/1000 [00:10<00:00, 94.61it/s, loss=8.7902]
Epoch 863/1000: 100% 1000/1000 [00:10<00:00, 95.52it/s, loss=8.6794]
Epoch 864/1000: 100% 1000/1000 [00:09<00:00, 100.92it/s, loss=8.5966]
Epoch 865/1000: 100% 1000/1000 [00:10<00:00, 94.64it/s, loss=8.4512]
Epoch 866/1000: 100% 1000/1000 [00:10<00:00, 93.86it/s, loss=8.8045]
Epoch 867/1000: 100% 1000/1000 [00:10<00:00, 94.45it/s, loss=8.8573]
Epoch 868/1000: 100% 1000/1000 [00:10<00:00, 94.04it/s, loss=8.9738]
Epoch 869/1000: 100% 1000/1000 [00:10<00:00, 94.96it/s, loss=8.6172]
Epoch 870/1000: 100% 1000/1000 [00:10<00:00, 95.75it/s, loss=8.7280]
2025-11-06 21:17:28,575 [INFO] Epoch 870/1000 | Time: 11.40s | Loss: 8.7280 | Eval Return: -184.63
Epoch 871/1000: 100% 1000/1000 [00:10<00:00, 96.91it/s, loss=8.6586]
Epoch 872/1000: 100% 1000/1000 [00:10<00:00, 96.75it/s, loss=8.5904]
Epoch 873/1000: 100% 1000/1000 [00:10<00:00, 95.75it/s, loss=8.7159]
Epoch 874/1000: 100% 1000/1000 [00:10<00:00, 94.91it/s, loss=8.6369]
Epoch 875/1000: 100% 1000/1000 [00:10<00:00, 95.13it/s, loss=8.5377]
Epoch 876/1000: 100% 1000/1000 [00:10<00:00, 94.77it/s, loss=8.5647]
Epoch 877/1000: 100% 1000/1000 [00:10<00:00, 94.55it/s, loss=8.7013]
Epoch 878/1000: 100% 1000/1000 [00:10<00:00, 98.47it/s, loss=8.7604]
Epoch 879/1000: 100% 1000/1000 [00:10<00:00, 99.20it/s, loss=8.6649]
Epoch 880/1000: 100% 1000/1000 [00:10<00:00, 96.52it/s, loss=8.6309]
2025-11-06 21:19:13,358 [INFO] Epoch 880/1000 | Time: 11.27s | Loss: 8.6309 | Eval Return: -314.73
Epoch 881/1000: 100% 1000/1000 [00:10<00:00, 94.32it/s, loss=8.6032]
Epoch 882/1000: 100% 1000/1000 [00:10<00:00, 93.57it/s, loss=8.7168]
Epoch 883/1000: 100% 1000/1000 [00:10<00:00, 93.48it/s, loss=8.8813]
Epoch 884/1000: 100% 1000/1000 [00:10<00:00, 92.79it/s, loss=8.7429]
Epoch 885/1000: 100% 1000/1000 [00:10<00:00, 91.04it/s, loss=8.8574]
Epoch 886/1000: 100% 1000/1000 [00:10<00:00, 94.20it/s, loss=8.7857]
Epoch 887/1000: 100% 1000/1000 [00:10<00:00, 95.30it/s, loss=8.8299]
Epoch 888/1000: 100% 1000/1000 [00:10<00:00, 92.33it/s, loss=8.7527]
Epoch 889/1000: 100% 1000/1000 [00:10<00:00, 91.45it/s, loss=8.7435]
Epoch 890/1000: 100% 1000/1000 [00:10<00:00, 92.29it/s, loss=9.0024]
2025-11-06 21:21:01,730 [INFO] Epoch 890/1000 | Time: 11.74s | Loss: 9.0024 | Eval Return: -278.11
Epoch 891/1000: 100% 1000/1000 [00:10<00:00, 94.32it/s, loss=8.8633]
Epoch 892/1000: 100% 1000/1000 [00:10<00:00, 91.57it/s, loss=8.7648]
Epoch 893/1000: 100% 1000/1000 [00:10<00:00, 92.05it/s, loss=8.7648]
Epoch 894/1000: 100% 1000/1000 [00:10<00:00, 92.22it/s, loss=8.7329]
Epoch 895/1000: 100% 1000/1000 [00:10<00:00, 97.47it/s, loss=8.7698]
Epoch 896/1000: 100% 1000/1000 [00:10<00:00, 90.95it/s, loss=8.7324]
Epoch 897/1000: 100% 1000/1000 [00:10<00:00, 93.40it/s, loss=8.5542]
Epoch 898/1000: 100% 1000/1000 [00:10<00:00, 93.42it/s, loss=8.5879]
Epoch 899/1000: 100% 1000/1000 [00:10<00:00, 91.94it/s, loss=8.7418]
Epoch 900/1000: 100% 1000/1000 [00:10<00:00, 92.80it/s, loss=8.8122]
2025-11-06 21:22:50,218 [INFO] Epoch 900/1000 | Time: 11.71s | Loss: 8.8122 | Eval Return: -283.42
Epoch 901/1000: 100% 1000/1000 [00:10<00:00, 92.86it/s, loss=8.5991]
Epoch 902/1000: 100% 1000/1000 [00:10<00:00, 92.71it/s, loss=8.5047]
Epoch 903/1000: 100% 1000/1000 [00:10<00:00, 96.11it/s, loss=8.6616]
Epoch 904/1000: 100% 1000/1000 [00:10<00:00, 93.62it/s, loss=8.5950]
Epoch 905/1000: 100% 1000/1000 [00:11<00:00, 89.42it/s, loss=8.7227]
Epoch 906/1000: 100% 1000/1000 [00:11<00:00, 90.64it/s, loss=8.7420]
Epoch 907/1000: 100% 1000/1000 [00:10<00:00, 92.07it/s, loss=8.7278]
Epoch 908/1000: 100% 1000/1000 [00:10<00:00, 92.55it/s, loss=8.9755]
Epoch 909/1000: 100% 1000/1000 [00:10<00:00, 91.89it/s, loss=8.8944]
Epoch 910/1000: 100% 1000/1000 [00:10<00:00, 91.73it/s, loss=8.9079]
2025-11-06 21:24:39,471 [INFO] Epoch 910/1000 | Time: 11.84s | Loss: 8.9079 | Eval Return: -327.36
Epoch 911/1000: 100% 1000/1000 [00:11<00:00, 90.24it/s, loss=8.8453]
Epoch 912/1000: 100% 1000/1000 [00:10<00:00, 95.82it/s, loss=8.7918]
Epoch 913/1000: 100% 1000/1000 [00:10<00:00, 94.40it/s, loss=8.9390]
Epoch 914/1000: 100% 1000/1000 [00:10<00:00, 94.60it/s, loss=9.0234]
Epoch 915/1000: 100% 1000/1000 [00:10<00:00, 94.80it/s, loss=8.8211]
Epoch 916/1000: 100% 1000/1000 [00:10<00:00, 94.65it/s, loss=8.7227]
Epoch 917/1000: 100% 1000/1000 [00:10<00:00, 95.05it/s, loss=8.6703]
Epoch 918/1000: 100% 1000/1000 [00:10<00:00, 96.07it/s, loss=8.8095]
Epoch 919/1000: 100% 1000/1000 [00:10<00:00, 97.81it/s, loss=9.0456]
Epoch 920/1000: 100% 1000/1000 [00:10<00:00, 95.70it/s, loss=8.7603]
2025-11-06 21:26:25,757 [INFO] Epoch 920/1000 | Time: 11.33s | Loss: 8.7603 | Eval Return: -356.40
Epoch 921/1000: 100% 1000/1000 [00:10<00:00, 95.79it/s, loss=8.8375]
Epoch 922/1000: 100% 1000/1000 [00:10<00:00, 94.62it/s, loss=8.7826]
Epoch 923/1000: 100% 1000/1000 [00:10<00:00, 94.88it/s, loss=8.9105]
Epoch 924/1000: 100% 1000/1000 [00:10<00:00, 93.23it/s, loss=8.9294]
Epoch 925/1000: 100% 1000/1000 [00:10<00:00, 93.50it/s, loss=8.9087]
Epoch 926/1000: 100% 1000/1000 [00:10<00:00, 95.39it/s, loss=8.8255]
Epoch 927/1000: 100% 1000/1000 [00:10<00:00, 96.16it/s, loss=8.7961]
Epoch 928/1000: 100% 1000/1000 [00:10<00:00, 92.61it/s, loss=8.7159]
Epoch 929/1000: 100% 1000/1000 [00:10<00:00, 92.39it/s, loss=8.7462]
Epoch 930/1000: 100% 1000/1000 [00:10<00:00, 93.19it/s, loss=8.6857]
2025-11-06 21:28:12,870 [INFO] Epoch 930/1000 | Time: 11.64s | Loss: 8.6857 | Eval Return: -284.13
Epoch 931/1000: 100% 1000/1000 [00:10<00:00, 93.95it/s, loss=8.9614]
Epoch 932/1000: 100% 1000/1000 [00:10<00:00, 91.95it/s, loss=8.8330]
Epoch 933/1000: 100% 1000/1000 [00:10<00:00, 91.32it/s, loss=8.6264]
Epoch 934/1000: 100% 1000/1000 [00:10<00:00, 92.22it/s, loss=8.6867]
Epoch 935/1000: 100% 1000/1000 [00:10<00:00, 97.20it/s, loss=8.7979]
Epoch 936/1000: 100% 1000/1000 [00:10<00:00, 95.28it/s, loss=8.9112]
Epoch 937/1000: 100% 1000/1000 [00:10<00:00, 93.28it/s, loss=9.0493]
Epoch 938/1000: 100% 1000/1000 [00:10<00:00, 92.66it/s, loss=8.6829]
Epoch 939/1000: 100% 1000/1000 [00:10<00:00, 91.22it/s, loss=8.7204]
Epoch 940/1000: 100% 1000/1000 [00:10<00:00, 94.29it/s, loss=8.6590]
2025-11-06 21:30:00,980 [INFO] Epoch 940/1000 | Time: 11.53s | Loss: 8.6590 | Eval Return: -293.98
Epoch 941/1000: 100% 1000/1000 [00:10<00:00, 92.56it/s, loss=8.8119]
Epoch 942/1000: 100% 1000/1000 [00:10<00:00, 92.33it/s, loss=8.8483]
Epoch 943/1000: 100% 1000/1000 [00:10<00:00, 97.75it/s, loss=8.6189]
Epoch 944/1000: 100% 1000/1000 [00:10<00:00, 96.02it/s, loss=8.6422]
Epoch 945/1000: 100% 1000/1000 [00:10<00:00, 94.38it/s, loss=8.7010] 
Epoch 946/1000: 100% 1000/1000 [00:10<00:00, 94.76it/s, loss=8.7174]
Epoch 947/1000: 100% 1000/1000 [00:10<00:00, 94.30it/s, loss=8.6109]
Epoch 948/1000: 100% 1000/1000 [00:10<00:00, 95.40it/s, loss=8.5982]
Epoch 949/1000: 100% 1000/1000 [00:10<00:00, 95.13it/s, loss=8.6182]
Epoch 950/1000: 100% 1000/1000 [00:10<00:00, 96.74it/s, loss=8.8125]
2025-11-06 21:31:47,589 [INFO] Epoch 950/1000 | Time: 11.58s | Loss: 8.8125 | Eval Return: -351.61
Epoch 951/1000: 100% 1000/1000 [00:10<00:00, 99.57it/s, loss=8.8719]
Epoch 952/1000: 100% 1000/1000 [00:10<00:00, 93.96it/s, loss=8.6210]
Epoch 953/1000: 100% 1000/1000 [00:10<00:00, 93.87it/s, loss=8.6009]
Epoch 954/1000: 100% 1000/1000 [00:10<00:00, 95.50it/s, loss=8.6131]
Epoch 955/1000: 100% 1000/1000 [00:10<00:00, 96.05it/s, loss=8.4356]
Epoch 956/1000: 100% 1000/1000 [00:10<00:00, 96.39it/s, loss=8.5433]
Epoch 957/1000: 100% 1000/1000 [00:10<00:00, 98.84it/s, loss=8.6375]
Epoch 958/1000: 100% 1000/1000 [00:10<00:00, 99.12it/s, loss=8.6500]
Epoch 959/1000: 100% 1000/1000 [00:10<00:00, 96.57it/s, loss=8.4701]
Epoch 960/1000: 100% 1000/1000 [00:10<00:00, 96.38it/s, loss=8.5406]
2025-11-06 21:33:32,034 [INFO] Epoch 960/1000 | Time: 11.27s | Loss: 8.5406 | Eval Return: -373.93
Epoch 961/1000: 100% 1000/1000 [00:10<00:00, 97.41it/s, loss=8.5559]
Epoch 962/1000: 100% 1000/1000 [00:10<00:00, 97.39it/s, loss=8.7528]
Epoch 963/1000: 100% 1000/1000 [00:10<00:00, 96.18it/s, loss=8.7031]
Epoch 964/1000: 100% 1000/1000 [00:09<00:00, 101.17it/s, loss=8.5271]
Epoch 965/1000: 100% 1000/1000 [00:10<00:00, 98.67it/s, loss=8.5437]
Epoch 966/1000: 100% 1000/1000 [00:10<00:00, 98.34it/s, loss=8.6997]
Epoch 967/1000: 100% 1000/1000 [00:10<00:00, 98.50it/s, loss=8.7316] 
Epoch 968/1000: 100% 1000/1000 [00:10<00:00, 97.86it/s, loss=8.7310]
Epoch 969/1000: 100% 1000/1000 [00:10<00:00, 97.52it/s, loss=8.5689]
Epoch 970/1000: 100% 1000/1000 [00:09<00:00, 103.10it/s, loss=8.6214]
2025-11-06 21:35:14,679 [INFO] Epoch 970/1000 | Time: 10.90s | Loss: 8.6214 | Eval Return: -364.90
Epoch 971/1000: 100% 1000/1000 [00:09<00:00, 100.87it/s, loss=8.8561]
Epoch 972/1000: 100% 1000/1000 [00:10<00:00, 98.81it/s, loss=8.9881]
Epoch 973/1000: 100% 1000/1000 [00:10<00:00, 97.44it/s, loss=8.9102]
Epoch 974/1000: 100% 1000/1000 [00:10<00:00, 98.63it/s, loss=8.7048]
Epoch 975/1000: 100% 1000/1000 [00:10<00:00, 98.03it/s, loss=8.6555]
Epoch 976/1000: 100% 1000/1000 [00:09<00:00, 101.50it/s, loss=8.8637]
Epoch 977/1000: 100% 1000/1000 [00:09<00:00, 100.60it/s, loss=8.8486]
Epoch 978/1000: 100% 1000/1000 [00:10<00:00, 98.67it/s, loss=8.6405]
Epoch 979/1000: 100% 1000/1000 [00:10<00:00, 97.86it/s, loss=8.4795]
Epoch 980/1000: 100% 1000/1000 [00:10<00:00, 98.95it/s, loss=8.4966]
2025-11-06 21:36:56,448 [INFO] Epoch 980/1000 | Time: 10.98s | Loss: 8.4966 | Eval Return: -399.15
Epoch 981/1000: 100% 1000/1000 [00:10<00:00, 98.40it/s, loss=8.6432]
Epoch 982/1000: 100% 1000/1000 [00:09<00:00, 101.13it/s, loss=8.5055]
Epoch 983/1000: 100% 1000/1000 [00:09<00:00, 103.10it/s, loss=8.6109]
Epoch 984/1000: 100% 1000/1000 [00:10<00:00, 99.24it/s, loss=8.5415]
Epoch 985/1000: 100% 1000/1000 [00:10<00:00, 99.44it/s, loss=8.6927]
Epoch 986/1000: 100% 1000/1000 [00:10<00:00, 98.88it/s, loss=8.5178] 
Epoch 987/1000: 100% 1000/1000 [00:10<00:00, 97.87it/s, loss=8.6376]
Epoch 988/1000: 100% 1000/1000 [00:09<00:00, 102.95it/s, loss=8.5751]
Epoch 989/1000: 100% 1000/1000 [00:09<00:00, 101.19it/s, loss=8.5737]
Epoch 990/1000: 100% 1000/1000 [00:10<00:00, 99.55it/s, loss=8.8340] 
2025-11-06 21:38:37,177 [INFO] Epoch 990/1000 | Time: 10.91s | Loss: 8.8340 | Eval Return: -402.24
Epoch 991/1000: 100% 1000/1000 [00:10<00:00, 98.14it/s, loss=8.7396]
Epoch 992/1000: 100% 1000/1000 [00:10<00:00, 99.12it/s, loss=8.4504]
Epoch 993/1000: 100% 1000/1000 [00:10<00:00, 98.14it/s, loss=8.5410]
Epoch 994/1000: 100% 1000/1000 [00:09<00:00, 100.76it/s, loss=8.6824]
Epoch 995/1000: 100% 1000/1000 [00:09<00:00, 100.51it/s, loss=8.6598]
Epoch 996/1000: 100% 1000/1000 [00:10<00:00, 97.53it/s, loss=8.6899]
Epoch 997/1000: 100% 1000/1000 [00:10<00:00, 96.93it/s, loss=8.7763]
Epoch 998/1000: 100% 1000/1000 [00:10<00:00, 98.77it/s, loss=8.7979]
Epoch 999/1000: 100% 1000/1000 [00:10<00:00, 98.04it/s, loss=8.7318]
Epoch 1000/1000: 100% 1000/1000 [00:09<00:00, 103.40it/s, loss=8.8271]
2025-11-06 21:40:19,206 [INFO] Epoch 1000/1000 | Time: 10.79s | Loss: 8.8271 | Eval Return: -231.58
2025-11-06 21:40:19,228 [INFO] Training complete.