2025-11-06 14:25:36.022072: E external/local_xla/xla/stream_executor/cuda/cuda_fft.cc:467] Unable to register cuFFT factory: Attempting to register factory for plugin cuFFT when one has already been registered
WARNING: All log messages before absl::InitializeLog() is called are written to STDERR
E0000 00:00:1762439136.317228   63931 cuda_dnn.cc:8579] Unable to register cuDNN factory: Attempting to register factory for plugin cuDNN when one has already been registered
E0000 00:00:1762439136.394396   63931 cuda_blas.cc:1407] Unable to register cuBLAS factory: Attempting to register factory for plugin cuBLAS when one has already been registered
W0000 00:00:1762439136.969533   63931 computation_placer.cc:177] computation placer already registered. Please check linkage and avoid linking the same target more than once.
W0000 00:00:1762439136.969570   63931 computation_placer.cc:177] computation placer already registered. Please check linkage and avoid linking the same target more than once.
W0000 00:00:1762439136.969574   63931 computation_placer.cc:177] computation placer already registered. Please check linkage and avoid linking the same target more than once.
W0000 00:00:1762439136.969580   63931 computation_placer.cc:177] computation placer already registered. Please check linkage and avoid linking the same target more than once.
2025-11-06 14:25:37.026232: I tensorflow/core/platform/cpu_feature_guard.cc:210] This TensorFlow binary is optimized to use available CPU instructions in performance-critical operations.
To enable the following instructions: AVX2 FMA, in other operations, rebuild TensorFlow with the appropriate compiler flags.
2025-11-06 14:25:45,965 [INFO] Checking for dataset...
2025-11-06 14:25:45,965 [INFO] Dataset found at /content/neuromorphic_decision_transformer/neuromorphic_decision_transformer/neuromorphic_decision_transformer/data/Acrobot-v1/dataset.npz.
2025-11-06 14:25:45,965 [INFO] Starting training...
2025-11-06 14:28:21,108 [INFO] Dataset size: 500339 clips
2025-11-06 14:28:21,115 [INFO] DataLoader created with num_workers=0 and pin_memory=False.
2025-11-06 14:28:23,491 [INFO] Starting training loop...
Epoch 1/1000: 100% 100/100 [00:02<00:00, 39.16it/s, loss=0.0053]
Epoch 2/1000: 100% 100/100 [00:01<00:00, 94.34it/s, loss=0.0029]
Epoch 3/1000: 100% 100/100 [00:01<00:00, 93.42it/s, loss=0.0019]
Epoch 4/1000: 100% 100/100 [00:01<00:00, 77.12it/s, loss=0.0012]
Epoch 5/1000: 100% 100/100 [00:01<00:00, 81.30it/s, loss=0.0009]
Epoch 6/1000: 100% 100/100 [00:01<00:00, 96.70it/s, loss=0.0007]
Epoch 7/1000: 100% 100/100 [00:01<00:00, 97.37it/s, loss=0.0007]
Epoch 8/1000: 100% 100/100 [00:00<00:00, 100.95it/s, loss=0.0007]
Epoch 9/1000: 100% 100/100 [00:01<00:00, 99.57it/s, loss=0.0007]
Epoch 10/1000: 100% 100/100 [00:01<00:00, 98.60it/s, loss=0.0007]
2025-11-06 14:28:37,976 [INFO] Epoch 10/1000 | Time: 3.21s | Loss: 0.0007 | Eval Return: -500.00
2025-11-06 14:28:37,987 [INFO] New best eval return: -500.00. Saved best model.
Epoch 11/1000: 100% 100/100 [00:01<00:00, 99.13it/s, loss=0.0008]
Epoch 12/1000: 100% 100/100 [00:01<00:00, 98.23it/s, loss=0.0009]
Epoch 13/1000: 100% 100/100 [00:01<00:00, 78.99it/s, loss=0.0010]
Epoch 14/1000: 100% 100/100 [00:01<00:00, 78.82it/s, loss=0.0011]
Epoch 15/1000: 100% 100/100 [00:01<00:00, 96.60it/s, loss=0.0011]
Epoch 16/1000: 100% 100/100 [00:01<00:00, 98.69it/s, loss=0.0010]
Epoch 17/1000: 100% 100/100 [00:01<00:00, 99.81it/s, loss=0.0015]
Epoch 18/1000: 100% 100/100 [00:01<00:00, 95.21it/s, loss=0.0014]
Epoch 19/1000: 100% 100/100 [00:01<00:00, 96.83it/s, loss=0.0013]
Epoch 20/1000: 100% 100/100 [00:00<00:00, 102.27it/s, loss=0.0012]
2025-11-06 14:28:50,892 [INFO] Epoch 20/1000 | Time: 3.21s | Loss: 0.0012 | Eval Return: -500.00
Epoch 21/1000: 100% 100/100 [00:00<00:00, 100.65it/s, loss=0.0013]
Epoch 22/1000: 100% 100/100 [00:01<00:00, 80.81it/s, loss=0.0014]
Epoch 23/1000: 100% 100/100 [00:01<00:00, 77.15it/s, loss=0.0017]
Epoch 24/1000: 100% 100/100 [00:01<00:00, 97.57it/s, loss=0.0017]
Epoch 25/1000: 100% 100/100 [00:01<00:00, 97.73it/s, loss=0.0017]
Epoch 26/1000: 100% 100/100 [00:01<00:00, 96.36it/s, loss=0.0016]
Epoch 27/1000: 100% 100/100 [00:01<00:00, 98.53it/s, loss=0.0020]
Epoch 28/1000: 100% 100/100 [00:01<00:00, 98.27it/s, loss=0.0019]
Epoch 29/1000: 100% 100/100 [00:01<00:00, 98.81it/s, loss=0.0019]
Epoch 30/1000: 100% 100/100 [00:00<00:00, 101.61it/s, loss=0.0027]
2025-11-06 14:29:03,721 [INFO] Epoch 30/1000 | Time: 3.17s | Loss: 0.0027 | Eval Return: -500.00
Epoch 31/1000: 100% 100/100 [00:01<00:00, 84.09it/s, loss=0.0023]
Epoch 32/1000: 100% 100/100 [00:01<00:00, 74.74it/s, loss=0.0025]
Epoch 33/1000: 100% 100/100 [00:01<00:00, 97.69it/s, loss=0.0026]
Epoch 34/1000: 100% 100/100 [00:01<00:00, 98.85it/s, loss=0.0033]
Epoch 35/1000: 100% 100/100 [00:00<00:00, 100.04it/s, loss=0.0027]
Epoch 36/1000: 100% 100/100 [00:00<00:00, 100.85it/s, loss=0.0029]
Epoch 37/1000: 100% 100/100 [00:00<00:00, 101.37it/s, loss=0.0031]
Epoch 38/1000: 100% 100/100 [00:01<00:00, 98.25it/s, loss=0.0034]
Epoch 39/1000: 100% 100/100 [00:01<00:00, 98.92it/s, loss=0.0038]
Epoch 40/1000: 100% 100/100 [00:00<00:00, 101.30it/s, loss=0.0036]
2025-11-06 14:29:16,571 [INFO] Epoch 40/1000 | Time: 3.28s | Loss: 0.0036 | Eval Return: -500.00
Epoch 41/1000: 100% 100/100 [00:01<00:00, 75.65it/s, loss=0.0034]
Epoch 42/1000: 100% 100/100 [00:01<00:00, 85.72it/s, loss=0.0045]
Epoch 43/1000: 100% 100/100 [00:01<00:00, 96.74it/s, loss=0.0040]
Epoch 44/1000: 100% 100/100 [00:01<00:00, 98.31it/s, loss=0.0041]
Epoch 45/1000: 100% 100/100 [00:00<00:00, 100.12it/s, loss=0.0043]
Epoch 46/1000: 100% 100/100 [00:01<00:00, 98.76it/s, loss=0.0051]
Epoch 47/1000: 100% 100/100 [00:01<00:00, 98.49it/s, loss=0.0045]
Epoch 48/1000: 100% 100/100 [00:01<00:00, 98.81it/s, loss=0.0046]
Epoch 49/1000: 100% 100/100 [00:00<00:00, 100.29it/s, loss=0.0046]
Epoch 50/1000: 100% 100/100 [00:01<00:00, 96.97it/s, loss=0.0045]
2025-11-06 14:29:29,852 [INFO] Epoch 50/1000 | Time: 3.70s | Loss: 0.0045 | Eval Return: -500.00
Epoch 51/1000: 100% 100/100 [00:01<00:00, 85.07it/s, loss=0.0050]
Epoch 52/1000: 100% 100/100 [00:01<00:00, 96.59it/s, loss=0.0056]
Epoch 53/1000: 100% 100/100 [00:01<00:00, 97.35it/s, loss=0.0050]
Epoch 54/1000: 100% 100/100 [00:01<00:00, 98.74it/s, loss=0.0061]
Epoch 55/1000: 100% 100/100 [00:00<00:00, 101.00it/s, loss=0.0055]
Epoch 56/1000: 100% 100/100 [00:01<00:00, 98.16it/s, loss=0.0071]
Epoch 57/1000: 100% 100/100 [00:01<00:00, 99.26it/s, loss=0.0060]
Epoch 58/1000: 100% 100/100 [00:01<00:00, 99.82it/s, loss=0.0063]
Epoch 59/1000: 100% 100/100 [00:00<00:00, 100.20it/s, loss=0.0066]
Epoch 60/1000: 100% 100/100 [00:01<00:00, 97.94it/s, loss=0.0058]
2025-11-06 14:29:42,967 [INFO] Epoch 60/1000 | Time: 3.83s | Loss: 0.0058 | Eval Return: -500.00
Epoch 61/1000: 100% 100/100 [00:01<00:00, 99.03it/s, loss=0.0067]
Epoch 62/1000: 100% 100/100 [00:01<00:00, 97.98it/s, loss=0.0065]
Epoch 63/1000: 100% 100/100 [00:00<00:00, 100.51it/s, loss=0.0063]
Epoch 64/1000: 100% 100/100 [00:00<00:00, 101.66it/s, loss=0.0064]
Epoch 65/1000: 100% 100/100 [00:00<00:00, 100.28it/s, loss=0.0067]
Epoch 66/1000: 100% 100/100 [00:01<00:00, 99.32it/s, loss=0.0069]
Epoch 67/1000: 100% 100/100 [00:01<00:00, 98.93it/s, loss=0.0067]
Epoch 68/1000: 100% 100/100 [00:01<00:00, 96.09it/s, loss=0.0073]
Epoch 69/1000: 100% 100/100 [00:00<00:00, 100.16it/s, loss=0.0060]
Epoch 70/1000: 100% 100/100 [00:01<00:00, 82.25it/s, loss=0.0066]
2025-11-06 14:29:55,730 [INFO] Epoch 70/1000 | Time: 3.70s | Loss: 0.0066 | Eval Return: -500.00
Epoch 71/1000: 100% 100/100 [00:00<00:00, 100.96it/s, loss=0.0073]
Epoch 72/1000: 100% 100/100 [00:01<00:00, 98.78it/s, loss=0.0080]
Epoch 73/1000: 100% 100/100 [00:00<00:00, 100.38it/s, loss=0.0073]
Epoch 74/1000: 100% 100/100 [00:00<00:00, 101.27it/s, loss=0.0077]
Epoch 75/1000: 100% 100/100 [00:00<00:00, 101.68it/s, loss=0.0071]
Epoch 76/1000: 100% 100/100 [00:00<00:00, 100.17it/s, loss=0.0071]
Epoch 77/1000: 100% 100/100 [00:01<00:00, 98.08it/s, loss=0.0076]
Epoch 78/1000: 100% 100/100 [00:00<00:00, 101.23it/s, loss=0.0087]
Epoch 79/1000: 100% 100/100 [00:01<00:00, 89.51it/s, loss=0.0105]
Epoch 80/1000: 100% 100/100 [00:01<00:00, 78.18it/s, loss=0.0102]
2025-11-06 14:30:08,372 [INFO] Epoch 80/1000 | Time: 3.55s | Loss: 0.0102 | Eval Return: -500.00
Epoch 81/1000: 100% 100/100 [00:01<00:00, 99.32it/s, loss=0.0110]
Epoch 82/1000: 100% 100/100 [00:01<00:00, 99.94it/s, loss=0.0085]
Epoch 83/1000: 100% 100/100 [00:00<00:00, 100.58it/s, loss=0.0093]
Epoch 84/1000: 100% 100/100 [00:00<00:00, 102.30it/s, loss=0.0108]
Epoch 85/1000: 100% 100/100 [00:00<00:00, 101.02it/s, loss=0.0097]
Epoch 86/1000: 100% 100/100 [00:01<00:00, 98.18it/s, loss=0.0084]
Epoch 87/1000: 100% 100/100 [00:00<00:00, 102.55it/s, loss=0.0079]
Epoch 88/1000: 100% 100/100 [00:00<00:00, 101.28it/s, loss=0.0071]
Epoch 89/1000: 100% 100/100 [00:01<00:00, 78.03it/s, loss=0.0081]
Epoch 90/1000: 100% 100/100 [00:01<00:00, 80.67it/s, loss=0.0095]
2025-11-06 14:30:21,033 [INFO] Epoch 90/1000 | Time: 3.43s | Loss: 0.0095 | Eval Return: -500.00
Epoch 91/1000: 100% 100/100 [00:00<00:00, 101.85it/s, loss=0.0090]
Epoch 92/1000: 100% 100/100 [00:00<00:00, 101.23it/s, loss=0.0090]
Epoch 93/1000: 100% 100/100 [00:01<00:00, 98.06it/s, loss=0.0101]
Epoch 94/1000: 100% 100/100 [00:00<00:00, 100.08it/s, loss=0.0105]
Epoch 95/1000: 100% 100/100 [00:01<00:00, 99.49it/s, loss=0.0100]
Epoch 96/1000: 100% 100/100 [00:00<00:00, 100.97it/s, loss=0.0107]
Epoch 97/1000: 100% 100/100 [00:01<00:00, 97.62it/s, loss=0.0094]
Epoch 98/1000: 100% 100/100 [00:01<00:00, 80.32it/s, loss=0.0096]
Epoch 99/1000: 100% 100/100 [00:01<00:00, 76.47it/s, loss=0.0095]
Epoch 100/1000: 100% 100/100 [00:01<00:00, 99.78it/s, loss=0.0093]
2025-11-06 14:30:33,761 [INFO] Epoch 100/1000 | Time: 3.16s | Loss: 0.0093 | Eval Return: -500.00
Epoch 101/1000: 100% 100/100 [00:01<00:00, 97.84it/s, loss=0.0087]
Epoch 102/1000: 100% 100/100 [00:01<00:00, 99.50it/s, loss=0.0121]
Epoch 103/1000: 100% 100/100 [00:00<00:00, 101.44it/s, loss=0.0128]
Epoch 104/1000: 100% 100/100 [00:01<00:00, 98.78it/s, loss=0.0124]
Epoch 105/1000: 100% 100/100 [00:00<00:00, 100.35it/s, loss=0.0134]
Epoch 106/1000: 100% 100/100 [00:01<00:00, 99.01it/s, loss=0.0115]
Epoch 107/1000: 100% 100/100 [00:01<00:00, 86.35it/s, loss=0.0119]
Epoch 108/1000: 100% 100/100 [00:01<00:00, 75.97it/s, loss=0.0123]
Epoch 109/1000: 100% 100/100 [00:01<00:00, 94.41it/s, loss=0.0123] 
Epoch 110/1000: 100% 100/100 [00:01<00:00, 97.92it/s, loss=0.0118]
2025-11-06 14:30:46,517 [INFO] Epoch 110/1000 | Time: 3.18s | Loss: 0.0118 | Eval Return: -500.00
Epoch 111/1000: 100% 100/100 [00:01<00:00, 98.82it/s, loss=0.0124]
Epoch 112/1000: 100% 100/100 [00:00<00:00, 100.33it/s, loss=0.0142]
Epoch 113/1000: 100% 100/100 [00:00<00:00, 100.71it/s, loss=0.0130]
Epoch 114/1000: 100% 100/100 [00:00<00:00, 100.55it/s, loss=0.0126]
Epoch 115/1000: 100% 100/100 [00:00<00:00, 101.89it/s, loss=0.0146]
Epoch 116/1000: 100% 100/100 [00:01<00:00, 90.60it/s, loss=0.0142]
Epoch 117/1000: 100% 100/100 [00:01<00:00, 76.90it/s, loss=0.0138]
Epoch 118/1000: 100% 100/100 [00:01<00:00, 86.35it/s, loss=0.0149]
Epoch 119/1000: 100% 100/100 [00:00<00:00, 102.33it/s, loss=0.0141]
Epoch 120/1000: 100% 100/100 [00:01<00:00, 96.99it/s, loss=0.0142]
2025-11-06 14:30:59,301 [INFO] Epoch 120/1000 | Time: 3.26s | Loss: 0.0142 | Eval Return: -500.00
Epoch 121/1000: 100% 100/100 [00:00<00:00, 100.11it/s, loss=0.0141]
Epoch 122/1000: 100% 100/100 [00:00<00:00, 101.58it/s, loss=0.0162]
Epoch 123/1000: 100% 100/100 [00:01<00:00, 99.94it/s, loss=0.0167]
Epoch 124/1000: 100% 100/100 [00:01<00:00, 98.13it/s, loss=0.0189]
Epoch 125/1000: 100% 100/100 [00:01<00:00, 99.99it/s, loss=0.0154]
Epoch 126/1000: 100% 100/100 [00:01<00:00, 77.42it/s, loss=0.0149]
Epoch 127/1000: 100% 100/100 [00:01<00:00, 79.65it/s, loss=0.0155]
Epoch 128/1000: 100% 100/100 [00:00<00:00, 101.10it/s, loss=0.0157]
Epoch 129/1000: 100% 100/100 [00:01<00:00, 99.70it/s, loss=0.0153]
Epoch 130/1000: 100% 100/100 [00:00<00:00, 100.24it/s, loss=0.0180]
2025-11-06 14:31:11,991 [INFO] Epoch 130/1000 | Time: 3.14s | Loss: 0.0180 | Eval Return: -500.00
Epoch 131/1000: 100% 100/100 [00:00<00:00, 100.79it/s, loss=0.0174]
Epoch 132/1000: 100% 100/100 [00:00<00:00, 101.40it/s, loss=0.0173]
Epoch 133/1000: 100% 100/100 [00:01<00:00, 98.58it/s, loss=0.0175]
Epoch 134/1000: 100% 100/100 [00:00<00:00, 103.07it/s, loss=0.0190]
Epoch 135/1000: 100% 100/100 [00:01<00:00, 83.91it/s, loss=0.0199]
Epoch 136/1000: 100% 100/100 [00:01<00:00, 75.57it/s, loss=0.0239]
Epoch 137/1000: 100% 100/100 [00:00<00:00, 100.24it/s, loss=0.0236]
Epoch 138/1000: 100% 100/100 [00:00<00:00, 100.21it/s, loss=0.0203]
Epoch 139/1000: 100% 100/100 [00:01<00:00, 98.34it/s, loss=0.0224]
Epoch 140/1000: 100% 100/100 [00:01<00:00, 97.15it/s, loss=0.0179]
2025-11-06 14:31:24,664 [INFO] Epoch 140/1000 | Time: 3.18s | Loss: 0.0179 | Eval Return: -500.00
Epoch 141/1000: 100% 100/100 [00:00<00:00, 101.51it/s, loss=0.0201]
Epoch 142/1000: 100% 100/100 [00:00<00:00, 102.26it/s, loss=0.0180]
Epoch 143/1000: 100% 100/100 [00:01<00:00, 98.09it/s, loss=0.0161]
Epoch 144/1000: 100% 100/100 [00:01<00:00, 90.24it/s, loss=0.0149]
Epoch 145/1000: 100% 100/100 [00:01<00:00, 74.98it/s, loss=0.0170]
Epoch 146/1000: 100% 100/100 [00:01<00:00, 88.70it/s, loss=0.0200]
Epoch 147/1000: 100% 100/100 [00:01<00:00, 99.12it/s, loss=0.0211]
Epoch 148/1000: 100% 100/100 [00:00<00:00, 100.08it/s, loss=0.0227]
Epoch 149/1000: 100% 100/100 [00:00<00:00, 100.19it/s, loss=0.0249]
Epoch 150/1000: 100% 100/100 [00:00<00:00, 100.17it/s, loss=0.0219]
2025-11-06 14:31:37,374 [INFO] Epoch 150/1000 | Time: 3.15s | Loss: 0.0219 | Eval Return: -500.00
Epoch 151/1000: 100% 100/100 [00:00<00:00, 100.36it/s, loss=0.0231]
Epoch 152/1000: 100% 100/100 [00:00<00:00, 102.42it/s, loss=0.0240]
Epoch 153/1000: 100% 100/100 [00:00<00:00, 101.04it/s, loss=0.0220]
Epoch 154/1000: 100% 100/100 [00:01<00:00, 76.46it/s, loss=0.0217]
Epoch 155/1000: 100% 100/100 [00:01<00:00, 79.62it/s, loss=0.0231]
Epoch 156/1000: 100% 100/100 [00:00<00:00, 101.10it/s, loss=0.0213]
Epoch 157/1000: 100% 100/100 [00:01<00:00, 98.75it/s, loss=0.0203]
Epoch 158/1000: 100% 100/100 [00:01<00:00, 99.81it/s, loss=0.0212]
Epoch 159/1000: 100% 100/100 [00:01<00:00, 98.71it/s, loss=0.0256]
Epoch 160/1000: 100% 100/100 [00:00<00:00, 101.72it/s, loss=0.0228]
2025-11-06 14:31:50,075 [INFO] Epoch 160/1000 | Time: 3.15s | Loss: 0.0228 | Eval Return: -500.00
Epoch 161/1000: 100% 100/100 [00:00<00:00, 100.32it/s, loss=0.0202]
Epoch 162/1000: 100% 100/100 [00:00<00:00, 100.15it/s, loss=0.0173]
Epoch 163/1000: 100% 100/100 [00:01<00:00, 85.09it/s, loss=0.0195]
Epoch 164/1000: 100% 100/100 [00:01<00:00, 75.63it/s, loss=0.0165]
Epoch 165/1000: 100% 100/100 [00:01<00:00, 98.87it/s, loss=0.0157]
Epoch 166/1000: 100% 100/100 [00:00<00:00, 102.45it/s, loss=0.0190]
Epoch 167/1000: 100% 100/100 [00:01<00:00, 96.60it/s, loss=0.0207]
Epoch 168/1000: 100% 100/100 [00:01<00:00, 98.32it/s, loss=0.0221]
Epoch 169/1000: 100% 100/100 [00:01<00:00, 98.65it/s, loss=0.0226]
Epoch 170/1000: 100% 100/100 [00:00<00:00, 100.16it/s, loss=0.0187]
2025-11-06 14:32:02,845 [INFO] Epoch 170/1000 | Time: 3.22s | Loss: 0.0187 | Eval Return: -500.00
Epoch 171/1000: 100% 100/100 [00:01<00:00, 97.49it/s, loss=0.0172]
Epoch 172/1000: 100% 100/100 [00:01<00:00, 85.21it/s, loss=0.0202]
Epoch 173/1000: 100% 100/100 [00:01<00:00, 75.41it/s, loss=0.0210]
Epoch 174/1000: 100% 100/100 [00:01<00:00, 95.05it/s, loss=0.0191]
Epoch 175/1000: 100% 100/100 [00:00<00:00, 101.28it/s, loss=0.0166]
Epoch 176/1000: 100% 100/100 [00:00<00:00, 100.41it/s, loss=0.0174]
Epoch 177/1000: 100% 100/100 [00:00<00:00, 101.48it/s, loss=0.0199]
Epoch 178/1000: 100% 100/100 [00:01<00:00, 99.64it/s, loss=0.0218]
Epoch 179/1000: 100% 100/100 [00:01<00:00, 99.92it/s, loss=0.0264]
Epoch 180/1000: 100% 100/100 [00:01<00:00, 97.27it/s, loss=0.0226]
2025-11-06 14:32:15,566 [INFO] Epoch 180/1000 | Time: 3.17s | Loss: 0.0226 | Eval Return: -500.00
Epoch 181/1000: 100% 100/100 [00:01<00:00, 95.42it/s, loss=0.0210]
Epoch 182/1000: 100% 100/100 [00:01<00:00, 77.39it/s, loss=0.0234]
Epoch 183/1000: 100% 100/100 [00:01<00:00, 83.23it/s, loss=0.0280]
Epoch 184/1000: 100% 100/100 [00:00<00:00, 101.49it/s, loss=0.0285]
Epoch 185/1000: 100% 100/100 [00:01<00:00, 99.78it/s, loss=0.0257]
Epoch 186/1000: 100% 100/100 [00:01<00:00, 99.55it/s, loss=0.0200]
Epoch 187/1000: 100% 100/100 [00:01<00:00, 98.80it/s, loss=0.0216]
Epoch 188/1000: 100% 100/100 [00:01<00:00, 99.38it/s, loss=0.0238]
Epoch 189/1000: 100% 100/100 [00:00<00:00, 100.87it/s, loss=0.0236]
Epoch 190/1000: 100% 100/100 [00:00<00:00, 100.03it/s, loss=0.0220]
2025-11-06 14:32:28,316 [INFO] Epoch 190/1000 | Time: 3.20s | Loss: 0.0220 | Eval Return: -500.00
Epoch 191/1000: 100% 100/100 [00:01<00:00, 79.72it/s, loss=0.0257]
Epoch 192/1000: 100% 100/100 [00:01<00:00, 77.91it/s, loss=0.0263]
Epoch 193/1000: 100% 100/100 [00:00<00:00, 100.37it/s, loss=0.0237]
Epoch 194/1000: 100% 100/100 [00:01<00:00, 99.96it/s, loss=0.0201]
Epoch 195/1000: 100% 100/100 [00:00<00:00, 100.26it/s, loss=0.0280]
Epoch 196/1000: 100% 100/100 [00:00<00:00, 101.70it/s, loss=0.0301]
Epoch 197/1000: 100% 100/100 [00:00<00:00, 100.34it/s, loss=0.0338]
Epoch 198/1000: 100% 100/100 [00:00<00:00, 101.95it/s, loss=0.0297]
Epoch 199/1000: 100% 100/100 [00:00<00:00, 101.63it/s, loss=0.0253]
Epoch 200/1000: 100% 100/100 [00:00<00:00, 100.20it/s, loss=0.0219]
2025-11-06 14:32:41,130 [INFO] Epoch 200/1000 | Time: 3.33s | Loss: 0.0219 | Eval Return: -500.00
Epoch 201/1000: 100% 100/100 [00:01<00:00, 74.33it/s, loss=0.0210]
Epoch 202/1000: 100% 100/100 [00:01<00:00, 94.66it/s, loss=0.0208]
Epoch 203/1000: 100% 100/100 [00:00<00:00, 100.09it/s, loss=0.0225]
Epoch 204/1000: 100% 100/100 [00:00<00:00, 100.09it/s, loss=0.0262]
Epoch 205/1000: 100% 100/100 [00:01<00:00, 99.55it/s, loss=0.0298]
Epoch 206/1000: 100% 100/100 [00:01<00:00, 99.86it/s, loss=0.0311]
Epoch 207/1000: 100% 100/100 [00:01<00:00, 99.74it/s, loss=0.0328]
Epoch 208/1000: 100% 100/100 [00:01<00:00, 98.44it/s, loss=0.0311]
Epoch 209/1000: 100% 100/100 [00:00<00:00, 100.57it/s, loss=0.0305]
Epoch 210/1000: 100% 100/100 [00:00<00:00, 100.94it/s, loss=0.0307]
2025-11-06 14:32:54,202 [INFO] Epoch 210/1000 | Time: 3.64s | Loss: 0.0307 | Eval Return: -500.00
Epoch 211/1000: 100% 100/100 [00:01<00:00, 89.51it/s, loss=0.0379]
Epoch 212/1000: 100% 100/100 [00:01<00:00, 99.01it/s, loss=0.0422]
Epoch 213/1000: 100% 100/100 [00:00<00:00, 100.16it/s, loss=0.0351]
Epoch 214/1000: 100% 100/100 [00:01<00:00, 98.11it/s, loss=0.0365]
Epoch 215/1000: 100% 100/100 [00:00<00:00, 100.77it/s, loss=0.0364]
Epoch 216/1000: 100% 100/100 [00:00<00:00, 101.99it/s, loss=0.0354]
Epoch 217/1000: 100% 100/100 [00:00<00:00, 100.64it/s, loss=0.0296]
Epoch 218/1000: 100% 100/100 [00:01<00:00, 98.14it/s, loss=0.0247]
Epoch 219/1000: 100% 100/100 [00:01<00:00, 96.43it/s, loss=0.0210]
Epoch 220/1000: 100% 100/100 [00:01<00:00, 98.59it/s, loss=0.0249]
2025-11-06 14:33:07,155 [INFO] Epoch 220/1000 | Time: 3.78s | Loss: 0.0249 | Eval Return: -500.00
Epoch 221/1000: 100% 100/100 [00:00<00:00, 101.35it/s, loss=0.0274]
Epoch 222/1000: 100% 100/100 [00:01<00:00, 97.29it/s, loss=0.0266]
Epoch 223/1000: 100% 100/100 [00:00<00:00, 100.87it/s, loss=0.0324]
Epoch 224/1000: 100% 100/100 [00:00<00:00, 101.16it/s, loss=0.0296]
Epoch 225/1000: 100% 100/100 [00:01<00:00, 99.75it/s, loss=0.0300]
Epoch 226/1000: 100% 100/100 [00:00<00:00, 101.39it/s, loss=0.0327]
Epoch 227/1000: 100% 100/100 [00:00<00:00, 100.11it/s, loss=0.0350]
Epoch 228/1000: 100% 100/100 [00:01<00:00, 98.46it/s, loss=0.0385]
Epoch 229/1000: 100% 100/100 [00:01<00:00, 98.18it/s, loss=0.0358]
Epoch 230/1000: 100% 100/100 [00:01<00:00, 82.02it/s, loss=0.0336]
2025-11-06 14:33:19,914 [INFO] Epoch 230/1000 | Time: 3.74s | Loss: 0.0336 | Eval Return: -500.00
Epoch 231/1000: 100% 100/100 [00:01<00:00, 99.25it/s, loss=0.0281]
Epoch 232/1000: 100% 100/100 [00:00<00:00, 102.83it/s, loss=0.0321]
Epoch 233/1000: 100% 100/100 [00:00<00:00, 101.51it/s, loss=0.0352]
Epoch 234/1000: 100% 100/100 [00:00<00:00, 101.77it/s, loss=0.0390]
Epoch 235/1000: 100% 100/100 [00:00<00:00, 101.37it/s, loss=0.0440]
Epoch 236/1000: 100% 100/100 [00:00<00:00, 102.00it/s, loss=0.0368]
Epoch 237/1000: 100% 100/100 [00:01<00:00, 99.62it/s, loss=0.0381]
Epoch 238/1000: 100% 100/100 [00:00<00:00, 101.29it/s, loss=0.0343]
Epoch 239/1000: 100% 100/100 [00:01<00:00, 84.63it/s, loss=0.0337]
Epoch 240/1000: 100% 100/100 [00:01<00:00, 75.98it/s, loss=0.0331]
2025-11-06 14:33:32,530 [INFO] Epoch 240/1000 | Time: 3.53s | Loss: 0.0331 | Eval Return: -500.00
Epoch 241/1000: 100% 100/100 [00:00<00:00, 100.87it/s, loss=0.0353]
Epoch 242/1000: 100% 100/100 [00:00<00:00, 100.75it/s, loss=0.0321]
Epoch 243/1000: 100% 100/100 [00:01<00:00, 98.68it/s, loss=0.0326]
Epoch 244/1000: 100% 100/100 [00:01<00:00, 99.08it/s, loss=0.0299]
Epoch 245/1000: 100% 100/100 [00:01<00:00, 99.05it/s, loss=0.0347]
Epoch 246/1000: 100% 100/100 [00:01<00:00, 98.83it/s, loss=0.0357]
Epoch 247/1000: 100% 100/100 [00:01<00:00, 98.61it/s, loss=0.0410]
Epoch 248/1000: 100% 100/100 [00:01<00:00, 92.14it/s, loss=0.0428]
Epoch 249/1000: 100% 100/100 [00:01<00:00, 76.73it/s, loss=0.0488]
Epoch 250/1000: 100% 100/100 [00:01<00:00, 82.98it/s, loss=0.0527]
2025-11-06 14:33:45,330 [INFO] Epoch 250/1000 | Time: 3.37s | Loss: 0.0527 | Eval Return: -500.00
Epoch 251/1000: 100% 100/100 [00:00<00:00, 100.36it/s, loss=0.0533]
Epoch 252/1000: 100% 100/100 [00:01<00:00, 99.54it/s, loss=0.0441]
Epoch 253/1000: 100% 100/100 [00:01<00:00, 99.38it/s, loss=0.0414]
Epoch 254/1000: 100% 100/100 [00:01<00:00, 98.98it/s, loss=0.0355]
Epoch 255/1000: 100% 100/100 [00:01<00:00, 98.26it/s, loss=0.0351]
Epoch 256/1000: 100% 100/100 [00:01<00:00, 97.31it/s, loss=0.0369]
Epoch 257/1000: 100% 100/100 [00:01<00:00, 99.19it/s, loss=0.0458]
Epoch 258/1000: 100% 100/100 [00:01<00:00, 80.68it/s, loss=0.0518]
Epoch 259/1000: 100% 100/100 [00:01<00:00, 80.22it/s, loss=0.0486]
Epoch 260/1000: 100% 100/100 [00:00<00:00, 100.62it/s, loss=0.0460]
2025-11-06 14:33:58,036 [INFO] Epoch 260/1000 | Time: 3.14s | Loss: 0.0460 | Eval Return: -500.00
Epoch 261/1000: 100% 100/100 [00:01<00:00, 95.79it/s, loss=0.0459]
Epoch 262/1000: 100% 100/100 [00:01<00:00, 97.34it/s, loss=0.0469]
Epoch 263/1000: 100% 100/100 [00:01<00:00, 98.96it/s, loss=0.0446]
Epoch 264/1000: 100% 100/100 [00:00<00:00, 101.03it/s, loss=0.0510]
Epoch 265/1000: 100% 100/100 [00:01<00:00, 96.22it/s, loss=0.0464]
Epoch 266/1000: 100% 100/100 [00:01<00:00, 97.21it/s, loss=0.0363]
Epoch 267/1000: 100% 100/100 [00:01<00:00, 79.46it/s, loss=0.0360]
Epoch 268/1000: 100% 100/100 [00:01<00:00, 77.31it/s, loss=0.0386]
Epoch 269/1000: 100% 100/100 [00:00<00:00, 100.84it/s, loss=0.0438]
Epoch 270/1000: 100% 100/100 [00:00<00:00, 100.98it/s, loss=0.0517]
2025-11-06 14:34:10,876 [INFO] Epoch 270/1000 | Time: 3.15s | Loss: 0.0517 | Eval Return: -500.00
Epoch 271/1000: 100% 100/100 [00:01<00:00, 99.63it/s, loss=0.0516]
Epoch 272/1000: 100% 100/100 [00:00<00:00, 100.10it/s, loss=0.0469]
Epoch 273/1000: 100% 100/100 [00:01<00:00, 96.27it/s, loss=0.0425]
Epoch 274/1000: 100% 100/100 [00:01<00:00, 99.28it/s, loss=0.0389]
Epoch 275/1000: 100% 100/100 [00:01<00:00, 99.53it/s, loss=0.0390]
Epoch 276/1000: 100% 100/100 [00:01<00:00, 88.14it/s, loss=0.0380]
Epoch 277/1000: 100% 100/100 [00:01<00:00, 79.23it/s, loss=0.0413]
Epoch 278/1000: 100% 100/100 [00:01<00:00, 90.91it/s, loss=0.0449]
Epoch 279/1000: 100% 100/100 [00:01<00:00, 99.29it/s, loss=0.0405]
Epoch 280/1000: 100% 100/100 [00:01<00:00, 99.66it/s, loss=0.0359]
2025-11-06 14:34:23,624 [INFO] Epoch 280/1000 | Time: 3.19s | Loss: 0.0359 | Eval Return: -500.00
Epoch 281/1000: 100% 100/100 [00:01<00:00, 99.72it/s, loss=0.0410]
Epoch 282/1000: 100% 100/100 [00:01<00:00, 98.14it/s, loss=0.0491]
Epoch 283/1000: 100% 100/100 [00:01<00:00, 98.41it/s, loss=0.0508]
Epoch 284/1000: 100% 100/100 [00:01<00:00, 99.11it/s, loss=0.0464]
Epoch 285/1000: 100% 100/100 [00:01<00:00, 90.72it/s, loss=0.0534]
Epoch 286/1000: 100% 100/100 [00:01<00:00, 78.36it/s, loss=0.0526]
Epoch 287/1000: 100% 100/100 [00:01<00:00, 83.66it/s, loss=0.0619]
Epoch 288/1000: 100% 100/100 [00:01<00:00, 98.65it/s, loss=0.0609]
Epoch 289/1000: 100% 100/100 [00:01<00:00, 97.89it/s, loss=0.0576]
Epoch 290/1000: 100% 100/100 [00:01<00:00, 98.40it/s, loss=0.0471]
2025-11-06 14:34:36,470 [INFO] Epoch 290/1000 | Time: 3.19s | Loss: 0.0471 | Eval Return: -500.00
Epoch 291/1000: 100% 100/100 [00:01<00:00, 99.43it/s, loss=0.0465]
Epoch 292/1000: 100% 100/100 [00:01<00:00, 98.04it/s, loss=0.0506]
Epoch 293/1000: 100% 100/100 [00:01<00:00, 95.58it/s, loss=0.0531]
Epoch 294/1000: 100% 100/100 [00:01<00:00, 98.16it/s, loss=0.0528]
Epoch 295/1000: 100% 100/100 [00:01<00:00, 78.27it/s, loss=0.0567]
Epoch 296/1000: 100% 100/100 [00:01<00:00, 79.80it/s, loss=0.0508]
Epoch 297/1000: 100% 100/100 [00:01<00:00, 99.97it/s, loss=0.0421]
Epoch 298/1000: 100% 100/100 [00:01<00:00, 97.62it/s, loss=0.0489]
Epoch 299/1000: 100% 100/100 [00:01<00:00, 98.48it/s, loss=0.0512]
Epoch 300/1000: 100% 100/100 [00:00<00:00, 100.63it/s, loss=0.0502]
2025-11-06 14:34:49,250 [INFO] Epoch 300/1000 | Time: 3.12s | Loss: 0.0502 | Eval Return: -500.00
Epoch 301/1000: 100% 100/100 [00:01<00:00, 98.98it/s, loss=0.0505]
Epoch 302/1000: 100% 100/100 [00:01<00:00, 99.10it/s, loss=0.0526]
Epoch 303/1000: 100% 100/100 [00:01<00:00, 98.71it/s, loss=0.0473]
Epoch 304/1000: 100% 100/100 [00:01<00:00, 84.99it/s, loss=0.0493]
Epoch 305/1000: 100% 100/100 [00:01<00:00, 77.37it/s, loss=0.0491]
Epoch 306/1000: 100% 100/100 [00:00<00:00, 101.91it/s, loss=0.0501]
Epoch 307/1000: 100% 100/100 [00:01<00:00, 99.25it/s, loss=0.0484]
Epoch 308/1000: 100% 100/100 [00:00<00:00, 101.32it/s, loss=0.0597]
Epoch 309/1000: 100% 100/100 [00:01<00:00, 96.24it/s, loss=0.0517]
Epoch 310/1000: 100% 100/100 [00:01<00:00, 99.15it/s, loss=0.0659]
2025-11-06 14:35:01,933 [INFO] Epoch 310/1000 | Time: 3.16s | Loss: 0.0659 | Eval Return: -500.00
Epoch 311/1000: 100% 100/100 [00:01<00:00, 98.66it/s, loss=0.0640]
Epoch 312/1000: 100% 100/100 [00:01<00:00, 98.63it/s, loss=0.0517]
Epoch 313/1000: 100% 100/100 [00:01<00:00, 90.40it/s, loss=0.0497]
Epoch 314/1000: 100% 100/100 [00:01<00:00, 77.73it/s, loss=0.0485]
Epoch 315/1000: 100% 100/100 [00:01<00:00, 91.24it/s, loss=0.0453]
Epoch 316/1000: 100% 100/100 [00:00<00:00, 100.53it/s, loss=0.0471]
Epoch 317/1000: 100% 100/100 [00:00<00:00, 100.04it/s, loss=0.0554]
Epoch 318/1000: 100% 100/100 [00:00<00:00, 100.15it/s, loss=0.0606]
Epoch 319/1000: 100% 100/100 [00:01<00:00, 99.04it/s, loss=0.0490]
Epoch 320/1000: 100% 100/100 [00:00<00:00, 101.12it/s, loss=0.0498]
2025-11-06 14:35:14,604 [INFO] Epoch 320/1000 | Time: 3.15s | Loss: 0.0498 | Eval Return: -500.00
Epoch 321/1000: 100% 100/100 [00:01<00:00, 98.60it/s, loss=0.0530]
Epoch 322/1000: 100% 100/100 [00:01<00:00, 99.42it/s, loss=0.0552]
Epoch 323/1000: 100% 100/100 [00:01<00:00, 80.19it/s, loss=0.0567]
Epoch 324/1000: 100% 100/100 [00:01<00:00, 79.86it/s, loss=0.0563]
Epoch 325/1000: 100% 100/100 [00:01<00:00, 95.87it/s, loss=0.0573]
Epoch 326/1000: 100% 100/100 [00:01<00:00, 99.66it/s, loss=0.0602]
Epoch 327/1000: 100% 100/100 [00:00<00:00, 100.53it/s, loss=0.0623]
Epoch 328/1000: 100% 100/100 [00:00<00:00, 100.33it/s, loss=0.0508]
Epoch 329/1000: 100% 100/100 [00:00<00:00, 100.63it/s, loss=0.0536]
Epoch 330/1000: 100% 100/100 [00:01<00:00, 98.85it/s, loss=0.0528]
2025-11-06 14:35:27,311 [INFO] Epoch 330/1000 | Time: 3.15s | Loss: 0.0528 | Eval Return: -500.00
Epoch 331/1000: 100% 100/100 [00:00<00:00, 100.43it/s, loss=0.0507]
Epoch 332/1000: 100% 100/100 [00:01<00:00, 80.89it/s, loss=0.0572]
Epoch 333/1000: 100% 100/100 [00:01<00:00, 76.08it/s, loss=0.0646]
Epoch 334/1000: 100% 100/100 [00:01<00:00, 98.55it/s, loss=0.0632]
Epoch 335/1000: 100% 100/100 [00:01<00:00, 99.88it/s, loss=0.0510]
Epoch 336/1000: 100% 100/100 [00:01<00:00, 98.93it/s, loss=0.0516]
Epoch 337/1000: 100% 100/100 [00:00<00:00, 100.07it/s, loss=0.0524]
Epoch 338/1000: 100% 100/100 [00:00<00:00, 101.17it/s, loss=0.0561]
Epoch 339/1000: 100% 100/100 [00:01<00:00, 98.35it/s, loss=0.0513]
Epoch 340/1000: 100% 100/100 [00:00<00:00, 100.74it/s, loss=0.0511]
2025-11-06 14:35:40,041 [INFO] Epoch 340/1000 | Time: 3.15s | Loss: 0.0511 | Eval Return: -500.00
Epoch 341/1000: 100% 100/100 [00:01<00:00, 88.87it/s, loss=0.0531]
Epoch 342/1000: 100% 100/100 [00:01<00:00, 77.67it/s, loss=0.0652]
Epoch 343/1000: 100% 100/100 [00:01<00:00, 92.89it/s, loss=0.0687]
Epoch 344/1000: 100% 100/100 [00:01<00:00, 99.01it/s, loss=0.0761]
Epoch 345/1000: 100% 100/100 [00:00<00:00, 101.82it/s, loss=0.0798]
Epoch 346/1000: 100% 100/100 [00:01<00:00, 98.77it/s, loss=0.0725]
Epoch 347/1000: 100% 100/100 [00:00<00:00, 100.87it/s, loss=0.0683]
Epoch 348/1000: 100% 100/100 [00:00<00:00, 102.01it/s, loss=0.0613]
Epoch 349/1000: 100% 100/100 [00:01<00:00, 99.77it/s, loss=0.0699]
Epoch 350/1000: 100% 100/100 [00:01<00:00, 97.60it/s, loss=0.0636]
2025-11-06 14:35:52,702 [INFO] Epoch 350/1000 | Time: 3.19s | Loss: 0.0636 | Eval Return: -500.00
Epoch 351/1000: 100% 100/100 [00:01<00:00, 78.24it/s, loss=0.0615]
Epoch 352/1000: 100% 100/100 [00:01<00:00, 82.11it/s, loss=0.0656]
Epoch 353/1000: 100% 100/100 [00:00<00:00, 100.12it/s, loss=0.0670]
Epoch 354/1000: 100% 100/100 [00:00<00:00, 101.87it/s, loss=0.0601]
Epoch 355/1000: 100% 100/100 [00:00<00:00, 101.75it/s, loss=0.0581]
Epoch 356/1000: 100% 100/100 [00:01<00:00, 97.76it/s, loss=0.0528]
Epoch 357/1000: 100% 100/100 [00:01<00:00, 99.41it/s, loss=0.0510]
Epoch 358/1000: 100% 100/100 [00:00<00:00, 100.42it/s, loss=0.0506]
Epoch 359/1000: 100% 100/100 [00:00<00:00, 100.06it/s, loss=0.0535]
Epoch 360/1000: 100% 100/100 [00:01<00:00, 99.17it/s, loss=0.0524]
2025-11-06 14:36:05,641 [INFO] Epoch 360/1000 | Time: 3.45s | Loss: 0.0524 | Eval Return: -500.00
Epoch 361/1000: 100% 100/100 [00:01<00:00, 77.75it/s, loss=0.0594]
Epoch 362/1000: 100% 100/100 [00:00<00:00, 100.67it/s, loss=0.0617]
Epoch 363/1000: 100% 100/100 [00:00<00:00, 100.63it/s, loss=0.0591]
Epoch 364/1000: 100% 100/100 [00:01<00:00, 98.86it/s, loss=0.0587]
Epoch 365/1000: 100% 100/100 [00:01<00:00, 99.17it/s, loss=0.0694]
Epoch 366/1000: 100% 100/100 [00:01<00:00, 99.91it/s, loss=0.0768]
Epoch 367/1000: 100% 100/100 [00:00<00:00, 100.65it/s, loss=0.0861]
Epoch 368/1000: 100% 100/100 [00:00<00:00, 100.95it/s, loss=0.0775]
Epoch 369/1000: 100% 100/100 [00:01<00:00, 98.95it/s, loss=0.0796]
Epoch 370/1000: 100% 100/100 [00:01<00:00, 98.47it/s, loss=0.0858]
2025-11-06 14:36:18,698 [INFO] Epoch 370/1000 | Time: 3.77s | Loss: 0.0858 | Eval Return: -500.00
Epoch 371/1000: 100% 100/100 [00:00<00:00, 100.71it/s, loss=0.0791]
Epoch 372/1000: 100% 100/100 [00:00<00:00, 100.74it/s, loss=0.0696]
Epoch 373/1000: 100% 100/100 [00:00<00:00, 100.96it/s, loss=0.0754]
Epoch 374/1000: 100% 100/100 [00:01<00:00, 99.41it/s, loss=0.0886]
Epoch 375/1000: 100% 100/100 [00:01<00:00, 99.59it/s, loss=0.0851]
Epoch 376/1000: 100% 100/100 [00:00<00:00, 100.43it/s, loss=0.0865]
Epoch 377/1000: 100% 100/100 [00:01<00:00, 95.64it/s, loss=0.0800]
Epoch 378/1000: 100% 100/100 [00:01<00:00, 98.34it/s, loss=0.0743]
Epoch 379/1000: 100% 100/100 [00:00<00:00, 100.46it/s, loss=0.0702]
Epoch 380/1000: 100% 100/100 [00:01<00:00, 93.38it/s, loss=0.0750]
2025-11-06 14:36:31,553 [INFO] Epoch 380/1000 | Time: 3.81s | Loss: 0.0750 | Eval Return: -500.00
Epoch 381/1000: 100% 100/100 [00:01<00:00, 99.53it/s, loss=0.0845]
Epoch 382/1000: 100% 100/100 [00:01<00:00, 99.51it/s, loss=0.0846]
Epoch 383/1000: 100% 100/100 [00:01<00:00, 99.97it/s, loss=0.0708]
Epoch 384/1000: 100% 100/100 [00:00<00:00, 100.94it/s, loss=0.0663]
Epoch 385/1000: 100% 100/100 [00:01<00:00, 98.58it/s, loss=0.0620]
Epoch 386/1000: 100% 100/100 [00:01<00:00, 99.33it/s, loss=0.0617]
Epoch 387/1000: 100% 100/100 [00:01<00:00, 97.76it/s, loss=0.0701]
Epoch 388/1000: 100% 100/100 [00:01<00:00, 98.13it/s, loss=0.0660]
Epoch 389/1000: 100% 100/100 [00:00<00:00, 100.91it/s, loss=0.0634]
Epoch 390/1000: 100% 100/100 [00:01<00:00, 79.85it/s, loss=0.0693]
2025-11-06 14:36:44,304 [INFO] Epoch 390/1000 | Time: 3.69s | Loss: 0.0693 | Eval Return: -500.00
Epoch 391/1000: 100% 100/100 [00:01<00:00, 99.44it/s, loss=0.0754]
Epoch 392/1000: 100% 100/100 [00:00<00:00, 100.99it/s, loss=0.0681]
Epoch 393/1000: 100% 100/100 [00:00<00:00, 100.35it/s, loss=0.0658]
Epoch 394/1000: 100% 100/100 [00:01<00:00, 98.87it/s, loss=0.0726]
Epoch 395/1000: 100% 100/100 [00:01<00:00, 99.28it/s, loss=0.0671]
Epoch 396/1000: 100% 100/100 [00:01<00:00, 98.45it/s, loss=0.0663]
Epoch 397/1000: 100% 100/100 [00:01<00:00, 97.31it/s, loss=0.0673]
Epoch 398/1000: 100% 100/100 [00:01<00:00, 99.22it/s, loss=0.0680]
Epoch 399/1000: 100% 100/100 [00:01<00:00, 81.32it/s, loss=0.0705]
Epoch 400/1000: 100% 100/100 [00:01<00:00, 78.39it/s, loss=0.0754]
2025-11-06 14:36:56,992 [INFO] Epoch 400/1000 | Time: 3.39s | Loss: 0.0754 | Eval Return: -500.00
Epoch 401/1000: 100% 100/100 [00:01<00:00, 99.33it/s, loss=0.0725]
Epoch 402/1000: 100% 100/100 [00:01<00:00, 95.43it/s, loss=0.0742]
Epoch 403/1000: 100% 100/100 [00:01<00:00, 98.97it/s, loss=0.0715]
Epoch 404/1000: 100% 100/100 [00:00<00:00, 101.73it/s, loss=0.0715]
Epoch 405/1000: 100% 100/100 [00:01<00:00, 99.53it/s, loss=0.0855]
Epoch 406/1000: 100% 100/100 [00:00<00:00, 100.38it/s, loss=0.0881]
Epoch 407/1000: 100% 100/100 [00:00<00:00, 100.36it/s, loss=0.0759]
Epoch 408/1000: 100% 100/100 [00:01<00:00, 86.33it/s, loss=0.0736]
Epoch 409/1000: 100% 100/100 [00:01<00:00, 78.03it/s, loss=0.0746]
Epoch 410/1000: 100% 100/100 [00:01<00:00, 94.30it/s, loss=0.0712]
2025-11-06 14:37:09,679 [INFO] Epoch 410/1000 | Time: 3.19s | Loss: 0.0712 | Eval Return: -500.00
Epoch 411/1000: 100% 100/100 [00:01<00:00, 99.03it/s, loss=0.0742]
Epoch 412/1000: 100% 100/100 [00:00<00:00, 100.18it/s, loss=0.0681]
Epoch 413/1000: 100% 100/100 [00:00<00:00, 102.00it/s, loss=0.0634]
Epoch 414/1000: 100% 100/100 [00:00<00:00, 100.42it/s, loss=0.0608]
Epoch 415/1000: 100% 100/100 [00:01<00:00, 98.98it/s, loss=0.0638]
Epoch 416/1000: 100% 100/100 [00:00<00:00, 100.48it/s, loss=0.0645]
Epoch 417/1000: 100% 100/100 [00:01<00:00, 99.68it/s, loss=0.0737]
Epoch 418/1000: 100% 100/100 [00:01<00:00, 77.43it/s, loss=0.0858]
Epoch 419/1000: 100% 100/100 [00:01<00:00, 82.53it/s, loss=0.0810]
Epoch 420/1000: 100% 100/100 [00:01<00:00, 98.79it/s, loss=0.0778]
2025-11-06 14:37:22,343 [INFO] Epoch 420/1000 | Time: 3.17s | Loss: 0.0778 | Eval Return: -500.00
Epoch 421/1000: 100% 100/100 [00:01<00:00, 99.80it/s, loss=0.0744]
Epoch 422/1000: 100% 100/100 [00:01<00:00, 99.31it/s, loss=0.0762]
Epoch 423/1000: 100% 100/100 [00:01<00:00, 99.40it/s, loss=0.0741]
Epoch 424/1000: 100% 100/100 [00:01<00:00, 99.57it/s, loss=0.0935]
Epoch 425/1000: 100% 100/100 [00:01<00:00, 99.68it/s, loss=0.0932]
Epoch 426/1000: 100% 100/100 [00:00<00:00, 100.23it/s, loss=0.0962]
Epoch 427/1000: 100% 100/100 [00:01<00:00, 79.24it/s, loss=0.0913]
Epoch 428/1000: 100% 100/100 [00:01<00:00, 76.27it/s, loss=0.0724]
Epoch 429/1000: 100% 100/100 [00:01<00:00, 96.74it/s, loss=0.0702]
Epoch 430/1000: 100% 100/100 [00:01<00:00, 98.96it/s, loss=0.0774]
2025-11-06 14:37:35,151 [INFO] Epoch 430/1000 | Time: 3.18s | Loss: 0.0774 | Eval Return: -500.00
Epoch 431/1000: 100% 100/100 [00:01<00:00, 97.50it/s, loss=0.0683]
Epoch 432/1000: 100% 100/100 [00:01<00:00, 98.69it/s, loss=0.0809]
Epoch 433/1000: 100% 100/100 [00:01<00:00, 99.47it/s, loss=0.0826]
Epoch 434/1000: 100% 100/100 [00:01<00:00, 98.82it/s, loss=0.0775]
Epoch 435/1000: 100% 100/100 [00:01<00:00, 99.23it/s, loss=0.0684]
Epoch 436/1000: 100% 100/100 [00:01<00:00, 86.71it/s, loss=0.0664]
Epoch 437/1000: 100% 100/100 [00:01<00:00, 76.50it/s, loss=0.0736]
Epoch 438/1000: 100% 100/100 [00:01<00:00, 92.39it/s, loss=0.0824]
Epoch 439/1000: 100% 100/100 [00:00<00:00, 100.68it/s, loss=0.0794]
Epoch 440/1000: 100% 100/100 [00:00<00:00, 100.51it/s, loss=0.0798]
2025-11-06 14:37:47,894 [INFO] Epoch 440/1000 | Time: 3.14s | Loss: 0.0798 | Eval Return: -500.00
Epoch 441/1000: 100% 100/100 [00:01<00:00, 98.63it/s, loss=0.0894]
Epoch 442/1000: 100% 100/100 [00:01<00:00, 98.92it/s, loss=0.0855]
Epoch 443/1000: 100% 100/100 [00:00<00:00, 100.91it/s, loss=0.0923]
Epoch 444/1000: 100% 100/100 [00:00<00:00, 100.59it/s, loss=0.0999]
Epoch 445/1000: 100% 100/100 [00:01<00:00, 98.15it/s, loss=0.0898]
Epoch 446/1000: 100% 100/100 [00:01<00:00, 78.74it/s, loss=0.0799]
Epoch 447/1000: 100% 100/100 [00:01<00:00, 82.07it/s, loss=0.0914]
Epoch 448/1000: 100% 100/100 [00:00<00:00, 101.06it/s, loss=0.0853]
Epoch 449/1000: 100% 100/100 [00:01<00:00, 99.23it/s, loss=0.0774]
Epoch 450/1000: 100% 100/100 [00:01<00:00, 99.04it/s, loss=0.0828]
2025-11-06 14:38:00,647 [INFO] Epoch 450/1000 | Time: 3.24s | Loss: 0.0828 | Eval Return: -500.00
Epoch 451/1000: 100% 100/100 [00:01<00:00, 98.91it/s, loss=0.0932]
Epoch 452/1000: 100% 100/100 [00:01<00:00, 98.37it/s, loss=0.0805]
Epoch 453/1000: 100% 100/100 [00:01<00:00, 97.66it/s, loss=0.0768]
Epoch 454/1000: 100% 100/100 [00:01<00:00, 96.12it/s, loss=0.0817]
Epoch 455/1000: 100% 100/100 [00:01<00:00, 79.56it/s, loss=0.0738]
Epoch 456/1000: 100% 100/100 [00:01<00:00, 78.83it/s, loss=0.0812]
Epoch 457/1000: 100% 100/100 [00:00<00:00, 100.61it/s, loss=0.0799]
Epoch 458/1000: 100% 100/100 [00:00<00:00, 102.44it/s, loss=0.0661]
Epoch 459/1000: 100% 100/100 [00:01<00:00, 99.99it/s, loss=0.0782]
Epoch 460/1000: 100% 100/100 [00:00<00:00, 101.66it/s, loss=0.0970]
2025-11-06 14:38:13,344 [INFO] Epoch 460/1000 | Time: 3.10s | Loss: 0.0970 | Eval Return: -500.00
Epoch 461/1000: 100% 100/100 [00:01<00:00, 98.50it/s, loss=0.0976]
Epoch 462/1000: 100% 100/100 [00:01<00:00, 99.58it/s, loss=0.1047]
Epoch 463/1000: 100% 100/100 [00:01<00:00, 98.46it/s, loss=0.0894]
Epoch 464/1000: 100% 100/100 [00:01<00:00, 87.84it/s, loss=0.0869]
Epoch 465/1000: 100% 100/100 [00:01<00:00, 74.84it/s, loss=0.0838]
Epoch 466/1000: 100% 100/100 [00:01<00:00, 93.85it/s, loss=0.0659]
Epoch 467/1000: 100% 100/100 [00:01<00:00, 99.06it/s, loss=0.0672]
Epoch 468/1000: 100% 100/100 [00:01<00:00, 98.81it/s, loss=0.0739]
Epoch 469/1000: 100% 100/100 [00:01<00:00, 99.84it/s, loss=0.0804]
Epoch 470/1000: 100% 100/100 [00:00<00:00, 101.49it/s, loss=0.0835]
2025-11-06 14:38:26,144 [INFO] Epoch 470/1000 | Time: 3.20s | Loss: 0.0835 | Eval Return: -500.00
Epoch 471/1000: 100% 100/100 [00:01<00:00, 98.84it/s, loss=0.0743]
Epoch 472/1000: 100% 100/100 [00:01<00:00, 99.24it/s, loss=0.0796]
Epoch 473/1000: 100% 100/100 [00:01<00:00, 91.65it/s, loss=0.0714]
Epoch 474/1000: 100% 100/100 [00:01<00:00, 76.41it/s, loss=0.0690]
Epoch 475/1000: 100% 100/100 [00:01<00:00, 82.79it/s, loss=0.0715]
Epoch 476/1000: 100% 100/100 [00:01<00:00, 99.14it/s, loss=0.0721]
Epoch 477/1000: 100% 100/100 [00:01<00:00, 99.11it/s, loss=0.0788]
Epoch 478/1000: 100% 100/100 [00:00<00:00, 100.77it/s, loss=0.0880]
Epoch 479/1000: 100% 100/100 [00:01<00:00, 98.11it/s, loss=0.0918]
Epoch 480/1000: 100% 100/100 [00:01<00:00, 97.78it/s, loss=0.0812]
2025-11-06 14:38:38,976 [INFO] Epoch 480/1000 | Time: 3.17s | Loss: 0.0812 | Eval Return: -500.00
Epoch 481/1000: 100% 100/100 [00:00<00:00, 100.45it/s, loss=0.0772]
Epoch 482/1000: 100% 100/100 [00:01<00:00, 98.59it/s, loss=0.0752]
Epoch 483/1000: 100% 100/100 [00:01<00:00, 79.70it/s, loss=0.0788]
Epoch 484/1000: 100% 100/100 [00:01<00:00, 79.15it/s, loss=0.0744]
Epoch 485/1000: 100% 100/100 [00:01<00:00, 99.25it/s, loss=0.0829]
Epoch 486/1000: 100% 100/100 [00:00<00:00, 100.43it/s, loss=0.0841]
Epoch 487/1000: 100% 100/100 [00:01<00:00, 98.92it/s, loss=0.0814]
Epoch 488/1000: 100% 100/100 [00:00<00:00, 101.30it/s, loss=0.0798]
Epoch 489/1000: 100% 100/100 [00:00<00:00, 100.72it/s, loss=0.0743]
Epoch 490/1000: 100% 100/100 [00:01<00:00, 97.83it/s, loss=0.0869]
2025-11-06 14:38:51,635 [INFO] Epoch 490/1000 | Time: 3.13s | Loss: 0.0869 | Eval Return: -500.00
Epoch 491/1000: 100% 100/100 [00:00<00:00, 100.22it/s, loss=0.0864]
Epoch 492/1000: 100% 100/100 [00:01<00:00, 87.47it/s, loss=0.0850]
Epoch 493/1000: 100% 100/100 [00:01<00:00, 77.08it/s, loss=0.0868]
Epoch 494/1000: 100% 100/100 [00:01<00:00, 94.08it/s, loss=0.0796]
Epoch 495/1000: 100% 100/100 [00:01<00:00, 97.71it/s, loss=0.0898]
Epoch 496/1000: 100% 100/100 [00:01<00:00, 98.68it/s, loss=0.0869]
Epoch 497/1000: 100% 100/100 [00:01<00:00, 99.44it/s, loss=0.0872]
Epoch 498/1000: 100% 100/100 [00:01<00:00, 95.48it/s, loss=0.0944]
Epoch 499/1000: 100% 100/100 [00:01<00:00, 99.54it/s, loss=0.0945]
Epoch 500/1000: 100% 100/100 [00:01<00:00, 99.91it/s, loss=0.0910]
2025-11-06 14:39:04,376 [INFO] Epoch 500/1000 | Time: 3.14s | Loss: 0.0910 | Eval Return: -500.00
Epoch 501/1000: 100% 100/100 [00:01<00:00, 93.74it/s, loss=0.0852]
Epoch 502/1000: 100% 100/100 [00:01<00:00, 76.95it/s, loss=0.0851]
Epoch 503/1000: 100% 100/100 [00:01<00:00, 84.54it/s, loss=0.0904]
Epoch 504/1000: 100% 100/100 [00:00<00:00, 101.29it/s, loss=0.0996]
Epoch 505/1000: 100% 100/100 [00:01<00:00, 99.99it/s, loss=0.0939]
Epoch 506/1000: 100% 100/100 [00:00<00:00, 100.00it/s, loss=0.0952]
Epoch 507/1000: 100% 100/100 [00:01<00:00, 98.75it/s, loss=0.0896]
Epoch 508/1000: 100% 100/100 [00:01<00:00, 99.66it/s, loss=0.0897]
Epoch 509/1000: 100% 100/100 [00:01<00:00, 99.41it/s, loss=0.0903]
Epoch 510/1000: 100% 100/100 [00:01<00:00, 99.67it/s, loss=0.0944]
2025-11-06 14:39:17,071 [INFO] Epoch 510/1000 | Time: 3.13s | Loss: 0.0944 | Eval Return: -500.00
Epoch 511/1000: 100% 100/100 [00:01<00:00, 78.36it/s, loss=0.1000]
Epoch 512/1000: 100% 100/100 [00:01<00:00, 78.55it/s, loss=0.0919]
Epoch 513/1000: 100% 100/100 [00:01<00:00, 99.31it/s, loss=0.0905]
Epoch 514/1000: 100% 100/100 [00:00<00:00, 101.93it/s, loss=0.0908]
Epoch 515/1000: 100% 100/100 [00:01<00:00, 99.44it/s, loss=0.0877]
Epoch 516/1000: 100% 100/100 [00:00<00:00, 100.05it/s, loss=0.0812]
Epoch 517/1000: 100% 100/100 [00:01<00:00, 98.23it/s, loss=0.0894]
Epoch 518/1000: 100% 100/100 [00:00<00:00, 100.04it/s, loss=0.0857]
Epoch 519/1000: 100% 100/100 [00:01<00:00, 99.40it/s, loss=0.0807]
Epoch 520/1000: 100% 100/100 [00:01<00:00, 99.41it/s, loss=0.0753]
2025-11-06 14:39:30,052 [INFO] Epoch 520/1000 | Time: 3.41s | Loss: 0.0753 | Eval Return: -500.00
Epoch 521/1000: 100% 100/100 [00:01<00:00, 76.20it/s, loss=0.0759]
Epoch 522/1000: 100% 100/100 [00:01<00:00, 96.63it/s, loss=0.0903]
Epoch 523/1000: 100% 100/100 [00:01<00:00, 98.97it/s, loss=0.0995]
Epoch 524/1000: 100% 100/100 [00:00<00:00, 100.07it/s, loss=0.1022]
Epoch 525/1000: 100% 100/100 [00:01<00:00, 99.15it/s, loss=0.0937]
Epoch 526/1000: 100% 100/100 [00:01<00:00, 98.47it/s, loss=0.0971]
Epoch 527/1000: 100% 100/100 [00:01<00:00, 99.28it/s, loss=0.0859]
Epoch 528/1000: 100% 100/100 [00:01<00:00, 98.89it/s, loss=0.0918]
Epoch 529/1000: 100% 100/100 [00:01<00:00, 98.46it/s, loss=0.0964]
Epoch 530/1000: 100% 100/100 [00:01<00:00, 96.65it/s, loss=0.0905]
2025-11-06 14:39:43,251 [INFO] Epoch 530/1000 | Time: 3.78s | Loss: 0.0905 | Eval Return: -500.00
Epoch 531/1000: 100% 100/100 [00:01<00:00, 90.23it/s, loss=0.1039]
Epoch 532/1000: 100% 100/100 [00:01<00:00, 98.65it/s, loss=0.0887]
Epoch 533/1000: 100% 100/100 [00:01<00:00, 97.17it/s, loss=0.0793]
Epoch 534/1000: 100% 100/100 [00:01<00:00, 96.54it/s, loss=0.0802]
Epoch 535/1000: 100% 100/100 [00:01<00:00, 97.49it/s, loss=0.0860]
Epoch 536/1000: 100% 100/100 [00:01<00:00, 98.79it/s, loss=0.0931]
Epoch 537/1000: 100% 100/100 [00:01<00:00, 95.25it/s, loss=0.0847]
Epoch 538/1000: 100% 100/100 [00:01<00:00, 98.12it/s, loss=0.0899]
Epoch 539/1000: 100% 100/100 [00:01<00:00, 98.11it/s, loss=0.0839]
Epoch 540/1000: 100% 100/100 [00:01<00:00, 93.33it/s, loss=0.0840]
2025-11-06 14:39:56,351 [INFO] Epoch 540/1000 | Time: 3.78s | Loss: 0.0840 | Eval Return: -500.00
Epoch 541/1000: 100% 100/100 [00:01<00:00, 99.88it/s, loss=0.0868]
Epoch 542/1000: 100% 100/100 [00:01<00:00, 99.74it/s, loss=0.0852]
Epoch 543/1000: 100% 100/100 [00:01<00:00, 98.16it/s, loss=0.0835]
Epoch 544/1000: 100% 100/100 [00:01<00:00, 91.63it/s, loss=0.0858]
Epoch 545/1000: 100% 100/100 [00:01<00:00, 99.05it/s, loss=0.0895]
Epoch 546/1000: 100% 100/100 [00:00<00:00, 100.96it/s, loss=0.0889]
Epoch 547/1000: 100% 100/100 [00:00<00:00, 100.16it/s, loss=0.0909]
Epoch 548/1000: 100% 100/100 [00:00<00:00, 100.74it/s, loss=0.0906]
Epoch 549/1000: 100% 100/100 [00:00<00:00, 101.13it/s, loss=0.0977]
Epoch 550/1000: 100% 100/100 [00:01<00:00, 77.66it/s, loss=0.0930]
2025-11-06 14:40:09,160 [INFO] Epoch 550/1000 | Time: 3.71s | Loss: 0.0930 | Eval Return: -500.00
Epoch 551/1000: 100% 100/100 [00:01<00:00, 97.69it/s, loss=0.0936]
Epoch 552/1000: 100% 100/100 [00:01<00:00, 96.40it/s, loss=0.0887]
Epoch 553/1000: 100% 100/100 [00:01<00:00, 98.78it/s, loss=0.0880]
Epoch 554/1000: 100% 100/100 [00:01<00:00, 98.30it/s, loss=0.0866]
Epoch 555/1000: 100% 100/100 [00:01<00:00, 98.98it/s, loss=0.0843]
Epoch 556/1000: 100% 100/100 [00:01<00:00, 98.34it/s, loss=0.0840]
Epoch 557/1000: 100% 100/100 [00:00<00:00, 101.19it/s, loss=0.0820]
Epoch 558/1000: 100% 100/100 [00:00<00:00, 101.37it/s, loss=0.0835]
Epoch 559/1000: 100% 100/100 [00:01<00:00, 78.98it/s, loss=0.0875]
Epoch 560/1000: 100% 100/100 [00:01<00:00, 78.85it/s, loss=0.0920]
2025-11-06 14:40:21,958 [INFO] Epoch 560/1000 | Time: 3.43s | Loss: 0.0920 | Eval Return: -500.00
Epoch 561/1000: 100% 100/100 [00:01<00:00, 99.28it/s, loss=0.0898]
Epoch 562/1000: 100% 100/100 [00:01<00:00, 98.54it/s, loss=0.1006]
Epoch 563/1000: 100% 100/100 [00:00<00:00, 100.59it/s, loss=0.1038]
Epoch 564/1000: 100% 100/100 [00:00<00:00, 100.27it/s, loss=0.1002]
Epoch 565/1000: 100% 100/100 [00:01<00:00, 99.67it/s, loss=0.1100]
Epoch 566/1000: 100% 100/100 [00:00<00:00, 100.94it/s, loss=0.1065]
Epoch 567/1000: 100% 100/100 [00:01<00:00, 99.74it/s, loss=0.0967]
Epoch 568/1000: 100% 100/100 [00:01<00:00, 82.57it/s, loss=0.0987]
Epoch 569/1000: 100% 100/100 [00:01<00:00, 76.97it/s, loss=0.0855]
Epoch 570/1000: 100% 100/100 [00:01<00:00, 93.16it/s, loss=0.0829]
2025-11-06 14:40:34,720 [INFO] Epoch 570/1000 | Time: 3.24s | Loss: 0.0829 | Eval Return: -500.00
Epoch 571/1000: 100% 100/100 [00:01<00:00, 98.33it/s, loss=0.1004]
Epoch 572/1000: 100% 100/100 [00:01<00:00, 98.09it/s, loss=0.0941]
Epoch 573/1000: 100% 100/100 [00:01<00:00, 99.21it/s, loss=0.0908]
Epoch 574/1000: 100% 100/100 [00:00<00:00, 100.54it/s, loss=0.0757]
Epoch 575/1000: 100% 100/100 [00:00<00:00, 100.13it/s, loss=0.0744]
Epoch 576/1000: 100% 100/100 [00:01<00:00, 98.55it/s, loss=0.0710]
Epoch 577/1000: 100% 100/100 [00:01<00:00, 93.43it/s, loss=0.0639]
Epoch 578/1000: 100% 100/100 [00:01<00:00, 78.88it/s, loss=0.0687]
Epoch 579/1000: 100% 100/100 [00:01<00:00, 83.79it/s, loss=0.0725]
Epoch 580/1000: 100% 100/100 [00:01<00:00, 98.63it/s, loss=0.0695]
2025-11-06 14:40:47,523 [INFO] Epoch 580/1000 | Time: 3.22s | Loss: 0.0695 | Eval Return: -500.00
Epoch 581/1000: 100% 100/100 [00:01<00:00, 96.22it/s, loss=0.0734]
Epoch 582/1000: 100% 100/100 [00:01<00:00, 98.29it/s, loss=0.0824]
Epoch 583/1000: 100% 100/100 [00:01<00:00, 99.67it/s, loss=0.0836]
Epoch 584/1000: 100% 100/100 [00:00<00:00, 101.10it/s, loss=0.0859]
Epoch 585/1000: 100% 100/100 [00:00<00:00, 100.74it/s, loss=0.0945]
Epoch 586/1000: 100% 100/100 [00:00<00:00, 100.52it/s, loss=0.0912]
Epoch 587/1000: 100% 100/100 [00:01<00:00, 80.82it/s, loss=0.0837]
Epoch 588/1000: 100% 100/100 [00:01<00:00, 78.74it/s, loss=0.0862]
Epoch 589/1000: 100% 100/100 [00:00<00:00, 101.54it/s, loss=0.0724]
Epoch 590/1000: 100% 100/100 [00:01<00:00, 98.29it/s, loss=0.0643]
2025-11-06 14:41:00,272 [INFO] Epoch 590/1000 | Time: 3.22s | Loss: 0.0643 | Eval Return: -500.00
Epoch 591/1000: 100% 100/100 [00:00<00:00, 100.38it/s, loss=0.0661]
Epoch 592/1000: 100% 100/100 [00:01<00:00, 99.75it/s, loss=0.0766]
Epoch 593/1000: 100% 100/100 [00:01<00:00, 99.41it/s, loss=0.0750]
Epoch 594/1000: 100% 100/100 [00:00<00:00, 101.31it/s, loss=0.0630]
Epoch 595/1000: 100% 100/100 [00:01<00:00, 99.69it/s, loss=0.0693]
Epoch 596/1000: 100% 100/100 [00:01<00:00, 84.89it/s, loss=0.0760]
Epoch 597/1000: 100% 100/100 [00:01<00:00, 75.70it/s, loss=0.0849]
Epoch 598/1000: 100% 100/100 [00:01<00:00, 98.02it/s, loss=0.0903]
Epoch 599/1000: 100% 100/100 [00:01<00:00, 97.68it/s, loss=0.0874]
Epoch 600/1000: 100% 100/100 [00:01<00:00, 98.88it/s, loss=0.0771]
2025-11-06 14:41:12,997 [INFO] Epoch 600/1000 | Time: 3.18s | Loss: 0.0771 | Eval Return: -500.00
Epoch 601/1000: 100% 100/100 [00:01<00:00, 98.62it/s, loss=0.0835]
Epoch 602/1000: 100% 100/100 [00:00<00:00, 101.72it/s, loss=0.0911]
Epoch 603/1000: 100% 100/100 [00:00<00:00, 101.02it/s, loss=0.1013]
Epoch 604/1000: 100% 100/100 [00:01<00:00, 99.57it/s, loss=0.0984]
Epoch 605/1000: 100% 100/100 [00:01<00:00, 90.50it/s, loss=0.1009]
Epoch 606/1000: 100% 100/100 [00:01<00:00, 77.09it/s, loss=0.0910]
Epoch 607/1000: 100% 100/100 [00:01<00:00, 86.17it/s, loss=0.0850]
Epoch 608/1000: 100% 100/100 [00:01<00:00, 98.72it/s, loss=0.0923]
Epoch 609/1000: 100% 100/100 [00:01<00:00, 98.70it/s, loss=0.0920]
Epoch 610/1000: 100% 100/100 [00:00<00:00, 100.96it/s, loss=0.0883]
2025-11-06 14:41:25,715 [INFO] Epoch 610/1000 | Time: 3.13s | Loss: 0.0883 | Eval Return: -500.00
Epoch 611/1000: 100% 100/100 [00:01<00:00, 99.64it/s, loss=0.0850]
Epoch 612/1000: 100% 100/100 [00:00<00:00, 101.66it/s, loss=0.0871]
Epoch 613/1000: 100% 100/100 [00:01<00:00, 97.41it/s, loss=0.0855]
Epoch 614/1000: 100% 100/100 [00:01<00:00, 98.20it/s, loss=0.0821]
Epoch 615/1000: 100% 100/100 [00:01<00:00, 75.08it/s, loss=0.0785]
Epoch 616/1000: 100% 100/100 [00:01<00:00, 79.24it/s, loss=0.0785]
Epoch 617/1000: 100% 100/100 [00:01<00:00, 99.40it/s, loss=0.0906]
Epoch 618/1000: 100% 100/100 [00:01<00:00, 99.13it/s, loss=0.0880]
Epoch 619/1000: 100% 100/100 [00:01<00:00, 97.59it/s, loss=0.0724]
Epoch 620/1000: 100% 100/100 [00:00<00:00, 100.06it/s, loss=0.0706]
2025-11-06 14:41:38,496 [INFO] Epoch 620/1000 | Time: 3.11s | Loss: 0.0706 | Eval Return: -500.00
Epoch 621/1000: 100% 100/100 [00:00<00:00, 100.21it/s, loss=0.0691]
Epoch 622/1000: 100% 100/100 [00:01<00:00, 99.23it/s, loss=0.0770]
Epoch 623/1000: 100% 100/100 [00:01<00:00, 98.46it/s, loss=0.0769]
Epoch 624/1000: 100% 100/100 [00:01<00:00, 83.21it/s, loss=0.0690]
Epoch 625/1000: 100% 100/100 [00:01<00:00, 74.09it/s, loss=0.0788]
Epoch 626/1000: 100% 100/100 [00:01<00:00, 98.94it/s, loss=0.0809]
Epoch 627/1000: 100% 100/100 [00:01<00:00, 97.26it/s, loss=0.0724]
Epoch 628/1000: 100% 100/100 [00:01<00:00, 96.73it/s, loss=0.0780]
Epoch 629/1000: 100% 100/100 [00:01<00:00, 98.63it/s, loss=0.0809]
Epoch 630/1000: 100% 100/100 [00:01<00:00, 99.70it/s, loss=0.0924]
2025-11-06 14:41:51,310 [INFO] Epoch 630/1000 | Time: 3.15s | Loss: 0.0924 | Eval Return: -500.00
Epoch 631/1000: 100% 100/100 [00:00<00:00, 100.64it/s, loss=0.0848]
Epoch 632/1000: 100% 100/100 [00:00<00:00, 100.85it/s, loss=0.0897]
Epoch 633/1000: 100% 100/100 [00:01<00:00, 88.70it/s, loss=0.0874]
Epoch 634/1000: 100% 100/100 [00:01<00:00, 76.02it/s, loss=0.0821]
Epoch 635/1000: 100% 100/100 [00:01<00:00, 90.59it/s, loss=0.0786]
Epoch 636/1000: 100% 100/100 [00:01<00:00, 99.56it/s, loss=0.0842]
Epoch 637/1000: 100% 100/100 [00:01<00:00, 97.71it/s, loss=0.0738]
Epoch 638/1000: 100% 100/100 [00:01<00:00, 93.97it/s, loss=0.0748]
Epoch 639/1000: 100% 100/100 [00:01<00:00, 96.35it/s, loss=0.0784]
Epoch 640/1000: 100% 100/100 [00:01<00:00, 99.66it/s, loss=0.0716]
2025-11-06 14:42:04,121 [INFO] Epoch 640/1000 | Time: 3.15s | Loss: 0.0716 | Eval Return: -500.00
Epoch 641/1000: 100% 100/100 [00:00<00:00, 100.26it/s, loss=0.0679]
Epoch 642/1000: 100% 100/100 [00:01<00:00, 93.25it/s, loss=0.0722]
Epoch 643/1000: 100% 100/100 [00:01<00:00, 78.10it/s, loss=0.0810]
Epoch 644/1000: 100% 100/100 [00:01<00:00, 85.65it/s, loss=0.0898]
Epoch 645/1000: 100% 100/100 [00:00<00:00, 101.09it/s, loss=0.0850]
Epoch 646/1000: 100% 100/100 [00:01<00:00, 99.44it/s, loss=0.0945]
Epoch 647/1000: 100% 100/100 [00:01<00:00, 99.66it/s, loss=0.0914]
Epoch 648/1000: 100% 100/100 [00:01<00:00, 99.79it/s, loss=0.1009]
Epoch 649/1000: 100% 100/100 [00:00<00:00, 101.73it/s, loss=0.0868]
Epoch 650/1000: 100% 100/100 [00:00<00:00, 103.28it/s, loss=0.0951]
2025-11-06 14:42:16,734 [INFO] Epoch 650/1000 | Time: 3.11s | Loss: 0.0951 | Eval Return: -500.00
Epoch 651/1000: 100% 100/100 [00:01<00:00, 99.69it/s, loss=0.1053]
Epoch 652/1000: 100% 100/100 [00:01<00:00, 80.83it/s, loss=0.0970]
Epoch 653/1000: 100% 100/100 [00:01<00:00, 77.47it/s, loss=0.0969]
Epoch 654/1000: 100% 100/100 [00:01<00:00, 98.65it/s, loss=0.0914]
Epoch 655/1000: 100% 100/100 [00:01<00:00, 99.17it/s, loss=0.0828]
Epoch 656/1000: 100% 100/100 [00:00<00:00, 101.15it/s, loss=0.0796]
Epoch 657/1000: 100% 100/100 [00:01<00:00, 99.40it/s, loss=0.0780]
Epoch 658/1000: 100% 100/100 [00:00<00:00, 101.90it/s, loss=0.0811]
Epoch 659/1000: 100% 100/100 [00:00<00:00, 101.51it/s, loss=0.0727]
Epoch 660/1000: 100% 100/100 [00:00<00:00, 100.78it/s, loss=0.0687]
2025-11-06 14:42:29,412 [INFO] Epoch 660/1000 | Time: 3.15s | Loss: 0.0687 | Eval Return: -500.00
Epoch 661/1000: 100% 100/100 [00:01<00:00, 85.19it/s, loss=0.0743]
Epoch 662/1000: 100% 100/100 [00:01<00:00, 76.16it/s, loss=0.0779]
Epoch 663/1000: 100% 100/100 [00:01<00:00, 89.70it/s, loss=0.0763]
Epoch 664/1000: 100% 100/100 [00:01<00:00, 99.23it/s, loss=0.0770]
Epoch 665/1000: 100% 100/100 [00:01<00:00, 97.73it/s, loss=0.0896]
Epoch 666/1000: 100% 100/100 [00:01<00:00, 99.90it/s, loss=0.0907]
Epoch 667/1000: 100% 100/100 [00:00<00:00, 100.39it/s, loss=0.0877]
Epoch 668/1000: 100% 100/100 [00:01<00:00, 99.18it/s, loss=0.0980]
Epoch 669/1000: 100% 100/100 [00:01<00:00, 99.62it/s, loss=0.0880]
Epoch 670/1000: 100% 100/100 [00:01<00:00, 98.78it/s, loss=0.0981]
2025-11-06 14:42:42,233 [INFO] Epoch 670/1000 | Time: 3.18s | Loss: 0.0981 | Eval Return: -500.00
Epoch 671/1000: 100% 100/100 [00:01<00:00, 78.16it/s, loss=0.1075]
Epoch 672/1000: 100% 100/100 [00:01<00:00, 80.94it/s, loss=0.0941]
Epoch 673/1000: 100% 100/100 [00:01<00:00, 99.36it/s, loss=0.0947]
Epoch 674/1000: 100% 100/100 [00:01<00:00, 98.68it/s, loss=0.0912]
Epoch 675/1000: 100% 100/100 [00:01<00:00, 97.73it/s, loss=0.0851]
Epoch 676/1000: 100% 100/100 [00:01<00:00, 99.57it/s, loss=0.0875]
Epoch 677/1000: 100% 100/100 [00:01<00:00, 98.66it/s, loss=0.0898]
Epoch 678/1000: 100% 100/100 [00:00<00:00, 100.32it/s, loss=0.0758]
Epoch 679/1000: 100% 100/100 [00:01<00:00, 99.55it/s, loss=0.0776]
Epoch 680/1000: 100% 100/100 [00:00<00:00, 100.20it/s, loss=0.0765]
2025-11-06 14:42:55,252 [INFO] Epoch 680/1000 | Time: 3.44s | Loss: 0.0765 | Eval Return: -500.00
Epoch 681/1000: 100% 100/100 [00:01<00:00, 78.72it/s, loss=0.0724]
Epoch 682/1000: 100% 100/100 [00:01<00:00, 98.49it/s, loss=0.0773]
Epoch 683/1000: 100% 100/100 [00:01<00:00, 99.01it/s, loss=0.0843]
Epoch 684/1000: 100% 100/100 [00:01<00:00, 98.52it/s, loss=0.0816]
Epoch 685/1000: 100% 100/100 [00:01<00:00, 97.85it/s, loss=0.0842]
Epoch 686/1000: 100% 100/100 [00:01<00:00, 99.24it/s, loss=0.0856]
Epoch 687/1000: 100% 100/100 [00:01<00:00, 97.80it/s, loss=0.0857]
Epoch 688/1000: 100% 100/100 [00:00<00:00, 101.03it/s, loss=0.0876]
Epoch 689/1000: 100% 100/100 [00:01<00:00, 98.25it/s, loss=0.0977]
Epoch 690/1000: 100% 100/100 [00:01<00:00, 99.57it/s, loss=0.1008]
2025-11-06 14:43:08,360 [INFO] Epoch 690/1000 | Time: 3.73s | Loss: 0.1008 | Eval Return: -500.00
Epoch 691/1000: 100% 100/100 [00:01<00:00, 99.85it/s, loss=0.0939]
Epoch 692/1000: 100% 100/100 [00:01<00:00, 98.48it/s, loss=0.0996]
Epoch 693/1000: 100% 100/100 [00:01<00:00, 98.61it/s, loss=0.0967]
Epoch 694/1000: 100% 100/100 [00:00<00:00, 100.58it/s, loss=0.0903]
Epoch 695/1000: 100% 100/100 [00:01<00:00, 99.59it/s, loss=0.0846]
Epoch 696/1000: 100% 100/100 [00:01<00:00, 99.39it/s, loss=0.0916]
Epoch 697/1000: 100% 100/100 [00:01<00:00, 98.77it/s, loss=0.0956]
Epoch 698/1000: 100% 100/100 [00:01<00:00, 98.98it/s, loss=0.0786]
Epoch 699/1000: 100% 100/100 [00:01<00:00, 99.98it/s, loss=0.0839]
Epoch 700/1000: 100% 100/100 [00:01<00:00, 91.10it/s, loss=0.0920]
2025-11-06 14:43:21,194 [INFO] Epoch 700/1000 | Time: 3.77s | Loss: 0.0920 | Eval Return: -500.00
Epoch 701/1000: 100% 100/100 [00:01<00:00, 98.76it/s, loss=0.1054]
Epoch 702/1000: 100% 100/100 [00:01<00:00, 99.11it/s, loss=0.0928]
Epoch 703/1000: 100% 100/100 [00:01<00:00, 99.46it/s, loss=0.0819]
Epoch 704/1000: 100% 100/100 [00:00<00:00, 100.89it/s, loss=0.0810]
Epoch 705/1000: 100% 100/100 [00:01<00:00, 98.74it/s, loss=0.0886]
Epoch 706/1000: 100% 100/100 [00:00<00:00, 100.09it/s, loss=0.0942]
Epoch 707/1000: 100% 100/100 [00:01<00:00, 99.85it/s, loss=0.0778]
Epoch 708/1000: 100% 100/100 [00:00<00:00, 100.88it/s, loss=0.0713]
Epoch 709/1000: 100% 100/100 [00:01<00:00, 95.54it/s, loss=0.0766]
Epoch 710/1000: 100% 100/100 [00:01<00:00, 77.14it/s, loss=0.0776]
2025-11-06 14:43:34,011 [INFO] Epoch 710/1000 | Time: 3.74s | Loss: 0.0776 | Eval Return: -500.00
Epoch 711/1000: 100% 100/100 [00:01<00:00, 98.90it/s, loss=0.0739]
Epoch 712/1000: 100% 100/100 [00:01<00:00, 98.41it/s, loss=0.0805]
Epoch 713/1000: 100% 100/100 [00:01<00:00, 94.28it/s, loss=0.0815]
Epoch 714/1000: 100% 100/100 [00:00<00:00, 100.22it/s, loss=0.0823]
Epoch 715/1000: 100% 100/100 [00:01<00:00, 99.12it/s, loss=0.0963]
Epoch 716/1000: 100% 100/100 [00:01<00:00, 97.63it/s, loss=0.0932]
Epoch 717/1000: 100% 100/100 [00:00<00:00, 100.45it/s, loss=0.0877]
Epoch 718/1000: 100% 100/100 [00:00<00:00, 100.41it/s, loss=0.0833]
Epoch 719/1000: 100% 100/100 [00:01<00:00, 79.66it/s, loss=0.0867]
Epoch 720/1000: 100% 100/100 [00:01<00:00, 75.72it/s, loss=0.0866]
2025-11-06 14:43:46,847 [INFO] Epoch 720/1000 | Time: 3.47s | Loss: 0.0866 | Eval Return: -500.00
Epoch 721/1000: 100% 100/100 [00:00<00:00, 100.65it/s, loss=0.0793]
Epoch 722/1000: 100% 100/100 [00:00<00:00, 100.24it/s, loss=0.0870]
Epoch 723/1000: 100% 100/100 [00:01<00:00, 98.79it/s, loss=0.0915]
Epoch 724/1000: 100% 100/100 [00:01<00:00, 99.24it/s, loss=0.0898]
Epoch 725/1000: 100% 100/100 [00:01<00:00, 99.55it/s, loss=0.0852]
Epoch 726/1000: 100% 100/100 [00:01<00:00, 99.91it/s, loss=0.0893]
Epoch 727/1000: 100% 100/100 [00:00<00:00, 100.60it/s, loss=0.0923]
Epoch 728/1000: 100% 100/100 [00:01<00:00, 86.70it/s, loss=0.0849]
Epoch 729/1000: 100% 100/100 [00:01<00:00, 74.13it/s, loss=0.0904]
Epoch 730/1000: 100% 100/100 [00:01<00:00, 97.82it/s, loss=0.0893]
2025-11-06 14:43:59,559 [INFO] Epoch 730/1000 | Time: 3.20s | Loss: 0.0893 | Eval Return: -500.00
Epoch 731/1000: 100% 100/100 [00:01<00:00, 99.61it/s, loss=0.1000]
Epoch 732/1000: 100% 100/100 [00:01<00:00, 99.65it/s, loss=0.0898]
Epoch 733/1000: 100% 100/100 [00:00<00:00, 102.20it/s, loss=0.0825]
Epoch 734/1000: 100% 100/100 [00:01<00:00, 97.34it/s, loss=0.0971]
Epoch 735/1000: 100% 100/100 [00:01<00:00, 99.85it/s, loss=0.0980]
Epoch 736/1000: 100% 100/100 [00:01<00:00, 95.88it/s, loss=0.0957]
Epoch 737/1000: 100% 100/100 [00:01<00:00, 93.90it/s, loss=0.0917]
Epoch 738/1000: 100% 100/100 [00:01<00:00, 78.90it/s, loss=0.0922]
Epoch 739/1000: 100% 100/100 [00:01<00:00, 84.74it/s, loss=0.0856]
Epoch 740/1000: 100% 100/100 [00:01<00:00, 99.72it/s, loss=0.0889]
2025-11-06 14:44:12,298 [INFO] Epoch 740/1000 | Time: 3.17s | Loss: 0.0889 | Eval Return: -500.00
Epoch 741/1000: 100% 100/100 [00:01<00:00, 99.27it/s, loss=0.0917]
Epoch 742/1000: 100% 100/100 [00:01<00:00, 99.08it/s, loss=0.0867]
Epoch 743/1000: 100% 100/100 [00:01<00:00, 99.62it/s, loss=0.0901]
Epoch 744/1000: 100% 100/100 [00:01<00:00, 99.71it/s, loss=0.0952]
Epoch 745/1000: 100% 100/100 [00:00<00:00, 100.75it/s, loss=0.0889]
Epoch 746/1000: 100% 100/100 [00:01<00:00, 98.88it/s, loss=0.0789]
Epoch 747/1000: 100% 100/100 [00:01<00:00, 79.11it/s, loss=0.0779]
Epoch 748/1000: 100% 100/100 [00:01<00:00, 76.57it/s, loss=0.0778]
Epoch 749/1000: 100% 100/100 [00:01<00:00, 97.58it/s, loss=0.0801]
Epoch 750/1000: 100% 100/100 [00:01<00:00, 98.57it/s, loss=0.0917]
2025-11-06 14:44:25,103 [INFO] Epoch 750/1000 | Time: 3.18s | Loss: 0.0917 | Eval Return: -500.00
Epoch 751/1000: 100% 100/100 [00:01<00:00, 98.00it/s, loss=0.0883]
Epoch 752/1000: 100% 100/100 [00:01<00:00, 99.55it/s, loss=0.0857]
Epoch 753/1000: 100% 100/100 [00:01<00:00, 98.83it/s, loss=0.0923]
Epoch 754/1000: 100% 100/100 [00:01<00:00, 98.77it/s, loss=0.1027]
Epoch 755/1000: 100% 100/100 [00:01<00:00, 99.12it/s, loss=0.0864]
Epoch 756/1000: 100% 100/100 [00:01<00:00, 81.50it/s, loss=0.0923]
Epoch 757/1000: 100% 100/100 [00:01<00:00, 72.14it/s, loss=0.0989]
Epoch 758/1000: 100% 100/100 [00:00<00:00, 100.15it/s, loss=0.1022]
Epoch 759/1000: 100% 100/100 [00:00<00:00, 101.57it/s, loss=0.0992]
Epoch 760/1000: 100% 100/100 [00:00<00:00, 100.56it/s, loss=0.0931]
2025-11-06 14:44:37,965 [INFO] Epoch 760/1000 | Time: 3.20s | Loss: 0.0931 | Eval Return: -500.00
Epoch 761/1000: 100% 100/100 [00:01<00:00, 99.35it/s, loss=0.0922]
Epoch 762/1000: 100% 100/100 [00:01<00:00, 99.88it/s, loss=0.0914]
Epoch 763/1000: 100% 100/100 [00:01<00:00, 99.94it/s, loss=0.0857]
Epoch 764/1000: 100% 100/100 [00:00<00:00, 100.09it/s, loss=0.0931]
Epoch 765/1000: 100% 100/100 [00:01<00:00, 91.36it/s, loss=0.0997]
Epoch 766/1000: 100% 100/100 [00:01<00:00, 74.29it/s, loss=0.0888]
Epoch 767/1000: 100% 100/100 [00:01<00:00, 83.97it/s, loss=0.0820]
Epoch 768/1000: 100% 100/100 [00:01<00:00, 99.68it/s, loss=0.0762]
Epoch 769/1000: 100% 100/100 [00:01<00:00, 99.26it/s, loss=0.0715]
Epoch 770/1000: 100% 100/100 [00:01<00:00, 98.69it/s, loss=0.0685]
2025-11-06 14:44:50,799 [INFO] Epoch 770/1000 | Time: 3.18s | Loss: 0.0685 | Eval Return: -500.00
Epoch 771/1000: 100% 100/100 [00:01<00:00, 97.12it/s, loss=0.0815]
Epoch 772/1000: 100% 100/100 [00:01<00:00, 99.24it/s, loss=0.0837]
Epoch 773/1000: 100% 100/100 [00:01<00:00, 99.35it/s, loss=0.0941]
Epoch 774/1000: 100% 100/100 [00:01<00:00, 96.95it/s, loss=0.0953]
Epoch 775/1000: 100% 100/100 [00:01<00:00, 75.68it/s, loss=0.0932]
Epoch 776/1000: 100% 100/100 [00:01<00:00, 80.13it/s, loss=0.0819]
Epoch 777/1000: 100% 100/100 [00:01<00:00, 98.77it/s, loss=0.0802]
Epoch 778/1000: 100% 100/100 [00:01<00:00, 99.70it/s, loss=0.0845]
Epoch 779/1000: 100% 100/100 [00:01<00:00, 97.02it/s, loss=0.0767]
Epoch 780/1000: 100% 100/100 [00:01<00:00, 93.32it/s, loss=0.0844]
2025-11-06 14:45:03,742 [INFO] Epoch 780/1000 | Time: 3.25s | Loss: 0.0844 | Eval Return: -500.00
Epoch 781/1000: 100% 100/100 [00:01<00:00, 97.10it/s, loss=0.1018]
Epoch 782/1000: 100% 100/100 [00:01<00:00, 98.11it/s, loss=0.0999]
Epoch 783/1000: 100% 100/100 [00:01<00:00, 96.56it/s, loss=0.0977]
Epoch 784/1000: 100% 100/100 [00:01<00:00, 76.52it/s, loss=0.0844]
Epoch 785/1000: 100% 100/100 [00:01<00:00, 78.39it/s, loss=0.0863]
Epoch 786/1000: 100% 100/100 [00:00<00:00, 100.02it/s, loss=0.0972]
Epoch 787/1000: 100% 100/100 [00:01<00:00, 99.12it/s, loss=0.1000]
Epoch 788/1000: 100% 100/100 [00:01<00:00, 98.70it/s, loss=0.1040]
Epoch 789/1000: 100% 100/100 [00:01<00:00, 99.14it/s, loss=0.1020]
Epoch 790/1000: 100% 100/100 [00:01<00:00, 99.46it/s, loss=0.1066]
2025-11-06 14:45:16,624 [INFO] Epoch 790/1000 | Time: 3.18s | Loss: 0.1066 | Eval Return: -500.00
Epoch 791/1000: 100% 100/100 [00:01<00:00, 99.79it/s, loss=0.1255]
Epoch 792/1000: 100% 100/100 [00:01<00:00, 98.16it/s, loss=0.1175]
Epoch 793/1000: 100% 100/100 [00:01<00:00, 82.58it/s, loss=0.1080]
Epoch 794/1000: 100% 100/100 [00:01<00:00, 76.33it/s, loss=0.0997]
Epoch 795/1000: 100% 100/100 [00:01<00:00, 97.34it/s, loss=0.0902]
Epoch 796/1000: 100% 100/100 [00:01<00:00, 99.56it/s, loss=0.0844]
Epoch 797/1000: 100% 100/100 [00:01<00:00, 98.97it/s, loss=0.0904]
Epoch 798/1000: 100% 100/100 [00:00<00:00, 100.96it/s, loss=0.0972]
Epoch 799/1000: 100% 100/100 [00:01<00:00, 99.56it/s, loss=0.1023]
Epoch 800/1000: 100% 100/100 [00:01<00:00, 99.15it/s, loss=0.0894]
2025-11-06 14:45:29,374 [INFO] Epoch 800/1000 | Time: 3.17s | Loss: 0.0894 | Eval Return: -500.00
Epoch 801/1000: 100% 100/100 [00:01<00:00, 98.52it/s, loss=0.0927]
Epoch 802/1000: 100% 100/100 [00:01<00:00, 85.16it/s, loss=0.0894]
Epoch 803/1000: 100% 100/100 [00:01<00:00, 77.84it/s, loss=0.0943]
Epoch 804/1000: 100% 100/100 [00:01<00:00, 88.94it/s, loss=0.0969]
Epoch 805/1000: 100% 100/100 [00:01<00:00, 99.57it/s, loss=0.0970]
Epoch 806/1000: 100% 100/100 [00:01<00:00, 98.79it/s, loss=0.0951]
Epoch 807/1000: 100% 100/100 [00:01<00:00, 97.32it/s, loss=0.0936]
Epoch 808/1000: 100% 100/100 [00:01<00:00, 98.02it/s, loss=0.0941]
Epoch 809/1000: 100% 100/100 [00:01<00:00, 97.76it/s, loss=0.0927]
Epoch 810/1000: 100% 100/100 [00:01<00:00, 98.61it/s, loss=0.0799]
2025-11-06 14:45:42,239 [INFO] Epoch 810/1000 | Time: 3.17s | Loss: 0.0799 | Eval Return: -500.00
Epoch 811/1000: 100% 100/100 [00:01<00:00, 96.80it/s, loss=0.0806]
Epoch 812/1000: 100% 100/100 [00:01<00:00, 75.04it/s, loss=0.0760]
Epoch 813/1000: 100% 100/100 [00:01<00:00, 80.24it/s, loss=0.0768]
Epoch 814/1000: 100% 100/100 [00:01<00:00, 97.24it/s, loss=0.0845]
Epoch 815/1000: 100% 100/100 [00:01<00:00, 97.85it/s, loss=0.0871]
Epoch 816/1000: 100% 100/100 [00:01<00:00, 99.70it/s, loss=0.0788]
Epoch 817/1000: 100% 100/100 [00:01<00:00, 98.19it/s, loss=0.0823]
Epoch 818/1000: 100% 100/100 [00:00<00:00, 100.62it/s, loss=0.0930]
Epoch 819/1000: 100% 100/100 [00:01<00:00, 98.56it/s, loss=0.0944]
Epoch 820/1000: 100% 100/100 [00:01<00:00, 98.19it/s, loss=0.0944]
2025-11-06 14:45:55,100 [INFO] Epoch 820/1000 | Time: 3.17s | Loss: 0.0944 | Eval Return: -500.00
Epoch 821/1000: 100% 100/100 [00:01<00:00, 78.65it/s, loss=0.0893]
Epoch 822/1000: 100% 100/100 [00:01<00:00, 76.74it/s, loss=0.0863]
Epoch 823/1000: 100% 100/100 [00:01<00:00, 97.88it/s, loss=0.0984]
Epoch 824/1000: 100% 100/100 [00:01<00:00, 97.75it/s, loss=0.0928]
Epoch 825/1000: 100% 100/100 [00:01<00:00, 99.08it/s, loss=0.1040]
Epoch 826/1000: 100% 100/100 [00:01<00:00, 96.16it/s, loss=0.1187]
Epoch 827/1000: 100% 100/100 [00:01<00:00, 97.86it/s, loss=0.1117]
Epoch 828/1000: 100% 100/100 [00:01<00:00, 99.17it/s, loss=0.1077]
Epoch 829/1000: 100% 100/100 [00:01<00:00, 98.62it/s, loss=0.1094]
Epoch 830/1000: 100% 100/100 [00:01<00:00, 98.64it/s, loss=0.1103]
2025-11-06 14:46:08,278 [INFO] Epoch 830/1000 | Time: 3.46s | Loss: 0.1103 | Eval Return: -500.00
Epoch 831/1000: 100% 100/100 [00:01<00:00, 76.98it/s, loss=0.1023]
Epoch 832/1000: 100% 100/100 [00:01<00:00, 97.36it/s, loss=0.1136]
Epoch 833/1000: 100% 100/100 [00:01<00:00, 95.30it/s, loss=0.1132]
Epoch 834/1000: 100% 100/100 [00:01<00:00, 99.19it/s, loss=0.0979]
Epoch 835/1000: 100% 100/100 [00:01<00:00, 97.22it/s, loss=0.1144]
Epoch 836/1000: 100% 100/100 [00:01<00:00, 99.85it/s, loss=0.1203]
Epoch 837/1000: 100% 100/100 [00:01<00:00, 99.74it/s, loss=0.0969]
Epoch 838/1000: 100% 100/100 [00:01<00:00, 98.93it/s, loss=0.0958]
Epoch 839/1000: 100% 100/100 [00:01<00:00, 97.97it/s, loss=0.1027]
Epoch 840/1000: 100% 100/100 [00:01<00:00, 96.56it/s, loss=0.0995]
2025-11-06 14:46:21,533 [INFO] Epoch 840/1000 | Time: 3.80s | Loss: 0.0995 | Eval Return: -500.00
Epoch 841/1000: 100% 100/100 [00:01<00:00, 98.58it/s, loss=0.1059]
Epoch 842/1000: 100% 100/100 [00:00<00:00, 100.17it/s, loss=0.1020]
Epoch 843/1000: 100% 100/100 [00:00<00:00, 100.20it/s, loss=0.0988]
Epoch 844/1000: 100% 100/100 [00:01<00:00, 98.49it/s, loss=0.0996]
Epoch 845/1000: 100% 100/100 [00:00<00:00, 100.16it/s, loss=0.1058]
Epoch 846/1000: 100% 100/100 [00:01<00:00, 99.61it/s, loss=0.1107]
Epoch 847/1000: 100% 100/100 [00:00<00:00, 100.06it/s, loss=0.1110]
Epoch 848/1000: 100% 100/100 [00:01<00:00, 96.17it/s, loss=0.1050]
Epoch 849/1000: 100% 100/100 [00:01<00:00, 98.29it/s, loss=0.1011]
Epoch 850/1000: 100% 100/100 [00:01<00:00, 84.40it/s, loss=0.1048]
2025-11-06 14:46:34,452 [INFO] Epoch 850/1000 | Time: 3.83s | Loss: 0.1048 | Eval Return: -500.00
Epoch 851/1000: 100% 100/100 [00:00<00:00, 100.64it/s, loss=0.1069]
Epoch 852/1000: 100% 100/100 [00:01<00:00, 98.72it/s, loss=0.1289]
Epoch 853/1000: 100% 100/100 [00:00<00:00, 100.75it/s, loss=0.1285]
Epoch 854/1000: 100% 100/100 [00:00<00:00, 102.00it/s, loss=0.1173]
Epoch 855/1000: 100% 100/100 [00:00<00:00, 101.25it/s, loss=0.1110]
Epoch 856/1000: 100% 100/100 [00:01<00:00, 99.79it/s, loss=0.1056]
Epoch 857/1000: 100% 100/100 [00:00<00:00, 100.31it/s, loss=0.0986]
Epoch 858/1000: 100% 100/100 [00:01<00:00, 97.35it/s, loss=0.0933]
Epoch 859/1000: 100% 100/100 [00:01<00:00, 92.40it/s, loss=0.0996]
Epoch 860/1000: 100% 100/100 [00:01<00:00, 78.52it/s, loss=0.1026]
2025-11-06 14:46:47,249 [INFO] Epoch 860/1000 | Time: 3.71s | Loss: 0.1026 | Eval Return: -500.00
Epoch 861/1000: 100% 100/100 [00:01<00:00, 98.49it/s, loss=0.1087]
Epoch 862/1000: 100% 100/100 [00:01<00:00, 99.65it/s, loss=0.1094]
Epoch 863/1000: 100% 100/100 [00:00<00:00, 100.58it/s, loss=0.1106]
Epoch 864/1000: 100% 100/100 [00:01<00:00, 99.27it/s, loss=0.1243]
Epoch 865/1000: 100% 100/100 [00:01<00:00, 98.61it/s, loss=0.1154]
Epoch 866/1000: 100% 100/100 [00:01<00:00, 99.19it/s, loss=0.1064]
Epoch 867/1000: 100% 100/100 [00:01<00:00, 97.64it/s, loss=0.1204]
Epoch 868/1000: 100% 100/100 [00:01<00:00, 97.88it/s, loss=0.1121]
Epoch 869/1000: 100% 100/100 [00:01<00:00, 79.53it/s, loss=0.1112]
Epoch 870/1000: 100% 100/100 [00:01<00:00, 80.02it/s, loss=0.1049]
2025-11-06 14:47:00,024 [INFO] Epoch 870/1000 | Time: 3.43s | Loss: 0.1049 | Eval Return: -500.00
Epoch 871/1000: 100% 100/100 [00:01<00:00, 98.85it/s, loss=0.1015]
Epoch 872/1000: 100% 100/100 [00:01<00:00, 94.91it/s, loss=0.1270]
Epoch 873/1000: 100% 100/100 [00:01<00:00, 97.45it/s, loss=0.1314]
Epoch 874/1000: 100% 100/100 [00:00<00:00, 100.24it/s, loss=0.1105]
Epoch 875/1000: 100% 100/100 [00:00<00:00, 100.96it/s, loss=0.0989]
Epoch 876/1000: 100% 100/100 [00:01<00:00, 99.80it/s, loss=0.0913]
Epoch 877/1000: 100% 100/100 [00:01<00:00, 98.55it/s, loss=0.0926]
Epoch 878/1000: 100% 100/100 [00:01<00:00, 83.08it/s, loss=0.1071]
Epoch 879/1000: 100% 100/100 [00:01<00:00, 74.41it/s, loss=0.1176]
Epoch 880/1000: 100% 100/100 [00:01<00:00, 99.02it/s, loss=0.1186]
2025-11-06 14:47:12,838 [INFO] Epoch 880/1000 | Time: 3.17s | Loss: 0.1186 | Eval Return: -500.00
Epoch 881/1000: 100% 100/100 [00:00<00:00, 100.38it/s, loss=0.1137]
Epoch 882/1000: 100% 100/100 [00:00<00:00, 102.73it/s, loss=0.1108]
Epoch 883/1000: 100% 100/100 [00:00<00:00, 100.43it/s, loss=0.1018]
Epoch 884/1000: 100% 100/100 [00:01<00:00, 98.44it/s, loss=0.1129]
Epoch 885/1000: 100% 100/100 [00:01<00:00, 96.78it/s, loss=0.1057]
Epoch 886/1000: 100% 100/100 [00:01<00:00, 95.98it/s, loss=0.1084]
Epoch 887/1000: 100% 100/100 [00:01<00:00, 86.52it/s, loss=0.1066]
Epoch 888/1000: 100% 100/100 [00:01<00:00, 74.82it/s, loss=0.1134]
Epoch 889/1000: 100% 100/100 [00:01<00:00, 88.52it/s, loss=0.1251]
Epoch 890/1000: 100% 100/100 [00:01<00:00, 96.81it/s, loss=0.1179]
2025-11-06 14:47:25,704 [INFO] Epoch 890/1000 | Time: 3.18s | Loss: 0.1179 | Eval Return: -500.00
Epoch 891/1000: 100% 100/100 [00:01<00:00, 98.62it/s, loss=0.1078]
Epoch 892/1000: 100% 100/100 [00:01<00:00, 99.39it/s, loss=0.0965]
Epoch 893/1000: 100% 100/100 [00:01<00:00, 96.89it/s, loss=0.0997]
Epoch 894/1000: 100% 100/100 [00:01<00:00, 94.88it/s, loss=0.1051]
Epoch 895/1000: 100% 100/100 [00:00<00:00, 100.03it/s, loss=0.1016]
Epoch 896/1000: 100% 100/100 [00:01<00:00, 89.10it/s, loss=0.1051]
Epoch 897/1000: 100% 100/100 [00:01<00:00, 77.61it/s, loss=0.0983]
Epoch 898/1000: 100% 100/100 [00:01<00:00, 85.39it/s, loss=0.1080]
Epoch 899/1000: 100% 100/100 [00:01<00:00, 97.36it/s, loss=0.1050]
Epoch 900/1000: 100% 100/100 [00:00<00:00, 100.07it/s, loss=0.1015]
2025-11-06 14:47:38,541 [INFO] Epoch 900/1000 | Time: 3.12s | Loss: 0.1015 | Eval Return: -500.00
Epoch 901/1000: 100% 100/100 [00:01<00:00, 98.07it/s, loss=0.0937]
Epoch 902/1000: 100% 100/100 [00:00<00:00, 100.41it/s, loss=0.0977]
Epoch 903/1000: 100% 100/100 [00:01<00:00, 99.10it/s, loss=0.0936]
Epoch 904/1000: 100% 100/100 [00:01<00:00, 98.72it/s, loss=0.0957]
Epoch 905/1000: 100% 100/100 [00:00<00:00, 100.21it/s, loss=0.1009]
Epoch 906/1000: 100% 100/100 [00:01<00:00, 78.38it/s, loss=0.1087]
Epoch 907/1000: 100% 100/100 [00:01<00:00, 77.17it/s, loss=0.1164]
Epoch 908/1000: 100% 100/100 [00:00<00:00, 101.63it/s, loss=0.1065]
Epoch 909/1000: 100% 100/100 [00:01<00:00, 99.43it/s, loss=0.1037]
Epoch 910/1000: 100% 100/100 [00:00<00:00, 100.29it/s, loss=0.0996]
2025-11-06 14:47:51,305 [INFO] Epoch 910/1000 | Time: 3.16s | Loss: 0.0996 | Eval Return: -500.00
Epoch 911/1000: 100% 100/100 [00:01<00:00, 97.95it/s, loss=0.1038]
Epoch 912/1000: 100% 100/100 [00:01<00:00, 98.21it/s, loss=0.1123]
Epoch 913/1000: 100% 100/100 [00:01<00:00, 98.58it/s, loss=0.1120]
Epoch 914/1000: 100% 100/100 [00:01<00:00, 99.29it/s, loss=0.1166]
Epoch 915/1000: 100% 100/100 [00:01<00:00, 84.03it/s, loss=0.1242]
Epoch 916/1000: 100% 100/100 [00:01<00:00, 74.44it/s, loss=0.1140]
Epoch 917/1000: 100% 100/100 [00:01<00:00, 99.58it/s, loss=0.1075]
Epoch 918/1000: 100% 100/100 [00:01<00:00, 98.00it/s, loss=0.0995]
Epoch 919/1000: 100% 100/100 [00:01<00:00, 99.76it/s, loss=0.0970]
Epoch 920/1000: 100% 100/100 [00:01<00:00, 99.51it/s, loss=0.1054]
2025-11-06 14:48:04,119 [INFO] Epoch 920/1000 | Time: 3.19s | Loss: 0.1054 | Eval Return: -500.00
Epoch 921/1000: 100% 100/100 [00:01<00:00, 99.05it/s, loss=0.1041]
Epoch 922/1000: 100% 100/100 [00:01<00:00, 97.11it/s, loss=0.0980]
Epoch 923/1000: 100% 100/100 [00:01<00:00, 98.12it/s, loss=0.1052]
Epoch 924/1000: 100% 100/100 [00:01<00:00, 90.47it/s, loss=0.1103]
Epoch 925/1000: 100% 100/100 [00:01<00:00, 78.91it/s, loss=0.1129]
Epoch 926/1000: 100% 100/100 [00:01<00:00, 86.00it/s, loss=0.1103]
Epoch 927/1000: 100% 100/100 [00:01<00:00, 98.89it/s, loss=0.1155]
Epoch 928/1000: 100% 100/100 [00:00<00:00, 100.70it/s, loss=0.1144]
Epoch 929/1000: 100% 100/100 [00:00<00:00, 101.05it/s, loss=0.1014]
Epoch 930/1000: 100% 100/100 [00:00<00:00, 101.73it/s, loss=0.0897]
2025-11-06 14:48:16,828 [INFO] Epoch 930/1000 | Time: 3.12s | Loss: 0.0897 | Eval Return: -500.00
Epoch 931/1000: 100% 100/100 [00:01<00:00, 98.35it/s, loss=0.0913]
Epoch 932/1000: 100% 100/100 [00:01<00:00, 98.07it/s, loss=0.1045]
Epoch 933/1000: 100% 100/100 [00:01<00:00, 98.54it/s, loss=0.1146]
Epoch 934/1000: 100% 100/100 [00:01<00:00, 79.17it/s, loss=0.1149]
Epoch 935/1000: 100% 100/100 [00:01<00:00, 77.02it/s, loss=0.1232]
Epoch 936/1000: 100% 100/100 [00:01<00:00, 98.61it/s, loss=0.1295]
Epoch 937/1000: 100% 100/100 [00:01<00:00, 98.64it/s, loss=0.1192]
Epoch 938/1000: 100% 100/100 [00:00<00:00, 100.44it/s, loss=0.1168]
Epoch 939/1000: 100% 100/100 [00:01<00:00, 99.12it/s, loss=0.1129]
Epoch 940/1000: 100% 100/100 [00:01<00:00, 99.77it/s, loss=0.1205]
2025-11-06 14:48:29,705 [INFO] Epoch 940/1000 | Time: 3.23s | Loss: 0.1205 | Eval Return: -500.00
Epoch 941/1000: 100% 100/100 [00:01<00:00, 97.90it/s, loss=0.1268]
Epoch 942/1000: 100% 100/100 [00:00<00:00, 100.78it/s, loss=0.1305]
Epoch 943/1000: 100% 100/100 [00:01<00:00, 79.98it/s, loss=0.1398]
Epoch 944/1000: 100% 100/100 [00:01<00:00, 76.79it/s, loss=0.1420]
Epoch 945/1000: 100% 100/100 [00:01<00:00, 99.64it/s, loss=0.1808]
Epoch 946/1000: 100% 100/100 [00:00<00:00, 100.65it/s, loss=0.1547]
Epoch 947/1000: 100% 100/100 [00:01<00:00, 99.66it/s, loss=0.1265]
Epoch 948/1000: 100% 100/100 [00:01<00:00, 99.95it/s, loss=0.1239]
Epoch 949/1000: 100% 100/100 [00:00<00:00, 100.72it/s, loss=0.1222]
Epoch 950/1000: 100% 100/100 [00:01<00:00, 98.53it/s, loss=0.1190]
2025-11-06 14:48:42,460 [INFO] Epoch 950/1000 | Time: 3.19s | Loss: 0.1190 | Eval Return: -500.00
Epoch 951/1000: 100% 100/100 [00:01<00:00, 99.14it/s, loss=0.1286]
Epoch 952/1000: 100% 100/100 [00:01<00:00, 88.68it/s, loss=0.1342]
Epoch 953/1000: 100% 100/100 [00:01<00:00, 75.76it/s, loss=0.1330]
Epoch 954/1000: 100% 100/100 [00:01<00:00, 87.88it/s, loss=0.1428]
Epoch 955/1000: 100% 100/100 [00:01<00:00, 97.96it/s, loss=0.1288]
Epoch 956/1000: 100% 100/100 [00:01<00:00, 97.85it/s, loss=0.1244]
Epoch 957/1000: 100% 100/100 [00:01<00:00, 98.68it/s, loss=0.1424]
Epoch 958/1000: 100% 100/100 [00:01<00:00, 99.65it/s, loss=0.1412]
Epoch 959/1000: 100% 100/100 [00:01<00:00, 99.74it/s, loss=0.1430]
Epoch 960/1000: 100% 100/100 [00:01<00:00, 98.74it/s, loss=0.1321]
2025-11-06 14:48:55,262 [INFO] Epoch 960/1000 | Time: 3.13s | Loss: 0.1321 | Eval Return: -500.00
Epoch 961/1000: 100% 100/100 [00:01<00:00, 99.68it/s, loss=0.1309]
Epoch 962/1000: 100% 100/100 [00:01<00:00, 75.99it/s, loss=0.1304]
Epoch 963/1000: 100% 100/100 [00:01<00:00, 79.99it/s, loss=0.1267]
Epoch 964/1000: 100% 100/100 [00:01<00:00, 98.23it/s, loss=0.1259]
Epoch 965/1000: 100% 100/100 [00:00<00:00, 100.55it/s, loss=0.1227]
Epoch 966/1000: 100% 100/100 [00:01<00:00, 98.15it/s, loss=0.1356]
Epoch 967/1000: 100% 100/100 [00:01<00:00, 95.34it/s, loss=0.1499]
Epoch 968/1000: 100% 100/100 [00:01<00:00, 99.84it/s, loss=0.1349]
Epoch 969/1000: 100% 100/100 [00:00<00:00, 100.60it/s, loss=0.1277]
Epoch 970/1000: 100% 100/100 [00:01<00:00, 99.13it/s, loss=0.1198]
2025-11-06 14:49:08,060 [INFO] Epoch 970/1000 | Time: 3.15s | Loss: 0.1198 | Eval Return: -500.00
Epoch 971/1000: 100% 100/100 [00:01<00:00, 81.21it/s, loss=0.1363]
Epoch 972/1000: 100% 100/100 [00:01<00:00, 78.13it/s, loss=0.1288]
Epoch 973/1000: 100% 100/100 [00:00<00:00, 101.23it/s, loss=0.1194]
Epoch 974/1000: 100% 100/100 [00:01<00:00, 99.90it/s, loss=0.1386]
Epoch 975/1000: 100% 100/100 [00:01<00:00, 98.82it/s, loss=0.1592]
Epoch 976/1000: 100% 100/100 [00:01<00:00, 99.13it/s, loss=0.1566]
Epoch 977/1000: 100% 100/100 [00:00<00:00, 100.26it/s, loss=0.1443]
Epoch 978/1000: 100% 100/100 [00:00<00:00, 100.70it/s, loss=0.1257]
Epoch 979/1000: 100% 100/100 [00:01<00:00, 96.30it/s, loss=0.1276]
Epoch 980/1000: 100% 100/100 [00:00<00:00, 101.09it/s, loss=0.1181]
2025-11-06 14:49:20,957 [INFO] Epoch 980/1000 | Time: 3.34s | Loss: 0.1181 | Eval Return: -500.00
Epoch 981/1000: 100% 100/100 [00:01<00:00, 74.36it/s, loss=0.1216]
Epoch 982/1000: 100% 100/100 [00:01<00:00, 96.83it/s, loss=0.1151]
Epoch 983/1000: 100% 100/100 [00:01<00:00, 95.81it/s, loss=0.1142] 
Epoch 984/1000: 100% 100/100 [00:01<00:00, 98.35it/s, loss=0.1142]
Epoch 985/1000: 100% 100/100 [00:01<00:00, 97.43it/s, loss=0.1213]
Epoch 986/1000: 100% 100/100 [00:01<00:00, 98.44it/s, loss=0.1169]
Epoch 987/1000: 100% 100/100 [00:00<00:00, 100.37it/s, loss=0.1359]
Epoch 988/1000: 100% 100/100 [00:01<00:00, 99.99it/s, loss=0.1394]
Epoch 989/1000: 100% 100/100 [00:01<00:00, 97.41it/s, loss=0.1410]
Epoch 990/1000: 100% 100/100 [00:01<00:00, 99.26it/s, loss=0.1390]
2025-11-06 14:49:34,268 [INFO] Epoch 990/1000 | Time: 3.80s | Loss: 0.1390 | Eval Return: -500.00
Epoch 991/1000: 100% 100/100 [00:01<00:00, 94.40it/s, loss=0.1364]
Epoch 992/1000: 100% 100/100 [00:00<00:00, 100.14it/s, loss=0.1419]
Epoch 993/1000: 100% 100/100 [00:00<00:00, 100.40it/s, loss=0.1344]
Epoch 994/1000: 100% 100/100 [00:00<00:00, 100.10it/s, loss=0.1367]
Epoch 995/1000: 100% 100/100 [00:00<00:00, 100.90it/s, loss=0.1404]
Epoch 996/1000: 100% 100/100 [00:01<00:00, 99.75it/s, loss=0.1322]
Epoch 997/1000: 100% 100/100 [00:01<00:00, 99.84it/s, loss=0.1317]
Epoch 998/1000: 100% 100/100 [00:01<00:00, 99.90it/s, loss=0.1428]
Epoch 999/1000: 100% 100/100 [00:00<00:00, 100.34it/s, loss=0.1486]
Epoch 1000/1000: 100% 100/100 [00:01<00:00, 99.80it/s, loss=0.1297]
2025-11-06 14:49:47,055 [INFO] Epoch 1000/1000 | Time: 3.74s | Loss: 0.1297 | Eval Return: -500.00
2025-11-06 14:49:47,107 [INFO] Training complete.