2025-11-06 15:41:36.550648: E external/local_xla/xla/stream_executor/cuda/cuda_fft.cc:467] Unable to register cuFFT factory: Attempting to register factory for plugin cuFFT when one has already been registered
WARNING: All log messages before absl::InitializeLog() is called are written to STDERR
E0000 00:00:1762443696.844445   82681 cuda_dnn.cc:8579] Unable to register cuDNN factory: Attempting to register factory for plugin cuDNN when one has already been registered
E0000 00:00:1762443696.930589   82681 cuda_blas.cc:1407] Unable to register cuBLAS factory: Attempting to register factory for plugin cuBLAS when one has already been registered
W0000 00:00:1762443697.542988   82681 computation_placer.cc:177] computation placer already registered. Please check linkage and avoid linking the same target more than once.
W0000 00:00:1762443697.543041   82681 computation_placer.cc:177] computation placer already registered. Please check linkage and avoid linking the same target more than once.
W0000 00:00:1762443697.543046   82681 computation_placer.cc:177] computation placer already registered. Please check linkage and avoid linking the same target more than once.
W0000 00:00:1762443697.543050   82681 computation_placer.cc:177] computation placer already registered. Please check linkage and avoid linking the same target more than once.
2025-11-06 15:41:37.599161: I tensorflow/core/platform/cpu_feature_guard.cc:210] This TensorFlow binary is optimized to use available CPU instructions in performance-critical operations.
To enable the following instructions: AVX2 FMA, in other operations, rebuild TensorFlow with the appropriate compiler flags.
2025-11-06 15:41:46,220 [INFO] Checking for dataset...
2025-11-06 15:41:46,220 [INFO] Dataset found at /content/neuromorphic_decision_transformer/neuromorphic_decision_transformer/neuromorphic_decision_transformer/neuromorphic_decision_transformer/data/MountainCar-v0/dataset.npz.
2025-11-06 15:41:46,220 [INFO] Starting training...
2025-11-06 15:42:15,846 [INFO] Dataset size: 201000 clips
2025-11-06 15:42:15,853 [INFO] DataLoader created with num_workers=0 and pin_memory=False.
2025-11-06 15:42:18,290 [INFO] Starting training loop...
Epoch 1/1000: 100% 1000/1000 [00:11<00:00, 84.39it/s, loss=0.0003]
Epoch 2/1000: 100% 1000/1000 [00:10<00:00, 96.95it/s, loss=0.0013]
Epoch 3/1000: 100% 1000/1000 [00:10<00:00, 98.39it/s, loss=0.0030]
Epoch 4/1000: 100% 1000/1000 [00:09<00:00, 100.18it/s, loss=0.0048]
Epoch 5/1000: 100% 1000/1000 [00:10<00:00, 97.13it/s, loss=0.0094]
Epoch 6/1000: 100% 1000/1000 [00:10<00:00, 95.93it/s, loss=0.0141]
Epoch 7/1000: 100% 1000/1000 [00:10<00:00, 96.28it/s, loss=0.0164]
Epoch 8/1000: 100% 1000/1000 [00:10<00:00, 95.77it/s, loss=0.0193]
Epoch 9/1000: 100% 1000/1000 [00:10<00:00, 95.58it/s, loss=0.0214]
Epoch 10/1000: 100% 1000/1000 [00:10<00:00, 97.87it/s, loss=0.0219]
2025-11-06 15:44:03,736 [INFO] Epoch 10/1000 | Time: 11.12s | Loss: 0.0219 | Eval Return: -200.00
2025-11-06 15:44:03,748 [INFO] New best eval return: -200.00. Saved best model.
Epoch 11/1000: 100% 1000/1000 [00:09<00:00, 100.37it/s, loss=0.0277]
Epoch 12/1000: 100% 1000/1000 [00:10<00:00, 98.35it/s, loss=0.0296]
Epoch 13/1000: 100% 1000/1000 [00:10<00:00, 96.63it/s, loss=0.0317]
Epoch 14/1000: 100% 1000/1000 [00:10<00:00, 96.95it/s, loss=0.0416]
Epoch 15/1000: 100% 1000/1000 [00:10<00:00, 96.40it/s, loss=0.0424]
Epoch 16/1000: 100% 1000/1000 [00:10<00:00, 96.00it/s, loss=0.0433]
Epoch 17/1000: 100% 1000/1000 [00:10<00:00, 97.23it/s, loss=0.0502]
Epoch 18/1000: 100% 1000/1000 [00:09<00:00, 101.11it/s, loss=0.0483]
Epoch 19/1000: 100% 1000/1000 [00:10<00:00, 95.68it/s, loss=0.0446]
Epoch 20/1000: 100% 1000/1000 [00:10<00:00, 96.27it/s, loss=0.0509] 
2025-11-06 15:45:47,057 [INFO] Epoch 20/1000 | Time: 11.09s | Loss: 0.0509 | Eval Return: -200.00
Epoch 21/1000: 100% 1000/1000 [00:10<00:00, 95.57it/s, loss=0.0529]
Epoch 22/1000: 100% 1000/1000 [00:10<00:00, 95.93it/s, loss=0.0513]
Epoch 23/1000: 100% 1000/1000 [00:10<00:00, 93.05it/s, loss=0.0554]
Epoch 24/1000: 100% 1000/1000 [00:10<00:00, 92.61it/s, loss=0.0688]
Epoch 25/1000: 100% 1000/1000 [00:10<00:00, 92.47it/s, loss=0.0672]
Epoch 26/1000: 100% 1000/1000 [00:10<00:00, 96.62it/s, loss=0.0498]
Epoch 27/1000: 100% 1000/1000 [00:10<00:00, 95.21it/s, loss=0.0552]
Epoch 28/1000: 100% 1000/1000 [00:10<00:00, 93.16it/s, loss=0.0612]
Epoch 29/1000: 100% 1000/1000 [00:10<00:00, 95.14it/s, loss=0.0640]
Epoch 30/1000: 100% 1000/1000 [00:10<00:00, 94.84it/s, loss=0.0668]
2025-11-06 15:47:33,653 [INFO] Epoch 30/1000 | Time: 11.25s | Loss: 0.0668 | Eval Return: -200.00
Epoch 31/1000: 100% 1000/1000 [00:10<00:00, 94.31it/s, loss=0.0696]
Epoch 32/1000: 100% 1000/1000 [00:10<00:00, 94.33it/s, loss=0.0611]
Epoch 33/1000: 100% 1000/1000 [00:10<00:00, 93.89it/s, loss=0.0565]
Epoch 34/1000: 100% 1000/1000 [00:10<00:00, 96.50it/s, loss=0.0684]
Epoch 35/1000: 100% 1000/1000 [00:10<00:00, 97.87it/s, loss=0.0630]
Epoch 36/1000: 100% 1000/1000 [00:10<00:00, 95.62it/s, loss=0.0636]
Epoch 37/1000: 100% 1000/1000 [00:10<00:00, 95.85it/s, loss=0.0699]
Epoch 38/1000: 100% 1000/1000 [00:10<00:00, 96.09it/s, loss=0.0634]
Epoch 39/1000: 100% 1000/1000 [00:10<00:00, 95.55it/s, loss=0.0728]
Epoch 40/1000: 100% 1000/1000 [00:10<00:00, 94.57it/s, loss=0.0684]
2025-11-06 15:49:19,140 [INFO] Epoch 40/1000 | Time: 11.28s | Loss: 0.0684 | Eval Return: -200.00
Epoch 41/1000: 100% 1000/1000 [00:10<00:00, 95.60it/s, loss=0.0680]
Epoch 42/1000: 100% 1000/1000 [00:10<00:00, 99.47it/s, loss=0.0707]
Epoch 43/1000: 100% 1000/1000 [00:10<00:00, 97.12it/s, loss=0.0623] 
Epoch 44/1000: 100% 1000/1000 [00:10<00:00, 95.53it/s, loss=0.0631]
Epoch 45/1000: 100% 1000/1000 [00:10<00:00, 95.73it/s, loss=0.0721]
Epoch 46/1000: 100% 1000/1000 [00:10<00:00, 95.90it/s, loss=0.0729]
Epoch 47/1000: 100% 1000/1000 [00:10<00:00, 96.53it/s, loss=0.0735]
Epoch 48/1000: 100% 1000/1000 [00:10<00:00, 95.54it/s, loss=0.0655]
Epoch 49/1000: 100% 1000/1000 [00:10<00:00, 98.96it/s, loss=0.0772]
Epoch 50/1000: 100% 1000/1000 [00:10<00:00, 97.39it/s, loss=0.0729]
2025-11-06 15:51:03,200 [INFO] Epoch 50/1000 | Time: 10.97s | Loss: 0.0729 | Eval Return: -200.00
Epoch 51/1000: 100% 1000/1000 [00:10<00:00, 95.93it/s, loss=0.0684]
Epoch 52/1000: 100% 1000/1000 [00:10<00:00, 96.36it/s, loss=0.0723]
Epoch 53/1000: 100% 1000/1000 [00:10<00:00, 95.04it/s, loss=0.0793]
Epoch 54/1000: 100% 1000/1000 [00:10<00:00, 95.17it/s, loss=0.0702]
Epoch 55/1000: 100% 1000/1000 [00:10<00:00, 95.61it/s, loss=0.0778]
Epoch 56/1000: 100% 1000/1000 [00:10<00:00, 96.79it/s, loss=0.0769]
Epoch 57/1000: 100% 1000/1000 [00:10<00:00, 98.17it/s, loss=0.0745]
Epoch 58/1000: 100% 1000/1000 [00:10<00:00, 94.63it/s, loss=0.0721]
Epoch 59/1000: 100% 1000/1000 [00:10<00:00, 95.96it/s, loss=0.0756]
Epoch 60/1000: 100% 1000/1000 [00:10<00:00, 95.59it/s, loss=0.0613]
2025-11-06 15:52:48,188 [INFO] Epoch 60/1000 | Time: 11.18s | Loss: 0.0613 | Eval Return: -200.00
Epoch 61/1000: 100% 1000/1000 [00:10<00:00, 96.98it/s, loss=0.0667]
Epoch 62/1000: 100% 1000/1000 [00:10<00:00, 96.36it/s, loss=0.0717]
Epoch 63/1000: 100% 1000/1000 [00:10<00:00, 95.47it/s, loss=0.0806]
Epoch 64/1000: 100% 1000/1000 [00:10<00:00, 99.94it/s, loss=0.0766]
Epoch 65/1000: 100% 1000/1000 [00:10<00:00, 98.51it/s, loss=0.0659]
Epoch 66/1000: 100% 1000/1000 [00:10<00:00, 96.47it/s, loss=0.0857]
Epoch 67/1000: 100% 1000/1000 [00:10<00:00, 95.36it/s, loss=0.0753]
Epoch 68/1000: 100% 1000/1000 [00:10<00:00, 96.45it/s, loss=0.0704]
Epoch 69/1000: 100% 1000/1000 [00:10<00:00, 95.59it/s, loss=0.0723]
Epoch 70/1000: 100% 1000/1000 [00:10<00:00, 95.06it/s, loss=0.0797]
2025-11-06 15:54:32,391 [INFO] Epoch 70/1000 | Time: 11.20s | Loss: 0.0797 | Eval Return: -200.00
Epoch 71/1000: 100% 1000/1000 [00:10<00:00, 96.75it/s, loss=0.0804]
Epoch 72/1000: 100% 1000/1000 [00:09<00:00, 100.92it/s, loss=0.0611]
Epoch 73/1000: 100% 1000/1000 [00:10<00:00, 97.21it/s, loss=0.0656]
Epoch 74/1000: 100% 1000/1000 [00:10<00:00, 97.00it/s, loss=0.0750]
Epoch 75/1000: 100% 1000/1000 [00:10<00:00, 96.42it/s, loss=0.0752]
Epoch 76/1000: 100% 1000/1000 [00:10<00:00, 96.15it/s, loss=0.0711] 
Epoch 77/1000: 100% 1000/1000 [00:10<00:00, 96.17it/s, loss=0.0745]
Epoch 78/1000: 100% 1000/1000 [00:10<00:00, 97.24it/s, loss=0.0675]
Epoch 79/1000: 100% 1000/1000 [00:09<00:00, 100.05it/s, loss=0.0701]
Epoch 80/1000: 100% 1000/1000 [00:10<00:00, 96.20it/s, loss=0.0654]
2025-11-06 15:56:15,780 [INFO] Epoch 80/1000 | Time: 11.10s | Loss: 0.0654 | Eval Return: -200.00
Epoch 81/1000: 100% 1000/1000 [00:10<00:00, 96.74it/s, loss=0.0799]
Epoch 82/1000: 100% 1000/1000 [00:10<00:00, 96.35it/s, loss=0.0693] 
Epoch 83/1000: 100% 1000/1000 [00:10<00:00, 96.79it/s, loss=0.0792]
Epoch 84/1000: 100% 1000/1000 [00:10<00:00, 97.35it/s, loss=0.0747]
Epoch 85/1000: 100% 1000/1000 [00:10<00:00, 96.99it/s, loss=0.0646]
Epoch 86/1000: 100% 1000/1000 [00:09<00:00, 101.77it/s, loss=0.0778]
Epoch 87/1000: 100% 1000/1000 [00:10<00:00, 95.84it/s, loss=0.0759]
Epoch 88/1000: 100% 1000/1000 [00:10<00:00, 95.90it/s, loss=0.0759]
Epoch 89/1000: 100% 1000/1000 [00:10<00:00, 97.10it/s, loss=0.0892]
Epoch 90/1000: 100% 1000/1000 [00:10<00:00, 97.14it/s, loss=0.0864]
2025-11-06 15:57:59,383 [INFO] Epoch 90/1000 | Time: 10.98s | Loss: 0.0864 | Eval Return: -200.00
Epoch 91/1000: 100% 1000/1000 [00:10<00:00, 97.22it/s, loss=0.0716]
Epoch 92/1000: 100% 1000/1000 [00:10<00:00, 96.70it/s, loss=0.0695]
Epoch 93/1000: 100% 1000/1000 [00:09<00:00, 101.39it/s, loss=0.0773]
Epoch 94/1000: 100% 1000/1000 [00:10<00:00, 98.47it/s, loss=0.0767]
Epoch 95/1000: 100% 1000/1000 [00:10<00:00, 97.35it/s, loss=0.0696] 
Epoch 96/1000: 100% 1000/1000 [00:10<00:00, 97.25it/s, loss=0.0734]
Epoch 97/1000: 100% 1000/1000 [00:10<00:00, 97.47it/s, loss=0.0648]
Epoch 98/1000: 100% 1000/1000 [00:10<00:00, 97.15it/s, loss=0.0727]
Epoch 99/1000: 100% 1000/1000 [00:10<00:00, 99.34it/s, loss=0.0781]
Epoch 100/1000: 100% 1000/1000 [00:10<00:00, 99.86it/s, loss=0.0748]
2025-11-06 15:59:41,976 [INFO] Epoch 100/1000 | Time: 10.77s | Loss: 0.0748 | Eval Return: -200.00
Epoch 101/1000: 100% 1000/1000 [00:10<00:00, 97.01it/s, loss=0.0746]
Epoch 102/1000: 100% 1000/1000 [00:10<00:00, 96.82it/s, loss=0.0706] 
Epoch 103/1000: 100% 1000/1000 [00:10<00:00, 98.59it/s, loss=0.0821]
Epoch 104/1000: 100% 1000/1000 [00:10<00:00, 96.94it/s, loss=0.0767]
Epoch 105/1000: 100% 1000/1000 [00:10<00:00, 99.10it/s, loss=0.0755]
Epoch 106/1000: 100% 1000/1000 [00:09<00:00, 101.50it/s, loss=0.0737]
Epoch 107/1000: 100% 1000/1000 [00:10<00:00, 97.32it/s, loss=0.0735]
Epoch 108/1000: 100% 1000/1000 [00:10<00:00, 95.86it/s, loss=0.0697]
Epoch 109/1000: 100% 1000/1000 [00:10<00:00, 99.09it/s, loss=0.0724]
Epoch 110/1000: 100% 1000/1000 [00:10<00:00, 98.00it/s, loss=0.0734]
2025-11-06 16:01:24,713 [INFO] Epoch 110/1000 | Time: 10.89s | Loss: 0.0734 | Eval Return: -200.00
Epoch 111/1000: 100% 1000/1000 [00:10<00:00, 98.88it/s, loss=0.0693]
Epoch 112/1000: 100% 1000/1000 [00:10<00:00, 97.88it/s, loss=0.0672]
Epoch 113/1000: 100% 1000/1000 [00:09<00:00, 101.49it/s, loss=0.0739]
Epoch 114/1000: 100% 1000/1000 [00:09<00:00, 100.83it/s, loss=0.0670]
Epoch 115/1000: 100% 1000/1000 [00:10<00:00, 99.02it/s, loss=0.0771]
Epoch 116/1000: 100% 1000/1000 [00:10<00:00, 98.77it/s, loss=0.0748]
Epoch 117/1000: 100% 1000/1000 [00:10<00:00, 98.27it/s, loss=0.0719]
Epoch 118/1000: 100% 1000/1000 [00:10<00:00, 98.21it/s, loss=0.0739]
Epoch 119/1000: 100% 1000/1000 [00:10<00:00, 99.91it/s, loss=0.0798]
Epoch 120/1000: 100% 1000/1000 [00:09<00:00, 102.21it/s, loss=0.0711]
2025-11-06 16:03:05,928 [INFO] Epoch 120/1000 | Time: 10.52s | Loss: 0.0711 | Eval Return: -200.00
Epoch 121/1000: 100% 1000/1000 [00:10<00:00, 98.39it/s, loss=0.0745]
Epoch 122/1000: 100% 1000/1000 [00:10<00:00, 96.31it/s, loss=0.0669]
Epoch 123/1000: 100% 1000/1000 [00:10<00:00, 92.73it/s, loss=0.0699]
Epoch 124/1000: 100% 1000/1000 [00:10<00:00, 93.84it/s, loss=0.0685]
Epoch 125/1000: 100% 1000/1000 [00:10<00:00, 92.98it/s, loss=0.0670]
Epoch 126/1000: 100% 1000/1000 [00:10<00:00, 91.43it/s, loss=0.0754]
Epoch 127/1000: 100% 1000/1000 [00:11<00:00, 88.47it/s, loss=0.0836]
Epoch 128/1000: 100% 1000/1000 [00:10<00:00, 95.07it/s, loss=0.0801]
Epoch 129/1000: 100% 1000/1000 [00:10<00:00, 96.06it/s, loss=0.0665]
Epoch 130/1000: 100% 1000/1000 [00:10<00:00, 93.08it/s, loss=0.0774]
2025-11-06 16:04:53,289 [INFO] Epoch 130/1000 | Time: 11.45s | Loss: 0.0774 | Eval Return: -200.00
Epoch 131/1000: 100% 1000/1000 [00:10<00:00, 93.04it/s, loss=0.0708]
Epoch 132/1000: 100% 1000/1000 [00:10<00:00, 93.70it/s, loss=0.0676]
Epoch 133/1000: 100% 1000/1000 [00:10<00:00, 94.47it/s, loss=0.0664]
Epoch 134/1000: 100% 1000/1000 [00:10<00:00, 94.33it/s, loss=0.0851]
Epoch 135/1000: 100% 1000/1000 [00:10<00:00, 91.60it/s, loss=0.0697]
Epoch 136/1000: 100% 1000/1000 [00:10<00:00, 92.82it/s, loss=0.0731]
Epoch 137/1000: 100% 1000/1000 [00:10<00:00, 97.05it/s, loss=0.0704]
Epoch 138/1000: 100% 1000/1000 [00:10<00:00, 95.95it/s, loss=0.0653]
Epoch 139/1000: 100% 1000/1000 [00:10<00:00, 95.62it/s, loss=0.0640]
Epoch 140/1000: 100% 1000/1000 [00:10<00:00, 95.54it/s, loss=0.0759]
2025-11-06 16:06:39,933 [INFO] Epoch 140/1000 | Time: 11.16s | Loss: 0.0759 | Eval Return: -200.00
Epoch 141/1000: 100% 1000/1000 [00:10<00:00, 95.90it/s, loss=0.0740]
Epoch 142/1000: 100% 1000/1000 [00:10<00:00, 96.54it/s, loss=0.0651]
Epoch 143/1000: 100% 1000/1000 [00:10<00:00, 96.52it/s, loss=0.0686]
Epoch 144/1000: 100% 1000/1000 [00:10<00:00, 98.04it/s, loss=0.0681]
Epoch 145/1000: 100% 1000/1000 [00:10<00:00, 98.73it/s, loss=0.0635] 
Epoch 146/1000: 100% 1000/1000 [00:10<00:00, 95.74it/s, loss=0.0650]
Epoch 147/1000: 100% 1000/1000 [00:10<00:00, 94.01it/s, loss=0.0658]
Epoch 148/1000: 100% 1000/1000 [00:10<00:00, 94.54it/s, loss=0.0710]
Epoch 149/1000: 100% 1000/1000 [00:10<00:00, 95.20it/s, loss=0.0841]
Epoch 150/1000: 100% 1000/1000 [00:10<00:00, 94.00it/s, loss=0.0786]
2025-11-06 16:08:24,920 [INFO] Epoch 150/1000 | Time: 11.35s | Loss: 0.0786 | Eval Return: -200.00
Epoch 151/1000: 100% 1000/1000 [00:10<00:00, 93.82it/s, loss=0.0705]
Epoch 152/1000: 100% 1000/1000 [00:10<00:00, 96.15it/s, loss=0.0747]
Epoch 153/1000: 100% 1000/1000 [00:10<00:00, 98.44it/s, loss=0.0717]
Epoch 154/1000: 100% 1000/1000 [00:10<00:00, 95.30it/s, loss=0.0680]
Epoch 155/1000: 100% 1000/1000 [00:10<00:00, 94.98it/s, loss=0.0684]
Epoch 156/1000: 100% 1000/1000 [00:10<00:00, 94.98it/s, loss=0.0712]
Epoch 157/1000: 100% 1000/1000 [00:10<00:00, 95.04it/s, loss=0.0591]
Epoch 158/1000: 100% 1000/1000 [00:10<00:00, 95.21it/s, loss=0.0700]
Epoch 159/1000: 100% 1000/1000 [00:10<00:00, 95.54it/s, loss=0.0734]
Epoch 160/1000: 100% 1000/1000 [00:10<00:00, 99.92it/s, loss=0.0793]
2025-11-06 16:10:10,102 [INFO] Epoch 160/1000 | Time: 10.91s | Loss: 0.0793 | Eval Return: -200.00
Epoch 161/1000: 100% 1000/1000 [00:10<00:00, 98.67it/s, loss=0.0767]
Epoch 162/1000: 100% 1000/1000 [00:10<00:00, 96.15it/s, loss=0.0764]
Epoch 163/1000: 100% 1000/1000 [00:10<00:00, 96.97it/s, loss=0.0674]
Epoch 164/1000: 100% 1000/1000 [00:10<00:00, 96.58it/s, loss=0.0661]
Epoch 165/1000: 100% 1000/1000 [00:10<00:00, 96.76it/s, loss=0.0636]
Epoch 166/1000: 100% 1000/1000 [00:10<00:00, 95.76it/s, loss=0.0600]
Epoch 167/1000: 100% 1000/1000 [00:10<00:00, 99.06it/s, loss=0.0714]
Epoch 168/1000: 100% 1000/1000 [00:10<00:00, 98.08it/s, loss=0.0825]
Epoch 169/1000: 100% 1000/1000 [00:10<00:00, 98.91it/s, loss=0.0623]
Epoch 170/1000: 100% 1000/1000 [00:10<00:00, 97.84it/s, loss=0.0704]
2025-11-06 16:11:53,415 [INFO] Epoch 170/1000 | Time: 10.93s | Loss: 0.0704 | Eval Return: -200.00
Epoch 171/1000: 100% 1000/1000 [00:10<00:00, 97.84it/s, loss=0.0704]
Epoch 172/1000: 100% 1000/1000 [00:10<00:00, 98.75it/s, loss=0.0699]
Epoch 173/1000: 100% 1000/1000 [00:10<00:00, 95.77it/s, loss=0.0727]
Epoch 174/1000: 100% 1000/1000 [00:10<00:00, 99.20it/s, loss=0.0735]
Epoch 175/1000: 100% 1000/1000 [00:10<00:00, 98.56it/s, loss=0.0779]
Epoch 176/1000: 100% 1000/1000 [00:10<00:00, 97.26it/s, loss=0.0715]
Epoch 177/1000: 100% 1000/1000 [00:10<00:00, 96.82it/s, loss=0.0729]
Epoch 178/1000: 100% 1000/1000 [00:10<00:00, 97.32it/s, loss=0.0784]
Epoch 179/1000: 100% 1000/1000 [00:10<00:00, 97.60it/s, loss=0.0722]
Epoch 180/1000: 100% 1000/1000 [00:10<00:00, 97.88it/s, loss=0.0680]
2025-11-06 16:13:36,477 [INFO] Epoch 180/1000 | Time: 10.91s | Loss: 0.0680 | Eval Return: -200.00
Epoch 181/1000: 100% 1000/1000 [00:09<00:00, 101.08it/s, loss=0.0723]
Epoch 182/1000: 100% 1000/1000 [00:10<00:00, 99.99it/s, loss=0.0823]
Epoch 183/1000: 100% 1000/1000 [00:10<00:00, 97.97it/s, loss=0.0756]
Epoch 184/1000: 100% 1000/1000 [00:10<00:00, 98.54it/s, loss=0.0738]
Epoch 185/1000: 100% 1000/1000 [00:10<00:00, 98.00it/s, loss=0.0703]
Epoch 186/1000: 100% 1000/1000 [00:10<00:00, 97.37it/s, loss=0.0637]
Epoch 187/1000: 100% 1000/1000 [00:10<00:00, 98.58it/s, loss=0.0610]
Epoch 188/1000: 100% 1000/1000 [00:09<00:00, 100.74it/s, loss=0.0651]
Epoch 189/1000: 100% 1000/1000 [00:10<00:00, 97.79it/s, loss=0.0658]
Epoch 190/1000: 100% 1000/1000 [00:10<00:00, 98.33it/s, loss=0.0843]
2025-11-06 16:15:18,344 [INFO] Epoch 190/1000 | Time: 10.84s | Loss: 0.0843 | Eval Return: -200.00
Epoch 191/1000: 100% 1000/1000 [00:10<00:00, 97.32it/s, loss=0.0703]
Epoch 192/1000: 100% 1000/1000 [00:10<00:00, 98.02it/s, loss=0.0706]
Epoch 193/1000: 100% 1000/1000 [00:10<00:00, 98.85it/s, loss=0.0705]
Epoch 194/1000: 100% 1000/1000 [00:09<00:00, 101.65it/s, loss=0.0789]
Epoch 195/1000: 100% 1000/1000 [00:09<00:00, 100.71it/s, loss=0.0733]
Epoch 196/1000: 100% 1000/1000 [00:10<00:00, 98.82it/s, loss=0.0810]
Epoch 197/1000: 100% 1000/1000 [00:10<00:00, 97.59it/s, loss=0.0761]
Epoch 198/1000: 100% 1000/1000 [00:10<00:00, 98.31it/s, loss=0.0636]
Epoch 199/1000: 100% 1000/1000 [00:10<00:00, 97.86it/s, loss=0.0698]
Epoch 200/1000: 100% 1000/1000 [00:10<00:00, 98.98it/s, loss=0.0758]
2025-11-06 16:17:00,408 [INFO] Epoch 200/1000 | Time: 10.94s | Loss: 0.0758 | Eval Return: -200.00
Epoch 201/1000: 100% 1000/1000 [00:09<00:00, 103.36it/s, loss=0.0739]
Epoch 202/1000: 100% 1000/1000 [00:10<00:00, 97.57it/s, loss=0.0775]
Epoch 203/1000: 100% 1000/1000 [00:10<00:00, 97.09it/s, loss=0.0791]
Epoch 204/1000: 100% 1000/1000 [00:10<00:00, 98.06it/s, loss=0.0807]
Epoch 205/1000: 100% 1000/1000 [00:10<00:00, 98.18it/s, loss=0.0673]
Epoch 206/1000: 100% 1000/1000 [00:10<00:00, 97.53it/s, loss=0.0735]
Epoch 207/1000: 100% 1000/1000 [00:10<00:00, 97.39it/s, loss=0.0738]
Epoch 208/1000: 100% 1000/1000 [00:09<00:00, 100.61it/s, loss=0.0778]
Epoch 209/1000: 100% 1000/1000 [00:10<00:00, 97.59it/s, loss=0.0681]
Epoch 210/1000: 100% 1000/1000 [00:10<00:00, 99.03it/s, loss=0.0672]
2025-11-06 16:18:42,510 [INFO] Epoch 210/1000 | Time: 10.78s | Loss: 0.0672 | Eval Return: -200.00
Epoch 211/1000: 100% 1000/1000 [00:10<00:00, 97.92it/s, loss=0.0785]
Epoch 212/1000: 100% 1000/1000 [00:10<00:00, 98.16it/s, loss=0.0619]
Epoch 213/1000: 100% 1000/1000 [00:10<00:00, 99.04it/s, loss=0.0735]
Epoch 214/1000: 100% 1000/1000 [00:09<00:00, 101.49it/s, loss=0.0671]
Epoch 215/1000: 100% 1000/1000 [00:10<00:00, 99.46it/s, loss=0.0636]
Epoch 216/1000: 100% 1000/1000 [00:10<00:00, 97.04it/s, loss=0.0682]
Epoch 217/1000: 100% 1000/1000 [00:10<00:00, 97.60it/s, loss=0.0725]
Epoch 218/1000: 100% 1000/1000 [00:10<00:00, 97.76it/s, loss=0.0772]
Epoch 219/1000: 100% 1000/1000 [00:10<00:00, 97.60it/s, loss=0.0791]
Epoch 220/1000: 100% 1000/1000 [00:10<00:00, 98.01it/s, loss=0.0688]
2025-11-06 16:20:24,861 [INFO] Epoch 220/1000 | Time: 10.92s | Loss: 0.0688 | Eval Return: -200.00
Epoch 221/1000: 100% 1000/1000 [00:09<00:00, 100.77it/s, loss=0.0687]
Epoch 222/1000: 100% 1000/1000 [00:09<00:00, 100.06it/s, loss=0.0716]
Epoch 223/1000: 100% 1000/1000 [00:10<00:00, 97.53it/s, loss=0.0812]
Epoch 224/1000: 100% 1000/1000 [00:10<00:00, 98.10it/s, loss=0.0778]
Epoch 225/1000: 100% 1000/1000 [00:10<00:00, 98.02it/s, loss=0.0727]
Epoch 226/1000: 100% 1000/1000 [00:10<00:00, 98.23it/s, loss=0.0701]
Epoch 227/1000: 100% 1000/1000 [00:10<00:00, 99.43it/s, loss=0.0709]
Epoch 228/1000: 100% 1000/1000 [00:09<00:00, 100.28it/s, loss=0.0675]
Epoch 229/1000: 100% 1000/1000 [00:10<00:00, 98.14it/s, loss=0.0729]
Epoch 230/1000: 100% 1000/1000 [00:10<00:00, 98.73it/s, loss=0.0688]
2025-11-06 16:22:06,634 [INFO] Epoch 230/1000 | Time: 10.80s | Loss: 0.0688 | Eval Return: -200.00
Epoch 231/1000: 100% 1000/1000 [00:10<00:00, 98.10it/s, loss=0.0832]
Epoch 232/1000: 100% 1000/1000 [00:10<00:00, 97.95it/s, loss=0.0671]
Epoch 233/1000: 100% 1000/1000 [00:10<00:00, 98.28it/s, loss=0.0666]
Epoch 234/1000: 100% 1000/1000 [00:09<00:00, 100.23it/s, loss=0.0777]
Epoch 235/1000: 100% 1000/1000 [00:09<00:00, 100.42it/s, loss=0.0748]
Epoch 236/1000: 100% 1000/1000 [00:10<00:00, 98.82it/s, loss=0.0650]
Epoch 237/1000: 100% 1000/1000 [00:10<00:00, 97.03it/s, loss=0.0652]
Epoch 238/1000: 100% 1000/1000 [00:10<00:00, 96.08it/s, loss=0.0751]
Epoch 239/1000: 100% 1000/1000 [00:10<00:00, 96.80it/s, loss=0.0788] 
Epoch 240/1000: 100% 1000/1000 [00:10<00:00, 97.38it/s, loss=0.0679]
2025-11-06 16:23:49,248 [INFO] Epoch 240/1000 | Time: 10.93s | Loss: 0.0679 | Eval Return: -200.00
Epoch 241/1000: 100% 1000/1000 [00:09<00:00, 100.33it/s, loss=0.0724]
Epoch 242/1000: 100% 1000/1000 [00:09<00:00, 101.19it/s, loss=0.0810]
Epoch 243/1000: 100% 1000/1000 [00:10<00:00, 98.14it/s, loss=0.0705] 
Epoch 244/1000: 100% 1000/1000 [00:10<00:00, 97.55it/s, loss=0.0659]
Epoch 245/1000: 100% 1000/1000 [00:10<00:00, 97.96it/s, loss=0.0635]
Epoch 246/1000: 100% 1000/1000 [00:10<00:00, 98.43it/s, loss=0.0593]
Epoch 247/1000: 100% 1000/1000 [00:09<00:00, 100.31it/s, loss=0.0779]
Epoch 248/1000: 100% 1000/1000 [00:09<00:00, 101.33it/s, loss=0.0739]
Epoch 249/1000: 100% 1000/1000 [00:10<00:00, 98.94it/s, loss=0.0749]
Epoch 250/1000: 100% 1000/1000 [00:10<00:00, 98.34it/s, loss=0.0742]
2025-11-06 16:25:30,685 [INFO] Epoch 250/1000 | Time: 10.83s | Loss: 0.0742 | Eval Return: -200.00
Epoch 251/1000: 100% 1000/1000 [00:10<00:00, 98.11it/s, loss=0.0822]
Epoch 252/1000: 100% 1000/1000 [00:10<00:00, 98.04it/s, loss=0.0623]
Epoch 253/1000: 100% 1000/1000 [00:10<00:00, 98.41it/s, loss=0.0696]
Epoch 254/1000: 100% 1000/1000 [00:09<00:00, 102.74it/s, loss=0.0709]
Epoch 255/1000: 100% 1000/1000 [00:10<00:00, 97.91it/s, loss=0.0712]
Epoch 256/1000: 100% 1000/1000 [00:10<00:00, 97.53it/s, loss=0.0810]
Epoch 257/1000: 100% 1000/1000 [00:10<00:00, 97.56it/s, loss=0.0772]
Epoch 258/1000: 100% 1000/1000 [00:10<00:00, 97.70it/s, loss=0.0698]
Epoch 259/1000: 100% 1000/1000 [00:10<00:00, 97.19it/s, loss=0.0757]
Epoch 260/1000: 100% 1000/1000 [00:10<00:00, 98.61it/s, loss=0.0687]
2025-11-06 16:27:13,225 [INFO] Epoch 260/1000 | Time: 11.00s | Loss: 0.0687 | Eval Return: -200.00
Epoch 261/1000: 100% 1000/1000 [00:09<00:00, 102.68it/s, loss=0.0661]
Epoch 262/1000: 100% 1000/1000 [00:10<00:00, 97.79it/s, loss=0.0711]
Epoch 263/1000: 100% 1000/1000 [00:10<00:00, 98.14it/s, loss=0.0767]
Epoch 264/1000: 100% 1000/1000 [00:10<00:00, 99.30it/s, loss=0.0775]
Epoch 265/1000: 100% 1000/1000 [00:10<00:00, 98.71it/s, loss=0.0737]
Epoch 266/1000: 100% 1000/1000 [00:10<00:00, 99.17it/s, loss=0.0763]
Epoch 267/1000: 100% 1000/1000 [00:09<00:00, 102.42it/s, loss=0.0778]
Epoch 268/1000: 100% 1000/1000 [00:10<00:00, 97.33it/s, loss=0.0746]
Epoch 269/1000: 100% 1000/1000 [00:10<00:00, 97.95it/s, loss=0.0726]
Epoch 270/1000: 100% 1000/1000 [00:10<00:00, 98.25it/s, loss=0.0700]
2025-11-06 16:28:54,776 [INFO] Epoch 270/1000 | Time: 10.86s | Loss: 0.0700 | Eval Return: -200.00
Epoch 271/1000: 100% 1000/1000 [00:10<00:00, 98.76it/s, loss=0.0793] 
Epoch 272/1000: 100% 1000/1000 [00:10<00:00, 98.31it/s, loss=0.0825]
Epoch 273/1000: 100% 1000/1000 [00:10<00:00, 97.81it/s, loss=0.0688]
Epoch 274/1000: 100% 1000/1000 [00:09<00:00, 102.98it/s, loss=0.0727]
Epoch 275/1000: 100% 1000/1000 [00:10<00:00, 98.10it/s, loss=0.0776]
Epoch 276/1000: 100% 1000/1000 [00:10<00:00, 97.17it/s, loss=0.0767] 
Epoch 277/1000: 100% 1000/1000 [00:10<00:00, 97.38it/s, loss=0.0736]
Epoch 278/1000: 100% 1000/1000 [00:10<00:00, 98.65it/s, loss=0.0836]
Epoch 279/1000: 100% 1000/1000 [00:10<00:00, 98.35it/s, loss=0.0729]
Epoch 280/1000: 100% 1000/1000 [00:09<00:00, 101.04it/s, loss=0.0733]
2025-11-06 16:30:36,898 [INFO] Epoch 280/1000 | Time: 10.83s | Loss: 0.0733 | Eval Return: -200.00
Epoch 281/1000: 100% 1000/1000 [00:09<00:00, 102.77it/s, loss=0.0666]
Epoch 282/1000: 100% 1000/1000 [00:10<00:00, 98.64it/s, loss=0.0793]
Epoch 283/1000: 100% 1000/1000 [00:10<00:00, 98.29it/s, loss=0.0815]
Epoch 284/1000: 100% 1000/1000 [00:10<00:00, 98.61it/s, loss=0.0646]
Epoch 285/1000: 100% 1000/1000 [00:10<00:00, 97.97it/s, loss=0.0595]
Epoch 286/1000: 100% 1000/1000 [00:10<00:00, 97.55it/s, loss=0.0778]
Epoch 287/1000: 100% 1000/1000 [00:09<00:00, 103.56it/s, loss=0.0661]
Epoch 288/1000: 100% 1000/1000 [00:10<00:00, 99.15it/s, loss=0.0759] 
Epoch 289/1000: 100% 1000/1000 [00:10<00:00, 98.13it/s, loss=0.0743]
Epoch 290/1000: 100% 1000/1000 [00:10<00:00, 98.08it/s, loss=0.0789]
2025-11-06 16:32:18,363 [INFO] Epoch 290/1000 | Time: 10.89s | Loss: 0.0789 | Eval Return: -200.00
Epoch 291/1000: 100% 1000/1000 [00:10<00:00, 97.75it/s, loss=0.0807]
Epoch 292/1000: 100% 1000/1000 [00:10<00:00, 97.96it/s, loss=0.0735]
Epoch 293/1000: 100% 1000/1000 [00:09<00:00, 100.02it/s, loss=0.0740]
Epoch 294/1000: 100% 1000/1000 [00:09<00:00, 100.65it/s, loss=0.0669]
Epoch 295/1000: 100% 1000/1000 [00:10<00:00, 97.76it/s, loss=0.0675]
Epoch 296/1000: 100% 1000/1000 [00:10<00:00, 98.36it/s, loss=0.0753]
Epoch 297/1000: 100% 1000/1000 [00:10<00:00, 98.04it/s, loss=0.0720]
Epoch 298/1000: 100% 1000/1000 [00:10<00:00, 97.72it/s, loss=0.0791]
Epoch 299/1000: 100% 1000/1000 [00:10<00:00, 97.06it/s, loss=0.0700]
Epoch 300/1000: 100% 1000/1000 [00:09<00:00, 103.21it/s, loss=0.0681]
2025-11-06 16:34:00,450 [INFO] Epoch 300/1000 | Time: 10.58s | Loss: 0.0681 | Eval Return: -200.00
Epoch 301/1000: 100% 1000/1000 [00:09<00:00, 101.34it/s, loss=0.0733]
Epoch 302/1000: 100% 1000/1000 [00:10<00:00, 98.26it/s, loss=0.0776]
Epoch 303/1000: 100% 1000/1000 [00:10<00:00, 98.08it/s, loss=0.0692]
Epoch 304/1000: 100% 1000/1000 [00:10<00:00, 98.57it/s, loss=0.0624] 
Epoch 305/1000: 100% 1000/1000 [00:10<00:00, 98.58it/s, loss=0.0703]
Epoch 306/1000: 100% 1000/1000 [00:09<00:00, 100.61it/s, loss=0.0777]
Epoch 307/1000: 100% 1000/1000 [00:09<00:00, 102.27it/s, loss=0.0811]
Epoch 308/1000: 100% 1000/1000 [00:10<00:00, 98.86it/s, loss=0.0720] 
Epoch 309/1000: 100% 1000/1000 [00:10<00:00, 98.68it/s, loss=0.0811]
Epoch 310/1000: 100% 1000/1000 [00:10<00:00, 99.21it/s, loss=0.0679]
2025-11-06 16:35:41,705 [INFO] Epoch 310/1000 | Time: 10.75s | Loss: 0.0679 | Eval Return: -200.00
Epoch 311/1000: 100% 1000/1000 [00:10<00:00, 98.66it/s, loss=0.0661]
Epoch 312/1000: 100% 1000/1000 [00:10<00:00, 98.47it/s, loss=0.0729]
Epoch 313/1000: 100% 1000/1000 [00:09<00:00, 102.71it/s, loss=0.0733]
Epoch 314/1000: 100% 1000/1000 [00:09<00:00, 100.28it/s, loss=0.0724]
Epoch 315/1000: 100% 1000/1000 [00:10<00:00, 98.25it/s, loss=0.0716]
Epoch 316/1000: 100% 1000/1000 [00:10<00:00, 98.72it/s, loss=0.0704]
Epoch 317/1000: 100% 1000/1000 [00:10<00:00, 98.69it/s, loss=0.0753]
Epoch 318/1000: 100% 1000/1000 [00:10<00:00, 98.50it/s, loss=0.0752]
Epoch 319/1000: 100% 1000/1000 [00:09<00:00, 102.40it/s, loss=0.0810]
Epoch 320/1000: 100% 1000/1000 [00:10<00:00, 99.92it/s, loss=0.0770]
2025-11-06 16:37:22,742 [INFO] Epoch 320/1000 | Time: 10.67s | Loss: 0.0770 | Eval Return: -200.00
Epoch 321/1000: 100% 1000/1000 [00:10<00:00, 98.02it/s, loss=0.0706]
Epoch 322/1000: 100% 1000/1000 [00:10<00:00, 98.50it/s, loss=0.0609] 
Epoch 323/1000: 100% 1000/1000 [00:10<00:00, 98.74it/s, loss=0.0669]
Epoch 324/1000: 100% 1000/1000 [00:10<00:00, 97.97it/s, loss=0.0694]
Epoch 325/1000: 100% 1000/1000 [00:10<00:00, 99.36it/s, loss=0.0787]
Epoch 326/1000: 100% 1000/1000 [00:09<00:00, 102.26it/s, loss=0.0640]
Epoch 327/1000: 100% 1000/1000 [00:10<00:00, 98.23it/s, loss=0.0809]
Epoch 328/1000: 100% 1000/1000 [00:10<00:00, 98.33it/s, loss=0.0637]
Epoch 329/1000: 100% 1000/1000 [00:10<00:00, 98.11it/s, loss=0.0672]
Epoch 330/1000: 100% 1000/1000 [00:10<00:00, 97.22it/s, loss=0.0756]
2025-11-06 16:39:04,775 [INFO] Epoch 330/1000 | Time: 10.96s | Loss: 0.0756 | Eval Return: -200.00
Epoch 331/1000: 100% 1000/1000 [00:10<00:00, 99.12it/s, loss=0.0858]
Epoch 332/1000: 100% 1000/1000 [00:09<00:00, 101.17it/s, loss=0.0684]
Epoch 333/1000: 100% 1000/1000 [00:09<00:00, 100.40it/s, loss=0.0707]
Epoch 334/1000: 100% 1000/1000 [00:10<00:00, 98.25it/s, loss=0.0827]
Epoch 335/1000: 100% 1000/1000 [00:10<00:00, 99.16it/s, loss=0.0832]
Epoch 336/1000: 100% 1000/1000 [00:10<00:00, 98.79it/s, loss=0.0740]
Epoch 337/1000: 100% 1000/1000 [00:10<00:00, 99.36it/s, loss=0.0729]
Epoch 338/1000: 100% 1000/1000 [00:09<00:00, 100.80it/s, loss=0.0806]
Epoch 339/1000: 100% 1000/1000 [00:09<00:00, 100.83it/s, loss=0.0741]
Epoch 340/1000: 100% 1000/1000 [00:10<00:00, 98.35it/s, loss=0.0742]
2025-11-06 16:40:45,830 [INFO] Epoch 340/1000 | Time: 10.83s | Loss: 0.0742 | Eval Return: -200.00
Epoch 341/1000: 100% 1000/1000 [00:10<00:00, 99.06it/s, loss=0.0713] 
Epoch 342/1000: 100% 1000/1000 [00:10<00:00, 98.14it/s, loss=0.0721]
Epoch 343/1000: 100% 1000/1000 [00:10<00:00, 98.86it/s, loss=0.0655]
Epoch 344/1000: 100% 1000/1000 [00:10<00:00, 97.80it/s, loss=0.0551]
Epoch 345/1000: 100% 1000/1000 [00:09<00:00, 102.53it/s, loss=0.0750]
Epoch 346/1000: 100% 1000/1000 [00:10<00:00, 98.52it/s, loss=0.0781] 
Epoch 347/1000: 100% 1000/1000 [00:10<00:00, 98.05it/s, loss=0.0680]
Epoch 348/1000: 100% 1000/1000 [00:10<00:00, 98.50it/s, loss=0.0733]
Epoch 349/1000: 100% 1000/1000 [00:10<00:00, 99.15it/s, loss=0.0640] 
Epoch 350/1000: 100% 1000/1000 [00:10<00:00, 99.24it/s, loss=0.0662]
2025-11-06 16:42:27,566 [INFO] Epoch 350/1000 | Time: 10.77s | Loss: 0.0662 | Eval Return: -200.00
Epoch 351/1000: 100% 1000/1000 [00:09<00:00, 100.75it/s, loss=0.0795]
Epoch 352/1000: 100% 1000/1000 [00:09<00:00, 101.11it/s, loss=0.0850]
Epoch 353/1000: 100% 1000/1000 [00:10<00:00, 98.19it/s, loss=0.0694] 
Epoch 354/1000: 100% 1000/1000 [00:10<00:00, 98.63it/s, loss=0.0732]
Epoch 355/1000: 100% 1000/1000 [00:10<00:00, 98.80it/s, loss=0.0730]
Epoch 356/1000: 100% 1000/1000 [00:10<00:00, 98.40it/s, loss=0.0725]
Epoch 357/1000: 100% 1000/1000 [00:10<00:00, 98.38it/s, loss=0.0690]
Epoch 358/1000: 100% 1000/1000 [00:09<00:00, 101.33it/s, loss=0.0671]
Epoch 359/1000: 100% 1000/1000 [00:10<00:00, 97.20it/s, loss=0.0704]
Epoch 360/1000: 100% 1000/1000 [00:10<00:00, 96.40it/s, loss=0.0812]
2025-11-06 16:44:09,388 [INFO] Epoch 360/1000 | Time: 11.07s | Loss: 0.0812 | Eval Return: -200.00
Epoch 361/1000: 100% 1000/1000 [00:10<00:00, 98.09it/s, loss=0.0602]
Epoch 362/1000: 100% 1000/1000 [00:10<00:00, 98.96it/s, loss=0.0651]
Epoch 363/1000: 100% 1000/1000 [00:10<00:00, 97.62it/s, loss=0.0735]
Epoch 364/1000: 100% 1000/1000 [00:09<00:00, 100.52it/s, loss=0.0580]
Epoch 365/1000: 100% 1000/1000 [00:09<00:00, 101.08it/s, loss=0.0683]
Epoch 366/1000: 100% 1000/1000 [00:10<00:00, 98.29it/s, loss=0.0830]
Epoch 367/1000: 100% 1000/1000 [00:10<00:00, 98.41it/s, loss=0.0708]
Epoch 368/1000: 100% 1000/1000 [00:10<00:00, 99.16it/s, loss=0.0847]
Epoch 369/1000: 100% 1000/1000 [00:10<00:00, 98.31it/s, loss=0.0758]
Epoch 370/1000: 100% 1000/1000 [00:09<00:00, 100.57it/s, loss=0.0606]
2025-11-06 16:45:51,222 [INFO] Epoch 370/1000 | Time: 10.85s | Loss: 0.0606 | Eval Return: -200.00
Epoch 371/1000: 100% 1000/1000 [00:09<00:00, 104.44it/s, loss=0.0723]
Epoch 372/1000: 100% 1000/1000 [00:10<00:00, 98.58it/s, loss=0.0750]
Epoch 373/1000: 100% 1000/1000 [00:10<00:00, 98.94it/s, loss=0.0787] 
Epoch 374/1000: 100% 1000/1000 [00:10<00:00, 99.23it/s, loss=0.0829]
Epoch 375/1000: 100% 1000/1000 [00:10<00:00, 98.58it/s, loss=0.0713]
Epoch 376/1000: 100% 1000/1000 [00:10<00:00, 99.42it/s, loss=0.0808]
Epoch 377/1000: 100% 1000/1000 [00:09<00:00, 103.77it/s, loss=0.0703]
Epoch 378/1000: 100% 1000/1000 [00:10<00:00, 99.32it/s, loss=0.0636]
Epoch 379/1000: 100% 1000/1000 [00:10<00:00, 98.42it/s, loss=0.0783]
Epoch 380/1000: 100% 1000/1000 [00:10<00:00, 98.76it/s, loss=0.0785] 
2025-11-06 16:47:31,999 [INFO] Epoch 380/1000 | Time: 10.80s | Loss: 0.0785 | Eval Return: -200.00
Epoch 381/1000: 100% 1000/1000 [00:10<00:00, 98.46it/s, loss=0.0711]
Epoch 382/1000: 100% 1000/1000 [00:10<00:00, 98.55it/s, loss=0.0685] 
Epoch 383/1000: 100% 1000/1000 [00:09<00:00, 102.68it/s, loss=0.0708]
Epoch 384/1000: 100% 1000/1000 [00:09<00:00, 100.65it/s, loss=0.0815]
Epoch 385/1000: 100% 1000/1000 [00:10<00:00, 98.90it/s, loss=0.0751]
Epoch 386/1000: 100% 1000/1000 [00:10<00:00, 98.60it/s, loss=0.0682]
Epoch 387/1000: 100% 1000/1000 [00:10<00:00, 98.64it/s, loss=0.0694]
Epoch 388/1000: 100% 1000/1000 [00:10<00:00, 98.49it/s, loss=0.0671]
Epoch 389/1000: 100% 1000/1000 [00:09<00:00, 102.33it/s, loss=0.0727]
Epoch 390/1000: 100% 1000/1000 [00:09<00:00, 100.11it/s, loss=0.0677]
2025-11-06 16:49:12,951 [INFO] Epoch 390/1000 | Time: 10.65s | Loss: 0.0677 | Eval Return: -200.00
Epoch 391/1000: 100% 1000/1000 [00:10<00:00, 97.25it/s, loss=0.0807] 
Epoch 392/1000: 100% 1000/1000 [00:10<00:00, 98.53it/s, loss=0.0734] 
Epoch 393/1000: 100% 1000/1000 [00:10<00:00, 98.87it/s, loss=0.0815]
Epoch 394/1000: 100% 1000/1000 [00:10<00:00, 98.84it/s, loss=0.0816]
Epoch 395/1000: 100% 1000/1000 [00:10<00:00, 98.09it/s, loss=0.0554]
Epoch 396/1000: 100% 1000/1000 [00:09<00:00, 104.00it/s, loss=0.0725]
Epoch 397/1000: 100% 1000/1000 [00:10<00:00, 99.73it/s, loss=0.0584]
Epoch 398/1000: 100% 1000/1000 [00:10<00:00, 97.95it/s, loss=0.0669]
Epoch 399/1000: 100% 1000/1000 [00:10<00:00, 98.13it/s, loss=0.0702]
Epoch 400/1000: 100% 1000/1000 [00:10<00:00, 98.74it/s, loss=0.0723]
2025-11-06 16:50:54,647 [INFO] Epoch 400/1000 | Time: 10.79s | Loss: 0.0723 | Eval Return: -200.00
Epoch 401/1000: 100% 1000/1000 [00:10<00:00, 98.56it/s, loss=0.0749]
Epoch 402/1000: 100% 1000/1000 [00:09<00:00, 102.54it/s, loss=0.0637]
Epoch 403/1000: 100% 1000/1000 [00:09<00:00, 100.83it/s, loss=0.0709]
Epoch 404/1000: 100% 1000/1000 [00:10<00:00, 99.27it/s, loss=0.0758]
Epoch 405/1000: 100% 1000/1000 [00:10<00:00, 98.32it/s, loss=0.0822]
Epoch 406/1000: 100% 1000/1000 [00:10<00:00, 98.01it/s, loss=0.0700]
Epoch 407/1000: 100% 1000/1000 [00:10<00:00, 98.12it/s, loss=0.0758]
Epoch 408/1000: 100% 1000/1000 [00:09<00:00, 103.58it/s, loss=0.0756]
Epoch 409/1000: 100% 1000/1000 [00:09<00:00, 100.21it/s, loss=0.0685]
Epoch 410/1000: 100% 1000/1000 [00:10<00:00, 97.89it/s, loss=0.0735]
2025-11-06 16:52:35,627 [INFO] Epoch 410/1000 | Time: 10.88s | Loss: 0.0735 | Eval Return: -200.00
Epoch 411/1000: 100% 1000/1000 [00:10<00:00, 97.19it/s, loss=0.0776]
Epoch 412/1000: 100% 1000/1000 [00:10<00:00, 97.99it/s, loss=0.0654]
Epoch 413/1000: 100% 1000/1000 [00:10<00:00, 98.35it/s, loss=0.0755]
Epoch 414/1000: 100% 1000/1000 [00:10<00:00, 99.15it/s, loss=0.0758]
Epoch 415/1000: 100% 1000/1000 [00:09<00:00, 103.69it/s, loss=0.0699]
Epoch 416/1000: 100% 1000/1000 [00:10<00:00, 98.11it/s, loss=0.0682]
Epoch 417/1000: 100% 1000/1000 [00:10<00:00, 98.72it/s, loss=0.0713]
Epoch 418/1000: 100% 1000/1000 [00:10<00:00, 98.72it/s, loss=0.0732]
Epoch 419/1000: 100% 1000/1000 [00:10<00:00, 99.30it/s, loss=0.0673] 
Epoch 420/1000: 100% 1000/1000 [00:09<00:00, 100.26it/s, loss=0.0700]
2025-11-06 16:54:17,286 [INFO] Epoch 420/1000 | Time: 10.74s | Loss: 0.0700 | Eval Return: -200.00
Epoch 421/1000: 100% 1000/1000 [00:09<00:00, 100.31it/s, loss=0.0773]
Epoch 422/1000: 100% 1000/1000 [00:10<00:00, 99.12it/s, loss=0.0688]
Epoch 423/1000: 100% 1000/1000 [00:10<00:00, 99.18it/s, loss=0.0841]
Epoch 424/1000: 100% 1000/1000 [00:10<00:00, 98.47it/s, loss=0.0683]
Epoch 425/1000: 100% 1000/1000 [00:10<00:00, 98.92it/s, loss=0.0619] 
Epoch 426/1000: 100% 1000/1000 [00:10<00:00, 99.23it/s, loss=0.0718]
Epoch 427/1000: 100% 1000/1000 [00:09<00:00, 102.50it/s, loss=0.0665]
Epoch 428/1000: 100% 1000/1000 [00:10<00:00, 99.49it/s, loss=0.0719]
Epoch 429/1000: 100% 1000/1000 [00:10<00:00, 99.80it/s, loss=0.0711]
Epoch 430/1000: 100% 1000/1000 [00:10<00:00, 99.07it/s, loss=0.0755]
2025-11-06 16:55:58,349 [INFO] Epoch 430/1000 | Time: 10.75s | Loss: 0.0755 | Eval Return: -200.00
Epoch 431/1000: 100% 1000/1000 [00:10<00:00, 98.64it/s, loss=0.0662]
Epoch 432/1000: 100% 1000/1000 [00:10<00:00, 99.16it/s, loss=0.0700] 
Epoch 433/1000: 100% 1000/1000 [00:09<00:00, 100.85it/s, loss=0.0728]
Epoch 434/1000: 100% 1000/1000 [00:09<00:00, 100.84it/s, loss=0.0768]
Epoch 435/1000: 100% 1000/1000 [00:10<00:00, 98.05it/s, loss=0.0840]
Epoch 436/1000: 100% 1000/1000 [00:10<00:00, 99.09it/s, loss=0.0709]
Epoch 437/1000: 100% 1000/1000 [00:10<00:00, 98.82it/s, loss=0.0665]
Epoch 438/1000: 100% 1000/1000 [00:10<00:00, 98.42it/s, loss=0.0770]
Epoch 439/1000: 100% 1000/1000 [00:10<00:00, 98.86it/s, loss=0.0651]
Epoch 440/1000: 100% 1000/1000 [00:09<00:00, 102.66it/s, loss=0.0631]
2025-11-06 16:57:39,613 [INFO] Epoch 440/1000 | Time: 10.52s | Loss: 0.0631 | Eval Return: -200.00
Epoch 441/1000: 100% 1000/1000 [00:10<00:00, 99.72it/s, loss=0.0731] 
Epoch 442/1000: 100% 1000/1000 [00:10<00:00, 99.21it/s, loss=0.0697]
Epoch 443/1000: 100% 1000/1000 [00:10<00:00, 98.30it/s, loss=0.0634]
Epoch 444/1000: 100% 1000/1000 [00:10<00:00, 99.57it/s, loss=0.0765]
Epoch 445/1000: 100% 1000/1000 [00:10<00:00, 98.70it/s, loss=0.0581]
Epoch 446/1000: 100% 1000/1000 [00:09<00:00, 101.70it/s, loss=0.0777]
Epoch 447/1000: 100% 1000/1000 [00:10<00:00, 98.70it/s, loss=0.0585]
Epoch 448/1000: 100% 1000/1000 [00:10<00:00, 98.52it/s, loss=0.0589]
Epoch 449/1000: 100% 1000/1000 [00:10<00:00, 98.36it/s, loss=0.0724]
Epoch 450/1000: 100% 1000/1000 [00:10<00:00, 98.77it/s, loss=0.0807] 
2025-11-06 16:59:21,155 [INFO] Epoch 450/1000 | Time: 10.80s | Loss: 0.0807 | Eval Return: -200.00
Epoch 451/1000: 100% 1000/1000 [00:10<00:00, 98.06it/s, loss=0.0761]
Epoch 452/1000: 100% 1000/1000 [00:10<00:00, 97.53it/s, loss=0.0648]
Epoch 453/1000: 100% 1000/1000 [00:09<00:00, 103.48it/s, loss=0.0733]
Epoch 454/1000: 100% 1000/1000 [00:10<00:00, 99.04it/s, loss=0.0573] 
Epoch 455/1000: 100% 1000/1000 [00:10<00:00, 98.67it/s, loss=0.0740]
Epoch 456/1000: 100% 1000/1000 [00:10<00:00, 99.82it/s, loss=0.0667]
Epoch 457/1000: 100% 1000/1000 [00:10<00:00, 98.82it/s, loss=0.0664]
Epoch 458/1000: 100% 1000/1000 [00:10<00:00, 99.05it/s, loss=0.0748]
Epoch 459/1000: 100% 1000/1000 [00:09<00:00, 103.84it/s, loss=0.0824]
Epoch 460/1000: 100% 1000/1000 [00:10<00:00, 99.61it/s, loss=0.0724]
2025-11-06 17:01:02,096 [INFO] Epoch 460/1000 | Time: 10.72s | Loss: 0.0724 | Eval Return: -200.00
Epoch 461/1000: 100% 1000/1000 [00:10<00:00, 99.39it/s, loss=0.0712]
Epoch 462/1000: 100% 1000/1000 [00:10<00:00, 99.62it/s, loss=0.0744]
Epoch 463/1000: 100% 1000/1000 [00:10<00:00, 99.04it/s, loss=0.0697] 
Epoch 464/1000: 100% 1000/1000 [00:10<00:00, 98.76it/s, loss=0.0673]
Epoch 465/1000: 100% 1000/1000 [00:09<00:00, 102.30it/s, loss=0.0708]
Epoch 466/1000: 100% 1000/1000 [00:09<00:00, 100.30it/s, loss=0.0672]
Epoch 467/1000: 100% 1000/1000 [00:10<00:00, 98.34it/s, loss=0.0806]
Epoch 468/1000: 100% 1000/1000 [00:10<00:00, 99.25it/s, loss=0.0693]
Epoch 469/1000: 100% 1000/1000 [00:10<00:00, 98.83it/s, loss=0.0658]
Epoch 470/1000: 100% 1000/1000 [00:10<00:00, 98.77it/s, loss=0.0604]
2025-11-06 17:02:43,333 [INFO] Epoch 470/1000 | Time: 10.80s | Loss: 0.0604 | Eval Return: -200.00
Epoch 471/1000: 100% 1000/1000 [00:09<00:00, 100.94it/s, loss=0.0642]
Epoch 472/1000: 100% 1000/1000 [00:09<00:00, 103.60it/s, loss=0.0735]
Epoch 473/1000: 100% 1000/1000 [00:10<00:00, 98.89it/s, loss=0.0675]
Epoch 474/1000: 100% 1000/1000 [00:10<00:00, 98.59it/s, loss=0.0697]
Epoch 475/1000: 100% 1000/1000 [00:10<00:00, 99.23it/s, loss=0.0722]
Epoch 476/1000: 100% 1000/1000 [00:10<00:00, 98.61it/s, loss=0.0721]
Epoch 477/1000: 100% 1000/1000 [00:09<00:00, 101.83it/s, loss=0.0682]
Epoch 478/1000: 100% 1000/1000 [00:09<00:00, 102.63it/s, loss=0.0690]
Epoch 479/1000: 100% 1000/1000 [00:10<00:00, 98.94it/s, loss=0.0717]
Epoch 480/1000: 100% 1000/1000 [00:10<00:00, 99.69it/s, loss=0.0677]
2025-11-06 17:04:23,761 [INFO] Epoch 480/1000 | Time: 10.72s | Loss: 0.0677 | Eval Return: -200.00
Epoch 481/1000: 100% 1000/1000 [00:10<00:00, 98.95it/s, loss=0.0787]
Epoch 482/1000: 100% 1000/1000 [00:10<00:00, 97.51it/s, loss=0.0723]
Epoch 483/1000: 100% 1000/1000 [00:10<00:00, 97.36it/s, loss=0.0722]
Epoch 484/1000: 100% 1000/1000 [00:09<00:00, 102.89it/s, loss=0.0702]
Epoch 485/1000: 100% 1000/1000 [00:09<00:00, 100.13it/s, loss=0.0739]
Epoch 486/1000: 100% 1000/1000 [00:10<00:00, 99.34it/s, loss=0.0695]
Epoch 487/1000: 100% 1000/1000 [00:10<00:00, 99.49it/s, loss=0.0759]
Epoch 488/1000: 100% 1000/1000 [00:10<00:00, 98.22it/s, loss=0.0682]
Epoch 489/1000: 100% 1000/1000 [00:10<00:00, 99.01it/s, loss=0.0655]
Epoch 490/1000: 100% 1000/1000 [00:09<00:00, 101.19it/s, loss=0.0703]
2025-11-06 17:06:05,254 [INFO] Epoch 490/1000 | Time: 10.75s | Loss: 0.0703 | Eval Return: -200.00
Epoch 491/1000: 100% 1000/1000 [00:09<00:00, 102.40it/s, loss=0.0589]
Epoch 492/1000: 100% 1000/1000 [00:10<00:00, 98.74it/s, loss=0.0636]
Epoch 493/1000: 100% 1000/1000 [00:10<00:00, 99.50it/s, loss=0.0689]
Epoch 494/1000: 100% 1000/1000 [00:10<00:00, 99.30it/s, loss=0.0696]
Epoch 495/1000: 100% 1000/1000 [00:10<00:00, 99.47it/s, loss=0.0694]
Epoch 496/1000: 100% 1000/1000 [00:09<00:00, 101.06it/s, loss=0.0726]
Epoch 497/1000: 100% 1000/1000 [00:09<00:00, 103.34it/s, loss=0.0681]
Epoch 498/1000: 100% 1000/1000 [00:10<00:00, 99.01it/s, loss=0.0799]
Epoch 499/1000: 100% 1000/1000 [00:10<00:00, 99.18it/s, loss=0.0653] 
Epoch 500/1000: 100% 1000/1000 [00:10<00:00, 98.90it/s, loss=0.0703]
2025-11-06 17:07:45,850 [INFO] Epoch 500/1000 | Time: 10.77s | Loss: 0.0703 | Eval Return: -200.00
Epoch 501/1000: 100% 1000/1000 [00:09<00:00, 100.12it/s, loss=0.0721]
Epoch 502/1000: 100% 1000/1000 [00:10<00:00, 98.50it/s, loss=0.0631]
Epoch 503/1000: 100% 1000/1000 [00:09<00:00, 104.18it/s, loss=0.0663]
Epoch 504/1000: 100% 1000/1000 [00:10<00:00, 99.14it/s, loss=0.0717]
Epoch 505/1000: 100% 1000/1000 [00:10<00:00, 99.61it/s, loss=0.0616]
Epoch 506/1000: 100% 1000/1000 [00:10<00:00, 99.32it/s, loss=0.0660]
Epoch 507/1000: 100% 1000/1000 [00:10<00:00, 99.64it/s, loss=0.0657]
Epoch 508/1000: 100% 1000/1000 [00:10<00:00, 99.52it/s, loss=0.0736]
Epoch 509/1000: 100% 1000/1000 [00:09<00:00, 104.50it/s, loss=0.0733]
Epoch 510/1000: 100% 1000/1000 [00:10<00:00, 99.01it/s, loss=0.0712]
2025-11-06 17:09:26,226 [INFO] Epoch 510/1000 | Time: 10.78s | Loss: 0.0712 | Eval Return: -200.00
Epoch 511/1000: 100% 1000/1000 [00:10<00:00, 98.37it/s, loss=0.0719]
Epoch 512/1000: 100% 1000/1000 [00:10<00:00, 98.57it/s, loss=0.0659]
Epoch 513/1000: 100% 1000/1000 [00:10<00:00, 98.60it/s, loss=0.0627]
Epoch 514/1000: 100% 1000/1000 [00:10<00:00, 98.26it/s, loss=0.0690]
Epoch 515/1000: 100% 1000/1000 [00:09<00:00, 102.56it/s, loss=0.0739]
Epoch 516/1000: 100% 1000/1000 [00:09<00:00, 100.76it/s, loss=0.0625]
Epoch 517/1000: 100% 1000/1000 [00:10<00:00, 99.53it/s, loss=0.0763]
Epoch 518/1000: 100% 1000/1000 [00:10<00:00, 98.90it/s, loss=0.0649]
Epoch 519/1000: 100% 1000/1000 [00:10<00:00, 99.22it/s, loss=0.0653]
Epoch 520/1000: 100% 1000/1000 [00:10<00:00, 99.41it/s, loss=0.0710]
2025-11-06 17:11:07,515 [INFO] Epoch 520/1000 | Time: 10.74s | Loss: 0.0710 | Eval Return: -200.00
Epoch 521/1000: 100% 1000/1000 [00:10<00:00, 99.45it/s, loss=0.0725]
Epoch 522/1000: 100% 1000/1000 [00:09<00:00, 103.55it/s, loss=0.0651]
Epoch 523/1000: 100% 1000/1000 [00:10<00:00, 98.59it/s, loss=0.0695]
Epoch 524/1000: 100% 1000/1000 [00:10<00:00, 99.05it/s, loss=0.0702]
Epoch 525/1000: 100% 1000/1000 [00:09<00:00, 100.16it/s, loss=0.0794]
Epoch 526/1000: 100% 1000/1000 [00:10<00:00, 99.00it/s, loss=0.0739]
Epoch 527/1000: 100% 1000/1000 [00:10<00:00, 99.62it/s, loss=0.0618]
Epoch 528/1000: 100% 1000/1000 [00:09<00:00, 104.39it/s, loss=0.0622]
Epoch 529/1000: 100% 1000/1000 [00:10<00:00, 99.53it/s, loss=0.0711]
Epoch 530/1000: 100% 1000/1000 [00:10<00:00, 98.76it/s, loss=0.0596]
2025-11-06 17:12:48,019 [INFO] Epoch 530/1000 | Time: 10.80s | Loss: 0.0596 | Eval Return: -200.00
Epoch 531/1000: 100% 1000/1000 [00:10<00:00, 98.65it/s, loss=0.0750]
Epoch 532/1000: 100% 1000/1000 [00:10<00:00, 99.55it/s, loss=0.0733]
Epoch 533/1000: 100% 1000/1000 [00:10<00:00, 99.90it/s, loss=0.0814]
Epoch 534/1000: 100% 1000/1000 [00:09<00:00, 102.94it/s, loss=0.0748]
Epoch 535/1000: 100% 1000/1000 [00:10<00:00, 99.91it/s, loss=0.0691]
Epoch 536/1000: 100% 1000/1000 [00:10<00:00, 98.29it/s, loss=0.0534]
Epoch 537/1000: 100% 1000/1000 [00:10<00:00, 99.93it/s, loss=0.0590]
Epoch 538/1000: 100% 1000/1000 [00:10<00:00, 99.04it/s, loss=0.0704]
Epoch 539/1000: 100% 1000/1000 [00:10<00:00, 99.05it/s, loss=0.0553]
Epoch 540/1000: 100% 1000/1000 [00:09<00:00, 102.95it/s, loss=0.0579]
2025-11-06 17:14:28,872 [INFO] Epoch 540/1000 | Time: 10.56s | Loss: 0.0579 | Eval Return: -200.00
Epoch 541/1000: 100% 1000/1000 [00:09<00:00, 102.13it/s, loss=0.0675]
Epoch 542/1000: 100% 1000/1000 [00:10<00:00, 98.30it/s, loss=0.0725]
Epoch 543/1000: 100% 1000/1000 [00:10<00:00, 96.52it/s, loss=0.0739]
Epoch 544/1000: 100% 1000/1000 [00:10<00:00, 92.01it/s, loss=0.0662]
Epoch 545/1000: 100% 1000/1000 [00:11<00:00, 90.75it/s, loss=0.0690]
Epoch 546/1000: 100% 1000/1000 [00:11<00:00, 88.82it/s, loss=0.0649]
Epoch 547/1000: 100% 1000/1000 [00:11<00:00, 87.06it/s, loss=0.0751]
Epoch 548/1000: 100% 1000/1000 [00:11<00:00, 89.63it/s, loss=0.0721]
Epoch 549/1000: 100% 1000/1000 [00:10<00:00, 91.23it/s, loss=0.0610]
Epoch 550/1000: 100% 1000/1000 [00:10<00:00, 91.73it/s, loss=0.0703]
2025-11-06 17:16:17,757 [INFO] Epoch 550/1000 | Time: 11.81s | Loss: 0.0703 | Eval Return: -200.00
Epoch 551/1000: 100% 1000/1000 [00:10<00:00, 92.09it/s, loss=0.0751]
Epoch 552/1000: 100% 1000/1000 [00:11<00:00, 90.49it/s, loss=0.0641]
Epoch 553/1000: 100% 1000/1000 [00:11<00:00, 88.21it/s, loss=0.0636]
Epoch 554/1000: 100% 1000/1000 [00:11<00:00, 88.64it/s, loss=0.0601]
Epoch 555/1000: 100% 1000/1000 [00:11<00:00, 88.68it/s, loss=0.0558]
Epoch 556/1000: 100% 1000/1000 [00:11<00:00, 88.56it/s, loss=0.0663]
Epoch 557/1000: 100% 1000/1000 [00:11<00:00, 88.10it/s, loss=0.0729]
Epoch 558/1000: 100% 1000/1000 [00:11<00:00, 89.36it/s, loss=0.0709]
Epoch 559/1000: 100% 1000/1000 [00:11<00:00, 88.02it/s, loss=0.0703]
Epoch 560/1000: 100% 1000/1000 [00:11<00:00, 88.33it/s, loss=0.0711]
2025-11-06 17:18:10,857 [INFO] Epoch 560/1000 | Time: 12.09s | Loss: 0.0711 | Eval Return: -200.00
Epoch 561/1000: 100% 1000/1000 [00:10<00:00, 90.96it/s, loss=0.0658]
Epoch 562/1000: 100% 1000/1000 [00:10<00:00, 91.55it/s, loss=0.0689]
Epoch 563/1000: 100% 1000/1000 [00:10<00:00, 92.31it/s, loss=0.0735]
Epoch 564/1000: 100% 1000/1000 [00:10<00:00, 91.35it/s, loss=0.0672]
Epoch 565/1000: 100% 1000/1000 [00:10<00:00, 91.23it/s, loss=0.0595]
Epoch 566/1000: 100% 1000/1000 [00:10<00:00, 91.70it/s, loss=0.0647]
Epoch 567/1000: 100% 1000/1000 [00:10<00:00, 93.18it/s, loss=0.0634]
Epoch 568/1000: 100% 1000/1000 [00:10<00:00, 91.39it/s, loss=0.0690]
Epoch 569/1000: 100% 1000/1000 [00:10<00:00, 91.80it/s, loss=0.0822]
Epoch 570/1000: 100% 1000/1000 [00:10<00:00, 93.55it/s, loss=0.0703]
2025-11-06 17:20:00,395 [INFO] Epoch 570/1000 | Time: 11.40s | Loss: 0.0703 | Eval Return: -200.00
Epoch 571/1000: 100% 1000/1000 [00:10<00:00, 93.94it/s, loss=0.0604]
Epoch 572/1000: 100% 1000/1000 [00:10<00:00, 94.52it/s, loss=0.0697]
Epoch 573/1000: 100% 1000/1000 [00:10<00:00, 92.04it/s, loss=0.0748]
Epoch 574/1000: 100% 1000/1000 [00:10<00:00, 92.70it/s, loss=0.0705]
Epoch 575/1000: 100% 1000/1000 [00:10<00:00, 93.66it/s, loss=0.0545]
Epoch 576/1000: 100% 1000/1000 [00:10<00:00, 93.91it/s, loss=0.0688]
Epoch 577/1000: 100% 1000/1000 [00:10<00:00, 93.84it/s, loss=0.0725]
Epoch 578/1000: 100% 1000/1000 [00:10<00:00, 94.08it/s, loss=0.0646]
Epoch 579/1000: 100% 1000/1000 [00:10<00:00, 93.37it/s, loss=0.0667]
Epoch 580/1000: 100% 1000/1000 [00:10<00:00, 97.59it/s, loss=0.0689]
2025-11-06 17:21:47,737 [INFO] Epoch 580/1000 | Time: 11.14s | Loss: 0.0689 | Eval Return: -200.00
Epoch 581/1000: 100% 1000/1000 [00:10<00:00, 97.45it/s, loss=0.0708]
Epoch 582/1000: 100% 1000/1000 [00:10<00:00, 94.72it/s, loss=0.0704]
Epoch 583/1000: 100% 1000/1000 [00:10<00:00, 94.23it/s, loss=0.0689]
Epoch 584/1000: 100% 1000/1000 [00:10<00:00, 94.18it/s, loss=0.0622]
Epoch 585/1000: 100% 1000/1000 [00:10<00:00, 95.31it/s, loss=0.0644]
Epoch 586/1000: 100% 1000/1000 [00:10<00:00, 94.35it/s, loss=0.0690]
Epoch 587/1000: 100% 1000/1000 [00:10<00:00, 94.72it/s, loss=0.0796]
Epoch 588/1000: 100% 1000/1000 [00:10<00:00, 99.89it/s, loss=0.0605]
Epoch 589/1000: 100% 1000/1000 [00:10<00:00, 96.68it/s, loss=0.0701]
Epoch 590/1000: 100% 1000/1000 [00:10<00:00, 94.77it/s, loss=0.0653]
2025-11-06 17:23:33,019 [INFO] Epoch 590/1000 | Time: 11.23s | Loss: 0.0653 | Eval Return: -200.00
Epoch 591/1000: 100% 1000/1000 [00:10<00:00, 94.38it/s, loss=0.0734]
Epoch 592/1000: 100% 1000/1000 [00:10<00:00, 95.52it/s, loss=0.0578]
Epoch 593/1000: 100% 1000/1000 [00:10<00:00, 95.83it/s, loss=0.0590]
Epoch 594/1000: 100% 1000/1000 [00:10<00:00, 94.47it/s, loss=0.0608]
Epoch 595/1000: 100% 1000/1000 [00:10<00:00, 95.87it/s, loss=0.0723]
Epoch 596/1000: 100% 1000/1000 [00:10<00:00, 97.34it/s, loss=0.0629]
Epoch 597/1000: 100% 1000/1000 [00:10<00:00, 92.24it/s, loss=0.0637]
Epoch 598/1000: 100% 1000/1000 [00:10<00:00, 93.06it/s, loss=0.0636]
Epoch 599/1000: 100% 1000/1000 [00:10<00:00, 91.12it/s, loss=0.0667]
Epoch 600/1000: 100% 1000/1000 [00:10<00:00, 94.34it/s, loss=0.0617]
2025-11-06 17:25:19,680 [INFO] Epoch 600/1000 | Time: 11.31s | Loss: 0.0617 | Eval Return: -200.00
Epoch 601/1000: 100% 1000/1000 [00:10<00:00, 92.59it/s, loss=0.0676]
Epoch 602/1000: 100% 1000/1000 [00:10<00:00, 93.24it/s, loss=0.0658]
Epoch 603/1000: 100% 1000/1000 [00:10<00:00, 94.19it/s, loss=0.0601]
Epoch 604/1000: 100% 1000/1000 [00:10<00:00, 93.88it/s, loss=0.0655]
Epoch 605/1000: 100% 1000/1000 [00:10<00:00, 92.89it/s, loss=0.0656]
Epoch 606/1000: 100% 1000/1000 [00:10<00:00, 93.18it/s, loss=0.0638]
Epoch 607/1000: 100% 1000/1000 [00:11<00:00, 89.35it/s, loss=0.0572]
Epoch 608/1000: 100% 1000/1000 [00:11<00:00, 90.75it/s, loss=0.0650]
Epoch 609/1000: 100% 1000/1000 [00:11<00:00, 90.44it/s, loss=0.0749]
Epoch 610/1000: 100% 1000/1000 [00:11<00:00, 89.84it/s, loss=0.0668]
2025-11-06 17:27:09,119 [INFO] Epoch 610/1000 | Time: 11.87s | Loss: 0.0668 | Eval Return: -200.00
Epoch 611/1000: 100% 1000/1000 [00:11<00:00, 89.19it/s, loss=0.0691]
Epoch 612/1000: 100% 1000/1000 [00:11<00:00, 89.23it/s, loss=0.0605]
Epoch 613/1000: 100% 1000/1000 [00:11<00:00, 89.41it/s, loss=0.0606]
Epoch 614/1000: 100% 1000/1000 [00:11<00:00, 89.74it/s, loss=0.0588]
Epoch 615/1000: 100% 1000/1000 [00:10<00:00, 91.32it/s, loss=0.0658]
Epoch 616/1000: 100% 1000/1000 [00:10<00:00, 93.48it/s, loss=0.0664]
Epoch 617/1000: 100% 1000/1000 [00:10<00:00, 92.86it/s, loss=0.0601]
Epoch 618/1000: 100% 1000/1000 [00:10<00:00, 92.69it/s, loss=0.0533]
Epoch 619/1000: 100% 1000/1000 [00:10<00:00, 93.13it/s, loss=0.0578]
Epoch 620/1000: 100% 1000/1000 [00:10<00:00, 93.89it/s, loss=0.0659]
2025-11-06 17:28:59,159 [INFO] Epoch 620/1000 | Time: 11.35s | Loss: 0.0659 | Eval Return: -200.00
Epoch 621/1000: 100% 1000/1000 [00:10<00:00, 94.37it/s, loss=0.0684]
Epoch 622/1000: 100% 1000/1000 [00:10<00:00, 94.46it/s, loss=0.0663]
Epoch 623/1000: 100% 1000/1000 [00:10<00:00, 95.31it/s, loss=0.0561]
Epoch 624/1000: 100% 1000/1000 [00:10<00:00, 98.10it/s, loss=0.0708]
Epoch 625/1000: 100% 1000/1000 [00:10<00:00, 95.89it/s, loss=0.0591]
Epoch 626/1000: 100% 1000/1000 [00:10<00:00, 93.68it/s, loss=0.0704]
Epoch 627/1000: 100% 1000/1000 [00:10<00:00, 94.29it/s, loss=0.0651]
Epoch 628/1000: 100% 1000/1000 [00:10<00:00, 94.09it/s, loss=0.0658]
Epoch 629/1000: 100% 1000/1000 [00:10<00:00, 93.99it/s, loss=0.0743]
Epoch 630/1000: 100% 1000/1000 [00:10<00:00, 92.50it/s, loss=0.0587]
2025-11-06 17:30:45,521 [INFO] Epoch 630/1000 | Time: 11.51s | Loss: 0.0587 | Eval Return: -200.00
Epoch 631/1000: 100% 1000/1000 [00:10<00:00, 94.02it/s, loss=0.0697]
Epoch 632/1000: 100% 1000/1000 [00:10<00:00, 94.00it/s, loss=0.0634]
Epoch 633/1000: 100% 1000/1000 [00:10<00:00, 97.04it/s, loss=0.0601]
Epoch 634/1000: 100% 1000/1000 [00:10<00:00, 93.62it/s, loss=0.0646]
Epoch 635/1000: 100% 1000/1000 [00:10<00:00, 93.10it/s, loss=0.0701]
Epoch 636/1000: 100% 1000/1000 [00:10<00:00, 93.24it/s, loss=0.0640]
Epoch 637/1000: 100% 1000/1000 [00:10<00:00, 92.25it/s, loss=0.0593]
Epoch 638/1000: 100% 1000/1000 [00:10<00:00, 93.52it/s, loss=0.0527]
Epoch 639/1000: 100% 1000/1000 [00:10<00:00, 94.22it/s, loss=0.0611]
Epoch 640/1000: 100% 1000/1000 [00:10<00:00, 96.04it/s, loss=0.0588]
2025-11-06 17:32:32,633 [INFO] Epoch 640/1000 | Time: 11.24s | Loss: 0.0588 | Eval Return: -200.00
Epoch 641/1000: 100% 1000/1000 [00:10<00:00, 98.35it/s, loss=0.0598]
Epoch 642/1000: 100% 1000/1000 [00:10<00:00, 97.28it/s, loss=0.0605]
Epoch 643/1000: 100% 1000/1000 [00:10<00:00, 95.12it/s, loss=0.0753]
Epoch 644/1000: 100% 1000/1000 [00:10<00:00, 96.08it/s, loss=0.0669] 
Epoch 645/1000: 100% 1000/1000 [00:10<00:00, 95.31it/s, loss=0.0640]
Epoch 646/1000: 100% 1000/1000 [00:10<00:00, 95.06it/s, loss=0.0561]
Epoch 647/1000: 100% 1000/1000 [00:10<00:00, 95.87it/s, loss=0.0579]
Epoch 648/1000: 100% 1000/1000 [00:10<00:00, 96.36it/s, loss=0.0688]
Epoch 649/1000: 100% 1000/1000 [00:10<00:00, 98.15it/s, loss=0.0599]
Epoch 650/1000: 100% 1000/1000 [00:10<00:00, 96.22it/s, loss=0.0697]
2025-11-06 17:34:17,095 [INFO] Epoch 650/1000 | Time: 11.08s | Loss: 0.0697 | Eval Return: -200.00
Epoch 651/1000: 100% 1000/1000 [00:10<00:00, 95.63it/s, loss=0.0587]
Epoch 652/1000: 100% 1000/1000 [00:10<00:00, 95.23it/s, loss=0.0699]
Epoch 653/1000: 100% 1000/1000 [00:10<00:00, 96.05it/s, loss=0.0554]
Epoch 654/1000: 100% 1000/1000 [00:10<00:00, 95.85it/s, loss=0.0557]
Epoch 655/1000: 100% 1000/1000 [00:10<00:00, 92.57it/s, loss=0.0673]
Epoch 656/1000: 100% 1000/1000 [00:10<00:00, 98.23it/s, loss=0.0649]
Epoch 657/1000: 100% 1000/1000 [00:10<00:00, 96.53it/s, loss=0.0594]
Epoch 658/1000: 100% 1000/1000 [00:10<00:00, 95.67it/s, loss=0.0666]
Epoch 659/1000: 100% 1000/1000 [00:10<00:00, 94.15it/s, loss=0.0654]
Epoch 660/1000: 100% 1000/1000 [00:10<00:00, 95.32it/s, loss=0.0587]
2025-11-06 17:36:02,501 [INFO] Epoch 660/1000 | Time: 11.18s | Loss: 0.0587 | Eval Return: -200.00
Epoch 661/1000: 100% 1000/1000 [00:10<00:00, 95.26it/s, loss=0.0534]
Epoch 662/1000: 100% 1000/1000 [00:10<00:00, 95.87it/s, loss=0.0622]
Epoch 663/1000: 100% 1000/1000 [00:10<00:00, 95.50it/s, loss=0.0631]
Epoch 664/1000: 100% 1000/1000 [00:09<00:00, 100.99it/s, loss=0.0680]
Epoch 665/1000: 100% 1000/1000 [00:10<00:00, 96.56it/s, loss=0.0639]
Epoch 666/1000: 100% 1000/1000 [00:10<00:00, 96.65it/s, loss=0.0659]
Epoch 667/1000: 100% 1000/1000 [00:10<00:00, 95.56it/s, loss=0.0575]
Epoch 668/1000: 100% 1000/1000 [00:10<00:00, 96.74it/s, loss=0.0636]
Epoch 669/1000: 100% 1000/1000 [00:10<00:00, 96.62it/s, loss=0.0580] 
Epoch 670/1000: 100% 1000/1000 [00:10<00:00, 97.31it/s, loss=0.0669]
2025-11-06 17:37:46,796 [INFO] Epoch 670/1000 | Time: 11.14s | Loss: 0.0669 | Eval Return: -200.00
Epoch 671/1000: 100% 1000/1000 [00:10<00:00, 99.40it/s, loss=0.0550]
Epoch 672/1000: 100% 1000/1000 [00:10<00:00, 98.86it/s, loss=0.0505]
Epoch 673/1000: 100% 1000/1000 [00:10<00:00, 96.84it/s, loss=0.0610]
Epoch 674/1000: 100% 1000/1000 [00:10<00:00, 96.73it/s, loss=0.0593]
Epoch 675/1000: 100% 1000/1000 [00:10<00:00, 98.21it/s, loss=0.0526]
Epoch 676/1000: 100% 1000/1000 [00:10<00:00, 96.69it/s, loss=0.0636]
Epoch 677/1000: 100% 1000/1000 [00:10<00:00, 99.29it/s, loss=0.0715]
Epoch 678/1000: 100% 1000/1000 [00:09<00:00, 100.70it/s, loss=0.0578]
Epoch 679/1000: 100% 1000/1000 [00:10<00:00, 93.57it/s, loss=0.0653]
Epoch 680/1000: 100% 1000/1000 [00:10<00:00, 91.53it/s, loss=0.0556]
2025-11-06 17:39:30,491 [INFO] Epoch 680/1000 | Time: 11.64s | Loss: 0.0556 | Eval Return: -200.00
Epoch 681/1000: 100% 1000/1000 [00:10<00:00, 92.62it/s, loss=0.0526]
Epoch 682/1000: 100% 1000/1000 [00:11<00:00, 88.88it/s, loss=0.0655]
Epoch 683/1000: 100% 1000/1000 [00:11<00:00, 85.91it/s, loss=0.0662]
Epoch 684/1000: 100% 1000/1000 [00:11<00:00, 88.73it/s, loss=0.0660]
Epoch 685/1000: 100% 1000/1000 [00:11<00:00, 89.16it/s, loss=0.0692]
Epoch 686/1000: 100% 1000/1000 [00:10<00:00, 91.11it/s, loss=0.0575]
Epoch 687/1000: 100% 1000/1000 [00:11<00:00, 89.83it/s, loss=0.0592]
Epoch 688/1000: 100% 1000/1000 [00:10<00:00, 91.94it/s, loss=0.0573]
Epoch 689/1000: 100% 1000/1000 [00:11<00:00, 88.93it/s, loss=0.0605]
Epoch 690/1000: 100% 1000/1000 [00:11<00:00, 87.05it/s, loss=0.0675]
2025-11-06 17:41:23,131 [INFO] Epoch 690/1000 | Time: 12.23s | Loss: 0.0675 | Eval Return: -200.00
Epoch 691/1000: 100% 1000/1000 [00:11<00:00, 87.30it/s, loss=0.0636]
Epoch 692/1000: 100% 1000/1000 [00:11<00:00, 88.06it/s, loss=0.0596]
Epoch 693/1000: 100% 1000/1000 [00:11<00:00, 88.61it/s, loss=0.0585]
Epoch 694/1000: 100% 1000/1000 [00:11<00:00, 86.41it/s, loss=0.0567]
Epoch 695/1000: 100% 1000/1000 [00:11<00:00, 88.51it/s, loss=0.0642]
Epoch 696/1000: 100% 1000/1000 [00:11<00:00, 90.69it/s, loss=0.0622]
Epoch 697/1000: 100% 1000/1000 [00:10<00:00, 93.00it/s, loss=0.0649]
Epoch 698/1000: 100% 1000/1000 [00:10<00:00, 91.86it/s, loss=0.0609]
Epoch 699/1000: 100% 1000/1000 [00:10<00:00, 92.72it/s, loss=0.0607]
Epoch 700/1000: 100% 1000/1000 [00:10<00:00, 95.62it/s, loss=0.0554]
2025-11-06 17:43:14,956 [INFO] Epoch 700/1000 | Time: 11.40s | Loss: 0.0554 | Eval Return: -200.00
Epoch 701/1000: 100% 1000/1000 [00:10<00:00, 94.26it/s, loss=0.0588]
Epoch 702/1000: 100% 1000/1000 [00:10<00:00, 93.32it/s, loss=0.0565]
Epoch 703/1000: 100% 1000/1000 [00:10<00:00, 93.48it/s, loss=0.0588]
Epoch 704/1000: 100% 1000/1000 [00:11<00:00, 87.50it/s, loss=0.0514]
Epoch 705/1000: 100% 1000/1000 [00:11<00:00, 87.16it/s, loss=0.0519]
Epoch 706/1000: 100% 1000/1000 [00:11<00:00, 83.96it/s, loss=0.0526]
Epoch 707/1000: 100% 1000/1000 [00:11<00:00, 84.14it/s, loss=0.0627]
Epoch 708/1000: 100% 1000/1000 [00:11<00:00, 84.43it/s, loss=0.0639]
Epoch 709/1000: 100% 1000/1000 [00:12<00:00, 80.08it/s, loss=0.0486]
Epoch 710/1000: 100% 1000/1000 [00:12<00:00, 80.98it/s, loss=0.0586]
2025-11-06 17:45:11,146 [INFO] Epoch 710/1000 | Time: 13.13s | Loss: 0.0586 | Eval Return: -200.00
Epoch 711/1000: 100% 1000/1000 [00:11<00:00, 84.12it/s, loss=0.0541]
Epoch 712/1000: 100% 1000/1000 [00:12<00:00, 82.62it/s, loss=0.0661]
Epoch 713/1000: 100% 1000/1000 [00:12<00:00, 80.15it/s, loss=0.0709]
Epoch 714/1000: 100% 1000/1000 [00:11<00:00, 84.39it/s, loss=0.0626]
Epoch 715/1000: 100% 1000/1000 [00:12<00:00, 78.74it/s, loss=0.0553]
Epoch 716/1000: 100% 1000/1000 [00:12<00:00, 81.76it/s, loss=0.0615]
Epoch 717/1000: 100% 1000/1000 [00:12<00:00, 80.43it/s, loss=0.0601]
Epoch 718/1000: 100% 1000/1000 [00:13<00:00, 76.05it/s, loss=0.0643]
Epoch 719/1000: 100% 1000/1000 [00:12<00:00, 80.40it/s, loss=0.0605]
Epoch 720/1000: 100% 1000/1000 [00:12<00:00, 78.72it/s, loss=0.0549]
2025-11-06 17:47:15,897 [INFO] Epoch 720/1000 | Time: 13.48s | Loss: 0.0549 | Eval Return: -200.00
Epoch 721/1000: 100% 1000/1000 [00:12<00:00, 81.17it/s, loss=0.0627]
Epoch 722/1000: 100% 1000/1000 [00:12<00:00, 82.11it/s, loss=0.0528]
Epoch 723/1000: 100% 1000/1000 [00:11<00:00, 85.13it/s, loss=0.0607]
Epoch 724/1000: 100% 1000/1000 [00:11<00:00, 88.22it/s, loss=0.0642]
Epoch 725/1000: 100% 1000/1000 [00:12<00:00, 82.59it/s, loss=0.0518]
Epoch 726/1000: 100% 1000/1000 [00:12<00:00, 80.64it/s, loss=0.0618]
Epoch 727/1000: 100% 1000/1000 [00:12<00:00, 82.93it/s, loss=0.0527]
Epoch 728/1000: 100% 1000/1000 [00:12<00:00, 78.97it/s, loss=0.0555]
Epoch 729/1000: 100% 1000/1000 [00:11<00:00, 85.08it/s, loss=0.0623]
Epoch 730/1000: 100% 1000/1000 [00:12<00:00, 82.31it/s, loss=0.0541]
2025-11-06 17:49:17,417 [INFO] Epoch 730/1000 | Time: 12.95s | Loss: 0.0541 | Eval Return: -200.00
Epoch 731/1000: 100% 1000/1000 [00:12<00:00, 80.16it/s, loss=0.0679]
Epoch 732/1000: 100% 1000/1000 [00:12<00:00, 82.69it/s, loss=0.0547]
Epoch 733/1000: 100% 1000/1000 [00:12<00:00, 79.63it/s, loss=0.0633]
Epoch 734/1000: 100% 1000/1000 [00:11<00:00, 83.48it/s, loss=0.0611]
Epoch 735/1000: 100% 1000/1000 [00:12<00:00, 79.15it/s, loss=0.0590]
Epoch 736/1000: 100% 1000/1000 [00:11<00:00, 83.66it/s, loss=0.0556]
Epoch 737/1000: 100% 1000/1000 [00:11<00:00, 85.33it/s, loss=0.0611]
Epoch 738/1000: 100% 1000/1000 [00:11<00:00, 87.62it/s, loss=0.0545]
Epoch 739/1000: 100% 1000/1000 [00:12<00:00, 80.73it/s, loss=0.0663]
Epoch 740/1000: 100% 1000/1000 [00:11<00:00, 84.30it/s, loss=0.0617]
2025-11-06 17:51:19,263 [INFO] Epoch 740/1000 | Time: 12.63s | Loss: 0.0617 | Eval Return: -200.00
Epoch 741/1000: 100% 1000/1000 [00:11<00:00, 84.31it/s, loss=0.0736]
Epoch 742/1000: 100% 1000/1000 [00:11<00:00, 89.25it/s, loss=0.0502]
Epoch 743/1000: 100% 1000/1000 [00:11<00:00, 88.57it/s, loss=0.0594]
Epoch 744/1000: 100% 1000/1000 [00:10<00:00, 91.01it/s, loss=0.0606]
Epoch 745/1000: 100% 1000/1000 [00:11<00:00, 90.83it/s, loss=0.0569]
Epoch 746/1000: 100% 1000/1000 [00:11<00:00, 88.38it/s, loss=0.0542]
Epoch 747/1000: 100% 1000/1000 [00:11<00:00, 89.03it/s, loss=0.0562]
Epoch 748/1000: 100% 1000/1000 [00:10<00:00, 91.73it/s, loss=0.0542]
Epoch 749/1000: 100% 1000/1000 [00:10<00:00, 91.09it/s, loss=0.0515]
Epoch 750/1000: 100% 1000/1000 [00:10<00:00, 92.93it/s, loss=0.0532]
2025-11-06 17:53:11,519 [INFO] Epoch 750/1000 | Time: 11.47s | Loss: 0.0532 | Eval Return: -200.00
Epoch 751/1000: 100% 1000/1000 [00:10<00:00, 91.77it/s, loss=0.0576]
Epoch 752/1000: 100% 1000/1000 [00:11<00:00, 90.26it/s, loss=0.0617]
Epoch 753/1000: 100% 1000/1000 [00:10<00:00, 92.42it/s, loss=0.0598]
Epoch 754/1000: 100% 1000/1000 [00:10<00:00, 96.16it/s, loss=0.0509]
Epoch 755/1000: 100% 1000/1000 [00:10<00:00, 94.95it/s, loss=0.0592]
Epoch 756/1000: 100% 1000/1000 [00:10<00:00, 94.03it/s, loss=0.0636]
Epoch 757/1000: 100% 1000/1000 [00:10<00:00, 92.71it/s, loss=0.0431]
Epoch 758/1000: 100% 1000/1000 [00:10<00:00, 92.83it/s, loss=0.0563]
Epoch 759/1000: 100% 1000/1000 [00:10<00:00, 92.20it/s, loss=0.0674]
Epoch 760/1000: 100% 1000/1000 [00:10<00:00, 93.77it/s, loss=0.0547]
2025-11-06 17:54:59,680 [INFO] Epoch 760/1000 | Time: 11.38s | Loss: 0.0547 | Eval Return: -200.00
Epoch 761/1000: 100% 1000/1000 [00:10<00:00, 92.89it/s, loss=0.0586]
Epoch 762/1000: 100% 1000/1000 [00:10<00:00, 93.63it/s, loss=0.0541]
Epoch 763/1000: 100% 1000/1000 [00:10<00:00, 96.27it/s, loss=0.0582]
Epoch 764/1000: 100% 1000/1000 [00:10<00:00, 94.92it/s, loss=0.0532]
Epoch 765/1000: 100% 1000/1000 [00:10<00:00, 92.59it/s, loss=0.0607]
Epoch 766/1000: 100% 1000/1000 [00:10<00:00, 93.41it/s, loss=0.0597]
Epoch 767/1000: 100% 1000/1000 [00:11<00:00, 87.25it/s, loss=0.0595]
Epoch 768/1000: 100% 1000/1000 [00:11<00:00, 89.84it/s, loss=0.0540]
Epoch 769/1000: 100% 1000/1000 [00:11<00:00, 89.42it/s, loss=0.0464]
Epoch 770/1000: 100% 1000/1000 [00:10<00:00, 91.10it/s, loss=0.0608]
2025-11-06 17:56:49,014 [INFO] Epoch 770/1000 | Time: 11.68s | Loss: 0.0608 | Eval Return: -200.00
Epoch 771/1000: 100% 1000/1000 [00:10<00:00, 91.17it/s, loss=0.0575]
Epoch 772/1000: 100% 1000/1000 [00:10<00:00, 92.37it/s, loss=0.0574]
Epoch 773/1000: 100% 1000/1000 [00:10<00:00, 95.18it/s, loss=0.0549]
Epoch 774/1000: 100% 1000/1000 [00:10<00:00, 93.10it/s, loss=0.0640]
Epoch 775/1000: 100% 1000/1000 [00:10<00:00, 93.17it/s, loss=0.0495]
Epoch 776/1000: 100% 1000/1000 [00:10<00:00, 92.48it/s, loss=0.0588]
Epoch 777/1000: 100% 1000/1000 [00:10<00:00, 91.09it/s, loss=0.0587]
Epoch 778/1000: 100% 1000/1000 [00:10<00:00, 93.12it/s, loss=0.0658]
Epoch 779/1000: 100% 1000/1000 [00:10<00:00, 91.84it/s, loss=0.0614]
Epoch 780/1000: 100% 1000/1000 [00:10<00:00, 91.93it/s, loss=0.0613]
2025-11-06 17:58:37,787 [INFO] Epoch 780/1000 | Time: 11.58s | Loss: 0.0613 | Eval Return: -200.00
Epoch 781/1000: 100% 1000/1000 [00:10<00:00, 92.38it/s, loss=0.0576]
Epoch 782/1000: 100% 1000/1000 [00:10<00:00, 96.68it/s, loss=0.0560]
Epoch 783/1000: 100% 1000/1000 [00:10<00:00, 94.45it/s, loss=0.0509]
Epoch 784/1000: 100% 1000/1000 [00:10<00:00, 93.16it/s, loss=0.0587]
Epoch 785/1000: 100% 1000/1000 [00:10<00:00, 92.44it/s, loss=0.0527]
Epoch 786/1000: 100% 1000/1000 [00:10<00:00, 92.99it/s, loss=0.0603]
Epoch 787/1000: 100% 1000/1000 [00:10<00:00, 92.36it/s, loss=0.0531]
Epoch 788/1000: 100% 1000/1000 [00:10<00:00, 93.38it/s, loss=0.0695]
Epoch 789/1000: 100% 1000/1000 [00:10<00:00, 94.36it/s, loss=0.0622]
Epoch 790/1000: 100% 1000/1000 [00:10<00:00, 97.23it/s, loss=0.0646]
2025-11-06 18:00:25,196 [INFO] Epoch 790/1000 | Time: 11.21s | Loss: 0.0646 | Eval Return: -200.00
Epoch 791/1000: 100% 1000/1000 [00:10<00:00, 96.74it/s, loss=0.0507]
Epoch 792/1000: 100% 1000/1000 [00:10<00:00, 92.86it/s, loss=0.0539]
Epoch 793/1000: 100% 1000/1000 [00:10<00:00, 93.31it/s, loss=0.0539]
Epoch 794/1000: 100% 1000/1000 [00:10<00:00, 92.28it/s, loss=0.0590]
Epoch 795/1000: 100% 1000/1000 [00:10<00:00, 92.00it/s, loss=0.0623]
Epoch 796/1000: 100% 1000/1000 [00:10<00:00, 92.12it/s, loss=0.0570]
Epoch 797/1000: 100% 1000/1000 [00:10<00:00, 93.30it/s, loss=0.0575]
Epoch 798/1000: 100% 1000/1000 [00:10<00:00, 91.26it/s, loss=0.0551]
Epoch 799/1000: 100% 1000/1000 [00:10<00:00, 95.63it/s, loss=0.0448]
Epoch 800/1000: 100% 1000/1000 [00:10<00:00, 93.05it/s, loss=0.0568]
2025-11-06 18:02:13,177 [INFO] Epoch 800/1000 | Time: 11.46s | Loss: 0.0568 | Eval Return: -200.00
Epoch 801/1000: 100% 1000/1000 [00:10<00:00, 92.32it/s, loss=0.0500]
Epoch 802/1000: 100% 1000/1000 [00:10<00:00, 92.66it/s, loss=0.0639]
Epoch 803/1000: 100% 1000/1000 [00:10<00:00, 94.09it/s, loss=0.0668]
Epoch 804/1000: 100% 1000/1000 [00:10<00:00, 93.98it/s, loss=0.0710]
Epoch 805/1000: 100% 1000/1000 [00:10<00:00, 91.02it/s, loss=0.0606]
Epoch 806/1000: 100% 1000/1000 [00:10<00:00, 93.61it/s, loss=0.0518]
Epoch 807/1000: 100% 1000/1000 [00:10<00:00, 92.67it/s, loss=0.0654]
Epoch 808/1000: 100% 1000/1000 [00:10<00:00, 96.93it/s, loss=0.0590]
Epoch 809/1000: 100% 1000/1000 [00:10<00:00, 93.40it/s, loss=0.0586]
Epoch 810/1000: 100% 1000/1000 [00:10<00:00, 92.06it/s, loss=0.0526]
2025-11-06 18:04:01,148 [INFO] Epoch 810/1000 | Time: 11.58s | Loss: 0.0526 | Eval Return: -200.00
Epoch 811/1000: 100% 1000/1000 [00:10<00:00, 91.51it/s, loss=0.0527]
Epoch 812/1000: 100% 1000/1000 [00:11<00:00, 89.21it/s, loss=0.0534]
Epoch 813/1000: 100% 1000/1000 [00:11<00:00, 88.67it/s, loss=0.0494]
Epoch 814/1000: 100% 1000/1000 [00:11<00:00, 86.84it/s, loss=0.0561]
Epoch 815/1000: 100% 1000/1000 [00:11<00:00, 85.07it/s, loss=0.0595]
Epoch 816/1000: 100% 1000/1000 [00:11<00:00, 85.66it/s, loss=0.0571]
Epoch 817/1000: 100% 1000/1000 [00:11<00:00, 88.15it/s, loss=0.0616]
Epoch 818/1000: 100% 1000/1000 [00:11<00:00, 88.86it/s, loss=0.0556]
Epoch 819/1000: 100% 1000/1000 [00:10<00:00, 91.07it/s, loss=0.0629]
Epoch 820/1000: 100% 1000/1000 [00:10<00:00, 93.26it/s, loss=0.0652]
2025-11-06 18:05:54,784 [INFO] Epoch 820/1000 | Time: 11.69s | Loss: 0.0652 | Eval Return: -200.00
Epoch 821/1000: 100% 1000/1000 [00:10<00:00, 91.25it/s, loss=0.0635]
Epoch 822/1000: 100% 1000/1000 [00:11<00:00, 89.42it/s, loss=0.0551]
Epoch 823/1000: 100% 1000/1000 [00:11<00:00, 88.88it/s, loss=0.0619]
Epoch 824/1000: 100% 1000/1000 [00:11<00:00, 85.92it/s, loss=0.0624]
Epoch 825/1000: 100% 1000/1000 [00:11<00:00, 84.49it/s, loss=0.0501]
Epoch 826/1000: 100% 1000/1000 [00:11<00:00, 84.56it/s, loss=0.0556]
Epoch 827/1000: 100% 1000/1000 [00:11<00:00, 90.18it/s, loss=0.0556]
Epoch 828/1000: 100% 1000/1000 [00:10<00:00, 91.21it/s, loss=0.0556]
Epoch 829/1000: 100% 1000/1000 [00:10<00:00, 91.17it/s, loss=0.0569]
Epoch 830/1000: 100% 1000/1000 [00:11<00:00, 90.50it/s, loss=0.0491]
2025-11-06 18:07:48,270 [INFO] Epoch 830/1000 | Time: 11.77s | Loss: 0.0491 | Eval Return: -200.00
Epoch 831/1000: 100% 1000/1000 [00:11<00:00, 88.96it/s, loss=0.0493]
Epoch 832/1000: 100% 1000/1000 [00:11<00:00, 90.04it/s, loss=0.0518]
Epoch 833/1000: 100% 1000/1000 [00:11<00:00, 90.82it/s, loss=0.0614]
Epoch 834/1000: 100% 1000/1000 [00:11<00:00, 90.42it/s, loss=0.0606]
Epoch 835/1000: 100% 1000/1000 [00:11<00:00, 86.94it/s, loss=0.0579]
Epoch 836/1000: 100% 1000/1000 [00:11<00:00, 86.11it/s, loss=0.0622]
Epoch 837/1000: 100% 1000/1000 [00:11<00:00, 86.45it/s, loss=0.0584]
Epoch 838/1000: 100% 1000/1000 [00:11<00:00, 87.87it/s, loss=0.0593]
Epoch 839/1000: 100% 1000/1000 [00:11<00:00, 87.71it/s, loss=0.0620]
Epoch 840/1000: 100% 1000/1000 [00:11<00:00, 88.55it/s, loss=0.0529]
2025-11-06 18:09:42,192 [INFO] Epoch 840/1000 | Time: 12.04s | Loss: 0.0529 | Eval Return: -200.00
Epoch 841/1000: 100% 1000/1000 [00:11<00:00, 88.33it/s, loss=0.0597]
Epoch 842/1000: 100% 1000/1000 [00:11<00:00, 88.07it/s, loss=0.0629]
Epoch 843/1000: 100% 1000/1000 [00:11<00:00, 88.66it/s, loss=0.0590]
Epoch 844/1000: 100% 1000/1000 [00:11<00:00, 89.43it/s, loss=0.0533]
Epoch 845/1000: 100% 1000/1000 [00:10<00:00, 91.98it/s, loss=0.0649]
Epoch 846/1000: 100% 1000/1000 [00:10<00:00, 92.95it/s, loss=0.0605]
Epoch 847/1000: 100% 1000/1000 [00:11<00:00, 90.71it/s, loss=0.0573]
Epoch 848/1000: 100% 1000/1000 [00:10<00:00, 91.31it/s, loss=0.0532]
Epoch 849/1000: 100% 1000/1000 [00:11<00:00, 90.51it/s, loss=0.0671]
Epoch 850/1000: 100% 1000/1000 [00:11<00:00, 89.32it/s, loss=0.0570]
2025-11-06 18:11:33,898 [INFO] Epoch 850/1000 | Time: 11.91s | Loss: 0.0570 | Eval Return: -200.00
Epoch 851/1000: 100% 1000/1000 [00:11<00:00, 89.29it/s, loss=0.0650]
Epoch 852/1000: 100% 1000/1000 [00:10<00:00, 91.36it/s, loss=0.0644]
Epoch 853/1000: 100% 1000/1000 [00:10<00:00, 91.50it/s, loss=0.0498]
Epoch 854/1000: 100% 1000/1000 [00:10<00:00, 93.08it/s, loss=0.0533]
Epoch 855/1000: 100% 1000/1000 [00:10<00:00, 95.54it/s, loss=0.0552]
Epoch 856/1000: 100% 1000/1000 [00:10<00:00, 97.16it/s, loss=0.0570]
Epoch 857/1000: 100% 1000/1000 [00:10<00:00, 92.67it/s, loss=0.0581]
Epoch 858/1000: 100% 1000/1000 [00:11<00:00, 90.53it/s, loss=0.0618]
Epoch 859/1000: 100% 1000/1000 [00:11<00:00, 87.82it/s, loss=0.0588]
Epoch 860/1000: 100% 1000/1000 [00:11<00:00, 89.27it/s, loss=0.0568]
2025-11-06 18:13:23,629 [INFO] Epoch 860/1000 | Time: 11.92s | Loss: 0.0568 | Eval Return: -200.00
Epoch 861/1000: 100% 1000/1000 [00:11<00:00, 90.87it/s, loss=0.0575]
Epoch 862/1000: 100% 1000/1000 [00:11<00:00, 89.09it/s, loss=0.0568]
Epoch 863/1000: 100% 1000/1000 [00:10<00:00, 90.97it/s, loss=0.0620]
Epoch 864/1000: 100% 1000/1000 [00:10<00:00, 91.26it/s, loss=0.0649]
Epoch 865/1000: 100% 1000/1000 [00:11<00:00, 90.42it/s, loss=0.0630]
Epoch 866/1000: 100% 1000/1000 [00:10<00:00, 93.41it/s, loss=0.0635]
Epoch 867/1000: 100% 1000/1000 [00:10<00:00, 94.07it/s, loss=0.0647]
Epoch 868/1000: 100% 1000/1000 [00:10<00:00, 91.05it/s, loss=0.0532]
Epoch 869/1000: 100% 1000/1000 [00:11<00:00, 90.48it/s, loss=0.0537]
Epoch 870/1000: 100% 1000/1000 [00:11<00:00, 90.86it/s, loss=0.0525]
2025-11-06 18:15:13,966 [INFO] Epoch 870/1000 | Time: 11.73s | Loss: 0.0525 | Eval Return: -200.00
Epoch 871/1000: 100% 1000/1000 [00:10<00:00, 91.02it/s, loss=0.0598]
Epoch 872/1000: 100% 1000/1000 [00:11<00:00, 88.14it/s, loss=0.0630]
Epoch 873/1000: 100% 1000/1000 [00:11<00:00, 89.00it/s, loss=0.0617]
Epoch 874/1000: 100% 1000/1000 [00:11<00:00, 89.14it/s, loss=0.0665]
Epoch 875/1000: 100% 1000/1000 [00:10<00:00, 91.62it/s, loss=0.0659]
Epoch 876/1000: 100% 1000/1000 [00:10<00:00, 93.76it/s, loss=0.0593]
Epoch 877/1000: 100% 1000/1000 [00:10<00:00, 94.14it/s, loss=0.0665]
Epoch 878/1000: 100% 1000/1000 [00:10<00:00, 92.43it/s, loss=0.0491]
Epoch 879/1000: 100% 1000/1000 [00:10<00:00, 92.49it/s, loss=0.0608]
Epoch 880/1000: 100% 1000/1000 [00:10<00:00, 91.52it/s, loss=0.0623]
2025-11-06 18:17:04,222 [INFO] Epoch 880/1000 | Time: 11.63s | Loss: 0.0623 | Eval Return: -200.00
Epoch 881/1000: 100% 1000/1000 [00:10<00:00, 91.82it/s, loss=0.0523]
Epoch 882/1000: 100% 1000/1000 [00:10<00:00, 91.36it/s, loss=0.0617]
Epoch 883/1000: 100% 1000/1000 [00:10<00:00, 91.18it/s, loss=0.0621]
Epoch 884/1000: 100% 1000/1000 [00:10<00:00, 92.15it/s, loss=0.0618]
Epoch 885/1000: 100% 1000/1000 [00:10<00:00, 93.24it/s, loss=0.0565]
Epoch 886/1000: 100% 1000/1000 [00:11<00:00, 88.95it/s, loss=0.0516]
Epoch 887/1000: 100% 1000/1000 [00:11<00:00, 87.96it/s, loss=0.0611]
Epoch 888/1000: 100% 1000/1000 [00:11<00:00, 86.98it/s, loss=0.0504]
Epoch 889/1000: 100% 1000/1000 [00:11<00:00, 87.52it/s, loss=0.0710]
Epoch 890/1000: 100% 1000/1000 [00:11<00:00, 89.79it/s, loss=0.0624]
2025-11-06 18:18:55,987 [INFO] Epoch 890/1000 | Time: 11.85s | Loss: 0.0624 | Eval Return: -200.00
Epoch 891/1000: 100% 1000/1000 [00:10<00:00, 92.06it/s, loss=0.0751]
Epoch 892/1000: 100% 1000/1000 [00:10<00:00, 90.93it/s, loss=0.0686]
Epoch 893/1000: 100% 1000/1000 [00:11<00:00, 90.65it/s, loss=0.0596]
Epoch 894/1000: 100% 1000/1000 [00:10<00:00, 92.02it/s, loss=0.0704]
Epoch 895/1000: 100% 1000/1000 [00:10<00:00, 91.11it/s, loss=0.0714]
Epoch 896/1000: 100% 1000/1000 [00:10<00:00, 91.94it/s, loss=0.0509]
Epoch 897/1000: 100% 1000/1000 [00:10<00:00, 95.10it/s, loss=0.0590]
Epoch 898/1000: 100% 1000/1000 [00:10<00:00, 92.93it/s, loss=0.0656]
Epoch 899/1000: 100% 1000/1000 [00:10<00:00, 92.01it/s, loss=0.0571]
Epoch 900/1000: 100% 1000/1000 [00:10<00:00, 91.57it/s, loss=0.0673]
2025-11-06 18:20:45,388 [INFO] Epoch 900/1000 | Time: 11.64s | Loss: 0.0673 | Eval Return: -200.00
Epoch 901/1000: 100% 1000/1000 [00:10<00:00, 92.41it/s, loss=0.0687]
Epoch 902/1000: 100% 1000/1000 [00:10<00:00, 91.38it/s, loss=0.0646]
Epoch 903/1000: 100% 1000/1000 [00:10<00:00, 92.19it/s, loss=0.0646]
Epoch 904/1000: 100% 1000/1000 [00:10<00:00, 91.67it/s, loss=0.0612]
Epoch 905/1000: 100% 1000/1000 [00:10<00:00, 92.07it/s, loss=0.0573]
Epoch 906/1000: 100% 1000/1000 [00:10<00:00, 94.87it/s, loss=0.0595]
Epoch 907/1000: 100% 1000/1000 [00:10<00:00, 95.33it/s, loss=0.0570]
Epoch 908/1000: 100% 1000/1000 [00:10<00:00, 93.01it/s, loss=0.0727]
Epoch 909/1000: 100% 1000/1000 [00:10<00:00, 92.85it/s, loss=0.0583]
Epoch 910/1000: 100% 1000/1000 [00:10<00:00, 90.97it/s, loss=0.0668]
2025-11-06 18:22:34,058 [INFO] Epoch 910/1000 | Time: 11.73s | Loss: 0.0668 | Eval Return: -200.00
Epoch 911/1000: 100% 1000/1000 [00:11<00:00, 90.83it/s, loss=0.0617]
Epoch 912/1000: 100% 1000/1000 [00:11<00:00, 89.89it/s, loss=0.0628]
Epoch 913/1000: 100% 1000/1000 [00:10<00:00, 91.40it/s, loss=0.0765]
Epoch 914/1000: 100% 1000/1000 [00:10<00:00, 92.73it/s, loss=0.0581]
Epoch 915/1000: 100% 1000/1000 [00:10<00:00, 93.83it/s, loss=0.0617]
Epoch 916/1000: 100% 1000/1000 [00:10<00:00, 95.80it/s, loss=0.0700]
Epoch 917/1000: 100% 1000/1000 [00:10<00:00, 92.16it/s, loss=0.0763]
Epoch 918/1000: 100% 1000/1000 [00:10<00:00, 92.92it/s, loss=0.0716]
Epoch 919/1000: 100% 1000/1000 [00:10<00:00, 91.77it/s, loss=0.0763]
Epoch 920/1000: 100% 1000/1000 [00:10<00:00, 92.58it/s, loss=0.0799]
2025-11-06 18:24:23,055 [INFO] Epoch 920/1000 | Time: 11.53s | Loss: 0.0799 | Eval Return: -200.00
Epoch 921/1000: 100% 1000/1000 [00:10<00:00, 92.76it/s, loss=0.0789]
Epoch 922/1000: 100% 1000/1000 [00:10<00:00, 93.02it/s, loss=0.0589]
Epoch 923/1000: 100% 1000/1000 [00:10<00:00, 92.61it/s, loss=0.0600]
Epoch 924/1000: 100% 1000/1000 [00:10<00:00, 94.71it/s, loss=0.0618]
Epoch 925/1000: 100% 1000/1000 [00:10<00:00, 96.57it/s, loss=0.0628]
Epoch 926/1000: 100% 1000/1000 [00:10<00:00, 93.18it/s, loss=0.0757]
Epoch 927/1000: 100% 1000/1000 [00:10<00:00, 93.20it/s, loss=0.0642]
Epoch 928/1000: 100% 1000/1000 [00:10<00:00, 92.17it/s, loss=0.0593]
Epoch 929/1000: 100% 1000/1000 [00:10<00:00, 94.36it/s, loss=0.0719]
Epoch 930/1000: 100% 1000/1000 [00:10<00:00, 93.84it/s, loss=0.0634]
2025-11-06 18:26:10,573 [INFO] Epoch 930/1000 | Time: 11.36s | Loss: 0.0634 | Eval Return: -200.00
Epoch 931/1000: 100% 1000/1000 [00:10<00:00, 93.54it/s, loss=0.0626]
Epoch 932/1000: 100% 1000/1000 [00:10<00:00, 93.92it/s, loss=0.0643]
Epoch 933/1000: 100% 1000/1000 [00:10<00:00, 98.37it/s, loss=0.0624]
Epoch 934/1000: 100% 1000/1000 [00:10<00:00, 94.16it/s, loss=0.0743] 
Epoch 935/1000: 100% 1000/1000 [00:10<00:00, 93.78it/s, loss=0.0754]
Epoch 936/1000: 100% 1000/1000 [00:10<00:00, 94.71it/s, loss=0.0626]
Epoch 937/1000: 100% 1000/1000 [00:10<00:00, 94.00it/s, loss=0.0745]
Epoch 938/1000: 100% 1000/1000 [00:10<00:00, 93.57it/s, loss=0.0673]
Epoch 939/1000: 100% 1000/1000 [00:10<00:00, 92.20it/s, loss=0.0709]
Epoch 940/1000: 100% 1000/1000 [00:10<00:00, 95.09it/s, loss=0.0682]
2025-11-06 18:27:57,454 [INFO] Epoch 940/1000 | Time: 11.36s | Loss: 0.0682 | Eval Return: -200.00
Epoch 941/1000: 100% 1000/1000 [00:10<00:00, 96.32it/s, loss=0.0611]
Epoch 942/1000: 100% 1000/1000 [00:10<00:00, 96.03it/s, loss=0.0612]
Epoch 943/1000: 100% 1000/1000 [00:10<00:00, 94.61it/s, loss=0.0801]
Epoch 944/1000: 100% 1000/1000 [00:10<00:00, 94.22it/s, loss=0.0748]
Epoch 945/1000: 100% 1000/1000 [00:10<00:00, 94.45it/s, loss=0.0602]
Epoch 946/1000: 100% 1000/1000 [00:10<00:00, 94.84it/s, loss=0.0706]
Epoch 947/1000: 100% 1000/1000 [00:10<00:00, 93.56it/s, loss=0.0747]
Epoch 948/1000: 100% 1000/1000 [00:10<00:00, 95.07it/s, loss=0.0726]
Epoch 949/1000: 100% 1000/1000 [00:10<00:00, 98.22it/s, loss=0.0640]
Epoch 950/1000: 100% 1000/1000 [00:10<00:00, 93.39it/s, loss=0.0763]
2025-11-06 18:29:43,353 [INFO] Epoch 950/1000 | Time: 11.39s | Loss: 0.0763 | Eval Return: -200.00
Epoch 951/1000: 100% 1000/1000 [00:10<00:00, 94.26it/s, loss=0.0674]
Epoch 952/1000: 100% 1000/1000 [00:10<00:00, 94.71it/s, loss=0.0659]
Epoch 953/1000: 100% 1000/1000 [00:10<00:00, 94.55it/s, loss=0.0636]
Epoch 954/1000: 100% 1000/1000 [00:10<00:00, 93.80it/s, loss=0.0674]
Epoch 955/1000: 100% 1000/1000 [00:10<00:00, 94.59it/s, loss=0.0696]
Epoch 956/1000: 100% 1000/1000 [00:10<00:00, 95.94it/s, loss=0.0652]
Epoch 957/1000: 100% 1000/1000 [00:10<00:00, 99.25it/s, loss=0.0843]
Epoch 958/1000: 100% 1000/1000 [00:10<00:00, 93.54it/s, loss=0.0726]
Epoch 959/1000: 100% 1000/1000 [00:10<00:00, 94.57it/s, loss=0.0699]
Epoch 960/1000: 100% 1000/1000 [00:10<00:00, 95.26it/s, loss=0.0793]
2025-11-06 18:31:29,304 [INFO] Epoch 960/1000 | Time: 11.20s | Loss: 0.0793 | Eval Return: -200.00
Epoch 961/1000: 100% 1000/1000 [00:10<00:00, 93.89it/s, loss=0.0838]
Epoch 962/1000: 100% 1000/1000 [00:10<00:00, 91.57it/s, loss=0.0643]
Epoch 963/1000: 100% 1000/1000 [00:11<00:00, 90.66it/s, loss=0.0775]
Epoch 964/1000: 100% 1000/1000 [00:11<00:00, 89.81it/s, loss=0.0759]
Epoch 965/1000: 100% 1000/1000 [00:10<00:00, 92.85it/s, loss=0.0786]
Epoch 966/1000: 100% 1000/1000 [00:10<00:00, 92.56it/s, loss=0.0722]
Epoch 967/1000: 100% 1000/1000 [00:11<00:00, 84.74it/s, loss=0.0805]
Epoch 968/1000: 100% 1000/1000 [00:11<00:00, 84.55it/s, loss=0.0605]
Epoch 969/1000: 100% 1000/1000 [00:11<00:00, 84.13it/s, loss=0.0642]
Epoch 970/1000: 100% 1000/1000 [00:12<00:00, 82.42it/s, loss=0.0638]
2025-11-06 18:33:23,031 [INFO] Epoch 970/1000 | Time: 12.90s | Loss: 0.0638 | Eval Return: -200.00
Epoch 971/1000: 100% 1000/1000 [00:12<00:00, 81.40it/s, loss=0.0791]
Epoch 972/1000: 100% 1000/1000 [00:12<00:00, 82.44it/s, loss=0.0714]
Epoch 973/1000: 100% 1000/1000 [00:12<00:00, 83.09it/s, loss=0.0749]
Epoch 974/1000: 100% 1000/1000 [00:12<00:00, 81.96it/s, loss=0.0753]
Epoch 975/1000: 100% 1000/1000 [00:12<00:00, 82.54it/s, loss=0.0715]
Epoch 976/1000: 100% 1000/1000 [00:12<00:00, 81.97it/s, loss=0.0741]
Epoch 977/1000: 100% 1000/1000 [00:12<00:00, 82.70it/s, loss=0.0692]
Epoch 978/1000: 100% 1000/1000 [00:11<00:00, 84.94it/s, loss=0.0782]
Epoch 979/1000: 100% 1000/1000 [00:11<00:00, 84.00it/s, loss=0.0726]
Epoch 980/1000: 100% 1000/1000 [00:11<00:00, 84.53it/s, loss=0.0674]
2025-11-06 18:35:24,362 [INFO] Epoch 980/1000 | Time: 12.59s | Loss: 0.0674 | Eval Return: -200.00
Epoch 981/1000: 100% 1000/1000 [00:11<00:00, 84.36it/s, loss=0.0658]
Epoch 982/1000: 100% 1000/1000 [00:11<00:00, 85.30it/s, loss=0.0874]
Epoch 983/1000: 100% 1000/1000 [00:11<00:00, 86.01it/s, loss=0.0681]
Epoch 984/1000: 100% 1000/1000 [00:11<00:00, 85.67it/s, loss=0.0752]
Epoch 985/1000: 100% 1000/1000 [00:11<00:00, 85.89it/s, loss=0.0756]
Epoch 986/1000: 100% 1000/1000 [00:11<00:00, 85.05it/s, loss=0.0758]
Epoch 987/1000: 100% 1000/1000 [00:11<00:00, 84.61it/s, loss=0.0694]
Epoch 988/1000: 100% 1000/1000 [00:11<00:00, 83.90it/s, loss=0.0771]
Epoch 989/1000: 100% 1000/1000 [00:11<00:00, 86.25it/s, loss=0.0698]
Epoch 990/1000: 100% 1000/1000 [00:11<00:00, 85.25it/s, loss=0.0672]
2025-11-06 18:37:22,806 [INFO] Epoch 990/1000 | Time: 12.83s | Loss: 0.0672 | Eval Return: -200.00
Epoch 991/1000: 100% 1000/1000 [00:11<00:00, 86.24it/s, loss=0.0751]
Epoch 992/1000: 100% 1000/1000 [00:11<00:00, 88.81it/s, loss=0.0644]
Epoch 993/1000: 100% 1000/1000 [00:11<00:00, 84.93it/s, loss=0.0774]
Epoch 994/1000: 100% 1000/1000 [00:11<00:00, 84.14it/s, loss=0.0778]
Epoch 995/1000: 100% 1000/1000 [00:11<00:00, 84.36it/s, loss=0.0786]
Epoch 996/1000: 100% 1000/1000 [00:11<00:00, 83.37it/s, loss=0.0686]
Epoch 997/1000: 100% 1000/1000 [00:11<00:00, 84.39it/s, loss=0.0773]
Epoch 998/1000: 100% 1000/1000 [00:11<00:00, 85.09it/s, loss=0.0712]
Epoch 999/1000: 100% 1000/1000 [00:11<00:00, 84.09it/s, loss=0.0639]
Epoch 1000/1000: 100% 1000/1000 [00:11<00:00, 83.77it/s, loss=0.0655]
2025-11-06 18:39:21,370 [INFO] Epoch 1000/1000 | Time: 12.70s | Loss: 0.0655 | Eval Return: -200.00
2025-11-06 18:39:21,427 [INFO] Training complete.