2025-11-06 07:24:47.833454: E external/local_xla/xla/stream_executor/cuda/cuda_fft.cc:467] Unable to register cuFFT factory: Attempting to register factory for plugin cuFFT when one has already been registered
WARNING: All log messages before absl::InitializeLog() is called are written to STDERR
E0000 00:00:1762413888.083826    2264 cuda_dnn.cc:8579] Unable to register cuDNN factory: Attempting to register factory for plugin cuDNN when one has already been registered
E0000 00:00:1762413888.153945    2264 cuda_blas.cc:1407] Unable to register cuBLAS factory: Attempting to register factory for plugin cuBLAS when one has already been registered
W0000 00:00:1762413888.610497    2264 computation_placer.cc:177] computation placer already registered. Please check linkage and avoid linking the same target more than once.
W0000 00:00:1762413888.610534    2264 computation_placer.cc:177] computation placer already registered. Please check linkage and avoid linking the same target more than once.
W0000 00:00:1762413888.610539    2264 computation_placer.cc:177] computation placer already registered. Please check linkage and avoid linking the same target more than once.
W0000 00:00:1762413888.610542    2264 computation_placer.cc:177] computation placer already registered. Please check linkage and avoid linking the same target more than once.
2025-11-06 07:24:48.655606: I tensorflow/core/platform/cpu_feature_guard.cc:210] This TensorFlow binary is optimized to use available CPU instructions in performance-critical operations.
To enable the following instructions: AVX2 AVX512F FMA, in other operations, rebuild TensorFlow with the appropriate compiler flags.
2025-11-06 07:24:54,527 [INFO] Checking for dataset...
2025-11-06 07:24:54,527 [INFO] Dataset found at /content/neuromorphic_decision_transformer/data/CartPole-v1/dataset.npz.
2025-11-06 07:24:54,527 [INFO] Starting training...
2025-11-06 07:25:11,500 [INFO] Dataset size: 22826 clips
2025-11-06 07:25:11,526 [INFO] DataLoader created with num_workers=0 and pin_memory=False.
2025-11-06 07:25:16,744 [INFO] Starting training loop...
Epoch 1/1000: 100% 357/357 [00:04<00:00, 82.61it/s, loss=0.0006] 
Epoch 2/1000: 100% 357/357 [00:03<00:00, 95.42it/s, loss=0.0052]
Epoch 3/1000: 100% 357/357 [00:03<00:00, 108.78it/s, loss=0.0165]
Epoch 4/1000: 100% 357/357 [00:03<00:00, 109.09it/s, loss=0.0349]
Epoch 5/1000: 100% 357/357 [00:03<00:00, 106.28it/s, loss=0.0633]
Epoch 6/1000: 100% 357/357 [00:03<00:00, 96.69it/s, loss=0.1075] 
Epoch 7/1000: 100% 357/357 [00:03<00:00, 111.00it/s, loss=0.1665]
Epoch 8/1000: 100% 357/357 [00:03<00:00, 109.09it/s, loss=0.2338]
Epoch 9/1000: 100% 357/357 [00:03<00:00, 95.05it/s, loss=0.3108]
Epoch 10/1000: 100% 357/357 [00:03<00:00, 109.28it/s, loss=0.4023]
2025-11-06 07:25:51,983 [INFO] Epoch 10/1000 | Time: 3.32s | Loss: 0.4023 | Eval Return: 9.50
2025-11-06 07:25:51,993 [INFO] New best eval return: 9.50. Saved best model.
Epoch 11/1000: 100% 357/357 [00:03<00:00, 108.74it/s, loss=0.4945]
Epoch 12/1000: 100% 357/357 [00:03<00:00, 108.21it/s, loss=0.6092]
Epoch 13/1000: 100% 357/357 [00:03<00:00, 94.30it/s, loss=0.7257] 
Epoch 14/1000: 100% 357/357 [00:03<00:00, 108.17it/s, loss=0.8576]
Epoch 15/1000: 100% 357/357 [00:03<00:00, 110.12it/s, loss=0.9955]
Epoch 16/1000: 100% 357/357 [00:03<00:00, 95.51it/s, loss=1.1358]
Epoch 17/1000: 100% 357/357 [00:03<00:00, 110.33it/s, loss=1.2925]
Epoch 18/1000: 100% 357/357 [00:03<00:00, 111.17it/s, loss=1.4603]
Epoch 19/1000: 100% 357/357 [00:03<00:00, 109.47it/s, loss=1.6187]
Epoch 20/1000: 100% 357/357 [00:03<00:00, 94.53it/s, loss=1.7903] 
2025-11-06 07:26:26,159 [INFO] Epoch 20/1000 | Time: 3.81s | Loss: 1.7903 | Eval Return: 8.80
Epoch 21/1000: 100% 357/357 [00:03<00:00, 107.75it/s, loss=1.9758]
Epoch 22/1000: 100% 357/357 [00:03<00:00, 110.16it/s, loss=2.1661]
Epoch 23/1000: 100% 357/357 [00:03<00:00, 96.25it/s, loss=2.3602]
Epoch 24/1000: 100% 357/357 [00:03<00:00, 108.08it/s, loss=2.5400]
Epoch 25/1000: 100% 357/357 [00:03<00:00, 109.46it/s, loss=2.7137]
Epoch 26/1000: 100% 357/357 [00:03<00:00, 109.63it/s, loss=2.8991]
Epoch 27/1000: 100% 357/357 [00:03<00:00, 96.00it/s, loss=3.0633] 
Epoch 28/1000: 100% 357/357 [00:03<00:00, 109.67it/s, loss=3.2350]
Epoch 29/1000: 100% 357/357 [00:03<00:00, 109.40it/s, loss=3.4152]
Epoch 30/1000: 100% 357/357 [00:03<00:00, 95.16it/s, loss=3.6126]
2025-11-06 07:27:00,276 [INFO] Epoch 30/1000 | Time: 3.79s | Loss: 3.6126 | Eval Return: 9.30
Epoch 31/1000: 100% 357/357 [00:03<00:00, 105.76it/s, loss=3.7692]
Epoch 32/1000: 100% 357/357 [00:03<00:00, 109.01it/s, loss=3.9322]
Epoch 33/1000: 100% 357/357 [00:03<00:00, 110.14it/s, loss=4.0949]
Epoch 34/1000: 100% 357/357 [00:03<00:00, 95.48it/s, loss=4.2531] 
Epoch 35/1000: 100% 357/357 [00:03<00:00, 109.36it/s, loss=4.4043]
Epoch 36/1000: 100% 357/357 [00:03<00:00, 109.88it/s, loss=4.5609]
Epoch 37/1000: 100% 357/357 [00:03<00:00, 101.87it/s, loss=4.7174]
Epoch 38/1000: 100% 357/357 [00:03<00:00, 101.24it/s, loss=4.8778]
Epoch 39/1000: 100% 357/357 [00:03<00:00, 109.71it/s, loss=5.0254]
Epoch 40/1000: 100% 357/357 [00:03<00:00, 111.56it/s, loss=5.1853]
2025-11-06 07:27:33,939 [INFO] Epoch 40/1000 | Time: 3.23s | Loss: 5.1853 | Eval Return: 9.30
Epoch 41/1000: 100% 357/357 [00:03<00:00, 94.81it/s, loss=5.2746] 
Epoch 42/1000: 100% 357/357 [00:03<00:00, 111.29it/s, loss=5.4504]
Epoch 43/1000: 100% 357/357 [00:03<00:00, 110.11it/s, loss=5.5479]
Epoch 44/1000: 100% 357/357 [00:03<00:00, 102.00it/s, loss=5.6937]
Epoch 45/1000: 100% 357/357 [00:03<00:00, 101.18it/s, loss=5.8042]
Epoch 46/1000: 100% 357/357 [00:03<00:00, 110.49it/s, loss=5.9261]
Epoch 47/1000: 100% 357/357 [00:03<00:00, 108.58it/s, loss=6.0674]
Epoch 48/1000: 100% 357/357 [00:03<00:00, 94.26it/s, loss=6.1474] 
Epoch 49/1000: 100% 357/357 [00:03<00:00, 109.34it/s, loss=6.2764]
Epoch 50/1000: 100% 357/357 [00:03<00:00, 109.57it/s, loss=6.3696]
2025-11-06 07:28:08,048 [INFO] Epoch 50/1000 | Time: 3.29s | Loss: 6.3696 | Eval Return: 9.30
Epoch 51/1000: 100% 357/357 [00:03<00:00, 100.94it/s, loss=6.4968]
Epoch 52/1000: 100% 357/357 [00:03<00:00, 100.06it/s, loss=6.6137]
Epoch 53/1000: 100% 357/357 [00:03<00:00, 109.60it/s, loss=6.7300]
Epoch 54/1000: 100% 357/357 [00:03<00:00, 109.06it/s, loss=6.7817]
Epoch 55/1000: 100% 357/357 [00:03<00:00, 95.65it/s, loss=6.8649] 
Epoch 56/1000: 100% 357/357 [00:03<00:00, 108.31it/s, loss=6.9721]
Epoch 57/1000: 100% 357/357 [00:03<00:00, 109.38it/s, loss=7.0506]
Epoch 58/1000: 100% 357/357 [00:03<00:00, 103.14it/s, loss=7.1003]
Epoch 59/1000: 100% 357/357 [00:03<00:00, 100.41it/s, loss=7.2188]
Epoch 60/1000: 100% 357/357 [00:03<00:00, 108.79it/s, loss=7.3040]
2025-11-06 07:28:42,314 [INFO] Epoch 60/1000 | Time: 3.31s | Loss: 7.3040 | Eval Return: 9.70
2025-11-06 07:28:42,320 [INFO] New best eval return: 9.70. Saved best model.
Epoch 61/1000: 100% 357/357 [00:03<00:00, 108.63it/s, loss=7.3445]
Epoch 62/1000: 100% 357/357 [00:03<00:00, 95.48it/s, loss=7.4585] 
Epoch 63/1000: 100% 357/357 [00:03<00:00, 109.33it/s, loss=7.5307]
Epoch 64/1000: 100% 357/357 [00:03<00:00, 111.18it/s, loss=7.6149]
Epoch 65/1000: 100% 357/357 [00:03<00:00, 105.04it/s, loss=7.6861]
Epoch 66/1000: 100% 357/357 [00:03<00:00, 98.63it/s, loss=7.7553] 
Epoch 67/1000: 100% 357/357 [00:03<00:00, 108.69it/s, loss=7.7988]
Epoch 68/1000: 100% 357/357 [00:03<00:00, 110.36it/s, loss=7.8435]
Epoch 69/1000: 100% 357/357 [00:03<00:00, 96.63it/s, loss=7.8859]
Epoch 70/1000: 100% 357/357 [00:03<00:00, 109.20it/s, loss=8.0201]
2025-11-06 07:29:16,362 [INFO] Epoch 70/1000 | Time: 3.31s | Loss: 8.0201 | Eval Return: 9.20
Epoch 71/1000: 100% 357/357 [00:03<00:00, 109.92it/s, loss=8.0324]
Epoch 72/1000: 100% 357/357 [00:03<00:00, 106.72it/s, loss=8.1424]
Epoch 73/1000: 100% 357/357 [00:03<00:00, 97.81it/s, loss=8.1377] 
Epoch 74/1000: 100% 357/357 [00:03<00:00, 108.88it/s, loss=8.2403]
Epoch 75/1000: 100% 357/357 [00:03<00:00, 109.52it/s, loss=8.2518]
Epoch 76/1000: 100% 357/357 [00:03<00:00, 95.56it/s, loss=8.3009]
Epoch 77/1000: 100% 357/357 [00:03<00:00, 110.09it/s, loss=8.3589]
Epoch 78/1000: 100% 357/357 [00:03<00:00, 109.06it/s, loss=8.3872]
Epoch 79/1000: 100% 357/357 [00:03<00:00, 107.37it/s, loss=8.4916]
Epoch 80/1000: 100% 357/357 [00:03<00:00, 97.20it/s, loss=8.5150] 
2025-11-06 07:29:50,430 [INFO] Epoch 80/1000 | Time: 3.71s | Loss: 8.5150 | Eval Return: 9.50
Epoch 81/1000: 100% 357/357 [00:03<00:00, 109.51it/s, loss=8.5652]
Epoch 82/1000: 100% 357/357 [00:03<00:00, 108.47it/s, loss=8.5967]
Epoch 83/1000: 100% 357/357 [00:03<00:00, 93.16it/s, loss=8.6563]
Epoch 84/1000: 100% 357/357 [00:03<00:00, 108.47it/s, loss=8.6989]
Epoch 85/1000: 100% 357/357 [00:03<00:00, 109.20it/s, loss=8.7243]
Epoch 86/1000: 100% 357/357 [00:03<00:00, 106.97it/s, loss=8.7375]
Epoch 87/1000: 100% 357/357 [00:03<00:00, 93.46it/s, loss=8.7613] 
Epoch 88/1000: 100% 357/357 [00:03<00:00, 108.16it/s, loss=8.8415]
Epoch 89/1000: 100% 357/357 [00:03<00:00, 109.57it/s, loss=8.8195]
Epoch 90/1000: 100% 357/357 [00:03<00:00, 89.71it/s, loss=8.8949]
2025-11-06 07:30:25,106 [INFO] Epoch 90/1000 | Time: 4.01s | Loss: 8.8949 | Eval Return: 9.30
Epoch 91/1000: 100% 357/357 [00:03<00:00, 105.33it/s, loss=8.9394]
Epoch 92/1000: 100% 357/357 [00:03<00:00, 108.22it/s, loss=8.9632]
Epoch 93/1000: 100% 357/357 [00:03<00:00, 105.99it/s, loss=8.9732]
Epoch 94/1000: 100% 357/357 [00:03<00:00, 94.74it/s, loss=9.0190]
Epoch 95/1000: 100% 357/357 [00:03<00:00, 109.80it/s, loss=9.0549]
Epoch 96/1000: 100% 357/357 [00:03<00:00, 109.09it/s, loss=9.1065]
Epoch 97/1000: 100% 357/357 [00:03<00:00, 95.01it/s, loss=9.1260]
Epoch 98/1000: 100% 357/357 [00:03<00:00, 108.61it/s, loss=9.1183]
Epoch 99/1000: 100% 357/357 [00:03<00:00, 108.95it/s, loss=9.1961]
Epoch 100/1000: 100% 357/357 [00:03<00:00, 106.27it/s, loss=9.2232]
2025-11-06 07:30:59,183 [INFO] Epoch 100/1000 | Time: 3.40s | Loss: 9.2232 | Eval Return: 9.40
Epoch 101/1000: 100% 357/357 [00:03<00:00, 97.29it/s, loss=9.2656] 
Epoch 102/1000: 100% 357/357 [00:03<00:00, 108.52it/s, loss=9.2237]
Epoch 103/1000: 100% 357/357 [00:03<00:00, 109.42it/s, loss=9.2527]
Epoch 104/1000: 100% 357/357 [00:03<00:00, 94.24it/s, loss=9.3444]
Epoch 105/1000: 100% 357/357 [00:03<00:00, 107.19it/s, loss=9.3863]
Epoch 106/1000: 100% 357/357 [00:03<00:00, 108.81it/s, loss=9.3665]
Epoch 107/1000: 100% 357/357 [00:03<00:00, 107.80it/s, loss=9.4137]
Epoch 108/1000: 100% 357/357 [00:03<00:00, 96.85it/s, loss=9.4416] 
Epoch 109/1000: 100% 357/357 [00:03<00:00, 107.06it/s, loss=9.4609]
Epoch 110/1000: 100% 357/357 [00:03<00:00, 109.30it/s, loss=9.4550]
2025-11-06 07:31:33,447 [INFO] Epoch 110/1000 | Time: 3.30s | Loss: 9.4550 | Eval Return: 9.20
Epoch 111/1000: 100% 357/357 [00:03<00:00, 94.90it/s, loss=9.4698]
Epoch 112/1000: 100% 357/357 [00:03<00:00, 110.40it/s, loss=9.4880]
Epoch 113/1000: 100% 357/357 [00:03<00:00, 110.29it/s, loss=9.5504]
Epoch 114/1000: 100% 357/357 [00:03<00:00, 107.52it/s, loss=9.5591]
Epoch 115/1000: 100% 357/357 [00:03<00:00, 95.96it/s, loss=9.5450] 
Epoch 116/1000: 100% 357/357 [00:03<00:00, 109.66it/s, loss=9.6084]
Epoch 117/1000: 100% 357/357 [00:03<00:00, 109.84it/s, loss=9.6504]
Epoch 118/1000: 100% 357/357 [00:03<00:00, 92.45it/s, loss=9.6743]
Epoch 119/1000: 100% 357/357 [00:03<00:00, 108.99it/s, loss=9.7095]
Epoch 120/1000: 100% 357/357 [00:03<00:00, 108.96it/s, loss=9.7159]
2025-11-06 07:32:07,674 [INFO] Epoch 120/1000 | Time: 3.31s | Loss: 9.7159 | Eval Return: 9.50
Epoch 121/1000: 100% 357/357 [00:03<00:00, 109.59it/s, loss=9.7238]
Epoch 122/1000: 100% 357/357 [00:03<00:00, 93.85it/s, loss=9.7535] 
Epoch 123/1000: 100% 357/357 [00:03<00:00, 109.93it/s, loss=9.8107]
Epoch 124/1000: 100% 357/357 [00:03<00:00, 109.52it/s, loss=9.8062]
Epoch 125/1000: 100% 357/357 [00:03<00:00, 94.91it/s, loss=9.8688]
Epoch 126/1000: 100% 357/357 [00:03<00:00, 109.31it/s, loss=9.8477]
Epoch 127/1000: 100% 357/357 [00:03<00:00, 107.94it/s, loss=9.8771]
Epoch 128/1000: 100% 357/357 [00:03<00:00, 108.29it/s, loss=9.9394]
Epoch 129/1000: 100% 357/357 [00:03<00:00, 95.74it/s, loss=9.9514] 
Epoch 130/1000: 100% 357/357 [00:03<00:00, 110.07it/s, loss=10.0409]
2025-11-06 07:32:41,881 [INFO] Epoch 130/1000 | Time: 3.27s | Loss: 10.0409 | Eval Return: 9.30
Epoch 131/1000: 100% 357/357 [00:03<00:00, 106.66it/s, loss=9.9984]
Epoch 132/1000: 100% 357/357 [00:03<00:00, 94.76it/s, loss=9.9728]
Epoch 133/1000: 100% 357/357 [00:03<00:00, 109.63it/s, loss=10.0225]
Epoch 134/1000: 100% 357/357 [00:03<00:00, 110.04it/s, loss=10.0046]
Epoch 135/1000: 100% 357/357 [00:03<00:00, 108.88it/s, loss=10.0296]
Epoch 136/1000: 100% 357/357 [00:03<00:00, 94.99it/s, loss=10.1019] 
Epoch 137/1000: 100% 357/357 [00:03<00:00, 108.39it/s, loss=10.0866]
Epoch 138/1000: 100% 357/357 [00:03<00:00, 110.24it/s, loss=10.0641]
Epoch 139/1000: 100% 357/357 [00:03<00:00, 97.88it/s, loss=10.1038]
Epoch 140/1000: 100% 357/357 [00:03<00:00, 107.35it/s, loss=10.1460]
2025-11-06 07:33:16,072 [INFO] Epoch 140/1000 | Time: 3.36s | Loss: 10.1460 | Eval Return: 9.30
Epoch 141/1000: 100% 357/357 [00:03<00:00, 107.99it/s, loss=10.1509]
Epoch 142/1000: 100% 357/357 [00:03<00:00, 110.94it/s, loss=10.1512]
Epoch 143/1000: 100% 357/357 [00:03<00:00, 95.80it/s, loss=10.1650] 
Epoch 144/1000: 100% 357/357 [00:03<00:00, 107.24it/s, loss=10.1450]
Epoch 145/1000: 100% 357/357 [00:03<00:00, 109.71it/s, loss=10.1745]
Epoch 146/1000: 100% 357/357 [00:03<00:00, 98.81it/s, loss=10.1917]
Epoch 147/1000: 100% 357/357 [00:03<00:00, 105.65it/s, loss=10.2180]
Epoch 148/1000: 100% 357/357 [00:03<00:00, 109.73it/s, loss=10.2290]
Epoch 149/1000: 100% 357/357 [00:03<00:00, 108.82it/s, loss=10.2206]
Epoch 150/1000: 100% 357/357 [00:03<00:00, 95.30it/s, loss=10.2204] 
2025-11-06 07:33:50,222 [INFO] Epoch 150/1000 | Time: 3.79s | Loss: 10.2204 | Eval Return: 9.40
Epoch 151/1000: 100% 357/357 [00:03<00:00, 109.72it/s, loss=10.2826]
Epoch 152/1000: 100% 357/357 [00:03<00:00, 109.18it/s, loss=10.2481]
Epoch 153/1000: 100% 357/357 [00:03<00:00, 98.34it/s, loss=10.2959]
Epoch 154/1000: 100% 357/357 [00:03<00:00, 103.89it/s, loss=10.3282]
Epoch 155/1000: 100% 357/357 [00:03<00:00, 108.72it/s, loss=10.3306]
Epoch 156/1000: 100% 357/357 [00:03<00:00, 109.48it/s, loss=10.3194]
Epoch 157/1000: 100% 357/357 [00:03<00:00, 96.22it/s, loss=10.3276] 
Epoch 158/1000: 100% 357/357 [00:03<00:00, 109.40it/s, loss=10.3377]
Epoch 159/1000: 100% 357/357 [00:03<00:00, 110.86it/s, loss=10.3712]
Epoch 160/1000: 100% 357/357 [00:03<00:00, 103.46it/s, loss=10.3687]
2025-11-06 07:34:24,054 [INFO] Epoch 160/1000 | Time: 3.49s | Loss: 10.3687 | Eval Return: 9.90
2025-11-06 07:34:24,061 [INFO] New best eval return: 9.90. Saved best model.
Epoch 161/1000: 100% 357/357 [00:03<00:00, 102.34it/s, loss=10.4302]
Epoch 162/1000: 100% 357/357 [00:03<00:00, 108.26it/s, loss=10.3861]
Epoch 163/1000: 100% 357/357 [00:03<00:00, 108.57it/s, loss=10.4258]
Epoch 164/1000: 100% 357/357 [00:03<00:00, 94.28it/s, loss=10.4739] 
Epoch 165/1000: 100% 357/357 [00:03<00:00, 110.11it/s, loss=10.4426]
Epoch 166/1000: 100% 357/357 [00:03<00:00, 110.63it/s, loss=10.4717]
Epoch 167/1000: 100% 357/357 [00:03<00:00, 101.77it/s, loss=10.4963]
Epoch 168/1000: 100% 357/357 [00:03<00:00, 100.25it/s, loss=10.4889]
Epoch 169/1000: 100% 357/357 [00:03<00:00, 109.61it/s, loss=10.5237]
Epoch 170/1000: 100% 357/357 [00:03<00:00, 109.48it/s, loss=10.5595]
2025-11-06 07:34:58,011 [INFO] Epoch 170/1000 | Time: 3.29s | Loss: 10.5595 | Eval Return: 8.90
Epoch 171/1000: 100% 357/357 [00:03<00:00, 93.72it/s, loss=10.5421] 
Epoch 172/1000: 100% 357/357 [00:03<00:00, 109.69it/s, loss=10.5562]
Epoch 173/1000: 100% 357/357 [00:03<00:00, 110.66it/s, loss=10.5746]
Epoch 174/1000: 100% 357/357 [00:03<00:00, 104.06it/s, loss=10.5794]
Epoch 175/1000: 100% 357/357 [00:03<00:00, 99.57it/s, loss=10.6080] 
Epoch 176/1000: 100% 357/357 [00:03<00:00, 109.50it/s, loss=10.5687]
Epoch 177/1000: 100% 357/357 [00:03<00:00, 108.39it/s, loss=10.5874]
Epoch 178/1000: 100% 357/357 [00:03<00:00, 94.03it/s, loss=10.5960]
Epoch 179/1000: 100% 357/357 [00:03<00:00, 107.54it/s, loss=10.5796]
Epoch 180/1000: 100% 357/357 [00:03<00:00, 107.20it/s, loss=10.6208]
2025-11-06 07:35:32,352 [INFO] Epoch 180/1000 | Time: 3.36s | Loss: 10.6208 | Eval Return: 9.40
Epoch 181/1000: 100% 357/357 [00:03<00:00, 104.13it/s, loss=10.6008]
Epoch 182/1000: 100% 357/357 [00:03<00:00, 101.08it/s, loss=10.6402]
Epoch 183/1000: 100% 357/357 [00:03<00:00, 110.74it/s, loss=10.6407]
Epoch 184/1000: 100% 357/357 [00:03<00:00, 110.47it/s, loss=10.6176]
Epoch 185/1000: 100% 357/357 [00:03<00:00, 95.74it/s, loss=10.6714] 
Epoch 186/1000: 100% 357/357 [00:03<00:00, 108.59it/s, loss=10.7033]
Epoch 187/1000: 100% 357/357 [00:03<00:00, 109.79it/s, loss=10.6804]
Epoch 188/1000: 100% 357/357 [00:03<00:00, 106.76it/s, loss=10.7217]
Epoch 189/1000: 100% 357/357 [00:03<00:00, 97.53it/s, loss=10.7450] 
Epoch 190/1000: 100% 357/357 [00:03<00:00, 109.02it/s, loss=10.7372]
2025-11-06 07:36:06,350 [INFO] Epoch 190/1000 | Time: 3.31s | Loss: 10.7372 | Eval Return: 9.30
Epoch 191/1000: 100% 357/357 [00:03<00:00, 109.70it/s, loss=10.7092]
Epoch 192/1000: 100% 357/357 [00:03<00:00, 96.10it/s, loss=10.7579]
Epoch 193/1000: 100% 357/357 [00:03<00:00, 108.47it/s, loss=10.7399]
Epoch 194/1000: 100% 357/357 [00:03<00:00, 109.80it/s, loss=10.7134]
Epoch 195/1000: 100% 357/357 [00:03<00:00, 109.47it/s, loss=10.7550]
Epoch 196/1000: 100% 357/357 [00:03<00:00, 95.98it/s, loss=10.7236] 
Epoch 197/1000: 100% 357/357 [00:03<00:00, 107.71it/s, loss=10.7837]
Epoch 198/1000: 100% 357/357 [00:03<00:00, 108.26it/s, loss=10.7830]
Epoch 199/1000: 100% 357/357 [00:03<00:00, 95.75it/s, loss=10.7682]
Epoch 200/1000: 100% 357/357 [00:03<00:00, 108.90it/s, loss=10.7596]
2025-11-06 07:36:40,497 [INFO] Epoch 200/1000 | Time: 3.31s | Loss: 10.7596 | Eval Return: 9.50
Epoch 201/1000: 100% 357/357 [00:03<00:00, 107.02it/s, loss=10.7407]
Epoch 202/1000: 100% 357/357 [00:03<00:00, 107.71it/s, loss=10.7622]
Epoch 203/1000: 100% 357/357 [00:03<00:00, 95.14it/s, loss=10.8235] 
Epoch 204/1000: 100% 357/357 [00:03<00:00, 109.63it/s, loss=10.8322]
Epoch 205/1000: 100% 357/357 [00:03<00:00, 107.55it/s, loss=10.8405]
Epoch 206/1000: 100% 357/357 [00:03<00:00, 96.12it/s, loss=10.8818]
Epoch 207/1000: 100% 357/357 [00:03<00:00, 110.19it/s, loss=10.8253]
Epoch 208/1000: 100% 357/357 [00:03<00:00, 109.78it/s, loss=10.8493]
Epoch 209/1000: 100% 357/357 [00:03<00:00, 108.97it/s, loss=10.8348]
Epoch 210/1000: 100% 357/357 [00:03<00:00, 94.91it/s, loss=10.8695] 
2025-11-06 07:37:14,759 [INFO] Epoch 210/1000 | Time: 3.79s | Loss: 10.8695 | Eval Return: 9.10
Epoch 211/1000: 100% 357/357 [00:03<00:00, 107.07it/s, loss=10.8789]
Epoch 212/1000: 100% 357/357 [00:03<00:00, 109.89it/s, loss=10.9093]
Epoch 213/1000: 100% 357/357 [00:03<00:00, 97.23it/s, loss=10.8842]
Epoch 214/1000: 100% 357/357 [00:03<00:00, 107.23it/s, loss=10.8564]
Epoch 215/1000: 100% 357/357 [00:03<00:00, 109.82it/s, loss=10.8846]
Epoch 216/1000: 100% 357/357 [00:03<00:00, 110.50it/s, loss=10.9022]
Epoch 217/1000: 100% 357/357 [00:03<00:00, 94.78it/s, loss=10.9047] 
Epoch 218/1000: 100% 357/357 [00:03<00:00, 110.08it/s, loss=10.9106]
Epoch 219/1000: 100% 357/357 [00:03<00:00, 109.76it/s, loss=10.8760]
Epoch 220/1000: 100% 357/357 [00:03<00:00, 101.13it/s, loss=10.9000]
2025-11-06 07:37:48,667 [INFO] Epoch 220/1000 | Time: 3.58s | Loss: 10.9000 | Eval Return: 9.40
Epoch 221/1000: 100% 357/357 [00:03<00:00, 102.42it/s, loss=10.8981]
Epoch 222/1000: 100% 357/357 [00:03<00:00, 109.07it/s, loss=10.9262]
Epoch 223/1000: 100% 357/357 [00:03<00:00, 108.75it/s, loss=10.9087]
Epoch 224/1000: 100% 357/357 [00:03<00:00, 94.06it/s, loss=10.9242] 
Epoch 225/1000: 100% 357/357 [00:03<00:00, 108.85it/s, loss=10.9383]
Epoch 226/1000: 100% 357/357 [00:03<00:00, 110.30it/s, loss=10.9172]
Epoch 227/1000: 100% 357/357 [00:03<00:00, 102.29it/s, loss=11.0180]
Epoch 228/1000: 100% 357/357 [00:03<00:00, 102.52it/s, loss=10.9222]
Epoch 229/1000: 100% 357/357 [00:03<00:00, 110.01it/s, loss=10.9147]
Epoch 230/1000: 100% 357/357 [00:03<00:00, 110.73it/s, loss=10.9104]
2025-11-06 07:38:22,497 [INFO] Epoch 230/1000 | Time: 3.26s | Loss: 10.9104 | Eval Return: 9.50
Epoch 231/1000: 100% 357/357 [00:03<00:00, 95.57it/s, loss=10.9019] 
Epoch 232/1000: 100% 357/357 [00:03<00:00, 110.59it/s, loss=10.9862]
Epoch 233/1000: 100% 357/357 [00:03<00:00, 105.96it/s, loss=10.9550]
Epoch 234/1000: 100% 357/357 [00:03<00:00, 102.70it/s, loss=10.9292]
Epoch 235/1000: 100% 357/357 [00:03<00:00, 102.01it/s, loss=10.9868]
Epoch 236/1000: 100% 357/357 [00:03<00:00, 109.34it/s, loss=10.9467]
Epoch 237/1000: 100% 357/357 [00:03<00:00, 110.30it/s, loss=10.9813]
Epoch 238/1000: 100% 357/357 [00:03<00:00, 96.22it/s, loss=10.9928] 
Epoch 239/1000: 100% 357/357 [00:03<00:00, 110.34it/s, loss=10.9661]
Epoch 240/1000: 100% 357/357 [00:03<00:00, 109.20it/s, loss=10.9973]
2025-11-06 07:38:56,556 [INFO] Epoch 240/1000 | Time: 3.30s | Loss: 10.9973 | Eval Return: 9.30
Epoch 241/1000: 100% 357/357 [00:03<00:00, 103.33it/s, loss=10.9894]
Epoch 242/1000: 100% 357/357 [00:03<00:00, 99.42it/s, loss=10.9906] 
Epoch 243/1000: 100% 357/357 [00:03<00:00, 108.81it/s, loss=10.9433]
Epoch 244/1000: 100% 357/357 [00:03<00:00, 110.08it/s, loss=10.9723]
Epoch 245/1000: 100% 357/357 [00:03<00:00, 95.49it/s, loss=11.0267] 
Epoch 246/1000: 100% 357/357 [00:03<00:00, 110.04it/s, loss=10.9424]
Epoch 247/1000: 100% 357/357 [00:03<00:00, 110.76it/s, loss=10.9608]
Epoch 248/1000: 100% 357/357 [00:03<00:00, 106.44it/s, loss=11.0166]
Epoch 249/1000: 100% 357/357 [00:03<00:00, 98.68it/s, loss=10.9949] 
Epoch 250/1000: 100% 357/357 [00:03<00:00, 109.41it/s, loss=11.0179]
2025-11-06 07:39:30,604 [INFO] Epoch 250/1000 | Time: 3.30s | Loss: 11.0179 | Eval Return: 9.50
Epoch 251/1000: 100% 357/357 [00:03<00:00, 109.51it/s, loss=10.9565]
Epoch 252/1000: 100% 357/357 [00:03<00:00, 94.98it/s, loss=10.9799]
Epoch 253/1000: 100% 357/357 [00:03<00:00, 111.30it/s, loss=10.9717]
Epoch 254/1000: 100% 357/357 [00:03<00:00, 110.67it/s, loss=11.0132]
Epoch 255/1000: 100% 357/357 [00:03<00:00, 106.88it/s, loss=11.0325]
Epoch 256/1000: 100% 357/357 [00:03<00:00, 96.38it/s, loss=11.0252] 
Epoch 257/1000: 100% 357/357 [00:03<00:00, 110.58it/s, loss=10.9690]
Epoch 258/1000: 100% 357/357 [00:03<00:00, 109.55it/s, loss=11.0129]
Epoch 259/1000: 100% 357/357 [00:03<00:00, 92.90it/s, loss=11.0452]
Epoch 260/1000: 100% 357/357 [00:03<00:00, 108.58it/s, loss=11.0526]
2025-11-06 07:40:04,760 [INFO] Epoch 260/1000 | Time: 3.32s | Loss: 11.0526 | Eval Return: 9.40
Epoch 261/1000: 100% 357/357 [00:03<00:00, 110.15it/s, loss=10.9955]
Epoch 262/1000: 100% 357/357 [00:03<00:00, 110.36it/s, loss=11.0153]
Epoch 263/1000: 100% 357/357 [00:03<00:00, 95.23it/s, loss=11.0540] 
Epoch 264/1000: 100% 357/357 [00:03<00:00, 109.67it/s, loss=10.9909]
Epoch 265/1000: 100% 357/357 [00:03<00:00, 109.90it/s, loss=11.0681]
Epoch 266/1000: 100% 357/357 [00:03<00:00, 97.92it/s, loss=11.0433]
Epoch 267/1000: 100% 357/357 [00:03<00:00, 105.91it/s, loss=11.0543]
Epoch 268/1000: 100% 357/357 [00:03<00:00, 107.10it/s, loss=11.0640]
Epoch 269/1000: 100% 357/357 [00:03<00:00, 107.83it/s, loss=11.0773]
Epoch 270/1000: 100% 357/357 [00:03<00:00, 93.74it/s, loss=11.0408] 
2025-11-06 07:40:38,992 [INFO] Epoch 270/1000 | Time: 3.84s | Loss: 11.0408 | Eval Return: 9.40
Epoch 271/1000: 100% 357/357 [00:03<00:00, 106.07it/s, loss=11.0420]
Epoch 272/1000: 100% 357/357 [00:03<00:00, 108.33it/s, loss=11.0190]
Epoch 273/1000: 100% 357/357 [00:03<00:00, 93.69it/s, loss=11.0699]
Epoch 274/1000: 100% 357/357 [00:03<00:00, 109.82it/s, loss=11.0424]
Epoch 275/1000: 100% 357/357 [00:03<00:00, 110.53it/s, loss=11.0267]
Epoch 276/1000: 100% 357/357 [00:03<00:00, 109.41it/s, loss=10.9637]
Epoch 277/1000: 100% 357/357 [00:03<00:00, 93.44it/s, loss=11.0612] 
Epoch 278/1000: 100% 357/357 [00:03<00:00, 108.68it/s, loss=11.0390]
Epoch 279/1000: 100% 357/357 [00:03<00:00, 109.65it/s, loss=11.0401]
Epoch 280/1000: 100% 357/357 [00:03<00:00, 97.87it/s, loss=11.0293]
2025-11-06 07:41:13,272 [INFO] Epoch 280/1000 | Time: 3.70s | Loss: 11.0293 | Eval Return: 9.10
Epoch 281/1000: 100% 357/357 [00:03<00:00, 104.64it/s, loss=10.9468]
Epoch 282/1000: 100% 357/357 [00:03<00:00, 111.25it/s, loss=11.0753]
Epoch 283/1000: 100% 357/357 [00:03<00:00, 109.57it/s, loss=11.0250]
Epoch 284/1000: 100% 357/357 [00:03<00:00, 95.53it/s, loss=11.0727] 
Epoch 285/1000: 100% 357/357 [00:03<00:00, 109.10it/s, loss=11.0686]
Epoch 286/1000: 100% 357/357 [00:03<00:00, 109.18it/s, loss=11.0347]
Epoch 287/1000: 100% 357/357 [00:03<00:00, 99.14it/s, loss=11.0200]
Epoch 288/1000: 100% 357/357 [00:03<00:00, 104.86it/s, loss=11.0315]
Epoch 289/1000: 100% 357/357 [00:03<00:00, 109.20it/s, loss=11.0174]
Epoch 290/1000: 100% 357/357 [00:03<00:00, 110.03it/s, loss=11.0211]
2025-11-06 07:41:46,983 [INFO] Epoch 290/1000 | Time: 3.28s | Loss: 11.0211 | Eval Return: 9.00
Epoch 291/1000: 100% 357/357 [00:03<00:00, 93.72it/s, loss=11.0035] 
Epoch 292/1000: 100% 357/357 [00:03<00:00, 109.45it/s, loss=11.0233]
Epoch 293/1000: 100% 357/357 [00:03<00:00, 110.06it/s, loss=11.0137]
Epoch 294/1000: 100% 357/357 [00:03<00:00, 102.32it/s, loss=11.0218]
Epoch 295/1000: 100% 357/357 [00:03<00:00, 100.61it/s, loss=10.9973]
Epoch 296/1000: 100% 357/357 [00:03<00:00, 109.07it/s, loss=11.0577]
Epoch 297/1000: 100% 357/357 [00:03<00:00, 107.96it/s, loss=11.0482]
Epoch 298/1000: 100% 357/357 [00:03<00:00, 95.37it/s, loss=11.0301] 
Epoch 299/1000: 100% 357/357 [00:03<00:00, 108.74it/s, loss=11.0691]
Epoch 300/1000: 100% 357/357 [00:03<00:00, 110.35it/s, loss=11.0254]
2025-11-06 07:42:21,210 [INFO] Epoch 300/1000 | Time: 3.27s | Loss: 11.0254 | Eval Return: 9.30
Epoch 301/1000: 100% 357/357 [00:03<00:00, 103.23it/s, loss=11.0303]
Epoch 302/1000: 100% 357/357 [00:03<00:00, 101.86it/s, loss=10.9739]
Epoch 303/1000: 100% 357/357 [00:03<00:00, 109.23it/s, loss=11.0058]
Epoch 304/1000: 100% 357/357 [00:03<00:00, 109.29it/s, loss=11.0062]
Epoch 305/1000: 100% 357/357 [00:03<00:00, 92.98it/s, loss=11.0301] 
Epoch 306/1000: 100% 357/357 [00:03<00:00, 107.99it/s, loss=10.9651]
Epoch 307/1000: 100% 357/357 [00:03<00:00, 108.90it/s, loss=11.0317]
Epoch 308/1000: 100% 357/357 [00:03<00:00, 104.04it/s, loss=11.0478]
Epoch 309/1000: 100% 357/357 [00:03<00:00, 98.53it/s, loss=11.0528] 
Epoch 310/1000: 100% 357/357 [00:03<00:00, 108.42it/s, loss=11.0307]
2025-11-06 07:42:55,518 [INFO] Epoch 310/1000 | Time: 3.32s | Loss: 11.0307 | Eval Return: 9.10
Epoch 311/1000: 100% 357/357 [00:03<00:00, 108.60it/s, loss=11.0019]
Epoch 312/1000: 100% 357/357 [00:03<00:00, 94.73it/s, loss=11.0099] 
Epoch 313/1000: 100% 357/357 [00:03<00:00, 103.07it/s, loss=11.0202]
Epoch 314/1000: 100% 357/357 [00:03<00:00, 107.20it/s, loss=11.0523]
Epoch 315/1000: 100% 357/357 [00:03<00:00, 103.12it/s, loss=11.0436]
Epoch 316/1000: 100% 357/357 [00:03<00:00, 99.18it/s, loss=11.0214] 
Epoch 317/1000: 100% 357/357 [00:03<00:00, 101.95it/s, loss=11.0269]
Epoch 318/1000: 100% 357/357 [00:03<00:00, 105.78it/s, loss=11.0264]
Epoch 319/1000: 100% 357/357 [00:03<00:00, 93.70it/s, loss=11.0632] 
Epoch 320/1000: 100% 357/357 [00:03<00:00, 108.35it/s, loss=11.0195]
2025-11-06 07:43:30,448 [INFO] Epoch 320/1000 | Time: 3.33s | Loss: 11.0195 | Eval Return: 9.60
Epoch 321/1000: 100% 357/357 [00:03<00:00, 107.65it/s, loss=11.0127]
Epoch 322/1000: 100% 357/357 [00:03<00:00, 101.17it/s, loss=11.0582]
Epoch 323/1000: 100% 357/357 [00:03<00:00, 101.74it/s, loss=11.0358]
Epoch 324/1000: 100% 357/357 [00:03<00:00, 109.17it/s, loss=11.0437]
Epoch 325/1000: 100% 357/357 [00:03<00:00, 108.96it/s, loss=11.0333]
Epoch 326/1000: 100% 357/357 [00:03<00:00, 94.15it/s, loss=10.9923] 
Epoch 327/1000: 100% 357/357 [00:03<00:00, 107.32it/s, loss=11.0563]
Epoch 328/1000: 100% 357/357 [00:03<00:00, 109.24it/s, loss=11.0306]
Epoch 329/1000: 100% 357/357 [00:03<00:00, 100.58it/s, loss=10.9870]
Epoch 330/1000: 100% 357/357 [00:03<00:00, 99.99it/s, loss=11.0494] 
2025-11-06 07:44:04,888 [INFO] Epoch 330/1000 | Time: 3.60s | Loss: 11.0494 | Eval Return: 9.20
Epoch 331/1000: 100% 357/357 [00:03<00:00, 107.13it/s, loss=11.0301]
Epoch 332/1000: 100% 357/357 [00:03<00:00, 108.65it/s, loss=10.9918]
Epoch 333/1000: 100% 357/357 [00:03<00:00, 94.19it/s, loss=10.9828] 
Epoch 334/1000: 100% 357/357 [00:03<00:00, 108.79it/s, loss=10.9765]
Epoch 335/1000: 100% 357/357 [00:03<00:00, 109.07it/s, loss=11.0175]
Epoch 336/1000: 100% 357/357 [00:03<00:00, 102.09it/s, loss=10.9959]
Epoch 337/1000: 100% 357/357 [00:03<00:00, 101.54it/s, loss=11.0510]
Epoch 338/1000: 100% 357/357 [00:03<00:00, 107.68it/s, loss=10.9705]
Epoch 339/1000: 100% 357/357 [00:03<00:00, 109.23it/s, loss=10.9832]
Epoch 340/1000: 100% 357/357 [00:03<00:00, 96.49it/s, loss=10.9834] 
2025-11-06 07:44:39,188 [INFO] Epoch 340/1000 | Time: 3.74s | Loss: 10.9834 | Eval Return: 9.50
Epoch 341/1000: 100% 357/357 [00:03<00:00, 105.76it/s, loss=10.9707]
Epoch 342/1000: 100% 357/357 [00:03<00:00, 110.01it/s, loss=10.9697]
Epoch 343/1000: 100% 357/357 [00:03<00:00, 102.37it/s, loss=10.9482]
Epoch 344/1000: 100% 357/357 [00:03<00:00, 100.32it/s, loss=10.9614]
Epoch 345/1000: 100% 357/357 [00:03<00:00, 109.13it/s, loss=10.9795]
Epoch 346/1000: 100% 357/357 [00:03<00:00, 110.28it/s, loss=10.9619]
Epoch 347/1000: 100% 357/357 [00:03<00:00, 92.82it/s, loss=10.9818] 
Epoch 348/1000: 100% 357/357 [00:03<00:00, 105.79it/s, loss=10.9709]
Epoch 349/1000: 100% 357/357 [00:03<00:00, 108.77it/s, loss=10.9932]
Epoch 350/1000: 100% 357/357 [00:03<00:00, 101.01it/s, loss=10.9761]
2025-11-06 07:45:13,444 [INFO] Epoch 350/1000 | Time: 3.58s | Loss: 10.9761 | Eval Return: 9.80
Epoch 351/1000: 100% 357/357 [00:03<00:00, 99.44it/s, loss=10.9909] 
Epoch 352/1000: 100% 357/357 [00:03<00:00, 106.81it/s, loss=10.9879]
Epoch 353/1000: 100% 357/357 [00:03<00:00, 108.61it/s, loss=11.0057]
Epoch 354/1000: 100% 357/357 [00:03<00:00, 93.31it/s, loss=10.9811] 
Epoch 355/1000: 100% 357/357 [00:03<00:00, 109.28it/s, loss=10.9947]
Epoch 356/1000: 100% 357/357 [00:03<00:00, 107.75it/s, loss=10.9888]
Epoch 357/1000: 100% 357/357 [00:03<00:00, 101.38it/s, loss=10.9864]
Epoch 358/1000: 100% 357/357 [00:03<00:00, 100.81it/s, loss=11.0130]
Epoch 359/1000: 100% 357/357 [00:03<00:00, 107.44it/s, loss=11.0020]
Epoch 360/1000: 100% 357/357 [00:03<00:00, 107.93it/s, loss=10.9652]
2025-11-06 07:45:47,814 [INFO] Epoch 360/1000 | Time: 3.35s | Loss: 10.9652 | Eval Return: 9.30
Epoch 361/1000: 100% 357/357 [00:03<00:00, 93.45it/s, loss=10.9499] 
Epoch 362/1000: 100% 357/357 [00:03<00:00, 107.38it/s, loss=10.9904]
Epoch 363/1000: 100% 357/357 [00:03<00:00, 107.79it/s, loss=10.9749]
Epoch 364/1000: 100% 357/357 [00:03<00:00, 99.48it/s, loss=10.9694]
Epoch 365/1000: 100% 357/357 [00:03<00:00, 99.77it/s, loss=10.9559] 
Epoch 366/1000: 100% 357/357 [00:03<00:00, 108.74it/s, loss=10.9583]
Epoch 367/1000: 100% 357/357 [00:03<00:00, 107.90it/s, loss=11.0142]
Epoch 368/1000: 100% 357/357 [00:03<00:00, 90.04it/s, loss=10.9986] 
Epoch 369/1000: 100% 357/357 [00:03<00:00, 105.90it/s, loss=10.9651]
Epoch 370/1000: 100% 357/357 [00:03<00:00, 109.48it/s, loss=10.9474]
2025-11-06 07:46:22,660 [INFO] Epoch 370/1000 | Time: 3.29s | Loss: 10.9474 | Eval Return: 9.30
Epoch 371/1000: 100% 357/357 [00:03<00:00, 99.76it/s, loss=10.9700]
Epoch 372/1000: 100% 357/357 [00:03<00:00, 95.29it/s, loss=10.9703] 
Epoch 373/1000: 100% 357/357 [00:03<00:00, 104.51it/s, loss=10.9859]
Epoch 374/1000: 100% 357/357 [00:03<00:00, 106.50it/s, loss=10.9898]
Epoch 375/1000: 100% 357/357 [00:03<00:00, 94.66it/s, loss=10.9787] 
Epoch 376/1000: 100% 357/357 [00:03<00:00, 107.80it/s, loss=10.9821]
Epoch 377/1000: 100% 357/357 [00:03<00:00, 110.01it/s, loss=10.9389]
Epoch 378/1000: 100% 357/357 [00:03<00:00, 97.71it/s, loss=10.9717]
Epoch 379/1000: 100% 357/357 [00:03<00:00, 105.61it/s, loss=10.9710]
Epoch 380/1000: 100% 357/357 [00:03<00:00, 108.43it/s, loss=10.9697]
2025-11-06 07:46:57,441 [INFO] Epoch 380/1000 | Time: 3.32s | Loss: 10.9697 | Eval Return: 9.00
Epoch 381/1000: 100% 357/357 [00:03<00:00, 105.64it/s, loss=10.9280]
Epoch 382/1000: 100% 357/357 [00:03<00:00, 92.10it/s, loss=10.9426] 
Epoch 383/1000: 100% 357/357 [00:03<00:00, 110.10it/s, loss=10.9435]
Epoch 384/1000: 100% 357/357 [00:03<00:00, 108.82it/s, loss=10.9470]
Epoch 385/1000: 100% 357/357 [00:03<00:00, 98.29it/s, loss=10.9674]
Epoch 386/1000: 100% 357/357 [00:03<00:00, 104.94it/s, loss=10.9480]
Epoch 387/1000: 100% 357/357 [00:03<00:00, 108.88it/s, loss=10.9671]
Epoch 388/1000: 100% 357/357 [00:03<00:00, 109.23it/s, loss=11.0118]
Epoch 389/1000: 100% 357/357 [00:03<00:00, 94.49it/s, loss=10.9303] 
Epoch 390/1000: 100% 357/357 [00:03<00:00, 108.88it/s, loss=10.9441]
2025-11-06 07:47:31,899 [INFO] Epoch 390/1000 | Time: 3.32s | Loss: 10.9441 | Eval Return: 9.50
Epoch 391/1000: 100% 357/357 [00:03<00:00, 107.28it/s, loss=10.8982]
Epoch 392/1000: 100% 357/357 [00:03<00:00, 100.63it/s, loss=10.9454]
Epoch 393/1000: 100% 357/357 [00:03<00:00, 103.67it/s, loss=10.9343]
Epoch 394/1000: 100% 357/357 [00:03<00:00, 110.26it/s, loss=10.9652]
Epoch 395/1000: 100% 357/357 [00:03<00:00, 110.77it/s, loss=10.9229]
Epoch 396/1000: 100% 357/357 [00:03<00:00, 95.63it/s, loss=10.9379] 
Epoch 397/1000: 100% 357/357 [00:03<00:00, 109.28it/s, loss=10.9071]
Epoch 398/1000: 100% 357/357 [00:03<00:00, 110.12it/s, loss=10.9088]
Epoch 399/1000: 100% 357/357 [00:03<00:00, 101.88it/s, loss=10.9929]
Epoch 400/1000: 100% 357/357 [00:03<00:00, 100.12it/s, loss=10.9103]
2025-11-06 07:48:06,032 [INFO] Epoch 400/1000 | Time: 3.60s | Loss: 10.9103 | Eval Return: 9.90
Epoch 401/1000: 100% 357/357 [00:03<00:00, 109.30it/s, loss=10.9674]
Epoch 402/1000: 100% 357/357 [00:03<00:00, 110.21it/s, loss=10.9545]
Epoch 403/1000: 100% 357/357 [00:03<00:00, 93.99it/s, loss=10.9367] 
Epoch 404/1000: 100% 357/357 [00:03<00:00, 109.93it/s, loss=10.8981]
Epoch 405/1000: 100% 357/357 [00:03<00:00, 109.28it/s, loss=11.0061]
Epoch 406/1000: 100% 357/357 [00:03<00:00, 103.58it/s, loss=10.9251]
Epoch 407/1000: 100% 357/357 [00:03<00:00, 100.65it/s, loss=10.9621]
Epoch 408/1000: 100% 357/357 [00:03<00:00, 108.64it/s, loss=10.9320]
Epoch 409/1000: 100% 357/357 [00:03<00:00, 108.39it/s, loss=10.9165]
Epoch 410/1000: 100% 357/357 [00:03<00:00, 95.32it/s, loss=10.9762] 
2025-11-06 07:48:40,209 [INFO] Epoch 410/1000 | Time: 3.78s | Loss: 10.9762 | Eval Return: 9.40
Epoch 411/1000: 100% 357/357 [00:03<00:00, 108.84it/s, loss=10.9783]
Epoch 412/1000: 100% 357/357 [00:03<00:00, 109.23it/s, loss=10.9223]
Epoch 413/1000: 100% 357/357 [00:03<00:00, 104.58it/s, loss=10.9718]
Epoch 414/1000: 100% 357/357 [00:03<00:00, 98.97it/s, loss=10.9767] 
Epoch 415/1000: 100% 357/357 [00:03<00:00, 109.45it/s, loss=10.9834]
Epoch 416/1000: 100% 357/357 [00:03<00:00, 110.65it/s, loss=10.9590]
Epoch 417/1000: 100% 357/357 [00:03<00:00, 94.51it/s, loss=10.9368]
Epoch 418/1000: 100% 357/357 [00:03<00:00, 110.33it/s, loss=10.9044]
Epoch 419/1000: 100% 357/357 [00:03<00:00, 109.49it/s, loss=10.9433]
Epoch 420/1000: 100% 357/357 [00:03<00:00, 107.02it/s, loss=10.9527]
2025-11-06 07:49:13,924 [INFO] Epoch 420/1000 | Time: 3.38s | Loss: 10.9527 | Eval Return: 9.00
Epoch 421/1000: 100% 357/357 [00:03<00:00, 94.52it/s, loss=10.9081] 
Epoch 422/1000: 100% 357/357 [00:03<00:00, 109.62it/s, loss=10.9350]
Epoch 423/1000: 100% 357/357 [00:03<00:00, 109.06it/s, loss=10.9832]
Epoch 424/1000: 100% 357/357 [00:03<00:00, 95.40it/s, loss=10.9276]
Epoch 425/1000: 100% 357/357 [00:03<00:00, 108.56it/s, loss=10.9062]
Epoch 426/1000: 100% 357/357 [00:03<00:00, 109.80it/s, loss=10.9637]
Epoch 427/1000: 100% 357/357 [00:03<00:00, 110.22it/s, loss=10.9633]
Epoch 428/1000: 100% 357/357 [00:03<00:00, 94.85it/s, loss=10.9238] 
Epoch 429/1000: 100% 357/357 [00:03<00:00, 109.20it/s, loss=10.9578]
Epoch 430/1000: 100% 357/357 [00:03<00:00, 109.84it/s, loss=10.9324]
2025-11-06 07:49:48,072 [INFO] Epoch 430/1000 | Time: 3.28s | Loss: 10.9324 | Eval Return: 9.10
Epoch 431/1000: 100% 357/357 [00:03<00:00, 93.27it/s, loss=10.9068]
Epoch 432/1000: 100% 357/357 [00:03<00:00, 108.89it/s, loss=10.9730]
Epoch 433/1000: 100% 357/357 [00:03<00:00, 109.49it/s, loss=10.9183]
Epoch 434/1000: 100% 357/357 [00:03<00:00, 109.78it/s, loss=10.9327]
Epoch 435/1000: 100% 357/357 [00:03<00:00, 93.83it/s, loss=10.9326] 
Epoch 436/1000: 100% 357/357 [00:03<00:00, 110.24it/s, loss=10.9624]
Epoch 437/1000: 100% 357/357 [00:03<00:00, 107.60it/s, loss=10.9785]
Epoch 438/1000: 100% 357/357 [00:03<00:00, 93.84it/s, loss=10.8789]
Epoch 439/1000: 100% 357/357 [00:03<00:00, 104.69it/s, loss=10.9166]
Epoch 440/1000: 100% 357/357 [00:03<00:00, 107.59it/s, loss=10.9632]
2025-11-06 07:50:22,627 [INFO] Epoch 440/1000 | Time: 3.36s | Loss: 10.9632 | Eval Return: 9.80
Epoch 441/1000: 100% 357/357 [00:03<00:00, 107.89it/s, loss=10.9494]
Epoch 442/1000: 100% 357/357 [00:03<00:00, 95.87it/s, loss=10.9018] 
Epoch 443/1000: 100% 357/357 [00:03<00:00, 109.82it/s, loss=10.9254]
Epoch 444/1000: 100% 357/357 [00:03<00:00, 108.90it/s, loss=10.9075]
Epoch 445/1000: 100% 357/357 [00:03<00:00, 96.75it/s, loss=10.9364]
Epoch 446/1000: 100% 357/357 [00:03<00:00, 106.27it/s, loss=10.9426]
Epoch 447/1000: 100% 357/357 [00:03<00:00, 107.92it/s, loss=10.9187]
Epoch 448/1000: 100% 357/357 [00:03<00:00, 108.39it/s, loss=10.9771]
Epoch 449/1000: 100% 357/357 [00:03<00:00, 94.74it/s, loss=10.9203] 
Epoch 450/1000: 100% 357/357 [00:03<00:00, 107.96it/s, loss=10.9628]
2025-11-06 07:50:56,949 [INFO] Epoch 450/1000 | Time: 3.34s | Loss: 10.9628 | Eval Return: 9.30
Epoch 451/1000: 100% 357/357 [00:03<00:00, 107.24it/s, loss=10.9034]
Epoch 452/1000: 100% 357/357 [00:03<00:00, 94.42it/s, loss=10.9137]
Epoch 453/1000: 100% 357/357 [00:03<00:00, 105.01it/s, loss=10.9281]
Epoch 454/1000: 100% 357/357 [00:03<00:00, 107.15it/s, loss=10.8955]
Epoch 455/1000: 100% 357/357 [00:03<00:00, 107.46it/s, loss=10.8834]
Epoch 456/1000: 100% 357/357 [00:03<00:00, 95.80it/s, loss=10.9028] 
Epoch 457/1000: 100% 357/357 [00:03<00:00, 109.64it/s, loss=10.9394]
Epoch 458/1000: 100% 357/357 [00:03<00:00, 110.10it/s, loss=10.9235]
Epoch 459/1000: 100% 357/357 [00:03<00:00, 98.90it/s, loss=10.9357]
Epoch 460/1000: 100% 357/357 [00:03<00:00, 106.30it/s, loss=10.9448]
2025-11-06 07:51:31,349 [INFO] Epoch 460/1000 | Time: 3.39s | Loss: 10.9448 | Eval Return: 9.50
Epoch 461/1000: 100% 357/357 [00:03<00:00, 105.53it/s, loss=10.9607]
Epoch 462/1000: 100% 357/357 [00:03<00:00, 109.74it/s, loss=10.9060]
Epoch 463/1000: 100% 357/357 [00:03<00:00, 95.19it/s, loss=10.8971] 
Epoch 464/1000: 100% 357/357 [00:03<00:00, 110.00it/s, loss=10.8746]
Epoch 465/1000: 100% 357/357 [00:03<00:00, 110.58it/s, loss=10.9178]
Epoch 466/1000: 100% 357/357 [00:03<00:00, 99.98it/s, loss=10.9647]
Epoch 467/1000: 100% 357/357 [00:03<00:00, 106.09it/s, loss=10.8931]
Epoch 468/1000: 100% 357/357 [00:03<00:00, 109.76it/s, loss=10.8849]
Epoch 469/1000: 100% 357/357 [00:03<00:00, 109.42it/s, loss=10.9181]
Epoch 470/1000: 100% 357/357 [00:03<00:00, 94.95it/s, loss=10.8979] 
2025-11-06 07:52:05,455 [INFO] Epoch 470/1000 | Time: 3.79s | Loss: 10.8979 | Eval Return: 9.70
Epoch 471/1000: 100% 357/357 [00:03<00:00, 110.01it/s, loss=10.9247]
Epoch 472/1000: 100% 357/357 [00:03<00:00, 110.06it/s, loss=10.9267]
Epoch 473/1000: 100% 357/357 [00:03<00:00, 101.91it/s, loss=10.8876]
Epoch 474/1000: 100% 357/357 [00:03<00:00, 103.09it/s, loss=10.9541]
Epoch 475/1000: 100% 357/357 [00:03<00:00, 108.36it/s, loss=10.8803]
Epoch 476/1000: 100% 357/357 [00:03<00:00, 107.63it/s, loss=10.9129]
Epoch 477/1000: 100% 357/357 [00:03<00:00, 95.12it/s, loss=10.8865] 
Epoch 478/1000: 100% 357/357 [00:03<00:00, 110.19it/s, loss=10.8720]
Epoch 479/1000: 100% 357/357 [00:03<00:00, 107.93it/s, loss=10.8812]
Epoch 480/1000: 100% 357/357 [00:03<00:00, 103.05it/s, loss=10.8856]
2025-11-06 07:52:39,327 [INFO] Epoch 480/1000 | Time: 3.50s | Loss: 10.8856 | Eval Return: 9.00
Epoch 481/1000: 100% 357/357 [00:03<00:00, 101.73it/s, loss=10.9243]
Epoch 482/1000: 100% 357/357 [00:03<00:00, 107.64it/s, loss=10.8640]
Epoch 483/1000: 100% 357/357 [00:03<00:00, 107.97it/s, loss=10.8897]
Epoch 484/1000: 100% 357/357 [00:03<00:00, 95.97it/s, loss=10.8866] 
Epoch 485/1000: 100% 357/357 [00:03<00:00, 108.53it/s, loss=10.9002]
Epoch 486/1000: 100% 357/357 [00:03<00:00, 109.20it/s, loss=10.8744]
Epoch 487/1000: 100% 357/357 [00:03<00:00, 103.44it/s, loss=10.9162]
Epoch 488/1000: 100% 357/357 [00:03<00:00, 101.23it/s, loss=10.9470]
Epoch 489/1000: 100% 357/357 [00:03<00:00, 110.91it/s, loss=10.8707]
Epoch 490/1000: 100% 357/357 [00:03<00:00, 110.77it/s, loss=10.8798]
2025-11-06 07:53:13,194 [INFO] Epoch 490/1000 | Time: 3.26s | Loss: 10.8798 | Eval Return: 9.80
Epoch 491/1000: 100% 357/357 [00:03<00:00, 93.65it/s, loss=10.9265] 
Epoch 492/1000: 100% 357/357 [00:03<00:00, 110.18it/s, loss=10.8777]
Epoch 493/1000: 100% 357/357 [00:03<00:00, 108.81it/s, loss=10.8617]
Epoch 494/1000: 100% 357/357 [00:03<00:00, 105.08it/s, loss=10.8938]
Epoch 495/1000: 100% 357/357 [00:03<00:00, 98.17it/s, loss=10.8735] 
Epoch 496/1000: 100% 357/357 [00:03<00:00, 109.52it/s, loss=10.8605]
Epoch 497/1000: 100% 357/357 [00:03<00:00, 107.76it/s, loss=10.9122]
Epoch 498/1000: 100% 357/357 [00:03<00:00, 95.22it/s, loss=10.8710] 
Epoch 499/1000: 100% 357/357 [00:03<00:00, 110.22it/s, loss=10.8945]
Epoch 500/1000: 100% 357/357 [00:03<00:00, 109.86it/s, loss=10.8791]
2025-11-06 07:53:47,410 [INFO] Epoch 500/1000 | Time: 3.29s | Loss: 10.8791 | Eval Return: 9.50
Epoch 501/1000: 100% 357/357 [00:03<00:00, 104.50it/s, loss=10.8749]
Epoch 502/1000: 100% 357/357 [00:03<00:00, 97.96it/s, loss=10.9004] 
Epoch 503/1000: 100% 357/357 [00:03<00:00, 108.82it/s, loss=10.9123]
Epoch 504/1000: 100% 357/357 [00:03<00:00, 108.57it/s, loss=10.9201]
Epoch 505/1000: 100% 357/357 [00:03<00:00, 94.25it/s, loss=10.9336]
Epoch 506/1000: 100% 357/357 [00:03<00:00, 109.88it/s, loss=10.9090]
Epoch 507/1000: 100% 357/357 [00:03<00:00, 110.01it/s, loss=10.8645]
Epoch 508/1000: 100% 357/357 [00:03<00:00, 106.86it/s, loss=10.8969]
Epoch 509/1000: 100% 357/357 [00:03<00:00, 97.55it/s, loss=10.8775] 
Epoch 510/1000: 100% 357/357 [00:03<00:00, 109.73it/s, loss=10.8431]
2025-11-06 07:54:21,614 [INFO] Epoch 510/1000 | Time: 3.28s | Loss: 10.8431 | Eval Return: 9.10
Epoch 511/1000: 100% 357/357 [00:03<00:00, 108.23it/s, loss=10.8884]
Epoch 512/1000: 100% 357/357 [00:03<00:00, 96.43it/s, loss=10.8774]
Epoch 513/1000: 100% 357/357 [00:03<00:00, 110.79it/s, loss=10.8760]
Epoch 514/1000: 100% 357/357 [00:03<00:00, 109.43it/s, loss=10.8549]
Epoch 515/1000: 100% 357/357 [00:03<00:00, 109.52it/s, loss=10.8689]
Epoch 516/1000: 100% 357/357 [00:03<00:00, 95.49it/s, loss=10.9093] 
Epoch 517/1000: 100% 357/357 [00:03<00:00, 109.79it/s, loss=10.8488]
Epoch 518/1000: 100% 357/357 [00:03<00:00, 108.82it/s, loss=10.9293]
Epoch 519/1000: 100% 357/357 [00:03<00:00, 95.32it/s, loss=10.8732]
Epoch 520/1000: 100% 357/357 [00:03<00:00, 109.07it/s, loss=10.8767]
2025-11-06 07:54:55,683 [INFO] Epoch 520/1000 | Time: 3.30s | Loss: 10.8767 | Eval Return: 9.40
Epoch 521/1000: 100% 357/357 [00:03<00:00, 108.72it/s, loss=10.8268]
Epoch 522/1000: 100% 357/357 [00:03<00:00, 109.82it/s, loss=10.8293]
Epoch 523/1000: 100% 357/357 [00:03<00:00, 95.19it/s, loss=10.8892] 
Epoch 524/1000: 100% 357/357 [00:03<00:00, 110.16it/s, loss=10.8561]
Epoch 525/1000: 100% 357/357 [00:03<00:00, 109.69it/s, loss=10.8512]
Epoch 526/1000: 100% 357/357 [00:03<00:00, 97.98it/s, loss=10.8384]
Epoch 527/1000: 100% 357/357 [00:03<00:00, 106.30it/s, loss=10.8651]
Epoch 528/1000: 100% 357/357 [00:03<00:00, 109.65it/s, loss=10.8120]
Epoch 529/1000: 100% 357/357 [00:03<00:00, 109.52it/s, loss=10.8088]
Epoch 530/1000: 100% 357/357 [00:03<00:00, 96.10it/s, loss=10.8525] 
2025-11-06 07:55:29,734 [INFO] Epoch 530/1000 | Time: 3.75s | Loss: 10.8525 | Eval Return: 9.30
Epoch 531/1000: 100% 357/357 [00:03<00:00, 110.49it/s, loss=10.8783]
Epoch 532/1000: 100% 357/357 [00:03<00:00, 106.61it/s, loss=10.8793]
Epoch 533/1000: 100% 357/357 [00:03<00:00, 100.53it/s, loss=10.8541]
Epoch 534/1000: 100% 357/357 [00:03<00:00, 104.75it/s, loss=10.8434]
Epoch 535/1000: 100% 357/357 [00:03<00:00, 108.93it/s, loss=10.8696]
Epoch 536/1000: 100% 357/357 [00:03<00:00, 110.39it/s, loss=10.8429]
Epoch 537/1000: 100% 357/357 [00:03<00:00, 93.90it/s, loss=10.8603] 
Epoch 538/1000: 100% 357/357 [00:03<00:00, 110.44it/s, loss=10.8185]
Epoch 539/1000: 100% 357/357 [00:03<00:00, 108.51it/s, loss=10.8658]
Epoch 540/1000: 100% 357/357 [00:03<00:00, 100.99it/s, loss=10.8699]
2025-11-06 07:56:03,685 [INFO] Epoch 540/1000 | Time: 3.57s | Loss: 10.8699 | Eval Return: 9.10
Epoch 541/1000: 100% 357/357 [00:03<00:00, 99.98it/s, loss=10.8282] 
Epoch 542/1000: 100% 357/357 [00:03<00:00, 107.58it/s, loss=10.8298]
Epoch 543/1000: 100% 357/357 [00:03<00:00, 109.56it/s, loss=10.9093]
Epoch 544/1000: 100% 357/357 [00:03<00:00, 94.70it/s, loss=10.7927] 
Epoch 545/1000: 100% 357/357 [00:03<00:00, 108.68it/s, loss=10.8188]
Epoch 546/1000: 100% 357/357 [00:03<00:00, 109.63it/s, loss=10.8283]
Epoch 547/1000: 100% 357/357 [00:03<00:00, 100.20it/s, loss=10.8152]
Epoch 548/1000: 100% 357/357 [00:03<00:00, 102.16it/s, loss=10.8224]
Epoch 549/1000: 100% 357/357 [00:03<00:00, 109.90it/s, loss=10.8370]
Epoch 550/1000: 100% 357/357 [00:03<00:00, 108.38it/s, loss=10.8589]
2025-11-06 07:56:37,777 [INFO] Epoch 550/1000 | Time: 3.32s | Loss: 10.8589 | Eval Return: 9.20
Epoch 551/1000: 100% 357/357 [00:03<00:00, 96.04it/s, loss=10.8871] 
Epoch 552/1000: 100% 357/357 [00:03<00:00, 109.25it/s, loss=10.8579]
Epoch 553/1000: 100% 357/357 [00:03<00:00, 109.03it/s, loss=10.8430]
Epoch 554/1000: 100% 357/357 [00:03<00:00, 103.38it/s, loss=10.8026]
Epoch 555/1000: 100% 357/357 [00:03<00:00, 101.83it/s, loss=10.7353]
Epoch 556/1000: 100% 357/357 [00:03<00:00, 107.19it/s, loss=10.8036]
Epoch 557/1000: 100% 357/357 [00:03<00:00, 109.80it/s, loss=10.8170]
Epoch 558/1000: 100% 357/357 [00:03<00:00, 95.83it/s, loss=10.7800] 
Epoch 559/1000: 100% 357/357 [00:03<00:00, 108.24it/s, loss=10.8575]
Epoch 560/1000: 100% 357/357 [00:03<00:00, 110.93it/s, loss=10.7966]
2025-11-06 07:57:11,860 [INFO] Epoch 560/1000 | Time: 3.25s | Loss: 10.7966 | Eval Return: 9.50
Epoch 561/1000: 100% 357/357 [00:03<00:00, 104.17it/s, loss=10.8556]
Epoch 562/1000: 100% 357/357 [00:03<00:00, 100.10it/s, loss=10.8130]
Epoch 563/1000: 100% 357/357 [00:03<00:00, 109.58it/s, loss=10.8060]
Epoch 564/1000: 100% 357/357 [00:03<00:00, 109.53it/s, loss=10.8614]
Epoch 565/1000: 100% 357/357 [00:03<00:00, 94.23it/s, loss=10.7755] 
Epoch 566/1000: 100% 357/357 [00:03<00:00, 109.57it/s, loss=10.8000]
Epoch 567/1000: 100% 357/357 [00:03<00:00, 107.87it/s, loss=10.8308]
Epoch 568/1000: 100% 357/357 [00:03<00:00, 105.55it/s, loss=10.7604]
Epoch 569/1000: 100% 357/357 [00:03<00:00, 98.70it/s, loss=10.8251] 
Epoch 570/1000: 100% 357/357 [00:03<00:00, 109.43it/s, loss=10.8473]
2025-11-06 07:57:46,025 [INFO] Epoch 570/1000 | Time: 3.30s | Loss: 10.8473 | Eval Return: 9.30
Epoch 571/1000: 100% 357/357 [00:03<00:00, 108.54it/s, loss=10.8507]
Epoch 572/1000: 100% 357/357 [00:03<00:00, 95.46it/s, loss=10.7857] 
Epoch 573/1000: 100% 357/357 [00:03<00:00, 109.73it/s, loss=10.7857]
Epoch 574/1000: 100% 357/357 [00:03<00:00, 109.46it/s, loss=10.7573]
Epoch 575/1000: 100% 357/357 [00:03<00:00, 106.11it/s, loss=10.7852]
Epoch 576/1000: 100% 357/357 [00:03<00:00, 97.66it/s, loss=10.8071] 
Epoch 577/1000: 100% 357/357 [00:03<00:00, 109.56it/s, loss=10.8160]
Epoch 578/1000: 100% 357/357 [00:03<00:00, 110.12it/s, loss=10.7713]
Epoch 579/1000: 100% 357/357 [00:03<00:00, 94.71it/s, loss=10.7492]
Epoch 580/1000: 100% 357/357 [00:03<00:00, 107.57it/s, loss=10.8278]
2025-11-06 07:58:20,212 [INFO] Epoch 580/1000 | Time: 3.35s | Loss: 10.8278 | Eval Return: 9.00
Epoch 581/1000: 100% 357/357 [00:03<00:00, 108.98it/s, loss=10.8003]
Epoch 582/1000: 100% 357/357 [00:03<00:00, 106.66it/s, loss=10.7977]
Epoch 583/1000: 100% 357/357 [00:03<00:00, 97.98it/s, loss=10.8148] 
Epoch 584/1000: 100% 357/357 [00:03<00:00, 110.28it/s, loss=10.7866]
Epoch 585/1000: 100% 357/357 [00:03<00:00, 109.31it/s, loss=10.7741]
Epoch 586/1000: 100% 357/357 [00:03<00:00, 95.32it/s, loss=10.7586]
Epoch 587/1000: 100% 357/357 [00:03<00:00, 109.06it/s, loss=10.7190]
Epoch 588/1000: 100% 357/357 [00:03<00:00, 109.12it/s, loss=10.7429]
Epoch 589/1000: 100% 357/357 [00:03<00:00, 109.59it/s, loss=10.7434]
Epoch 590/1000: 100% 357/357 [00:03<00:00, 94.94it/s, loss=10.7393] 
2025-11-06 07:58:54,323 [INFO] Epoch 590/1000 | Time: 3.79s | Loss: 10.7393 | Eval Return: 9.20
Epoch 591/1000: 100% 357/357 [00:03<00:00, 106.56it/s, loss=10.7760]
Epoch 592/1000: 100% 357/357 [00:03<00:00, 109.91it/s, loss=10.7632]
Epoch 593/1000: 100% 357/357 [00:03<00:00, 95.35it/s, loss=10.7200]
Epoch 594/1000: 100% 357/357 [00:03<00:00, 109.51it/s, loss=10.7649]
Epoch 595/1000: 100% 357/357 [00:03<00:00, 109.97it/s, loss=10.7440]
Epoch 596/1000: 100% 357/357 [00:03<00:00, 109.31it/s, loss=10.7419]
Epoch 597/1000: 100% 357/357 [00:03<00:00, 95.87it/s, loss=10.7155] 
Epoch 598/1000: 100% 357/357 [00:03<00:00, 108.96it/s, loss=10.7599]
Epoch 599/1000: 100% 357/357 [00:03<00:00, 109.35it/s, loss=10.7186]
Epoch 600/1000: 100% 357/357 [00:03<00:00, 96.97it/s, loss=10.7543]
2025-11-06 07:59:28,435 [INFO] Epoch 600/1000 | Time: 3.73s | Loss: 10.7543 | Eval Return: 9.00
Epoch 601/1000: 100% 357/357 [00:03<00:00, 106.16it/s, loss=10.7465]
Epoch 602/1000: 100% 357/357 [00:03<00:00, 108.83it/s, loss=10.8053]
Epoch 603/1000: 100% 357/357 [00:03<00:00, 107.49it/s, loss=10.7969]
Epoch 604/1000: 100% 357/357 [00:03<00:00, 95.10it/s, loss=10.7253] 
Epoch 605/1000: 100% 357/357 [00:03<00:00, 109.51it/s, loss=10.7321]
Epoch 606/1000: 100% 357/357 [00:03<00:00, 109.55it/s, loss=10.7367]
Epoch 607/1000: 100% 357/357 [00:03<00:00, 99.44it/s, loss=10.7233]
Epoch 608/1000: 100% 357/357 [00:03<00:00, 104.48it/s, loss=10.6877]
Epoch 609/1000: 100% 357/357 [00:03<00:00, 110.28it/s, loss=10.7273]
Epoch 610/1000: 100% 357/357 [00:03<00:00, 109.72it/s, loss=10.7141]
2025-11-06 08:00:02,212 [INFO] Epoch 610/1000 | Time: 3.28s | Loss: 10.7141 | Eval Return: 9.10
Epoch 611/1000: 100% 357/357 [00:03<00:00, 94.97it/s, loss=10.7498] 
Epoch 612/1000: 100% 357/357 [00:03<00:00, 105.69it/s, loss=10.7436]
Epoch 613/1000: 100% 357/357 [00:03<00:00, 107.79it/s, loss=10.7274]
Epoch 614/1000: 100% 357/357 [00:03<00:00, 97.39it/s, loss=10.7095]
Epoch 615/1000: 100% 357/357 [00:03<00:00, 102.81it/s, loss=10.7428]
Epoch 616/1000: 100% 357/357 [00:03<00:00, 107.70it/s, loss=10.7311]
Epoch 617/1000: 100% 357/357 [00:03<00:00, 109.00it/s, loss=10.7359]
Epoch 618/1000: 100% 357/357 [00:03<00:00, 95.16it/s, loss=10.7501] 
Epoch 619/1000: 100% 357/357 [00:03<00:00, 108.79it/s, loss=10.7100]
Epoch 620/1000: 100% 357/357 [00:03<00:00, 107.51it/s, loss=10.6732]
2025-11-06 08:00:36,778 [INFO] Epoch 620/1000 | Time: 3.35s | Loss: 10.6732 | Eval Return: 9.70
Epoch 621/1000: 100% 357/357 [00:03<00:00, 95.31it/s, loss=10.7125]
Epoch 622/1000: 100% 357/357 [00:03<00:00, 107.11it/s, loss=10.7111]
Epoch 623/1000: 100% 357/357 [00:03<00:00, 108.23it/s, loss=10.6963]
Epoch 624/1000: 100% 357/357 [00:03<00:00, 109.66it/s, loss=10.6744]
Epoch 625/1000: 100% 357/357 [00:03<00:00, 94.45it/s, loss=10.6879] 
Epoch 626/1000: 100% 357/357 [00:03<00:00, 108.35it/s, loss=10.6952]
Epoch 627/1000: 100% 357/357 [00:03<00:00, 107.45it/s, loss=10.7253]
Epoch 628/1000: 100% 357/357 [00:03<00:00, 95.10it/s, loss=10.6830]
Epoch 629/1000: 100% 357/357 [00:03<00:00, 105.02it/s, loss=10.6964]
Epoch 630/1000: 100% 357/357 [00:03<00:00, 107.75it/s, loss=10.7409]
2025-11-06 08:01:11,315 [INFO] Epoch 630/1000 | Time: 3.35s | Loss: 10.7409 | Eval Return: 9.50
Epoch 631/1000: 100% 357/357 [00:03<00:00, 105.23it/s, loss=10.7324]
Epoch 632/1000: 100% 357/357 [00:03<00:00, 92.77it/s, loss=10.6841] 
Epoch 633/1000: 100% 357/357 [00:03<00:00, 106.78it/s, loss=10.7280]
Epoch 634/1000: 100% 357/357 [00:03<00:00, 107.61it/s, loss=10.7148]
Epoch 635/1000: 100% 357/357 [00:03<00:00, 95.01it/s, loss=10.6957]
Epoch 636/1000: 100% 357/357 [00:03<00:00, 109.39it/s, loss=10.6768]
Epoch 637/1000: 100% 357/357 [00:03<00:00, 107.76it/s, loss=10.7241]
Epoch 638/1000: 100% 357/357 [00:03<00:00, 106.89it/s, loss=10.7324]
Epoch 639/1000: 100% 357/357 [00:03<00:00, 96.51it/s, loss=10.6650] 
Epoch 640/1000: 100% 357/357 [00:03<00:00, 110.78it/s, loss=10.6822]
2025-11-06 08:01:45,847 [INFO] Epoch 640/1000 | Time: 3.25s | Loss: 10.6822 | Eval Return: 9.30
Epoch 641/1000: 100% 357/357 [00:03<00:00, 109.18it/s, loss=10.6869]
Epoch 642/1000: 100% 357/357 [00:03<00:00, 95.12it/s, loss=10.6891]
Epoch 643/1000: 100% 357/357 [00:03<00:00, 108.37it/s, loss=10.6991]
Epoch 644/1000: 100% 357/357 [00:03<00:00, 108.06it/s, loss=10.6777]
Epoch 645/1000: 100% 357/357 [00:03<00:00, 109.19it/s, loss=10.7158]
Epoch 646/1000: 100% 357/357 [00:03<00:00, 93.97it/s, loss=10.6881] 
Epoch 647/1000: 100% 357/357 [00:03<00:00, 104.32it/s, loss=10.6948]
Epoch 648/1000: 100% 357/357 [00:03<00:00, 103.67it/s, loss=10.6806]
Epoch 649/1000: 100% 357/357 [00:04<00:00, 88.42it/s, loss=10.7064]
Epoch 650/1000: 100% 357/357 [00:03<00:00, 104.72it/s, loss=10.7453]
2025-11-06 08:02:20,889 [INFO] Epoch 650/1000 | Time: 3.45s | Loss: 10.7453 | Eval Return: 9.10
Epoch 651/1000: 100% 357/357 [00:03<00:00, 103.54it/s, loss=10.6483]
Epoch 652/1000: 100% 357/357 [00:03<00:00, 97.26it/s, loss=10.6944]
Epoch 653/1000: 100% 357/357 [00:03<00:00, 98.50it/s, loss=10.6643] 
Epoch 654/1000: 100% 357/357 [00:03<00:00, 107.99it/s, loss=10.6328]
Epoch 655/1000: 100% 357/357 [00:03<00:00, 108.10it/s, loss=10.6589]
Epoch 656/1000: 100% 357/357 [00:03<00:00, 95.21it/s, loss=10.6937] 
Epoch 657/1000: 100% 357/357 [00:03<00:00, 109.82it/s, loss=10.6812]
Epoch 658/1000: 100% 357/357 [00:03<00:00, 110.91it/s, loss=10.6153]
Epoch 659/1000: 100% 357/357 [00:03<00:00, 103.67it/s, loss=10.6716]
Epoch 660/1000: 100% 357/357 [00:03<00:00, 100.57it/s, loss=10.6705]
2025-11-06 08:02:55,498 [INFO] Epoch 660/1000 | Time: 3.58s | Loss: 10.6705 | Eval Return: 9.00
Epoch 661/1000: 100% 357/357 [00:03<00:00, 109.34it/s, loss=10.6581]
Epoch 662/1000: 100% 357/357 [00:03<00:00, 107.41it/s, loss=10.6356]
Epoch 663/1000: 100% 357/357 [00:03<00:00, 94.63it/s, loss=10.6470] 
Epoch 664/1000: 100% 357/357 [00:03<00:00, 109.04it/s, loss=10.6422]
Epoch 665/1000: 100% 357/357 [00:03<00:00, 109.37it/s, loss=10.6212]
Epoch 666/1000: 100% 357/357 [00:03<00:00, 104.63it/s, loss=10.6890]
Epoch 667/1000: 100% 357/357 [00:03<00:00, 99.08it/s, loss=10.6277] 
Epoch 668/1000: 100% 357/357 [00:03<00:00, 106.77it/s, loss=10.5997]
Epoch 669/1000: 100% 357/357 [00:03<00:00, 109.49it/s, loss=10.6812]
Epoch 670/1000: 100% 357/357 [00:03<00:00, 94.70it/s, loss=10.6467] 
2025-11-06 08:03:29,821 [INFO] Epoch 670/1000 | Time: 3.80s | Loss: 10.6467 | Eval Return: 9.60
Epoch 671/1000: 100% 357/357 [00:03<00:00, 108.10it/s, loss=10.6240]
Epoch 672/1000: 100% 357/357 [00:03<00:00, 106.90it/s, loss=10.6313]
Epoch 673/1000: 100% 357/357 [00:03<00:00, 101.77it/s, loss=10.6334]
Epoch 674/1000: 100% 357/357 [00:03<00:00, 97.40it/s, loss=10.6024] 
Epoch 675/1000: 100% 357/357 [00:03<00:00, 107.44it/s, loss=10.6628]
Epoch 676/1000: 100% 357/357 [00:03<00:00, 109.35it/s, loss=10.6169]
Epoch 677/1000: 100% 357/357 [00:03<00:00, 94.63it/s, loss=10.6568] 
Epoch 678/1000: 100% 357/357 [00:03<00:00, 109.76it/s, loss=10.5801]
Epoch 679/1000: 100% 357/357 [00:03<00:00, 109.65it/s, loss=10.5928]
Epoch 680/1000: 100% 357/357 [00:03<00:00, 101.08it/s, loss=10.6574]
2025-11-06 08:04:04,081 [INFO] Epoch 680/1000 | Time: 3.57s | Loss: 10.6574 | Eval Return: 9.20
Epoch 681/1000: 100% 357/357 [00:03<00:00, 95.60it/s, loss=10.5911] 
Epoch 682/1000: 100% 357/357 [00:03<00:00, 109.20it/s, loss=10.6150]
Epoch 683/1000: 100% 357/357 [00:03<00:00, 109.23it/s, loss=10.6030]
Epoch 684/1000: 100% 357/357 [00:03<00:00, 94.24it/s, loss=10.6313] 
Epoch 685/1000: 100% 357/357 [00:03<00:00, 107.73it/s, loss=10.6347]
Epoch 686/1000: 100% 357/357 [00:03<00:00, 109.19it/s, loss=10.6547]
Epoch 687/1000: 100% 357/357 [00:03<00:00, 103.93it/s, loss=10.5984]
Epoch 688/1000: 100% 357/357 [00:03<00:00, 100.43it/s, loss=10.6056]
Epoch 689/1000: 100% 357/357 [00:03<00:00, 107.67it/s, loss=10.6283]
Epoch 690/1000: 100% 357/357 [00:03<00:00, 107.66it/s, loss=10.6462]
2025-11-06 08:04:38,383 [INFO] Epoch 690/1000 | Time: 3.35s | Loss: 10.6462 | Eval Return: 9.30
Epoch 691/1000: 100% 357/357 [00:03<00:00, 93.22it/s, loss=10.5875] 
Epoch 692/1000: 100% 357/357 [00:03<00:00, 108.59it/s, loss=10.5756]
Epoch 693/1000: 100% 357/357 [00:03<00:00, 109.69it/s, loss=10.5586]
Epoch 694/1000: 100% 357/357 [00:03<00:00, 103.14it/s, loss=10.5628]
Epoch 695/1000: 100% 357/357 [00:03<00:00, 99.37it/s, loss=10.5451] 
Epoch 696/1000: 100% 357/357 [00:03<00:00, 109.01it/s, loss=10.6070]
Epoch 697/1000: 100% 357/357 [00:03<00:00, 108.49it/s, loss=10.5791]
Epoch 698/1000: 100% 357/357 [00:03<00:00, 94.85it/s, loss=10.5997] 
Epoch 699/1000: 100% 357/357 [00:03<00:00, 107.99it/s, loss=10.5874]
Epoch 700/1000: 100% 357/357 [00:03<00:00, 110.71it/s, loss=10.5963]
2025-11-06 08:05:12,704 [INFO] Epoch 700/1000 | Time: 3.26s | Loss: 10.5963 | Eval Return: 9.50
Epoch 701/1000: 100% 357/357 [00:03<00:00, 105.19it/s, loss=10.5979]
Epoch 702/1000: 100% 357/357 [00:03<00:00, 99.08it/s, loss=10.5948] 
Epoch 703/1000: 100% 357/357 [00:03<00:00, 109.13it/s, loss=10.5929]
Epoch 704/1000: 100% 357/357 [00:03<00:00, 109.70it/s, loss=10.5423]
Epoch 705/1000: 100% 357/357 [00:03<00:00, 94.71it/s, loss=10.6072]
Epoch 706/1000: 100% 357/357 [00:03<00:00, 110.38it/s, loss=10.6126]
Epoch 707/1000: 100% 357/357 [00:03<00:00, 108.27it/s, loss=10.6072]
Epoch 708/1000: 100% 357/357 [00:03<00:00, 105.98it/s, loss=10.6142]
Epoch 709/1000: 100% 357/357 [00:03<00:00, 97.26it/s, loss=10.5774] 
Epoch 710/1000: 100% 357/357 [00:03<00:00, 109.38it/s, loss=10.5576]
2025-11-06 08:05:46,878 [INFO] Epoch 710/1000 | Time: 3.30s | Loss: 10.5576 | Eval Return: 9.60
Epoch 711/1000: 100% 357/357 [00:03<00:00, 108.93it/s, loss=10.5883]
Epoch 712/1000: 100% 357/357 [00:03<00:00, 94.99it/s, loss=10.5839]
Epoch 713/1000: 100% 357/357 [00:03<00:00, 106.25it/s, loss=10.5983]
Epoch 714/1000: 100% 357/357 [00:03<00:00, 108.99it/s, loss=10.6003]
Epoch 715/1000: 100% 357/357 [00:03<00:00, 105.74it/s, loss=10.5651]
Epoch 716/1000: 100% 357/357 [00:03<00:00, 96.14it/s, loss=10.5801] 
Epoch 717/1000: 100% 357/357 [00:03<00:00, 109.60it/s, loss=10.6287]
Epoch 718/1000: 100% 357/357 [00:03<00:00, 108.56it/s, loss=10.5000]
Epoch 719/1000: 100% 357/357 [00:03<00:00, 94.03it/s, loss=10.5537]
Epoch 720/1000: 100% 357/357 [00:03<00:00, 110.21it/s, loss=10.6162]
2025-11-06 08:06:21,265 [INFO] Epoch 720/1000 | Time: 3.28s | Loss: 10.6162 | Eval Return: 9.60
Epoch 721/1000: 100% 357/357 [00:03<00:00, 105.70it/s, loss=10.5543]
Epoch 722/1000: 100% 357/357 [00:03<00:00, 104.00it/s, loss=10.5556]
Epoch 723/1000: 100% 357/357 [00:03<00:00, 96.32it/s, loss=10.5448] 
Epoch 724/1000: 100% 357/357 [00:03<00:00, 107.46it/s, loss=10.5589]
Epoch 725/1000: 100% 357/357 [00:03<00:00, 107.90it/s, loss=10.5669]
Epoch 726/1000: 100% 357/357 [00:03<00:00, 95.22it/s, loss=10.5404] 
Epoch 727/1000: 100% 357/357 [00:03<00:00, 107.80it/s, loss=10.5066]
Epoch 728/1000: 100% 357/357 [00:03<00:00, 107.64it/s, loss=10.5811]
Epoch 729/1000: 100% 357/357 [00:03<00:00, 104.36it/s, loss=10.5556]
Epoch 730/1000: 100% 357/357 [00:03<00:00, 98.35it/s, loss=10.5544] 
2025-11-06 08:06:55,877 [INFO] Epoch 730/1000 | Time: 3.66s | Loss: 10.5544 | Eval Return: 9.60
Epoch 731/1000: 100% 357/357 [00:03<00:00, 107.49it/s, loss=10.5924]
Epoch 732/1000: 100% 357/357 [00:03<00:00, 107.45it/s, loss=10.5486]
Epoch 733/1000: 100% 357/357 [00:03<00:00, 94.01it/s, loss=10.5308] 
Epoch 734/1000: 100% 357/357 [00:03<00:00, 107.98it/s, loss=10.5457]
Epoch 735/1000: 100% 357/357 [00:03<00:00, 109.07it/s, loss=10.5348]
Epoch 736/1000: 100% 357/357 [00:03<00:00, 101.52it/s, loss=10.5301]
Epoch 737/1000: 100% 357/357 [00:03<00:00, 98.73it/s, loss=10.5634] 
Epoch 738/1000: 100% 357/357 [00:03<00:00, 109.39it/s, loss=10.5202]
Epoch 739/1000: 100% 357/357 [00:03<00:00, 110.06it/s, loss=10.5364]
Epoch 740/1000: 100% 357/357 [00:03<00:00, 95.09it/s, loss=10.5151] 
2025-11-06 08:07:30,326 [INFO] Epoch 740/1000 | Time: 3.79s | Loss: 10.5151 | Eval Return: 9.00
Epoch 741/1000: 100% 357/357 [00:03<00:00, 109.29it/s, loss=10.4954]
Epoch 742/1000: 100% 357/357 [00:03<00:00, 105.62it/s, loss=10.5326]
Epoch 743/1000: 100% 357/357 [00:03<00:00, 100.68it/s, loss=10.4998]
Epoch 744/1000: 100% 357/357 [00:03<00:00, 98.76it/s, loss=10.5417] 
Epoch 745/1000: 100% 357/357 [00:03<00:00, 108.72it/s, loss=10.5217]
Epoch 746/1000: 100% 357/357 [00:03<00:00, 109.46it/s, loss=10.4902]
Epoch 747/1000: 100% 357/357 [00:03<00:00, 95.65it/s, loss=10.5024] 
Epoch 748/1000: 100% 357/357 [00:03<00:00, 110.19it/s, loss=10.4731]
Epoch 749/1000: 100% 357/357 [00:03<00:00, 110.11it/s, loss=10.4496]
Epoch 750/1000: 100% 357/357 [00:03<00:00, 107.12it/s, loss=10.4939]
2025-11-06 08:08:04,269 [INFO] Epoch 750/1000 | Time: 3.37s | Loss: 10.4939 | Eval Return: 9.30
Epoch 751/1000: 100% 357/357 [00:03<00:00, 97.12it/s, loss=10.4714] 
Epoch 752/1000: 100% 357/357 [00:03<00:00, 108.30it/s, loss=10.4812]
Epoch 753/1000: 100% 357/357 [00:03<00:00, 108.80it/s, loss=10.4735]
Epoch 754/1000: 100% 357/357 [00:03<00:00, 95.63it/s, loss=10.4895]
Epoch 755/1000: 100% 357/357 [00:03<00:00, 109.76it/s, loss=10.5204]
Epoch 756/1000: 100% 357/357 [00:03<00:00, 109.23it/s, loss=10.5307]
Epoch 757/1000: 100% 357/357 [00:03<00:00, 106.83it/s, loss=10.5248]
Epoch 758/1000: 100% 357/357 [00:03<00:00, 97.64it/s, loss=10.4902] 
Epoch 759/1000: 100% 357/357 [00:03<00:00, 108.90it/s, loss=10.4536]
Epoch 760/1000: 100% 357/357 [00:03<00:00, 108.10it/s, loss=10.4884]
2025-11-06 08:08:38,400 [INFO] Epoch 760/1000 | Time: 3.34s | Loss: 10.4884 | Eval Return: 9.40
Epoch 761/1000: 100% 357/357 [00:03<00:00, 94.53it/s, loss=10.4962]
Epoch 762/1000: 100% 357/357 [00:03<00:00, 109.33it/s, loss=10.4355]
Epoch 763/1000: 100% 357/357 [00:03<00:00, 109.01it/s, loss=10.4503]
Epoch 764/1000: 100% 357/357 [00:03<00:00, 107.65it/s, loss=10.4798]
Epoch 765/1000: 100% 357/357 [00:03<00:00, 96.90it/s, loss=10.4338] 
Epoch 766/1000: 100% 357/357 [00:03<00:00, 109.71it/s, loss=10.4610]
Epoch 767/1000: 100% 357/357 [00:03<00:00, 110.72it/s, loss=10.3892]
Epoch 768/1000: 100% 357/357 [00:03<00:00, 95.37it/s, loss=10.4765]
Epoch 769/1000: 100% 357/357 [00:03<00:00, 107.42it/s, loss=10.4764]
Epoch 770/1000: 100% 357/357 [00:03<00:00, 108.78it/s, loss=10.4475]
2025-11-06 08:09:12,579 [INFO] Epoch 770/1000 | Time: 3.31s | Loss: 10.4475 | Eval Return: 9.20
Epoch 771/1000: 100% 357/357 [00:03<00:00, 108.70it/s, loss=10.4478]
Epoch 772/1000: 100% 357/357 [00:03<00:00, 94.96it/s, loss=10.4545] 
Epoch 773/1000: 100% 357/357 [00:03<00:00, 110.71it/s, loss=10.4238]
Epoch 774/1000: 100% 357/357 [00:03<00:00, 109.92it/s, loss=10.4614]
Epoch 775/1000: 100% 357/357 [00:03<00:00, 97.04it/s, loss=10.4312]
Epoch 776/1000: 100% 357/357 [00:03<00:00, 106.97it/s, loss=10.4210]
Epoch 777/1000: 100% 357/357 [00:03<00:00, 108.36it/s, loss=10.4544]
Epoch 778/1000: 100% 357/357 [00:03<00:00, 107.71it/s, loss=10.4173]
Epoch 779/1000: 100% 357/357 [00:03<00:00, 95.29it/s, loss=10.4152] 
Epoch 780/1000: 100% 357/357 [00:03<00:00, 109.31it/s, loss=10.4151]
2025-11-06 08:09:46,775 [INFO] Epoch 780/1000 | Time: 3.30s | Loss: 10.4151 | Eval Return: 9.20
Epoch 781/1000: 100% 357/357 [00:03<00:00, 109.02it/s, loss=10.4290]
Epoch 782/1000: 100% 357/357 [00:03<00:00, 97.53it/s, loss=10.3970]
Epoch 783/1000: 100% 357/357 [00:03<00:00, 106.90it/s, loss=10.3931]
Epoch 784/1000: 100% 357/357 [00:03<00:00, 109.48it/s, loss=10.3974]
Epoch 785/1000: 100% 357/357 [00:03<00:00, 107.75it/s, loss=10.4313]
Epoch 786/1000: 100% 357/357 [00:03<00:00, 95.08it/s, loss=10.4200] 
Epoch 787/1000: 100% 357/357 [00:03<00:00, 108.93it/s, loss=10.3905]
Epoch 788/1000: 100% 357/357 [00:03<00:00, 109.24it/s, loss=10.4069]
Epoch 789/1000: 100% 357/357 [00:03<00:00, 98.55it/s, loss=10.3549]
Epoch 790/1000: 100% 357/357 [00:03<00:00, 104.98it/s, loss=10.3929]
2025-11-06 08:10:20,981 [INFO] Epoch 790/1000 | Time: 3.43s | Loss: 10.3929 | Eval Return: 9.40
Epoch 791/1000: 100% 357/357 [00:03<00:00, 108.08it/s, loss=10.4311]
Epoch 792/1000: 100% 357/357 [00:03<00:00, 107.84it/s, loss=10.4245]
Epoch 793/1000: 100% 357/357 [00:03<00:00, 94.53it/s, loss=10.3904] 
Epoch 794/1000: 100% 357/357 [00:03<00:00, 108.37it/s, loss=10.4246]
Epoch 795/1000: 100% 357/357 [00:03<00:00, 109.81it/s, loss=10.4082]
Epoch 796/1000: 100% 357/357 [00:03<00:00, 99.94it/s, loss=10.4254]
Epoch 797/1000: 100% 357/357 [00:03<00:00, 103.53it/s, loss=10.4357]
Epoch 798/1000: 100% 357/357 [00:03<00:00, 108.98it/s, loss=10.3320]
Epoch 799/1000: 100% 357/357 [00:03<00:00, 108.98it/s, loss=10.4038]
Epoch 800/1000: 100% 357/357 [00:03<00:00, 94.10it/s, loss=10.4136] 
2025-11-06 08:10:55,319 [INFO] Epoch 800/1000 | Time: 3.83s | Loss: 10.4136 | Eval Return: 9.60
Epoch 801/1000: 100% 357/357 [00:03<00:00, 109.07it/s, loss=10.3575]
Epoch 802/1000: 100% 357/357 [00:03<00:00, 109.26it/s, loss=10.3965]
Epoch 803/1000: 100% 357/357 [00:03<00:00, 100.42it/s, loss=10.3968]
Epoch 804/1000: 100% 357/357 [00:03<00:00, 102.03it/s, loss=10.3806]
Epoch 805/1000: 100% 357/357 [00:03<00:00, 108.72it/s, loss=10.3942]
Epoch 806/1000: 100% 357/357 [00:03<00:00, 109.62it/s, loss=10.3438]
Epoch 807/1000: 100% 357/357 [00:03<00:00, 95.58it/s, loss=10.4154] 
Epoch 808/1000: 100% 357/357 [00:03<00:00, 109.56it/s, loss=10.3256]
Epoch 809/1000: 100% 357/357 [00:03<00:00, 109.33it/s, loss=10.3731]
Epoch 810/1000: 100% 357/357 [00:03<00:00, 101.01it/s, loss=10.4228]
2025-11-06 08:11:29,299 [INFO] Epoch 810/1000 | Time: 3.58s | Loss: 10.4228 | Eval Return: 9.00
Epoch 811/1000: 100% 357/357 [00:03<00:00, 101.01it/s, loss=10.3526]
Epoch 812/1000: 100% 357/357 [00:03<00:00, 107.66it/s, loss=10.3628]
Epoch 813/1000: 100% 357/357 [00:03<00:00, 107.10it/s, loss=10.3690]
Epoch 814/1000: 100% 357/357 [00:03<00:00, 93.99it/s, loss=10.3818] 
Epoch 815/1000: 100% 357/357 [00:03<00:00, 107.12it/s, loss=10.3397]
Epoch 816/1000: 100% 357/357 [00:03<00:00, 109.53it/s, loss=10.3623]
Epoch 817/1000: 100% 357/357 [00:03<00:00, 100.29it/s, loss=10.3286]
Epoch 818/1000: 100% 357/357 [00:03<00:00, 103.04it/s, loss=10.3959]
Epoch 819/1000: 100% 357/357 [00:03<00:00, 110.33it/s, loss=10.3627]
Epoch 820/1000: 100% 357/357 [00:03<00:00, 110.16it/s, loss=10.3587]
2025-11-06 08:12:03,408 [INFO] Epoch 820/1000 | Time: 3.27s | Loss: 10.3587 | Eval Return: 9.30
Epoch 821/1000: 100% 357/357 [00:03<00:00, 94.82it/s, loss=10.3470] 
Epoch 822/1000: 100% 357/357 [00:03<00:00, 108.97it/s, loss=10.3645]
Epoch 823/1000: 100% 357/357 [00:03<00:00, 109.52it/s, loss=10.3352]
Epoch 824/1000: 100% 357/357 [00:03<00:00, 102.21it/s, loss=10.3576]
Epoch 825/1000: 100% 357/357 [00:03<00:00, 101.36it/s, loss=10.3335]
Epoch 826/1000: 100% 357/357 [00:03<00:00, 109.42it/s, loss=10.3828]
Epoch 827/1000: 100% 357/357 [00:03<00:00, 108.89it/s, loss=10.3223]
Epoch 828/1000: 100% 357/357 [00:03<00:00, 95.67it/s, loss=10.3055] 
Epoch 829/1000: 100% 357/357 [00:03<00:00, 108.89it/s, loss=10.3347]
Epoch 830/1000: 100% 357/357 [00:03<00:00, 108.34it/s, loss=10.3108]
2025-11-06 08:12:37,609 [INFO] Epoch 830/1000 | Time: 3.33s | Loss: 10.3108 | Eval Return: 9.60
Epoch 831/1000: 100% 357/357 [00:03<00:00, 102.15it/s, loss=10.3517]
Epoch 832/1000: 100% 357/357 [00:03<00:00, 99.93it/s, loss=10.3538] 
Epoch 833/1000: 100% 357/357 [00:03<00:00, 108.31it/s, loss=10.3209]
Epoch 834/1000: 100% 357/357 [00:03<00:00, 108.85it/s, loss=10.2990]
Epoch 835/1000: 100% 357/357 [00:03<00:00, 93.73it/s, loss=10.2906] 
Epoch 836/1000: 100% 357/357 [00:03<00:00, 108.87it/s, loss=10.3331]
Epoch 837/1000: 100% 357/357 [00:03<00:00, 108.40it/s, loss=10.3415]
Epoch 838/1000: 100% 357/357 [00:03<00:00, 102.97it/s, loss=10.3101]
Epoch 839/1000: 100% 357/357 [00:03<00:00, 98.58it/s, loss=10.3235] 
Epoch 840/1000: 100% 357/357 [00:03<00:00, 107.94it/s, loss=10.3760]
2025-11-06 08:13:12,062 [INFO] Epoch 840/1000 | Time: 3.34s | Loss: 10.3760 | Eval Return: 9.20
Epoch 841/1000: 100% 357/357 [00:03<00:00, 108.90it/s, loss=10.3317]
Epoch 842/1000: 100% 357/357 [00:03<00:00, 94.88it/s, loss=10.2898] 
Epoch 843/1000: 100% 357/357 [00:03<00:00, 110.57it/s, loss=10.3245]
Epoch 844/1000: 100% 357/357 [00:03<00:00, 110.89it/s, loss=10.3331]
Epoch 845/1000: 100% 357/357 [00:03<00:00, 104.06it/s, loss=10.2935]
Epoch 846/1000: 100% 357/357 [00:03<00:00, 98.98it/s, loss=10.2618] 
Epoch 847/1000: 100% 357/357 [00:03<00:00, 108.94it/s, loss=10.3055]
Epoch 848/1000: 100% 357/357 [00:03<00:00, 108.86it/s, loss=10.3063]
Epoch 849/1000: 100% 357/357 [00:03<00:00, 94.18it/s, loss=10.2564]
Epoch 850/1000: 100% 357/357 [00:03<00:00, 109.27it/s, loss=10.2592]
2025-11-06 08:13:46,239 [INFO] Epoch 850/1000 | Time: 3.30s | Loss: 10.2592 | Eval Return: 9.60
Epoch 851/1000: 100% 357/357 [00:03<00:00, 108.44it/s, loss=10.2725]
Epoch 852/1000: 100% 357/357 [00:03<00:00, 105.55it/s, loss=10.3153]
Epoch 853/1000: 100% 357/357 [00:03<00:00, 97.35it/s, loss=10.2601] 
Epoch 854/1000: 100% 357/357 [00:03<00:00, 107.91it/s, loss=10.2791]
Epoch 855/1000: 100% 357/357 [00:03<00:00, 109.20it/s, loss=10.2897]
Epoch 856/1000: 100% 357/357 [00:03<00:00, 94.24it/s, loss=10.3055]
Epoch 857/1000: 100% 357/357 [00:03<00:00, 108.13it/s, loss=10.3038]
Epoch 858/1000: 100% 357/357 [00:03<00:00, 109.70it/s, loss=10.2791]
Epoch 859/1000: 100% 357/357 [00:03<00:00, 107.09it/s, loss=10.2784]
Epoch 860/1000: 100% 357/357 [00:03<00:00, 97.43it/s, loss=10.2367] 
2025-11-06 08:14:20,541 [INFO] Epoch 860/1000 | Time: 3.70s | Loss: 10.2367 | Eval Return: 9.50
Epoch 861/1000: 100% 357/357 [00:03<00:00, 109.61it/s, loss=10.2541]
Epoch 862/1000: 100% 357/357 [00:03<00:00, 107.99it/s, loss=10.3190]
Epoch 863/1000: 100% 357/357 [00:03<00:00, 94.90it/s, loss=10.2541]
Epoch 864/1000: 100% 357/357 [00:03<00:00, 109.07it/s, loss=10.2665]
Epoch 865/1000: 100% 357/357 [00:03<00:00, 109.38it/s, loss=10.2565]
Epoch 866/1000: 100% 357/357 [00:03<00:00, 109.93it/s, loss=10.3001]
Epoch 867/1000: 100% 357/357 [00:03<00:00, 94.73it/s, loss=10.2506] 
Epoch 868/1000: 100% 357/357 [00:03<00:00, 109.37it/s, loss=10.2451]
Epoch 869/1000: 100% 357/357 [00:03<00:00, 110.49it/s, loss=10.2284]
Epoch 870/1000: 100% 357/357 [00:03<00:00, 93.86it/s, loss=10.2622]
2025-11-06 08:14:54,757 [INFO] Epoch 870/1000 | Time: 3.84s | Loss: 10.2622 | Eval Return: 9.70
Epoch 871/1000: 100% 357/357 [00:03<00:00, 110.36it/s, loss=10.2614]
Epoch 872/1000: 100% 357/357 [00:03<00:00, 108.62it/s, loss=10.2908]
Epoch 873/1000: 100% 357/357 [00:03<00:00, 108.62it/s, loss=10.2891]
Epoch 874/1000: 100% 357/357 [00:03<00:00, 95.13it/s, loss=10.2402] 
Epoch 875/1000: 100% 357/357 [00:03<00:00, 107.74it/s, loss=10.2637]
Epoch 876/1000: 100% 357/357 [00:03<00:00, 109.62it/s, loss=10.2429]
Epoch 877/1000: 100% 357/357 [00:03<00:00, 94.00it/s, loss=10.2720]
Epoch 878/1000: 100% 357/357 [00:03<00:00, 108.03it/s, loss=10.2268]
Epoch 879/1000: 100% 357/357 [00:03<00:00, 109.19it/s, loss=10.2461]
Epoch 880/1000: 100% 357/357 [00:03<00:00, 109.67it/s, loss=10.2418]
2025-11-06 08:15:28,550 [INFO] Epoch 880/1000 | Time: 3.29s | Loss: 10.2418 | Eval Return: 9.00
Epoch 881/1000: 100% 357/357 [00:03<00:00, 94.69it/s, loss=10.1974] 
Epoch 882/1000: 100% 357/357 [00:03<00:00, 108.37it/s, loss=10.2158]
Epoch 883/1000: 100% 357/357 [00:03<00:00, 109.84it/s, loss=10.1988]
Epoch 884/1000: 100% 357/357 [00:03<00:00, 96.80it/s, loss=10.2118]
Epoch 885/1000: 100% 357/357 [00:03<00:00, 106.19it/s, loss=10.1619]
Epoch 886/1000: 100% 357/357 [00:03<00:00, 109.95it/s, loss=10.2398]
Epoch 887/1000: 100% 357/357 [00:03<00:00, 107.52it/s, loss=10.2179]
Epoch 888/1000: 100% 357/357 [00:03<00:00, 94.83it/s, loss=10.2063] 
Epoch 889/1000: 100% 357/357 [00:03<00:00, 110.55it/s, loss=10.2073]
Epoch 890/1000: 100% 357/357 [00:03<00:00, 109.83it/s, loss=10.2107]
2025-11-06 08:16:02,762 [INFO] Epoch 890/1000 | Time: 3.28s | Loss: 10.2107 | Eval Return: 9.50
Epoch 891/1000: 100% 357/357 [00:03<00:00, 97.61it/s, loss=10.1969]
Epoch 892/1000: 100% 357/357 [00:03<00:00, 104.13it/s, loss=10.2281]
Epoch 893/1000: 100% 357/357 [00:03<00:00, 107.94it/s, loss=10.1675]
Epoch 894/1000: 100% 357/357 [00:03<00:00, 108.81it/s, loss=10.1863]
Epoch 895/1000: 100% 357/357 [00:03<00:00, 95.28it/s, loss=10.1886] 
Epoch 896/1000: 100% 357/357 [00:03<00:00, 109.60it/s, loss=10.1788]
Epoch 897/1000: 100% 357/357 [00:03<00:00, 109.48it/s, loss=10.1782]
Epoch 898/1000: 100% 357/357 [00:03<00:00, 98.99it/s, loss=10.2029]
Epoch 899/1000: 100% 357/357 [00:03<00:00, 101.39it/s, loss=10.1928]
Epoch 900/1000: 100% 357/357 [00:03<00:00, 106.21it/s, loss=10.1585]
2025-11-06 08:16:37,224 [INFO] Epoch 900/1000 | Time: 3.39s | Loss: 10.1585 | Eval Return: 9.60
Epoch 901/1000: 100% 357/357 [00:03<00:00, 106.61it/s, loss=10.1770]
Epoch 902/1000: 100% 357/357 [00:03<00:00, 93.17it/s, loss=10.2047] 
Epoch 903/1000: 100% 357/357 [00:03<00:00, 106.05it/s, loss=10.1791]
Epoch 904/1000: 100% 357/357 [00:03<00:00, 107.64it/s, loss=10.1977]
Epoch 905/1000: 100% 357/357 [00:03<00:00, 94.20it/s, loss=10.1668]
Epoch 906/1000: 100% 357/357 [00:03<00:00, 105.27it/s, loss=10.1946]
Epoch 907/1000: 100% 357/357 [00:03<00:00, 108.43it/s, loss=10.1289]
Epoch 908/1000: 100% 357/357 [00:03<00:00, 109.15it/s, loss=10.1740]
Epoch 909/1000: 100% 357/357 [00:03<00:00, 92.39it/s, loss=10.1508] 
Epoch 910/1000: 100% 357/357 [00:03<00:00, 108.21it/s, loss=10.1429]
2025-11-06 08:17:12,035 [INFO] Epoch 910/1000 | Time: 3.33s | Loss: 10.1429 | Eval Return: 9.40
Epoch 911/1000: 100% 357/357 [00:03<00:00, 108.08it/s, loss=10.1697]
Epoch 912/1000: 100% 357/357 [00:03<00:00, 97.34it/s, loss=10.1669]
Epoch 913/1000: 100% 357/357 [00:03<00:00, 107.79it/s, loss=10.1617]
Epoch 914/1000: 100% 357/357 [00:03<00:00, 110.33it/s, loss=10.1349]
Epoch 915/1000: 100% 357/357 [00:03<00:00, 108.53it/s, loss=10.1832]
Epoch 916/1000: 100% 357/357 [00:03<00:00, 95.04it/s, loss=10.1887] 
Epoch 917/1000: 100% 357/357 [00:03<00:00, 109.66it/s, loss=10.1726]
Epoch 918/1000: 100% 357/357 [00:03<00:00, 109.07it/s, loss=10.1661]
Epoch 919/1000: 100% 357/357 [00:03<00:00, 99.47it/s, loss=10.1349]
Epoch 920/1000: 100% 357/357 [00:03<00:00, 103.35it/s, loss=10.1678]
2025-11-06 08:17:46,206 [INFO] Epoch 920/1000 | Time: 3.49s | Loss: 10.1678 | Eval Return: 9.50
Epoch 921/1000: 100% 357/357 [00:03<00:00, 108.14it/s, loss=10.1564]
Epoch 922/1000: 100% 357/357 [00:03<00:00, 110.30it/s, loss=10.1307]
Epoch 923/1000: 100% 357/357 [00:03<00:00, 94.65it/s, loss=10.1787] 
Epoch 924/1000: 100% 357/357 [00:03<00:00, 109.28it/s, loss=10.1518]
Epoch 925/1000: 100% 357/357 [00:03<00:00, 108.60it/s, loss=10.1458]
Epoch 926/1000: 100% 357/357 [00:03<00:00, 100.28it/s, loss=10.1377]
Epoch 927/1000: 100% 357/357 [00:03<00:00, 101.79it/s, loss=10.1297]
Epoch 928/1000: 100% 357/357 [00:03<00:00, 108.92it/s, loss=10.1147]
Epoch 929/1000: 100% 357/357 [00:03<00:00, 109.08it/s, loss=10.1815]
Epoch 930/1000: 100% 357/357 [00:03<00:00, 95.77it/s, loss=10.1385] 
2025-11-06 08:18:20,450 [INFO] Epoch 930/1000 | Time: 3.76s | Loss: 10.1385 | Eval Return: 9.70
Epoch 931/1000: 100% 357/357 [00:03<00:00, 109.25it/s, loss=10.1007]
Epoch 932/1000: 100% 357/357 [00:03<00:00, 109.66it/s, loss=10.0876]
Epoch 933/1000: 100% 357/357 [00:03<00:00, 101.20it/s, loss=10.0935]
Epoch 934/1000: 100% 357/357 [00:03<00:00, 101.81it/s, loss=10.0948]
Epoch 935/1000: 100% 357/357 [00:03<00:00, 109.23it/s, loss=10.1230]
Epoch 936/1000: 100% 357/357 [00:03<00:00, 109.89it/s, loss=10.1041]
Epoch 937/1000: 100% 357/357 [00:03<00:00, 94.17it/s, loss=10.1184] 
Epoch 938/1000: 100% 357/357 [00:03<00:00, 111.28it/s, loss=10.1032]
Epoch 939/1000: 100% 357/357 [00:03<00:00, 109.36it/s, loss=10.0996]
Epoch 940/1000: 100% 357/357 [00:03<00:00, 104.51it/s, loss=10.1112]
2025-11-06 08:18:54,247 [INFO] Epoch 940/1000 | Time: 3.46s | Loss: 10.1112 | Eval Return: 9.40
Epoch 941/1000: 100% 357/357 [00:03<00:00, 98.51it/s, loss=10.0788] 
Epoch 942/1000: 100% 357/357 [00:03<00:00, 110.16it/s, loss=10.1426]
Epoch 943/1000: 100% 357/357 [00:03<00:00, 108.12it/s, loss=10.1383]
Epoch 944/1000: 100% 357/357 [00:03<00:00, 94.36it/s, loss=10.1033]
Epoch 945/1000: 100% 357/357 [00:03<00:00, 108.55it/s, loss=10.0967]
Epoch 946/1000: 100% 357/357 [00:03<00:00, 109.25it/s, loss=10.1095]
Epoch 947/1000: 100% 357/357 [00:03<00:00, 106.02it/s, loss=10.0739]
Epoch 948/1000: 100% 357/357 [00:03<00:00, 97.51it/s, loss=10.1278] 
Epoch 949/1000: 100% 357/357 [00:03<00:00, 109.64it/s, loss=10.1174]
Epoch 950/1000: 100% 357/357 [00:03<00:00, 110.16it/s, loss=10.0267]
2025-11-06 08:19:28,326 [INFO] Epoch 950/1000 | Time: 3.28s | Loss: 10.0267 | Eval Return: 9.60
Epoch 951/1000: 100% 357/357 [00:03<00:00, 94.33it/s, loss=10.0913]
Epoch 952/1000: 100% 357/357 [00:03<00:00, 108.88it/s, loss=10.0539]
Epoch 953/1000: 100% 357/357 [00:03<00:00, 109.34it/s, loss=10.0880]
Epoch 954/1000: 100% 357/357 [00:03<00:00, 106.48it/s, loss=10.0414]
Epoch 955/1000: 100% 357/357 [00:03<00:00, 96.64it/s, loss=10.0643] 
Epoch 956/1000: 100% 357/357 [00:03<00:00, 109.82it/s, loss=10.0532]
Epoch 957/1000: 100% 357/357 [00:03<00:00, 108.25it/s, loss=10.0742]
Epoch 958/1000: 100% 357/357 [00:03<00:00, 94.30it/s, loss=10.0813]
Epoch 959/1000: 100% 357/357 [00:03<00:00, 109.40it/s, loss=10.0718]
Epoch 960/1000: 100% 357/357 [00:03<00:00, 109.93it/s, loss=10.0036]
2025-11-06 08:20:02,586 [INFO] Epoch 960/1000 | Time: 3.28s | Loss: 10.0036 | Eval Return: 9.20
Epoch 961/1000: 100% 357/357 [00:03<00:00, 109.90it/s, loss=10.0349]
Epoch 962/1000: 100% 357/357 [00:03<00:00, 94.71it/s, loss=10.0457] 
Epoch 963/1000: 100% 357/357 [00:03<00:00, 107.11it/s, loss=10.0533]
Epoch 964/1000: 100% 357/357 [00:03<00:00, 108.90it/s, loss=10.0241]
Epoch 965/1000: 100% 357/357 [00:03<00:00, 95.79it/s, loss=10.0096]
Epoch 966/1000: 100% 357/357 [00:03<00:00, 108.04it/s, loss=10.0524]
Epoch 967/1000: 100% 357/357 [00:03<00:00, 109.36it/s, loss=10.0292]
Epoch 968/1000: 100% 357/357 [00:03<00:00, 109.06it/s, loss=10.0311]
Epoch 969/1000: 100% 357/357 [00:03<00:00, 95.19it/s, loss=10.0083] 
Epoch 970/1000: 100% 357/357 [00:03<00:00, 109.66it/s, loss=10.0555]
2025-11-06 08:20:36,827 [INFO] Epoch 970/1000 | Time: 3.29s | Loss: 10.0555 | Eval Return: 9.90
Epoch 971/1000: 100% 357/357 [00:03<00:00, 108.63it/s, loss=10.0425]
Epoch 972/1000: 100% 357/357 [00:03<00:00, 96.32it/s, loss=10.0318]
Epoch 973/1000: 100% 357/357 [00:03<00:00, 103.44it/s, loss=9.9920]
Epoch 974/1000: 100% 357/357 [00:03<00:00, 108.80it/s, loss=10.0262]
Epoch 975/1000: 100% 357/357 [00:03<00:00, 109.02it/s, loss=9.9942]
Epoch 976/1000: 100% 357/357 [00:03<00:00, 95.19it/s, loss=10.0047] 
Epoch 977/1000: 100% 357/357 [00:03<00:00, 109.33it/s, loss=10.0212]
Epoch 978/1000: 100% 357/357 [00:03<00:00, 109.05it/s, loss=10.0069]
Epoch 979/1000: 100% 357/357 [00:03<00:00, 99.31it/s, loss=10.0040]
Epoch 980/1000: 100% 357/357 [00:03<00:00, 100.89it/s, loss=9.9971]
2025-11-06 08:21:11,285 [INFO] Epoch 980/1000 | Time: 3.57s | Loss: 9.9971 | Eval Return: 9.40
Epoch 981/1000: 100% 357/357 [00:03<00:00, 107.06it/s, loss=10.0483]
Epoch 982/1000: 100% 357/357 [00:03<00:00, 109.25it/s, loss=10.0608]
Epoch 983/1000: 100% 357/357 [00:03<00:00, 94.33it/s, loss=9.9641] 
Epoch 984/1000: 100% 357/357 [00:03<00:00, 110.78it/s, loss=9.9875]
Epoch 985/1000: 100% 357/357 [00:03<00:00, 110.02it/s, loss=10.0043]
Epoch 986/1000: 100% 357/357 [00:03<00:00, 101.08it/s, loss=9.9887]
Epoch 987/1000: 100% 357/357 [00:03<00:00, 102.14it/s, loss=9.9755]
Epoch 988/1000: 100% 357/357 [00:03<00:00, 109.82it/s, loss=9.9857]
Epoch 989/1000: 100% 357/357 [00:03<00:00, 108.31it/s, loss=10.0079]
Epoch 990/1000: 100% 357/357 [00:03<00:00, 94.89it/s, loss=9.9796] 
2025-11-06 08:21:45,522 [INFO] Epoch 990/1000 | Time: 3.81s | Loss: 9.9796 | Eval Return: 9.20
Epoch 991/1000: 100% 357/357 [00:03<00:00, 108.72it/s, loss=9.9436]
Epoch 992/1000: 100% 357/357 [00:03<00:00, 109.12it/s, loss=9.9812]
Epoch 993/1000: 100% 357/357 [00:03<00:00, 101.49it/s, loss=9.9552]
Epoch 994/1000: 100% 357/357 [00:03<00:00, 101.19it/s, loss=9.9951]
Epoch 995/1000: 100% 357/357 [00:03<00:00, 107.71it/s, loss=10.0230]
Epoch 996/1000: 100% 357/357 [00:03<00:00, 107.57it/s, loss=9.9732]
Epoch 997/1000: 100% 357/357 [00:03<00:00, 94.48it/s, loss=9.9467] 
Epoch 998/1000: 100% 357/357 [00:03<00:00, 107.53it/s, loss=9.9752]
Epoch 999/1000: 100% 357/357 [00:03<00:00, 109.00it/s, loss=9.9791]
Epoch 1000/1000: 100% 357/357 [00:03<00:00, 102.40it/s, loss=10.0256]
2025-11-06 08:22:19,658 [INFO] Epoch 1000/1000 | Time: 3.53s | Loss: 10.0256 | Eval Return: 9.40
2025-11-06 08:22:19,687 [INFO] Training complete.