2025-11-05 20:53:03,202 [INFO] Checking for dataset...
2025-11-05 20:53:03,240 [INFO] Dataset not found at D:\Github\neuromorphic_decision_transformer\data\Pendulum-v1\dataset.npz. Generating new dataset...
2025-11-05 21:02:45,369 [INFO] Checking for dataset...
2025-11-05 21:02:45,544 [INFO] Dataset not found at D:\Github\neuromorphic_decision_transformer\data\Pendulum-v1\dataset.npz. Generating new dataset...
2025-11-05 21:04:06,611 [INFO] Dataset generated and saved to D:\Github\neuromorphic_decision_transformer\data\Pendulum-v1\dataset.npz
2025-11-05 21:04:06,613 [INFO] Starting training...
2025-11-05 21:04:06,858 [INFO] Dataset size: 1000 clips
2025-11-05 21:04:06,867 [INFO] DataLoader created with num_workers=0 and pin_memory=False.
2025-11-05 21:04:22,772 [INFO] Starting training loop...
2025-11-05 21:17:50,035 [INFO] Checking for dataset...
2025-11-05 21:17:50,052 [INFO] Dataset found at D:\Github\neuromorphic_decision_transformer\data\Pendulum-v1\dataset.npz.
2025-11-05 21:17:50,053 [INFO] Starting training...
2025-11-05 21:17:50,298 [INFO] Dataset size: 1000 clips
2025-11-05 21:17:50,302 [INFO] DataLoader created with num_workers=0 and pin_memory=False.
2025-11-05 21:18:05,251 [INFO] Starting training loop...
2025-11-05 21:29:47,158 [INFO] Checking for dataset...
2025-11-05 21:29:47,160 [INFO] Dataset found at D:\Github\neuromorphic_decision_transformer\data\Pendulum-v1\dataset.npz.
2025-11-05 21:29:47,161 [INFO] Starting training...
2025-11-05 21:29:47,351 [INFO] Dataset size: 1000 clips
2025-11-05 21:29:47,356 [INFO] DataLoader created with num_workers=0 and pin_memory=False.
2025-11-05 21:29:58,560 [INFO] Starting training loop...
