2025-11-05 17:12:14,765 [INFO] Checking for dataset...
2025-11-05 17:12:14,827 [INFO] Dataset not found at D:\Github\neuromorphic_decision_transformer\data\Acrobot-v1\dataset.npz. Generating new dataset...
2025-11-05 17:15:33,625 [INFO] Dataset generated and saved to D:\Github\neuromorphic_decision_transformer\data\Acrobot-v1\dataset.npz
2025-11-05 17:15:33,625 [INFO] Starting training...
2025-11-05 17:15:34,115 [INFO] Dataset size: 1000 clips
2025-11-05 17:15:34,120 [INFO] DataLoader created with num_workers=0 and pin_memory=False.
2025-11-05 17:15:45,399 [INFO] Starting training loop...
2025-11-05 17:18:55,700 [INFO] Checking for dataset...
2025-11-05 17:18:55,702 [INFO] Dataset found at D:\Github\neuromorphic_decision_transformer\data\Acrobot-v1\dataset.npz.
2025-11-05 17:18:56,038 [INFO] Starting training...
2025-11-05 17:18:56,638 [INFO] Dataset size: 1000 clips
2025-11-05 17:18:56,646 [INFO] DataLoader created with num_workers=0 and pin_memory=False.
2025-11-05 17:19:09,156 [INFO] Starting training loop...
2025-11-05 17:22:25,707 [INFO] Checking for dataset...
2025-11-05 17:22:26,140 [INFO] Dataset not found at D:\Github\neuromorphic_decision_transformer\data\Acrobot-v1\dataset.npz. Generating new dataset...
2025-11-05 17:26:25,223 [INFO] Dataset generated and saved to D:\Github\neuromorphic_decision_transformer\data\Acrobot-v1\dataset.npz
2025-11-05 17:26:25,231 [INFO] Starting training...
2025-11-05 17:26:26,038 [INFO] Dataset size: 1000 clips
2025-11-05 17:26:26,063 [INFO] DataLoader created with num_workers=0 and pin_memory=False.
2025-11-05 17:26:44,925 [INFO] Starting training loop...
