2025-11-12 04:30:48.741082: I tensorflow/core/util/port.cc:153] oneDNN custom operations are on. You may see slightly different numerical results due to floating-point round-off errors from different computation orders. To turn them off, set the environment variable `TF_ENABLE_ONEDNN_OPTS=0`.
2025-11-12 04:30:48.757703: E external/local_xla/xla/stream_executor/cuda/cuda_fft.cc:467] Unable to register cuFFT factory: Attempting to register factory for plugin cuFFT when one has already been registered
WARNING: All log messages before absl::InitializeLog() is called are written to STDERR
E0000 00:00:1762921848.779221    2018 cuda_dnn.cc:8579] Unable to register cuDNN factory: Attempting to register factory for plugin cuDNN when one has already been registered
E0000 00:00:1762921848.785791    2018 cuda_blas.cc:1407] Unable to register cuBLAS factory: Attempting to register factory for plugin cuBLAS when one has already been registered
W0000 00:00:1762921848.802135    2018 computation_placer.cc:177] computation placer already registered. Please check linkage and avoid linking the same target more than once.
W0000 00:00:1762921848.802164    2018 computation_placer.cc:177] computation placer already registered. Please check linkage and avoid linking the same target more than once.
W0000 00:00:1762921848.802167    2018 computation_placer.cc:177] computation placer already registered. Please check linkage and avoid linking the same target more than once.
W0000 00:00:1762921848.802169    2018 computation_placer.cc:177] computation placer already registered. Please check linkage and avoid linking the same target more than once.
2025-11-12 04:30:48.806912: I tensorflow/core/platform/cpu_feature_guard.cc:210] This TensorFlow binary is optimized to use available CPU instructions in performance-critical operations.
To enable the following instructions: AVX2 AVX512F AVX512_VNNI FMA, in other operations, rebuild TensorFlow with the appropriate compiler flags.
2025-11-12 04:30:54,135 [INFO] Checking for dataset...
2025-11-12 04:30:54,135 [INFO] Dataset found at /content/neuromorphic_decision_transformer/data/CartPole-v1/dataset.npz.
2025-11-12 04:30:54,135 [INFO] --- Checkpoint: Starting training ---
2025-11-12 04:30:54,138 [INFO] --- Checkpoint: Save directory created at results/all_runs/dsformer_CartPole-v1 ---
2025-11-12 04:30:54,160 [INFO] Dataset size: 1000 clips
2025-11-12 04:30:54,179 [INFO] DataLoader created with num_workers=0 and pin_memory=False.
2025-11-12 04:30:54,351 [INFO] --- Checkpoint: Model 'dsformer' initialized on device 'cuda' ---
2025-11-12 04:30:59,475 [INFO] --- Checkpoint: Starting main training loop ---
Epoch 1/1000: 100% 1000/1000 [00:24<00:00, 40.19it/s, loss=0.6920]
Epoch 2/1000: 100% 1000/1000 [00:23<00:00, 42.33it/s, loss=0.6858]
Epoch 3/1000: 100% 1000/1000 [00:23<00:00, 42.20it/s, loss=0.6817]
Epoch 4/1000: 100% 1000/1000 [00:23<00:00, 42.06it/s, loss=0.6808]
Epoch 5/1000: 100% 1000/1000 [00:23<00:00, 41.81it/s, loss=0.6799]
Epoch 6/1000: 100% 1000/1000 [00:23<00:00, 41.90it/s, loss=0.6796]
Epoch 7/1000: 100% 1000/1000 [00:23<00:00, 41.96it/s, loss=0.6789]
Epoch 8/1000: 100% 1000/1000 [00:23<00:00, 42.00it/s, loss=0.6779]
Epoch 9/1000: 100% 1000/1000 [00:23<00:00, 41.98it/s, loss=0.6777]
Epoch 10/1000: 100% 1000/1000 [00:23<00:00, 41.92it/s, loss=0.6774]
2025-11-12 04:34:58,869 [INFO] Epoch 10/1000 | Time: 24.17s | Loss: 0.6774 | Spikes: 2414.50 | Eval Return: 9.70
2025-11-12 04:34:58,879 [INFO] New best eval return: 9.70. Saved best model.
Epoch 11/1000: 100% 1000/1000 [00:23<00:00, 41.98it/s, loss=0.6769]
Epoch 12/1000: 100% 1000/1000 [00:23<00:00, 41.97it/s, loss=0.6775]
Epoch 13/1000: 100% 1000/1000 [00:23<00:00, 41.98it/s, loss=0.6754]
Epoch 14/1000: 100% 1000/1000 [00:23<00:00, 42.02it/s, loss=0.6759]
Epoch 15/1000: 100% 1000/1000 [00:23<00:00, 42.05it/s, loss=0.6759]
Epoch 16/1000: 100% 1000/1000 [00:23<00:00, 42.03it/s, loss=0.6753]
Epoch 17/1000: 100% 1000/1000 [00:23<00:00, 41.95it/s, loss=0.6749]
Epoch 18/1000: 100% 1000/1000 [00:23<00:00, 42.00it/s, loss=0.6747]
Epoch 19/1000: 100% 1000/1000 [00:23<00:00, 41.93it/s, loss=0.6739]
Epoch 20/1000: 100% 1000/1000 [00:23<00:00, 41.99it/s, loss=0.6741]
2025-11-12 04:38:57,455 [INFO] Epoch 20/1000 | Time: 24.24s | Loss: 0.6741 | Spikes: 2581.00 | Eval Return: 13.90
2025-11-12 04:38:57,460 [INFO] New best eval return: 13.90. Saved best model.
Epoch 21/1000: 100% 1000/1000 [00:23<00:00, 41.92it/s, loss=0.6739]
Epoch 22/1000: 100% 1000/1000 [00:23<00:00, 41.93it/s, loss=0.6738]
Epoch 23/1000: 100% 1000/1000 [00:23<00:00, 41.96it/s, loss=0.6737]
Epoch 24/1000: 100% 1000/1000 [00:23<00:00, 41.92it/s, loss=0.6734]
Epoch 25/1000: 100% 1000/1000 [00:23<00:00, 41.96it/s, loss=0.6733]
Epoch 26/1000: 100% 1000/1000 [00:23<00:00, 42.01it/s, loss=0.6733]
Epoch 27/1000: 100% 1000/1000 [00:23<00:00, 41.99it/s, loss=0.6728]
Epoch 28/1000: 100% 1000/1000 [00:23<00:00, 42.00it/s, loss=0.6718]
Epoch 29/1000: 100% 1000/1000 [00:23<00:00, 41.96it/s, loss=0.6720]
Epoch 30/1000: 100% 1000/1000 [00:23<00:00, 41.93it/s, loss=0.6721]
2025-11-12 04:42:56,155 [INFO] Epoch 30/1000 | Time: 24.21s | Loss: 0.6721 | Spikes: 665.75 | Eval Return: 11.90
Epoch 31/1000: 100% 1000/1000 [00:23<00:00, 41.97it/s, loss=0.6724]
Epoch 32/1000: 100% 1000/1000 [00:23<00:00, 41.96it/s, loss=0.6722]
Epoch 33/1000: 100% 1000/1000 [00:23<00:00, 41.97it/s, loss=0.6729]
Epoch 34/1000: 100% 1000/1000 [00:23<00:00, 41.99it/s, loss=0.6721]
Epoch 35/1000: 100% 1000/1000 [00:23<00:00, 42.01it/s, loss=0.6712]
Epoch 36/1000: 100% 1000/1000 [00:23<00:00, 41.95it/s, loss=0.6716]
Epoch 37/1000: 100% 1000/1000 [00:23<00:00, 41.96it/s, loss=0.6716]
Epoch 38/1000: 100% 1000/1000 [00:23<00:00, 41.98it/s, loss=0.6718]
Epoch 39/1000: 100% 1000/1000 [00:23<00:00, 41.94it/s, loss=0.6700]
Epoch 40/1000: 100% 1000/1000 [00:23<00:00, 41.94it/s, loss=0.6719]
2025-11-12 04:46:54,734 [INFO] Epoch 40/1000 | Time: 24.13s | Loss: 0.6719 | Spikes: 3001.00 | Eval Return: 9.50
Epoch 41/1000: 100% 1000/1000 [00:23<00:00, 41.77it/s, loss=0.6714]
Epoch 42/1000: 100% 1000/1000 [00:23<00:00, 41.69it/s, loss=0.6712]
Epoch 43/1000: 100% 1000/1000 [00:23<00:00, 41.85it/s, loss=0.6705]
Epoch 44/1000: 100% 1000/1000 [00:23<00:00, 41.97it/s, loss=0.6714]
Epoch 45/1000: 100% 1000/1000 [00:23<00:00, 41.95it/s, loss=0.6703]
Epoch 46/1000: 100% 1000/1000 [00:23<00:00, 41.98it/s, loss=0.6705]
Epoch 47/1000: 100% 1000/1000 [00:23<00:00, 41.95it/s, loss=0.6704]
Epoch 48/1000: 100% 1000/1000 [00:23<00:00, 41.98it/s, loss=0.6712]
Epoch 49/1000: 100% 1000/1000 [00:23<00:00, 41.95it/s, loss=0.6709]
Epoch 50/1000: 100% 1000/1000 [00:23<00:00, 41.97it/s, loss=0.6709]
2025-11-12 04:50:53,651 [INFO] Epoch 50/1000 | Time: 24.11s | Loss: 0.6709 | Spikes: 3030.50 | Eval Return: 9.30
Epoch 51/1000: 100% 1000/1000 [00:23<00:00, 41.97it/s, loss=0.6698]
Epoch 52/1000: 100% 1000/1000 [00:23<00:00, 41.92it/s, loss=0.6709]
Epoch 53/1000: 100% 1000/1000 [00:23<00:00, 41.95it/s, loss=0.6707]
Epoch 54/1000: 100% 1000/1000 [00:23<00:00, 41.96it/s, loss=0.6706]
Epoch 55/1000: 100% 1000/1000 [00:23<00:00, 41.98it/s, loss=0.6700]
Epoch 56/1000: 100% 1000/1000 [00:23<00:00, 41.98it/s, loss=0.6692]
Epoch 57/1000: 100% 1000/1000 [00:23<00:00, 41.93it/s, loss=0.6695]
Epoch 58/1000: 100% 1000/1000 [00:23<00:00, 41.97it/s, loss=0.6700]
Epoch 59/1000: 100% 1000/1000 [00:23<00:00, 41.95it/s, loss=0.6703]
Epoch 60/1000: 100% 1000/1000 [00:23<00:00, 41.97it/s, loss=0.6700]
2025-11-12 04:54:52,291 [INFO] Epoch 60/1000 | Time: 24.12s | Loss: 0.6700 | Spikes: 3070.75 | Eval Return: 9.70
Epoch 61/1000: 100% 1000/1000 [00:23<00:00, 41.99it/s, loss=0.6689]
Epoch 62/1000: 100% 1000/1000 [00:23<00:00, 41.96it/s, loss=0.6700]
Epoch 63/1000: 100% 1000/1000 [00:23<00:00, 41.98it/s, loss=0.6697]
Epoch 64/1000: 100% 1000/1000 [00:23<00:00, 41.68it/s, loss=0.6687]
Epoch 65/1000: 100% 1000/1000 [00:24<00:00, 41.62it/s, loss=0.6685]
Epoch 66/1000: 100% 1000/1000 [00:24<00:00, 41.65it/s, loss=0.6693]
Epoch 67/1000: 100% 1000/1000 [00:24<00:00, 41.57it/s, loss=0.6700]
Epoch 68/1000: 100% 1000/1000 [00:24<00:00, 41.61it/s, loss=0.6696]
Epoch 69/1000: 100% 1000/1000 [00:24<00:00, 41.66it/s, loss=0.6695]
Epoch 70/1000: 100% 1000/1000 [00:23<00:00, 41.76it/s, loss=0.6688]
2025-11-12 04:58:52,102 [INFO] Epoch 70/1000 | Time: 24.23s | Loss: 0.6688 | Spikes: 2909.50 | Eval Return: 9.20
Epoch 71/1000: 100% 1000/1000 [00:23<00:00, 41.87it/s, loss=0.6686]
Epoch 72/1000: 100% 1000/1000 [00:23<00:00, 41.80it/s, loss=0.6698]
Epoch 73/1000: 100% 1000/1000 [00:23<00:00, 41.91it/s, loss=0.6686]
Epoch 74/1000: 100% 1000/1000 [00:23<00:00, 41.93it/s, loss=0.6690]
Epoch 75/1000: 100% 1000/1000 [00:23<00:00, 41.89it/s, loss=0.6697]
Epoch 76/1000: 100% 1000/1000 [00:23<00:00, 41.96it/s, loss=0.6695]
Epoch 77/1000: 100% 1000/1000 [00:23<00:00, 41.89it/s, loss=0.6695]
Epoch 78/1000: 100% 1000/1000 [00:23<00:00, 41.90it/s, loss=0.6692]
Epoch 79/1000: 100% 1000/1000 [00:23<00:00, 41.88it/s, loss=0.6684]
Epoch 80/1000: 100% 1000/1000 [00:23<00:00, 41.85it/s, loss=0.6682]
2025-11-12 05:02:51,130 [INFO] Epoch 80/1000 | Time: 24.19s | Loss: 0.6682 | Spikes: 3066.25 | Eval Return: 9.70
Epoch 81/1000: 100% 1000/1000 [00:23<00:00, 41.82it/s, loss=0.6694]
Epoch 82/1000: 100% 1000/1000 [00:23<00:00, 41.88it/s, loss=0.6692]
Epoch 83/1000: 100% 1000/1000 [00:23<00:00, 41.89it/s, loss=0.6693]
Epoch 84/1000: 100% 1000/1000 [00:23<00:00, 41.88it/s, loss=0.6689]
Epoch 85/1000: 100% 1000/1000 [00:23<00:00, 41.78it/s, loss=0.6691]
Epoch 86/1000: 100% 1000/1000 [00:23<00:00, 41.91it/s, loss=0.6693]
Epoch 87/1000: 100% 1000/1000 [00:23<00:00, 41.90it/s, loss=0.6687]
Epoch 88/1000: 100% 1000/1000 [00:23<00:00, 41.91it/s, loss=0.6675]
Epoch 89/1000: 100% 1000/1000 [00:23<00:00, 41.90it/s, loss=0.6676]
Epoch 90/1000: 100% 1000/1000 [00:23<00:00, 41.92it/s, loss=0.6689]
2025-11-12 05:06:50,198 [INFO] Epoch 90/1000 | Time: 24.14s | Loss: 0.6689 | Spikes: 3125.25 | Eval Return: 9.30
Epoch 91/1000: 100% 1000/1000 [00:23<00:00, 41.96it/s, loss=0.6684]
Epoch 92/1000: 100% 1000/1000 [00:23<00:00, 41.90it/s, loss=0.6685]
Epoch 93/1000: 100% 1000/1000 [00:23<00:00, 41.99it/s, loss=0.6686]
Epoch 94/1000: 100% 1000/1000 [00:23<00:00, 41.95it/s, loss=0.6685]
Epoch 95/1000: 100% 1000/1000 [00:23<00:00, 41.95it/s, loss=0.6681]
Epoch 96/1000: 100% 1000/1000 [00:23<00:00, 41.89it/s, loss=0.6687]
Epoch 97/1000: 100% 1000/1000 [00:23<00:00, 41.92it/s, loss=0.6687]
Epoch 98/1000: 100% 1000/1000 [00:23<00:00, 41.96it/s, loss=0.6678]
Epoch 99/1000: 100% 1000/1000 [00:23<00:00, 41.97it/s, loss=0.6699]
Epoch 100/1000: 100% 1000/1000 [00:23<00:00, 41.80it/s, loss=0.6684]
2025-11-12 05:10:49,002 [INFO] Epoch 100/1000 | Time: 24.22s | Loss: 0.6684 | Spikes: 3031.75 | Eval Return: 9.40
Epoch 101/1000: 100% 1000/1000 [00:23<00:00, 41.78it/s, loss=0.6682]
Epoch 102/1000: 100% 1000/1000 [00:23<00:00, 41.78it/s, loss=0.6685]
Epoch 103/1000: 100% 1000/1000 [00:23<00:00, 41.81it/s, loss=0.6681]
Epoch 104/1000: 100% 1000/1000 [00:23<00:00, 41.79it/s, loss=0.6685]
Epoch 105/1000: 100% 1000/1000 [00:23<00:00, 41.80it/s, loss=0.6684]
Epoch 106/1000: 100% 1000/1000 [00:23<00:00, 41.87it/s, loss=0.6683]
Epoch 107/1000: 100% 1000/1000 [00:23<00:00, 41.86it/s, loss=0.6681]
Epoch 108/1000: 100% 1000/1000 [00:23<00:00, 41.75it/s, loss=0.6683]
Epoch 109/1000: 100% 1000/1000 [00:23<00:00, 41.84it/s, loss=0.6682]
Epoch 110/1000: 100% 1000/1000 [00:23<00:00, 41.82it/s, loss=0.6687]
2025-11-12 05:14:48,494 [INFO] Epoch 110/1000 | Time: 24.22s | Loss: 0.6687 | Spikes: 2954.75 | Eval Return: 9.90
Epoch 111/1000: 100% 1000/1000 [00:23<00:00, 41.80it/s, loss=0.6668]
Epoch 112/1000: 100% 1000/1000 [00:23<00:00, 41.77it/s, loss=0.6682]
Epoch 113/1000: 100% 1000/1000 [00:23<00:00, 41.89it/s, loss=0.6678]
Epoch 114/1000: 100% 1000/1000 [00:23<00:00, 41.85it/s, loss=0.6674]
Epoch 115/1000: 100% 1000/1000 [00:23<00:00, 41.84it/s, loss=0.6679]
Epoch 116/1000: 100% 1000/1000 [00:23<00:00, 41.88it/s, loss=0.6681]
Epoch 117/1000: 100% 1000/1000 [00:23<00:00, 41.88it/s, loss=0.6681]
Epoch 118/1000: 100% 1000/1000 [00:23<00:00, 41.86it/s, loss=0.6680]
Epoch 119/1000: 100% 1000/1000 [00:23<00:00, 41.88it/s, loss=0.6680]
Epoch 120/1000: 100% 1000/1000 [00:23<00:00, 41.88it/s, loss=0.6676]
2025-11-12 05:18:47,713 [INFO] Epoch 120/1000 | Time: 24.16s | Loss: 0.6676 | Spikes: 2616.00 | Eval Return: 9.20
Epoch 121/1000: 100% 1000/1000 [00:23<00:00, 41.89it/s, loss=0.6666]
Epoch 122/1000: 100% 1000/1000 [00:23<00:00, 41.96it/s, loss=0.6677]
Epoch 123/1000: 100% 1000/1000 [00:23<00:00, 41.97it/s, loss=0.6678]
Epoch 124/1000: 100% 1000/1000 [00:23<00:00, 41.88it/s, loss=0.6678]
Epoch 125/1000: 100% 1000/1000 [00:23<00:00, 41.78it/s, loss=0.6678]
Epoch 126/1000: 100% 1000/1000 [00:23<00:00, 41.78it/s, loss=0.6676]
Epoch 127/1000: 100% 1000/1000 [00:24<00:00, 41.42it/s, loss=0.6677]
Epoch 128/1000: 100% 1000/1000 [00:24<00:00, 41.36it/s, loss=0.6676]
Epoch 129/1000: 100% 1000/1000 [00:24<00:00, 41.32it/s, loss=0.6672]
Epoch 130/1000: 100% 1000/1000 [00:24<00:00, 41.25it/s, loss=0.6669]
2025-11-12 05:22:48,069 [INFO] Epoch 130/1000 | Time: 24.55s | Loss: 0.6669 | Spikes: 2657.00 | Eval Return: 9.90
Epoch 131/1000: 100% 1000/1000 [00:24<00:00, 41.32it/s, loss=0.6665]
Epoch 132/1000: 100% 1000/1000 [00:24<00:00, 41.28it/s, loss=0.6663]
Epoch 133/1000: 100% 1000/1000 [00:24<00:00, 41.49it/s, loss=0.6677]
Epoch 134/1000: 100% 1000/1000 [00:24<00:00, 41.57it/s, loss=0.6676]
Epoch 135/1000: 100% 1000/1000 [00:24<00:00, 41.66it/s, loss=0.6671]
Epoch 136/1000: 100% 1000/1000 [00:23<00:00, 41.72it/s, loss=0.6665]
Epoch 137/1000: 100% 1000/1000 [00:23<00:00, 41.75it/s, loss=0.6660]
Epoch 138/1000: 100% 1000/1000 [00:23<00:00, 41.80it/s, loss=0.6669]
Epoch 139/1000: 100% 1000/1000 [00:23<00:00, 41.74it/s, loss=0.6675]
Epoch 140/1000: 100% 1000/1000 [00:23<00:00, 41.80it/s, loss=0.6674]
2025-11-12 05:26:48,650 [INFO] Epoch 140/1000 | Time: 24.20s | Loss: 0.6674 | Spikes: 2661.50 | Eval Return: 9.00
Epoch 141/1000: 100% 1000/1000 [00:23<00:00, 41.81it/s, loss=0.6674]
Epoch 142/1000: 100% 1000/1000 [00:23<00:00, 41.80it/s, loss=0.6674]
Epoch 143/1000: 100% 1000/1000 [00:23<00:00, 41.81it/s, loss=0.6673]
Epoch 144/1000: 100% 1000/1000 [00:23<00:00, 41.82it/s, loss=0.6671]
Epoch 145/1000: 100% 1000/1000 [00:23<00:00, 41.79it/s, loss=0.6673]
Epoch 146/1000: 100% 1000/1000 [00:23<00:00, 41.76it/s, loss=0.6672]
Epoch 147/1000: 100% 1000/1000 [00:23<00:00, 41.74it/s, loss=0.6659]
Epoch 148/1000: 100% 1000/1000 [00:23<00:00, 41.79it/s, loss=0.6667]
Epoch 149/1000: 100% 1000/1000 [00:23<00:00, 41.78it/s, loss=0.6673]
Epoch 150/1000: 100% 1000/1000 [00:23<00:00, 41.76it/s, loss=0.6662]
2025-11-12 05:30:48,247 [INFO] Epoch 150/1000 | Time: 24.23s | Loss: 0.6662 | Spikes: 2611.25 | Eval Return: 9.40
Epoch 151/1000: 100% 1000/1000 [00:23<00:00, 41.98it/s, loss=0.6665]
Epoch 152/1000: 100% 1000/1000 [00:23<00:00, 41.94it/s, loss=0.6672]
Epoch 153/1000: 100% 1000/1000 [00:23<00:00, 41.88it/s, loss=0.6671]
Epoch 154/1000: 100% 1000/1000 [00:23<00:00, 41.89it/s, loss=0.6671]
Epoch 155/1000: 100% 1000/1000 [00:23<00:00, 41.98it/s, loss=0.6670]
Epoch 156/1000: 100% 1000/1000 [00:23<00:00, 41.87it/s, loss=0.6670]
Epoch 157/1000: 100% 1000/1000 [00:23<00:00, 41.75it/s, loss=0.6670]
Epoch 158/1000: 100% 1000/1000 [00:23<00:00, 41.68it/s, loss=0.6670]
Epoch 159/1000: 100% 1000/1000 [00:23<00:00, 41.77it/s, loss=0.6671]
Epoch 160/1000: 100% 1000/1000 [00:23<00:00, 41.71it/s, loss=0.6669]
2025-11-12 05:34:47,527 [INFO] Epoch 160/1000 | Time: 24.26s | Loss: 0.6669 | Spikes: 2463.00 | Eval Return: 9.50
Epoch 161/1000: 100% 1000/1000 [00:23<00:00, 41.76it/s, loss=0.6668]
Epoch 162/1000: 100% 1000/1000 [00:23<00:00, 41.75it/s, loss=0.6668]
Epoch 163/1000: 100% 1000/1000 [00:23<00:00, 41.91it/s, loss=0.6673]
Epoch 164/1000: 100% 1000/1000 [00:23<00:00, 41.82it/s, loss=0.6659]
Epoch 165/1000: 100% 1000/1000 [00:23<00:00, 41.84it/s, loss=0.6653]
Epoch 166/1000: 100% 1000/1000 [00:24<00:00, 41.60it/s, loss=0.6653]
Epoch 167/1000: 100% 1000/1000 [00:24<00:00, 40.60it/s, loss=0.6663]
Epoch 168/1000: 100% 1000/1000 [00:24<00:00, 40.58it/s, loss=0.6653]
Epoch 169/1000: 100% 1000/1000 [00:24<00:00, 40.61it/s, loss=0.6655]
Epoch 170/1000: 100% 1000/1000 [00:24<00:00, 40.57it/s, loss=0.6668]
2025-11-12 05:38:49,991 [INFO] Epoch 170/1000 | Time: 24.96s | Loss: 0.6668 | Spikes: 2567.25 | Eval Return: 9.80
Epoch 171/1000: 100% 1000/1000 [00:24<00:00, 41.03it/s, loss=0.6668]
Epoch 172/1000: 100% 1000/1000 [00:23<00:00, 41.76it/s, loss=0.6668]
Epoch 173/1000: 100% 1000/1000 [00:23<00:00, 41.91it/s, loss=0.6661]
Epoch 174/1000: 100% 1000/1000 [00:23<00:00, 41.87it/s, loss=0.6667]
Epoch 175/1000: 100% 1000/1000 [00:23<00:00, 41.85it/s, loss=0.6667]
Epoch 176/1000: 100% 1000/1000 [00:23<00:00, 41.90it/s, loss=0.6664]
Epoch 177/1000: 100% 1000/1000 [00:23<00:00, 41.91it/s, loss=0.6660]
Epoch 178/1000: 100% 1000/1000 [00:23<00:00, 41.95it/s, loss=0.6651]
Epoch 179/1000: 100% 1000/1000 [00:23<00:00, 41.87it/s, loss=0.6652]
Epoch 180/1000: 100% 1000/1000 [00:23<00:00, 41.89it/s, loss=0.6655]
2025-11-12 05:42:49,575 [INFO] Epoch 180/1000 | Time: 24.18s | Loss: 0.6655 | Spikes: 2540.00 | Eval Return: 9.60
Epoch 181/1000: 100% 1000/1000 [00:23<00:00, 41.92it/s, loss=0.6650]
Epoch 182/1000: 100% 1000/1000 [00:23<00:00, 41.93it/s, loss=0.6662]
Epoch 183/1000: 100% 1000/1000 [00:23<00:00, 41.88it/s, loss=0.6665]
Epoch 184/1000: 100% 1000/1000 [00:23<00:00, 41.92it/s, loss=0.6651]
Epoch 185/1000: 100% 1000/1000 [00:23<00:00, 41.88it/s, loss=0.6655]
Epoch 186/1000: 100% 1000/1000 [00:23<00:00, 41.87it/s, loss=0.6650]
Epoch 187/1000: 100% 1000/1000 [00:23<00:00, 41.82it/s, loss=0.6652]
Epoch 188/1000: 100% 1000/1000 [00:23<00:00, 41.81it/s, loss=0.6665]
Epoch 189/1000: 100% 1000/1000 [00:23<00:00, 41.84it/s, loss=0.6651]
Epoch 190/1000: 100% 1000/1000 [00:23<00:00, 41.90it/s, loss=0.6664]
2025-11-12 05:46:48,662 [INFO] Epoch 190/1000 | Time: 24.16s | Loss: 0.6664 | Spikes: 2388.25 | Eval Return: 9.50
Epoch 191/1000: 100% 1000/1000 [00:23<00:00, 41.92it/s, loss=0.6656]
Epoch 192/1000: 100% 1000/1000 [00:23<00:00, 41.85it/s, loss=0.6661]
Epoch 193/1000: 100% 1000/1000 [00:23<00:00, 41.91it/s, loss=0.6665]
Epoch 194/1000: 100% 1000/1000 [00:23<00:00, 41.85it/s, loss=0.6664]
Epoch 195/1000: 100% 1000/1000 [00:23<00:00, 41.91it/s, loss=0.6665]
Epoch 196/1000: 100% 1000/1000 [00:23<00:00, 41.90it/s, loss=0.6651]
Epoch 197/1000: 100% 1000/1000 [00:23<00:00, 41.99it/s, loss=0.6651]
Epoch 198/1000: 100% 1000/1000 [00:23<00:00, 41.93it/s, loss=0.6654]
Epoch 199/1000: 100% 1000/1000 [00:23<00:00, 41.97it/s, loss=0.6648]
Epoch 200/1000: 100% 1000/1000 [00:23<00:00, 41.98it/s, loss=0.6651]
2025-11-12 05:50:47,496 [INFO] Epoch 200/1000 | Time: 24.11s | Loss: 0.6651 | Spikes: 2544.00 | Eval Return: 9.40
Epoch 201/1000: 100% 1000/1000 [00:23<00:00, 41.91it/s, loss=0.6648]
Epoch 202/1000: 100% 1000/1000 [00:23<00:00, 41.90it/s, loss=0.6649]
Epoch 203/1000: 100% 1000/1000 [00:23<00:00, 41.95it/s, loss=0.6651]
Epoch 204/1000: 100% 1000/1000 [00:23<00:00, 41.94it/s, loss=0.6648]
Epoch 205/1000: 100% 1000/1000 [00:23<00:00, 41.96it/s, loss=0.6648]
Epoch 206/1000: 100% 1000/1000 [00:23<00:00, 41.98it/s, loss=0.6652]
Epoch 207/1000: 100% 1000/1000 [00:23<00:00, 41.91it/s, loss=0.6648]
Epoch 208/1000: 100% 1000/1000 [00:23<00:00, 41.97it/s, loss=0.6647]
Epoch 209/1000: 100% 1000/1000 [00:23<00:00, 41.94it/s, loss=0.6648]
Epoch 210/1000: 100% 1000/1000 [00:23<00:00, 42.03it/s, loss=0.6659]
2025-11-12 05:54:46,179 [INFO] Epoch 210/1000 | Time: 24.08s | Loss: 0.6659 | Spikes: 2533.25 | Eval Return: 9.40
Epoch 211/1000: 100% 1000/1000 [00:23<00:00, 41.99it/s, loss=0.6641]
Epoch 212/1000: 100% 1000/1000 [00:23<00:00, 41.94it/s, loss=0.6652]
Epoch 213/1000: 100% 1000/1000 [00:23<00:00, 41.93it/s, loss=0.6664]
Epoch 214/1000: 100% 1000/1000 [00:23<00:00, 41.95it/s, loss=0.6661]
Epoch 215/1000: 100% 1000/1000 [00:23<00:00, 41.99it/s, loss=0.6663]
Epoch 216/1000: 100% 1000/1000 [00:23<00:00, 41.97it/s, loss=0.6663]
Epoch 217/1000: 100% 1000/1000 [00:23<00:00, 41.98it/s, loss=0.6663]
Epoch 218/1000: 100% 1000/1000 [00:23<00:00, 41.98it/s, loss=0.6662]
Epoch 219/1000: 100% 1000/1000 [00:23<00:00, 41.96it/s, loss=0.6658]
Epoch 220/1000: 100% 1000/1000 [00:23<00:00, 41.95it/s, loss=0.6645]
2025-11-12 05:58:44,769 [INFO] Epoch 220/1000 | Time: 24.12s | Loss: 0.6645 | Spikes: 2419.50 | Eval Return: 9.30
Epoch 221/1000: 100% 1000/1000 [00:23<00:00, 41.98it/s, loss=0.6655]
Epoch 222/1000: 100% 1000/1000 [00:23<00:00, 41.93it/s, loss=0.6646]
Epoch 223/1000: 100% 1000/1000 [00:23<00:00, 41.92it/s, loss=0.6646]
Epoch 224/1000: 100% 1000/1000 [00:23<00:00, 42.01it/s, loss=0.6646]
Epoch 225/1000: 100% 1000/1000 [00:23<00:00, 41.99it/s, loss=0.6650]
Epoch 226/1000: 100% 1000/1000 [00:23<00:00, 41.99it/s, loss=0.6656]
Epoch 227/1000: 100% 1000/1000 [00:23<00:00, 41.96it/s, loss=0.6646]
Epoch 228/1000: 100% 1000/1000 [00:23<00:00, 41.96it/s, loss=0.6658]
Epoch 229/1000: 100% 1000/1000 [00:23<00:00, 41.96it/s, loss=0.6644]
Epoch 230/1000: 100% 1000/1000 [00:23<00:00, 41.90it/s, loss=0.6645]
2025-11-12 06:02:43,384 [INFO] Epoch 230/1000 | Time: 24.16s | Loss: 0.6645 | Spikes: 2556.75 | Eval Return: 9.60
Epoch 231/1000: 100% 1000/1000 [00:23<00:00, 41.96it/s, loss=0.6645]
Epoch 232/1000: 100% 1000/1000 [00:23<00:00, 41.95it/s, loss=0.6646]
Epoch 233/1000: 100% 1000/1000 [00:23<00:00, 41.92it/s, loss=0.6652]
Epoch 234/1000: 100% 1000/1000 [00:23<00:00, 41.97it/s, loss=0.6646]
Epoch 235/1000: 100% 1000/1000 [00:23<00:00, 41.94it/s, loss=0.6651]
Epoch 236/1000: 100% 1000/1000 [00:23<00:00, 41.94it/s, loss=0.6652]
Epoch 237/1000: 100% 1000/1000 [00:23<00:00, 41.97it/s, loss=0.6646]
Epoch 238/1000: 100% 1000/1000 [00:23<00:00, 41.95it/s, loss=0.6655]
Epoch 239/1000: 100% 1000/1000 [00:23<00:00, 41.96it/s, loss=0.6661]
Epoch 240/1000: 100% 1000/1000 [00:23<00:00, 41.96it/s, loss=0.6661]
2025-11-12 06:06:42,065 [INFO] Epoch 240/1000 | Time: 24.14s | Loss: 0.6661 | Spikes: 2654.75 | Eval Return: 9.80
Epoch 241/1000: 100% 1000/1000 [00:23<00:00, 42.00it/s, loss=0.6661]
Epoch 242/1000: 100% 1000/1000 [00:23<00:00, 41.94it/s, loss=0.6660]
Epoch 243/1000: 100% 1000/1000 [00:23<00:00, 41.97it/s, loss=0.6660]
Epoch 244/1000: 100% 1000/1000 [00:23<00:00, 41.96it/s, loss=0.6658]
Epoch 245/1000: 100% 1000/1000 [00:23<00:00, 41.95it/s, loss=0.6648]
Epoch 246/1000: 100% 1000/1000 [00:23<00:00, 41.97it/s, loss=0.6645]
Epoch 247/1000: 100% 1000/1000 [00:23<00:00, 41.95it/s, loss=0.6659]
Epoch 248/1000: 100% 1000/1000 [00:23<00:00, 41.96it/s, loss=0.6650]
Epoch 249/1000: 100% 1000/1000 [00:23<00:00, 41.94it/s, loss=0.6653]
Epoch 250/1000: 100% 1000/1000 [00:23<00:00, 41.87it/s, loss=0.6645]
2025-11-12 06:10:40,729 [INFO] Epoch 250/1000 | Time: 24.17s | Loss: 0.6645 | Spikes: 2653.25 | Eval Return: 9.50
Epoch 251/1000: 100% 1000/1000 [00:23<00:00, 41.83it/s, loss=0.6646]
Epoch 252/1000: 100% 1000/1000 [00:23<00:00, 41.84it/s, loss=0.6655]
Epoch 253/1000: 100% 1000/1000 [00:23<00:00, 41.80it/s, loss=0.6661]
Epoch 254/1000: 100% 1000/1000 [00:23<00:00, 41.85it/s, loss=0.6659]
Epoch 255/1000: 100% 1000/1000 [00:23<00:00, 41.81it/s, loss=0.6652]
Epoch 256/1000: 100% 1000/1000 [00:23<00:00, 41.72it/s, loss=0.6645]
Epoch 257/1000: 100% 1000/1000 [00:23<00:00, 41.89it/s, loss=0.6644]
Epoch 258/1000: 100% 1000/1000 [00:23<00:00, 41.89it/s, loss=0.6645]
Epoch 259/1000: 100% 1000/1000 [00:23<00:00, 41.94it/s, loss=0.6646]
Epoch 260/1000: 100% 1000/1000 [00:23<00:00, 41.97it/s, loss=0.6650]
2025-11-12 06:14:39,948 [INFO] Epoch 260/1000 | Time: 24.11s | Loss: 0.6650 | Spikes: 2497.00 | Eval Return: 9.40
Epoch 261/1000: 100% 1000/1000 [00:23<00:00, 41.92it/s, loss=0.6644]
Epoch 262/1000: 100% 1000/1000 [00:23<00:00, 41.92it/s, loss=0.6644]
Epoch 263/1000: 100% 1000/1000 [00:23<00:00, 41.94it/s, loss=0.6644]
Epoch 264/1000: 100% 1000/1000 [00:23<00:00, 41.95it/s, loss=0.6644]
Epoch 265/1000: 100% 1000/1000 [00:23<00:00, 41.92it/s, loss=0.6650]
Epoch 266/1000: 100% 1000/1000 [00:23<00:00, 41.86it/s, loss=0.6642]
Epoch 267/1000: 100% 1000/1000 [00:23<00:00, 41.91it/s, loss=0.6658]
Epoch 268/1000: 100% 1000/1000 [00:23<00:00, 41.93it/s, loss=0.6649]
Epoch 269/1000: 100% 1000/1000 [00:23<00:00, 41.88it/s, loss=0.6645]
Epoch 270/1000: 100% 1000/1000 [00:23<00:00, 41.88it/s, loss=0.6645]
2025-11-12 06:18:38,849 [INFO] Epoch 270/1000 | Time: 24.17s | Loss: 0.6645 | Spikes: 2556.25 | Eval Return: 9.60
Epoch 271/1000: 100% 1000/1000 [00:23<00:00, 41.91it/s, loss=0.6655]
Epoch 272/1000: 100% 1000/1000 [00:23<00:00, 41.92it/s, loss=0.6660]
Epoch 273/1000: 100% 1000/1000 [00:23<00:00, 41.89it/s, loss=0.6652]
Epoch 274/1000: 100% 1000/1000 [00:23<00:00, 41.89it/s, loss=0.6644]
Epoch 275/1000: 100% 1000/1000 [00:23<00:00, 41.88it/s, loss=0.6643]
Epoch 276/1000: 100% 1000/1000 [00:23<00:00, 41.90it/s, loss=0.6644]
Epoch 277/1000: 100% 1000/1000 [00:23<00:00, 41.90it/s, loss=0.6644]
Epoch 278/1000: 100% 1000/1000 [00:23<00:00, 41.90it/s, loss=0.6646]
Epoch 279/1000: 100% 1000/1000 [00:23<00:00, 41.70it/s, loss=0.6645]
Epoch 280/1000: 100% 1000/1000 [00:23<00:00, 41.95it/s, loss=0.6643]
2025-11-12 06:22:37,895 [INFO] Epoch 280/1000 | Time: 24.12s | Loss: 0.6643 | Spikes: 2640.00 | Eval Return: 9.50
Epoch 281/1000: 100% 1000/1000 [00:23<00:00, 41.78it/s, loss=0.6643]
Epoch 282/1000: 100% 1000/1000 [00:23<00:00, 41.90it/s, loss=0.6643]
Epoch 283/1000: 100% 1000/1000 [00:23<00:00, 41.85it/s, loss=0.6649]
Epoch 284/1000: 100% 1000/1000 [00:23<00:00, 41.92it/s, loss=0.6642]
Epoch 285/1000: 100% 1000/1000 [00:23<00:00, 41.94it/s, loss=0.6644]
Epoch 286/1000: 100% 1000/1000 [00:23<00:00, 41.95it/s, loss=0.6658]
Epoch 287/1000: 100% 1000/1000 [00:23<00:00, 41.96it/s, loss=0.6657]
Epoch 288/1000: 100% 1000/1000 [00:23<00:00, 41.96it/s, loss=0.6658]
Epoch 289/1000: 100% 1000/1000 [00:23<00:00, 41.95it/s, loss=0.6650]
Epoch 290/1000: 100% 1000/1000 [00:23<00:00, 41.96it/s, loss=0.6642]
2025-11-12 06:26:36,763 [INFO] Epoch 290/1000 | Time: 24.12s | Loss: 0.6642 | Spikes: 2818.00 | Eval Return: 9.50
Epoch 291/1000: 100% 1000/1000 [00:23<00:00, 41.96it/s, loss=0.6642]
Epoch 292/1000: 100% 1000/1000 [00:23<00:00, 41.87it/s, loss=0.6651]
Epoch 293/1000: 100% 1000/1000 [00:23<00:00, 41.92it/s, loss=0.6657]
Epoch 294/1000: 100% 1000/1000 [00:23<00:00, 41.94it/s, loss=0.6656]
Epoch 295/1000: 100% 1000/1000 [00:23<00:00, 41.96it/s, loss=0.6656]
Epoch 296/1000: 100% 1000/1000 [00:23<00:00, 41.97it/s, loss=0.6656]
Epoch 297/1000: 100% 1000/1000 [00:23<00:00, 41.91it/s, loss=0.6639]
Epoch 298/1000: 100% 1000/1000 [00:23<00:00, 41.89it/s, loss=0.6644]
Epoch 299/1000: 100% 1000/1000 [00:23<00:00, 41.91it/s, loss=0.6643]
Epoch 300/1000: 100% 1000/1000 [00:23<00:00, 42.01it/s, loss=0.6642]
2025-11-12 06:30:35,520 [INFO] Epoch 300/1000 | Time: 24.09s | Loss: 0.6642 | Spikes: 2738.25 | Eval Return: 9.40
Epoch 301/1000: 100% 1000/1000 [00:23<00:00, 41.93it/s, loss=0.6651]
Epoch 302/1000: 100% 1000/1000 [00:23<00:00, 41.94it/s, loss=0.6656]
Epoch 303/1000: 100% 1000/1000 [00:23<00:00, 41.92it/s, loss=0.6650]
Epoch 304/1000: 100% 1000/1000 [00:23<00:00, 41.95it/s, loss=0.6643]
Epoch 305/1000: 100% 1000/1000 [00:23<00:00, 41.88it/s, loss=0.6654]
Epoch 306/1000: 100% 1000/1000 [00:23<00:00, 41.89it/s, loss=0.6656]
Epoch 307/1000: 100% 1000/1000 [00:24<00:00, 41.55it/s, loss=0.6649]
Epoch 308/1000: 100% 1000/1000 [00:24<00:00, 41.56it/s, loss=0.6642]
Epoch 309/1000: 100% 1000/1000 [00:24<00:00, 41.56it/s, loss=0.6641]
Epoch 310/1000: 100% 1000/1000 [00:24<00:00, 41.49it/s, loss=0.6641]
2025-11-12 06:34:35,234 [INFO] Epoch 310/1000 | Time: 24.39s | Loss: 0.6641 | Spikes: 2626.50 | Eval Return: 9.10
Epoch 311/1000: 100% 1000/1000 [00:24<00:00, 41.40it/s, loss=0.6644]
Epoch 312/1000: 100% 1000/1000 [00:24<00:00, 41.53it/s, loss=0.6641]
Epoch 313/1000: 100% 1000/1000 [00:23<00:00, 41.82it/s, loss=0.6641]
Epoch 314/1000: 100% 1000/1000 [00:23<00:00, 41.87it/s, loss=0.6654]
Epoch 315/1000: 100% 1000/1000 [00:23<00:00, 41.85it/s, loss=0.6641]
Epoch 316/1000: 100% 1000/1000 [00:23<00:00, 41.95it/s, loss=0.6641]
Epoch 317/1000: 100% 1000/1000 [00:23<00:00, 41.91it/s, loss=0.6641]
Epoch 318/1000: 100% 1000/1000 [00:23<00:00, 41.89it/s, loss=0.6645]
Epoch 319/1000: 100% 1000/1000 [00:23<00:00, 41.94it/s, loss=0.6641]
Epoch 320/1000: 100% 1000/1000 [00:23<00:00, 41.80it/s, loss=0.6641]
2025-11-12 06:38:34,798 [INFO] Epoch 320/1000 | Time: 24.21s | Loss: 0.6641 | Spikes: 2795.00 | Eval Return: 9.30
Epoch 321/1000: 100% 1000/1000 [00:23<00:00, 41.70it/s, loss=0.6641]
Epoch 322/1000: 100% 1000/1000 [00:23<00:00, 41.70it/s, loss=0.6641]
Epoch 323/1000: 100% 1000/1000 [00:23<00:00, 41.70it/s, loss=0.6641]
Epoch 324/1000: 100% 1000/1000 [00:23<00:00, 41.70it/s, loss=0.6647]
Epoch 325/1000: 100% 1000/1000 [00:23<00:00, 41.68it/s, loss=0.6655]
Epoch 326/1000: 100% 1000/1000 [00:23<00:00, 41.75it/s, loss=0.6656]
Epoch 327/1000: 100% 1000/1000 [00:23<00:00, 41.71it/s, loss=0.6653]
Epoch 328/1000: 100% 1000/1000 [00:23<00:00, 41.75it/s, loss=0.6656]
Epoch 329/1000: 100% 1000/1000 [00:23<00:00, 41.77it/s, loss=0.6654]
Epoch 330/1000: 100% 1000/1000 [00:23<00:00, 41.74it/s, loss=0.6646]
2025-11-12 06:42:34,785 [INFO] Epoch 330/1000 | Time: 24.25s | Loss: 0.6646 | Spikes: 2610.75 | Eval Return: 9.50
Epoch 331/1000: 100% 1000/1000 [00:23<00:00, 41.73it/s, loss=0.6645]
Epoch 332/1000: 100% 1000/1000 [00:23<00:00, 41.76it/s, loss=0.6640]
Epoch 333/1000: 100% 1000/1000 [00:23<00:00, 41.75it/s, loss=0.6641]
Epoch 334/1000: 100% 1000/1000 [00:23<00:00, 41.72it/s, loss=0.6641]
Epoch 335/1000: 100% 1000/1000 [00:23<00:00, 41.74it/s, loss=0.6646]
Epoch 336/1000: 100% 1000/1000 [00:23<00:00, 41.80it/s, loss=0.6654]
Epoch 337/1000: 100% 1000/1000 [00:23<00:00, 41.81it/s, loss=0.6654]
Epoch 338/1000: 100% 1000/1000 [00:23<00:00, 41.81it/s, loss=0.6654]
Epoch 339/1000: 100% 1000/1000 [00:23<00:00, 41.86it/s, loss=0.6653]
Epoch 340/1000: 100% 1000/1000 [00:23<00:00, 41.83it/s, loss=0.6653]
2025-11-12 06:46:34,433 [INFO] Epoch 340/1000 | Time: 24.20s | Loss: 0.6653 | Spikes: 2666.25 | Eval Return: 9.50
Epoch 341/1000: 100% 1000/1000 [00:23<00:00, 41.79it/s, loss=0.6653]
Epoch 342/1000: 100% 1000/1000 [00:23<00:00, 41.84it/s, loss=0.6653]
Epoch 343/1000: 100% 1000/1000 [00:23<00:00, 41.82it/s, loss=0.6649]
Epoch 344/1000: 100% 1000/1000 [00:23<00:00, 41.81it/s, loss=0.6649]
Epoch 345/1000: 100% 1000/1000 [00:23<00:00, 41.83it/s, loss=0.6653]
Epoch 346/1000: 100% 1000/1000 [00:23<00:00, 41.84it/s, loss=0.6653]
Epoch 347/1000: 100% 1000/1000 [00:23<00:00, 41.83it/s, loss=0.6653]
Epoch 348/1000: 100% 1000/1000 [00:23<00:00, 41.86it/s, loss=0.6646]
Epoch 349/1000: 100% 1000/1000 [00:23<00:00, 41.83it/s, loss=0.6641]
Epoch 350/1000: 100% 1000/1000 [00:23<00:00, 41.86it/s, loss=0.6643]
2025-11-12 06:50:33,778 [INFO] Epoch 350/1000 | Time: 24.18s | Loss: 0.6643 | Spikes: 2620.00 | Eval Return: 9.40
Epoch 351/1000: 100% 1000/1000 [00:23<00:00, 41.85it/s, loss=0.6642]
Epoch 352/1000: 100% 1000/1000 [00:23<00:00, 41.90it/s, loss=0.6640]
Epoch 353/1000: 100% 1000/1000 [00:23<00:00, 41.94it/s, loss=0.6640]
Epoch 354/1000: 100% 1000/1000 [00:23<00:00, 41.93it/s, loss=0.6652]
Epoch 355/1000: 100% 1000/1000 [00:23<00:00, 41.78it/s, loss=0.6652]
Epoch 356/1000: 100% 1000/1000 [00:23<00:00, 41.80it/s, loss=0.6653]
Epoch 357/1000: 100% 1000/1000 [00:23<00:00, 41.83it/s, loss=0.6644]
Epoch 358/1000: 100% 1000/1000 [00:23<00:00, 41.88it/s, loss=0.6646]
Epoch 359/1000: 100% 1000/1000 [00:23<00:00, 41.77it/s, loss=0.6652]
Epoch 360/1000: 100% 1000/1000 [00:23<00:00, 41.82it/s, loss=0.6652]
2025-11-12 06:54:33,000 [INFO] Epoch 360/1000 | Time: 24.19s | Loss: 0.6652 | Spikes: 2840.50 | Eval Return: 9.00
Epoch 361/1000: 100% 1000/1000 [00:24<00:00, 40.89it/s, loss=0.6652]
Epoch 362/1000: 100% 1000/1000 [00:24<00:00, 40.57it/s, loss=0.6649]
Epoch 363/1000: 100% 1000/1000 [00:24<00:00, 40.55it/s, loss=0.6640]
Epoch 364/1000: 100% 1000/1000 [00:24<00:00, 40.45it/s, loss=0.6640]
Epoch 365/1000: 100% 1000/1000 [00:24<00:00, 40.77it/s, loss=0.6640]
Epoch 366/1000: 100% 1000/1000 [00:24<00:00, 41.52it/s, loss=0.6639]
Epoch 367/1000: 100% 1000/1000 [00:23<00:00, 41.78it/s, loss=0.6647]
Epoch 368/1000: 100% 1000/1000 [00:23<00:00, 41.76it/s, loss=0.6640]
Epoch 369/1000: 100% 1000/1000 [00:23<00:00, 41.79it/s, loss=0.6639]
Epoch 370/1000: 100% 1000/1000 [00:23<00:00, 41.81it/s, loss=0.6645]
2025-11-12 06:58:36,106 [INFO] Epoch 370/1000 | Time: 24.19s | Loss: 0.6645 | Spikes: 2615.25 | Eval Return: 8.90
Epoch 371/1000: 100% 1000/1000 [00:23<00:00, 41.85it/s, loss=0.6651]
Epoch 372/1000: 100% 1000/1000 [00:23<00:00, 41.84it/s, loss=0.6652]
Epoch 373/1000: 100% 1000/1000 [00:23<00:00, 41.91it/s, loss=0.6652]
Epoch 374/1000: 100% 1000/1000 [00:23<00:00, 41.91it/s, loss=0.6651]
Epoch 375/1000: 100% 1000/1000 [00:23<00:00, 41.93it/s, loss=0.6651]
Epoch 376/1000: 100% 1000/1000 [00:23<00:00, 41.92it/s, loss=0.6650]
Epoch 377/1000: 100% 1000/1000 [00:23<00:00, 41.96it/s, loss=0.6650]
Epoch 378/1000: 100% 1000/1000 [00:23<00:00, 41.91it/s, loss=0.6650]
Epoch 379/1000: 100% 1000/1000 [00:23<00:00, 41.94it/s, loss=0.6650]
Epoch 380/1000: 100% 1000/1000 [00:23<00:00, 41.89it/s, loss=0.6650]
2025-11-12 07:02:35,041 [INFO] Epoch 380/1000 | Time: 24.17s | Loss: 0.6650 | Spikes: 2760.75 | Eval Return: 9.60
Epoch 381/1000: 100% 1000/1000 [00:23<00:00, 41.88it/s, loss=0.6650]
Epoch 382/1000: 100% 1000/1000 [00:23<00:00, 41.91it/s, loss=0.6649]
Epoch 383/1000: 100% 1000/1000 [00:23<00:00, 41.85it/s, loss=0.6649]
Epoch 384/1000: 100% 1000/1000 [00:23<00:00, 41.91it/s, loss=0.6649]
Epoch 385/1000: 100% 1000/1000 [00:23<00:00, 41.93it/s, loss=0.6649]
Epoch 386/1000: 100% 1000/1000 [00:23<00:00, 41.93it/s, loss=0.6650]
Epoch 387/1000: 100% 1000/1000 [00:23<00:00, 41.89it/s, loss=0.6649]
Epoch 388/1000: 100% 1000/1000 [00:23<00:00, 41.87it/s, loss=0.6649]
Epoch 389/1000: 100% 1000/1000 [00:23<00:00, 41.95it/s, loss=0.6642]
Epoch 390/1000: 100% 1000/1000 [00:23<00:00, 41.91it/s, loss=0.6640]
2025-11-12 07:06:33,984 [INFO] Epoch 390/1000 | Time: 24.16s | Loss: 0.6640 | Spikes: 2903.25 | Eval Return: 9.50
Epoch 391/1000: 100% 1000/1000 [00:23<00:00, 41.95it/s, loss=0.6644]
Epoch 392/1000: 100% 1000/1000 [00:23<00:00, 41.93it/s, loss=0.6638]
Epoch 393/1000: 100% 1000/1000 [00:24<00:00, 41.61it/s, loss=0.6642]
Epoch 394/1000: 100% 1000/1000 [00:24<00:00, 41.59it/s, loss=0.6640]
Epoch 395/1000: 100% 1000/1000 [00:24<00:00, 41.56it/s, loss=0.6638]
Epoch 396/1000: 100% 1000/1000 [00:24<00:00, 41.50it/s, loss=0.6645]
Epoch 397/1000: 100% 1000/1000 [00:24<00:00, 41.52it/s, loss=0.6649]
Epoch 398/1000: 100% 1000/1000 [00:24<00:00, 41.58it/s, loss=0.6649]
Epoch 399/1000: 100% 1000/1000 [00:23<00:00, 41.79it/s, loss=0.6649]
Epoch 400/1000: 100% 1000/1000 [00:23<00:00, 41.82it/s, loss=0.6648]
2025-11-12 07:10:34,156 [INFO] Epoch 400/1000 | Time: 24.18s | Loss: 0.6648 | Spikes: 2966.00 | Eval Return: 8.90
Epoch 401/1000: 100% 1000/1000 [00:23<00:00, 41.79it/s, loss=0.6649]
Epoch 402/1000: 100% 1000/1000 [00:23<00:00, 41.85it/s, loss=0.6647]
Epoch 403/1000: 100% 1000/1000 [00:23<00:00, 41.84it/s, loss=0.6649]
Epoch 404/1000: 100% 1000/1000 [00:23<00:00, 41.92it/s, loss=0.6648]
Epoch 405/1000: 100% 1000/1000 [00:23<00:00, 41.83it/s, loss=0.6648]
Epoch 406/1000: 100% 1000/1000 [00:23<00:00, 41.85it/s, loss=0.6647]
Epoch 407/1000: 100% 1000/1000 [00:23<00:00, 41.84it/s, loss=0.6648]
Epoch 408/1000: 100% 1000/1000 [00:23<00:00, 41.83it/s, loss=0.6639]
Epoch 409/1000: 100% 1000/1000 [00:23<00:00, 41.85it/s, loss=0.6640]
Epoch 410/1000: 100% 1000/1000 [00:23<00:00, 41.83it/s, loss=0.6648]
2025-11-12 07:14:33,437 [INFO] Epoch 410/1000 | Time: 24.19s | Loss: 0.6648 | Spikes: 2992.75 | Eval Return: 9.10
Epoch 411/1000: 100% 1000/1000 [00:23<00:00, 41.73it/s, loss=0.6648]
Epoch 412/1000: 100% 1000/1000 [00:23<00:00, 41.79it/s, loss=0.6648]
Epoch 413/1000: 100% 1000/1000 [00:23<00:00, 41.77it/s, loss=0.6648]
Epoch 414/1000: 100% 1000/1000 [00:23<00:00, 41.84it/s, loss=0.6649]
Epoch 415/1000: 100% 1000/1000 [00:23<00:00, 41.87it/s, loss=0.6646]
Epoch 416/1000: 100% 1000/1000 [00:23<00:00, 41.86it/s, loss=0.6648]
Epoch 417/1000: 100% 1000/1000 [00:23<00:00, 41.88it/s, loss=0.6647]
Epoch 418/1000: 100% 1000/1000 [00:23<00:00, 41.85it/s, loss=0.6647]
Epoch 419/1000: 100% 1000/1000 [00:23<00:00, 41.88it/s, loss=0.6656]
Epoch 420/1000: 100% 1000/1000 [00:23<00:00, 41.85it/s, loss=0.6653]
2025-11-12 07:18:32,789 [INFO] Epoch 420/1000 | Time: 24.19s | Loss: 0.6653 | Spikes: 2938.75 | Eval Return: 9.80
Epoch 421/1000: 100% 1000/1000 [00:23<00:00, 41.86it/s, loss=0.6647]
Epoch 422/1000: 100% 1000/1000 [00:23<00:00, 41.87it/s, loss=0.6647]
Epoch 423/1000: 100% 1000/1000 [00:23<00:00, 41.93it/s, loss=0.6647]
Epoch 424/1000: 100% 1000/1000 [00:23<00:00, 41.91it/s, loss=0.6638]
Epoch 425/1000: 100% 1000/1000 [00:23<00:00, 41.83it/s, loss=0.6642]
Epoch 426/1000: 100% 1000/1000 [00:23<00:00, 41.85it/s, loss=0.6650]
Epoch 427/1000: 100% 1000/1000 [00:23<00:00, 41.92it/s, loss=0.6638]
Epoch 428/1000: 100% 1000/1000 [00:23<00:00, 41.89it/s, loss=0.6640]
Epoch 429/1000: 100% 1000/1000 [00:23<00:00, 41.91it/s, loss=0.6638]
Epoch 430/1000: 100% 1000/1000 [00:23<00:00, 41.91it/s, loss=0.6637]
2025-11-12 07:22:31,804 [INFO] Epoch 430/1000 | Time: 24.14s | Loss: 0.6637 | Spikes: 3051.50 | Eval Return: 9.40
Epoch 431/1000: 100% 1000/1000 [00:23<00:00, 41.87it/s, loss=0.6637]
Epoch 432/1000: 100% 1000/1000 [00:23<00:00, 41.75it/s, loss=0.6639]
Epoch 433/1000: 100% 1000/1000 [00:23<00:00, 41.92it/s, loss=0.6637]
Epoch 434/1000: 100% 1000/1000 [00:23<00:00, 41.90it/s, loss=0.6637]
Epoch 435/1000: 100% 1000/1000 [00:23<00:00, 41.87it/s, loss=0.6639]
Epoch 436/1000: 100% 1000/1000 [00:23<00:00, 41.86it/s, loss=0.6637]
Epoch 437/1000: 100% 1000/1000 [00:23<00:00, 41.85it/s, loss=0.6642]
Epoch 438/1000: 100% 1000/1000 [00:23<00:00, 41.88it/s, loss=0.6636]
Epoch 439/1000: 100% 1000/1000 [00:23<00:00, 41.88it/s, loss=0.6636]
Epoch 440/1000: 100% 1000/1000 [00:23<00:00, 41.96it/s, loss=0.6641]
2025-11-12 07:26:30,902 [INFO] Epoch 440/1000 | Time: 24.13s | Loss: 0.6641 | Spikes: 2867.25 | Eval Return: 9.50
Epoch 441/1000: 100% 1000/1000 [00:23<00:00, 41.89it/s, loss=0.6647]
Epoch 442/1000: 100% 1000/1000 [00:23<00:00, 41.91it/s, loss=0.6647]
Epoch 443/1000: 100% 1000/1000 [00:23<00:00, 41.88it/s, loss=0.6647]
Epoch 444/1000: 100% 1000/1000 [00:23<00:00, 41.91it/s, loss=0.6647]
Epoch 445/1000: 100% 1000/1000 [00:23<00:00, 41.91it/s, loss=0.6646]
Epoch 446/1000: 100% 1000/1000 [00:23<00:00, 41.91it/s, loss=0.6646]
Epoch 447/1000: 100% 1000/1000 [00:23<00:00, 41.77it/s, loss=0.6646]
Epoch 448/1000: 100% 1000/1000 [00:23<00:00, 41.69it/s, loss=0.6646]
Epoch 449/1000: 100% 1000/1000 [00:23<00:00, 41.86it/s, loss=0.6646]
Epoch 450/1000: 100% 1000/1000 [00:23<00:00, 41.70it/s, loss=0.6642]
2025-11-12 07:30:30,185 [INFO] Epoch 450/1000 | Time: 24.26s | Loss: 0.6642 | Spikes: 2888.75 | Eval Return: 9.30
Epoch 451/1000: 100% 1000/1000 [00:24<00:00, 41.65it/s, loss=0.6637]
Epoch 452/1000: 100% 1000/1000 [00:24<00:00, 41.66it/s, loss=0.6638]
Epoch 453/1000: 100% 1000/1000 [00:24<00:00, 41.64it/s, loss=0.6637]
Epoch 454/1000: 100% 1000/1000 [00:24<00:00, 41.66it/s, loss=0.6637]
Epoch 455/1000: 100% 1000/1000 [00:24<00:00, 41.66it/s, loss=0.6640]
Epoch 456/1000: 100% 1000/1000 [00:23<00:00, 41.70it/s, loss=0.6636]
Epoch 457/1000: 100% 1000/1000 [00:23<00:00, 41.73it/s, loss=0.6642]
Epoch 458/1000: 100% 1000/1000 [00:23<00:00, 41.74it/s, loss=0.6646]
Epoch 459/1000: 100% 1000/1000 [00:23<00:00, 41.72it/s, loss=0.6646]
Epoch 460/1000: 100% 1000/1000 [00:23<00:00, 41.96it/s, loss=0.6646]
2025-11-12 07:34:30,214 [INFO] Epoch 460/1000 | Time: 24.11s | Loss: 0.6646 | Spikes: 2885.75 | Eval Return: 9.20
Epoch 461/1000: 100% 1000/1000 [00:23<00:00, 41.91it/s, loss=0.6642]
Epoch 462/1000: 100% 1000/1000 [00:23<00:00, 41.87it/s, loss=0.6646]
Epoch 463/1000: 100% 1000/1000 [00:23<00:00, 41.90it/s, loss=0.6646]
Epoch 464/1000: 100% 1000/1000 [00:23<00:00, 41.88it/s, loss=0.6643]
Epoch 465/1000: 100% 1000/1000 [00:23<00:00, 41.96it/s, loss=0.6636]
Epoch 466/1000: 100% 1000/1000 [00:23<00:00, 41.92it/s, loss=0.6636]
Epoch 467/1000: 100% 1000/1000 [00:23<00:00, 41.90it/s, loss=0.6639]
Epoch 468/1000: 100% 1000/1000 [00:23<00:00, 41.91it/s, loss=0.6646]
Epoch 469/1000: 100% 1000/1000 [00:23<00:00, 41.93it/s, loss=0.6645]
Epoch 470/1000: 100% 1000/1000 [00:23<00:00, 41.94it/s, loss=0.6646]
2025-11-12 07:38:29,112 [INFO] Epoch 470/1000 | Time: 24.14s | Loss: 0.6646 | Spikes: 3075.00 | Eval Return: 9.80
Epoch 471/1000: 100% 1000/1000 [00:23<00:00, 41.93it/s, loss=0.6647]
Epoch 472/1000: 100% 1000/1000 [00:23<00:00, 41.94it/s, loss=0.6639]
Epoch 473/1000: 100% 1000/1000 [00:23<00:00, 41.96it/s, loss=0.6645]
Epoch 474/1000: 100% 1000/1000 [00:23<00:00, 41.93it/s, loss=0.6646]
Epoch 475/1000: 100% 1000/1000 [00:23<00:00, 41.91it/s, loss=0.6644]
Epoch 476/1000: 100% 1000/1000 [00:23<00:00, 41.90it/s, loss=0.6637]
Epoch 477/1000: 100% 1000/1000 [00:23<00:00, 41.93it/s, loss=0.6637]
Epoch 478/1000: 100% 1000/1000 [00:23<00:00, 41.90it/s, loss=0.6637]
Epoch 479/1000: 100% 1000/1000 [00:23<00:00, 41.94it/s, loss=0.6639]
Epoch 480/1000: 100% 1000/1000 [00:23<00:00, 41.96it/s, loss=0.6639]
2025-11-12 07:42:27,892 [INFO] Epoch 480/1000 | Time: 24.12s | Loss: 0.6639 | Spikes: 3002.25 | Eval Return: 9.30
Epoch 481/1000: 100% 1000/1000 [00:23<00:00, 41.90it/s, loss=0.6636]
Epoch 482/1000: 100% 1000/1000 [00:23<00:00, 41.90it/s, loss=0.6641]
Epoch 483/1000: 100% 1000/1000 [00:23<00:00, 41.98it/s, loss=0.6638]
Epoch 484/1000: 100% 1000/1000 [00:23<00:00, 41.93it/s, loss=0.6633]
Epoch 485/1000: 100% 1000/1000 [00:23<00:00, 41.91it/s, loss=0.6638]
Epoch 486/1000: 100% 1000/1000 [00:23<00:00, 41.91it/s, loss=0.6635]
Epoch 487/1000: 100% 1000/1000 [00:23<00:00, 41.85it/s, loss=0.6637]
Epoch 488/1000: 100% 1000/1000 [00:23<00:00, 41.96it/s, loss=0.6636]
Epoch 489/1000: 100% 1000/1000 [00:23<00:00, 41.88it/s, loss=0.6635]
Epoch 490/1000: 100% 1000/1000 [00:23<00:00, 41.91it/s, loss=0.6637]
2025-11-12 07:46:26,783 [INFO] Epoch 490/1000 | Time: 24.16s | Loss: 0.6637 | Spikes: 2940.00 | Eval Return: 9.60
Epoch 491/1000: 100% 1000/1000 [00:23<00:00, 41.90it/s, loss=0.6638]
Epoch 492/1000: 100% 1000/1000 [00:23<00:00, 41.93it/s, loss=0.6636]
Epoch 493/1000: 100% 1000/1000 [00:23<00:00, 41.91it/s, loss=0.6636]
Epoch 494/1000: 100% 1000/1000 [00:23<00:00, 41.98it/s, loss=0.6635]
Epoch 495/1000: 100% 1000/1000 [00:23<00:00, 41.97it/s, loss=0.6644]
Epoch 496/1000: 100% 1000/1000 [00:23<00:00, 41.96it/s, loss=0.6645]
Epoch 497/1000: 100% 1000/1000 [00:23<00:00, 41.89it/s, loss=0.6644]
Epoch 498/1000: 100% 1000/1000 [00:23<00:00, 41.91it/s, loss=0.6663]
Epoch 499/1000: 100% 1000/1000 [00:23<00:00, 41.85it/s, loss=0.6649]
Epoch 500/1000: 100% 1000/1000 [00:23<00:00, 41.87it/s, loss=0.6636]
2025-11-12 07:50:25,636 [INFO] Epoch 500/1000 | Time: 24.16s | Loss: 0.6636 | Spikes: 2755.75 | Eval Return: 9.10
Epoch 501/1000: 100% 1000/1000 [00:23<00:00, 41.93it/s, loss=0.6644]
Epoch 502/1000: 100% 1000/1000 [00:23<00:00, 41.90it/s, loss=0.6645]
Epoch 503/1000: 100% 1000/1000 [00:23<00:00, 41.91it/s, loss=0.6644]
Epoch 504/1000: 100% 1000/1000 [00:23<00:00, 41.94it/s, loss=0.6639]
Epoch 505/1000: 100% 1000/1000 [00:23<00:00, 41.92it/s, loss=0.6633]
Epoch 506/1000: 100% 1000/1000 [00:23<00:00, 41.95it/s, loss=0.6635]
Epoch 507/1000: 100% 1000/1000 [00:23<00:00, 41.92it/s, loss=0.6637]
Epoch 508/1000: 100% 1000/1000 [00:23<00:00, 41.93it/s, loss=0.6635]
Epoch 509/1000: 100% 1000/1000 [00:23<00:00, 41.92it/s, loss=0.6639]
Epoch 510/1000: 100% 1000/1000 [00:23<00:00, 41.98it/s, loss=0.6635]
2025-11-12 07:54:24,414 [INFO] Epoch 510/1000 | Time: 24.10s | Loss: 0.6635 | Spikes: 2942.00 | Eval Return: 9.30
Epoch 511/1000: 100% 1000/1000 [00:23<00:00, 41.96it/s, loss=0.6635]
Epoch 512/1000: 100% 1000/1000 [00:23<00:00, 41.89it/s, loss=0.6636]
Epoch 513/1000: 100% 1000/1000 [00:23<00:00, 41.91it/s, loss=0.6635]
Epoch 514/1000: 100% 1000/1000 [00:23<00:00, 41.91it/s, loss=0.6638]
Epoch 515/1000: 100% 1000/1000 [00:23<00:00, 41.96it/s, loss=0.6637]
Epoch 516/1000: 100% 1000/1000 [00:23<00:00, 41.91it/s, loss=0.6637]
Epoch 517/1000: 100% 1000/1000 [00:23<00:00, 41.94it/s, loss=0.6635]
Epoch 518/1000: 100% 1000/1000 [00:23<00:00, 41.93it/s, loss=0.6635]
Epoch 519/1000: 100% 1000/1000 [00:23<00:00, 41.97it/s, loss=0.6636]
Epoch 520/1000: 100% 1000/1000 [00:23<00:00, 41.96it/s, loss=0.6635]
2025-11-12 07:58:23,184 [INFO] Epoch 520/1000 | Time: 24.12s | Loss: 0.6635 | Spikes: 2948.50 | Eval Return: 9.30
Epoch 521/1000: 100% 1000/1000 [00:23<00:00, 41.92it/s, loss=0.6635]
Epoch 522/1000: 100% 1000/1000 [00:23<00:00, 41.95it/s, loss=0.6641]
Epoch 523/1000: 100% 1000/1000 [00:23<00:00, 41.92it/s, loss=0.6644]
Epoch 524/1000: 100% 1000/1000 [00:23<00:00, 41.95it/s, loss=0.6644]
Epoch 525/1000: 100% 1000/1000 [00:23<00:00, 41.90it/s, loss=0.6643]
Epoch 526/1000: 100% 1000/1000 [00:23<00:00, 41.94it/s, loss=0.6636]
Epoch 527/1000: 100% 1000/1000 [00:23<00:00, 41.95it/s, loss=0.6642]
Epoch 528/1000: 100% 1000/1000 [00:23<00:00, 41.94it/s, loss=0.6644]
Epoch 529/1000: 100% 1000/1000 [00:23<00:00, 41.91it/s, loss=0.6644]
Epoch 530/1000: 100% 1000/1000 [00:23<00:00, 41.78it/s, loss=0.6643]
2025-11-12 08:02:22,044 [INFO] Epoch 530/1000 | Time: 24.22s | Loss: 0.6643 | Spikes: 2803.00 | Eval Return: 9.40
Epoch 531/1000: 100% 1000/1000 [00:24<00:00, 41.61it/s, loss=0.6637]
Epoch 532/1000: 100% 1000/1000 [00:24<00:00, 41.58it/s, loss=0.6634]
Epoch 533/1000: 100% 1000/1000 [00:24<00:00, 41.48it/s, loss=0.6635]
Epoch 534/1000: 100% 1000/1000 [00:24<00:00, 41.19it/s, loss=0.6634]
Epoch 535/1000: 100% 1000/1000 [00:24<00:00, 41.35it/s, loss=0.6636]
Epoch 536/1000: 100% 1000/1000 [00:23<00:00, 41.71it/s, loss=0.6637]
Epoch 537/1000: 100% 1000/1000 [00:23<00:00, 41.75it/s, loss=0.6635]
Epoch 538/1000: 100% 1000/1000 [00:24<00:00, 41.47it/s, loss=0.6645]
Epoch 539/1000: 100% 1000/1000 [00:24<00:00, 41.48it/s, loss=0.6644]
Epoch 540/1000: 100% 1000/1000 [00:23<00:00, 41.76it/s, loss=0.6643]
2025-11-12 08:06:23,076 [INFO] Epoch 540/1000 | Time: 24.22s | Loss: 0.6643 | Spikes: 3038.25 | Eval Return: 9.00
Epoch 541/1000: 100% 1000/1000 [00:23<00:00, 41.91it/s, loss=0.6643]
Epoch 542/1000: 100% 1000/1000 [00:23<00:00, 41.93it/s, loss=0.6639]
Epoch 543/1000: 100% 1000/1000 [00:23<00:00, 41.89it/s, loss=0.6643]
Epoch 544/1000: 100% 1000/1000 [00:23<00:00, 41.84it/s, loss=0.6643]
Epoch 545/1000: 100% 1000/1000 [00:23<00:00, 41.88it/s, loss=0.6643]
Epoch 546/1000: 100% 1000/1000 [00:23<00:00, 41.79it/s, loss=0.6642]
Epoch 547/1000: 100% 1000/1000 [00:23<00:00, 41.82it/s, loss=0.6632]
Epoch 548/1000: 100% 1000/1000 [00:24<00:00, 41.58it/s, loss=0.6635]
Epoch 549/1000: 100% 1000/1000 [00:24<00:00, 41.55it/s, loss=0.6643]
Epoch 550/1000: 100% 1000/1000 [00:24<00:00, 41.58it/s, loss=0.6643]
2025-11-12 08:10:22,738 [INFO] Epoch 550/1000 | Time: 24.34s | Loss: 0.6643 | Spikes: 3068.75 | Eval Return: 9.30
Epoch 551/1000: 100% 1000/1000 [00:24<00:00, 41.57it/s, loss=0.6634]
Epoch 552/1000: 100% 1000/1000 [00:24<00:00, 41.50it/s, loss=0.6634]
Epoch 553/1000: 100% 1000/1000 [00:23<00:00, 41.68it/s, loss=0.6637]
Epoch 554/1000: 100% 1000/1000 [00:23<00:00, 41.91it/s, loss=0.6634]
Epoch 555/1000: 100% 1000/1000 [00:23<00:00, 41.91it/s, loss=0.6636]
Epoch 556/1000: 100% 1000/1000 [00:23<00:00, 41.90it/s, loss=0.6634]
Epoch 557/1000: 100% 1000/1000 [00:23<00:00, 41.69it/s, loss=0.6634]
Epoch 558/1000: 100% 1000/1000 [00:24<00:00, 41.64it/s, loss=0.6637]
Epoch 559/1000: 100% 1000/1000 [00:24<00:00, 41.65it/s, loss=0.6643]
Epoch 560/1000: 100% 1000/1000 [00:23<00:00, 41.69it/s, loss=0.6650]
2025-11-12 08:14:22,774 [INFO] Epoch 560/1000 | Time: 24.28s | Loss: 0.6650 | Spikes: 3050.50 | Eval Return: 9.50
Epoch 561/1000: 100% 1000/1000 [00:23<00:00, 41.68it/s, loss=0.6656]
Epoch 562/1000: 100% 1000/1000 [00:23<00:00, 41.97it/s, loss=0.6658]
Epoch 563/1000: 100% 1000/1000 [00:23<00:00, 41.98it/s, loss=0.6653]
Epoch 564/1000: 100% 1000/1000 [00:23<00:00, 42.00it/s, loss=0.6638]
Epoch 565/1000: 100% 1000/1000 [00:23<00:00, 41.97it/s, loss=0.6634]
Epoch 566/1000: 100% 1000/1000 [00:23<00:00, 41.94it/s, loss=0.6634]
Epoch 567/1000: 100% 1000/1000 [00:23<00:00, 41.78it/s, loss=0.6641]
Epoch 568/1000: 100% 1000/1000 [00:24<00:00, 41.62it/s, loss=0.6643]
Epoch 569/1000: 100% 1000/1000 [00:23<00:00, 41.67it/s, loss=0.6644]
Epoch 570/1000: 100% 1000/1000 [00:24<00:00, 41.64it/s, loss=0.6642]
2025-11-12 08:18:22,171 [INFO] Epoch 570/1000 | Time: 24.31s | Loss: 0.6642 | Spikes: 3073.75 | Eval Return: 9.50
Epoch 571/1000: 100% 1000/1000 [00:24<00:00, 41.63it/s, loss=0.6642]
Epoch 572/1000: 100% 1000/1000 [00:23<00:00, 41.68it/s, loss=0.6642]
Epoch 573/1000: 100% 1000/1000 [00:23<00:00, 41.75it/s, loss=0.6636]
Epoch 574/1000: 100% 1000/1000 [00:23<00:00, 41.95it/s, loss=0.6634]
Epoch 575/1000: 100% 1000/1000 [00:23<00:00, 41.95it/s, loss=0.6638]
Epoch 576/1000: 100% 1000/1000 [00:23<00:00, 41.96it/s, loss=0.6634]
Epoch 577/1000: 100% 1000/1000 [00:23<00:00, 41.94it/s, loss=0.6635]
Epoch 578/1000: 100% 1000/1000 [00:23<00:00, 41.93it/s, loss=0.6641]
Epoch 579/1000: 100% 1000/1000 [00:24<00:00, 41.66it/s, loss=0.6642]
Epoch 580/1000: 100% 1000/1000 [00:24<00:00, 41.50it/s, loss=0.6642]
2025-11-12 08:22:21,732 [INFO] Epoch 580/1000 | Time: 24.38s | Loss: 0.6642 | Spikes: 2892.00 | Eval Return: 9.30
Epoch 581/1000: 100% 1000/1000 [00:24<00:00, 41.44it/s, loss=0.6642]
Epoch 582/1000: 100% 1000/1000 [00:24<00:00, 41.24it/s, loss=0.6633]
Epoch 583/1000: 100% 1000/1000 [00:24<00:00, 41.29it/s, loss=0.6634]
Epoch 584/1000: 100% 1000/1000 [00:24<00:00, 41.27it/s, loss=0.6634]
Epoch 585/1000: 100% 1000/1000 [00:24<00:00, 41.39it/s, loss=0.6636]
Epoch 586/1000: 100% 1000/1000 [00:24<00:00, 41.49it/s, loss=0.6643]
Epoch 587/1000: 100% 1000/1000 [00:24<00:00, 41.54it/s, loss=0.6638]
Epoch 588/1000: 100% 1000/1000 [00:24<00:00, 41.54it/s, loss=0.6633]
Epoch 589/1000: 100% 1000/1000 [00:24<00:00, 41.62it/s, loss=0.6633]
Epoch 590/1000: 100% 1000/1000 [00:24<00:00, 41.63it/s, loss=0.6637]
2025-11-12 08:26:23,296 [INFO] Epoch 590/1000 | Time: 24.30s | Loss: 0.6637 | Spikes: 3078.00 | Eval Return: 9.20
Epoch 591/1000: 100% 1000/1000 [00:24<00:00, 41.64it/s, loss=0.6643]
Epoch 592/1000: 100% 1000/1000 [00:23<00:00, 41.84it/s, loss=0.6642]
Epoch 593/1000: 100% 1000/1000 [00:23<00:00, 41.88it/s, loss=0.6638]
Epoch 594/1000: 100% 1000/1000 [00:23<00:00, 41.85it/s, loss=0.6633]
Epoch 595/1000: 100% 1000/1000 [00:23<00:00, 41.84it/s, loss=0.6633]
Epoch 596/1000: 100% 1000/1000 [00:23<00:00, 41.83it/s, loss=0.6634]
Epoch 597/1000: 100% 1000/1000 [00:23<00:00, 41.83it/s, loss=0.6638]
Epoch 598/1000: 100% 1000/1000 [00:23<00:00, 41.84it/s, loss=0.6642]
Epoch 599/1000: 100% 1000/1000 [00:23<00:00, 41.86it/s, loss=0.6642]
Epoch 600/1000: 100% 1000/1000 [00:23<00:00, 41.83it/s, loss=0.6642]
2025-11-12 08:30:22,685 [INFO] Epoch 600/1000 | Time: 24.20s | Loss: 0.6642 | Spikes: 2889.00 | Eval Return: 9.50
Epoch 601/1000: 100% 1000/1000 [00:23<00:00, 41.84it/s, loss=0.6642]
Epoch 602/1000: 100% 1000/1000 [00:23<00:00, 41.89it/s, loss=0.6642]
Epoch 603/1000: 100% 1000/1000 [00:23<00:00, 41.91it/s, loss=0.6635]
Epoch 604/1000: 100% 1000/1000 [00:23<00:00, 41.89it/s, loss=0.6634]
Epoch 605/1000: 100% 1000/1000 [00:23<00:00, 41.74it/s, loss=0.6639]
Epoch 606/1000: 100% 1000/1000 [00:23<00:00, 41.88it/s, loss=0.6641]
Epoch 607/1000: 100% 1000/1000 [00:24<00:00, 41.45it/s, loss=0.6639]
Epoch 608/1000: 100% 1000/1000 [00:24<00:00, 41.67it/s, loss=0.6638]
Epoch 609/1000: 100% 1000/1000 [00:23<00:00, 41.87it/s, loss=0.6642]
Epoch 610/1000: 100% 1000/1000 [00:23<00:00, 41.87it/s, loss=0.6646]
2025-11-12 08:34:22,203 [INFO] Epoch 610/1000 | Time: 24.17s | Loss: 0.6646 | Spikes: 3162.50 | Eval Return: 9.40
Epoch 611/1000: 100% 1000/1000 [00:24<00:00, 41.25it/s, loss=0.6657]
Epoch 612/1000: 100% 1000/1000 [00:24<00:00, 41.38it/s, loss=0.6645]
Epoch 613/1000: 100% 1000/1000 [00:24<00:00, 41.37it/s, loss=0.6634]
Epoch 614/1000: 100% 1000/1000 [00:23<00:00, 41.69it/s, loss=0.6635]
Epoch 615/1000: 100% 1000/1000 [00:23<00:00, 41.72it/s, loss=0.6635]
Epoch 616/1000: 100% 1000/1000 [00:23<00:00, 41.73it/s, loss=0.6633]
Epoch 617/1000: 100% 1000/1000 [00:23<00:00, 41.79it/s, loss=0.6637]
Epoch 618/1000: 100% 1000/1000 [00:23<00:00, 41.92it/s, loss=0.6644]
Epoch 619/1000: 100% 1000/1000 [00:24<00:00, 41.62it/s, loss=0.6647]
Epoch 620/1000: 100% 1000/1000 [00:23<00:00, 41.67it/s, loss=0.6634]
2025-11-12 08:38:22,787 [INFO] Epoch 620/1000 | Time: 24.28s | Loss: 0.6634 | Spikes: 2914.50 | Eval Return: 9.30
Epoch 621/1000: 100% 1000/1000 [00:24<00:00, 41.64it/s, loss=0.6633]
Epoch 622/1000: 100% 1000/1000 [00:24<00:00, 41.64it/s, loss=0.6636]
Epoch 623/1000: 100% 1000/1000 [00:24<00:00, 41.61it/s, loss=0.6633]
Epoch 624/1000: 100% 1000/1000 [00:23<00:00, 41.93it/s, loss=0.6635]
Epoch 625/1000: 100% 1000/1000 [00:23<00:00, 41.96it/s, loss=0.6635]
Epoch 626/1000: 100% 1000/1000 [00:24<00:00, 41.65it/s, loss=0.6633]
Epoch 627/1000: 100% 1000/1000 [00:23<00:00, 41.68it/s, loss=0.6636]
Epoch 628/1000: 100% 1000/1000 [00:24<00:00, 41.64it/s, loss=0.6641]
Epoch 629/1000: 100% 1000/1000 [00:23<00:00, 41.68it/s, loss=0.6642]
Epoch 630/1000: 100% 1000/1000 [00:24<00:00, 41.65it/s, loss=0.6642]
2025-11-12 08:42:22,844 [INFO] Epoch 630/1000 | Time: 24.30s | Loss: 0.6642 | Spikes: 2873.25 | Eval Return: 9.60
Epoch 631/1000: 100% 1000/1000 [00:23<00:00, 41.69it/s, loss=0.6640]
Epoch 632/1000: 100% 1000/1000 [00:23<00:00, 41.91it/s, loss=0.6640]
Epoch 633/1000: 100% 1000/1000 [00:23<00:00, 41.93it/s, loss=0.6641]
Epoch 634/1000: 100% 1000/1000 [00:23<00:00, 41.95it/s, loss=0.6641]
Epoch 635/1000: 100% 1000/1000 [00:23<00:00, 41.67it/s, loss=0.6640]
Epoch 636/1000: 100% 1000/1000 [00:23<00:00, 41.67it/s, loss=0.6634]
Epoch 637/1000: 100% 1000/1000 [00:23<00:00, 41.70it/s, loss=0.6633]
Epoch 638/1000: 100% 1000/1000 [00:23<00:00, 41.68it/s, loss=0.6635]
Epoch 639/1000: 100% 1000/1000 [00:24<00:00, 41.65it/s, loss=0.6633]
Epoch 640/1000: 100% 1000/1000 [00:23<00:00, 41.95it/s, loss=0.6634]
2025-11-12 08:46:22,489 [INFO] Epoch 640/1000 | Time: 24.13s | Loss: 0.6634 | Spikes: 3088.00 | Eval Return: 9.50
Epoch 641/1000: 100% 1000/1000 [00:23<00:00, 41.94it/s, loss=0.6640]
Epoch 642/1000: 100% 1000/1000 [00:23<00:00, 41.91it/s, loss=0.6641]
Epoch 643/1000: 100% 1000/1000 [00:23<00:00, 41.98it/s, loss=0.6641]
Epoch 644/1000: 100% 1000/1000 [00:23<00:00, 41.96it/s, loss=0.6641]
Epoch 645/1000: 100% 1000/1000 [00:23<00:00, 41.98it/s, loss=0.6639]
Epoch 646/1000: 100% 1000/1000 [00:23<00:00, 42.00it/s, loss=0.6641]
Epoch 647/1000: 100% 1000/1000 [00:23<00:00, 41.98it/s, loss=0.6641]
Epoch 648/1000: 100% 1000/1000 [00:23<00:00, 41.72it/s, loss=0.6647]
Epoch 649/1000: 100% 1000/1000 [00:24<00:00, 41.43it/s, loss=0.6655]
Epoch 650/1000: 100% 1000/1000 [00:24<00:00, 41.39it/s, loss=0.6654]
2025-11-12 08:50:21,851 [INFO] Epoch 650/1000 | Time: 24.44s | Loss: 0.6654 | Spikes: 3220.75 | Eval Return: 9.30
Epoch 651/1000: 100% 1000/1000 [00:24<00:00, 41.63it/s, loss=0.6654]
Epoch 652/1000: 100% 1000/1000 [00:23<00:00, 41.96it/s, loss=0.6653]
Epoch 653/1000: 100% 1000/1000 [00:23<00:00, 41.81it/s, loss=0.6644]
Epoch 654/1000: 100% 1000/1000 [00:23<00:00, 41.68it/s, loss=0.6634]
Epoch 655/1000: 100% 1000/1000 [00:24<00:00, 41.67it/s, loss=0.6635]
Epoch 656/1000: 100% 1000/1000 [00:24<00:00, 41.65it/s, loss=0.6636]
Epoch 657/1000: 100% 1000/1000 [00:23<00:00, 41.89it/s, loss=0.6633]
Epoch 658/1000: 100% 1000/1000 [00:23<00:00, 41.98it/s, loss=0.6634]
Epoch 659/1000: 100% 1000/1000 [00:23<00:00, 41.98it/s, loss=0.6639]
Epoch 660/1000: 100% 1000/1000 [00:23<00:00, 41.98it/s, loss=0.6640]
2025-11-12 08:54:21,256 [INFO] Epoch 660/1000 | Time: 24.11s | Loss: 0.6640 | Spikes: 2963.25 | Eval Return: 9.60
Epoch 661/1000: 100% 1000/1000 [00:23<00:00, 41.95it/s, loss=0.6641]
Epoch 662/1000: 100% 1000/1000 [00:23<00:00, 41.95it/s, loss=0.6637]
Epoch 663/1000: 100% 1000/1000 [00:23<00:00, 41.90it/s, loss=0.6634]
Epoch 664/1000: 100% 1000/1000 [00:23<00:00, 41.73it/s, loss=0.6634]
Epoch 665/1000: 100% 1000/1000 [00:24<00:00, 41.61it/s, loss=0.6639]
Epoch 666/1000: 100% 1000/1000 [00:24<00:00, 41.59it/s, loss=0.6638]
Epoch 667/1000: 100% 1000/1000 [00:24<00:00, 41.62it/s, loss=0.6640]
Epoch 668/1000: 100% 1000/1000 [00:23<00:00, 41.86it/s, loss=0.6637]
Epoch 669/1000: 100% 1000/1000 [00:23<00:00, 41.92it/s, loss=0.6635]
Epoch 670/1000: 100% 1000/1000 [00:23<00:00, 41.94it/s, loss=0.6638]
2025-11-12 08:58:20,748 [INFO] Epoch 670/1000 | Time: 24.13s | Loss: 0.6638 | Spikes: 3404.75 | Eval Return: 9.40
Epoch 671/1000: 100% 1000/1000 [00:23<00:00, 41.94it/s, loss=0.6632]
Epoch 672/1000: 100% 1000/1000 [00:23<00:00, 41.92it/s, loss=0.6633]
Epoch 673/1000: 100% 1000/1000 [00:23<00:00, 41.93it/s, loss=0.6635]
Epoch 674/1000: 100% 1000/1000 [00:23<00:00, 41.89it/s, loss=0.6632]
Epoch 675/1000: 100% 1000/1000 [00:23<00:00, 41.67it/s, loss=0.6634]
Epoch 676/1000: 100% 1000/1000 [00:24<00:00, 41.63it/s, loss=0.6640]
Epoch 677/1000: 100% 1000/1000 [00:24<00:00, 41.66it/s, loss=0.6640]
Epoch 678/1000: 100% 1000/1000 [00:24<00:00, 41.66it/s, loss=0.6640]
Epoch 679/1000: 100% 1000/1000 [00:23<00:00, 41.80it/s, loss=0.6639]
Epoch 680/1000: 100% 1000/1000 [00:23<00:00, 41.76it/s, loss=0.6640]
2025-11-12 09:02:20,342 [INFO] Epoch 680/1000 | Time: 24.23s | Loss: 0.6640 | Spikes: 2891.25 | Eval Return: 9.30
Epoch 681/1000: 100% 1000/1000 [00:23<00:00, 41.72it/s, loss=0.6640]
Epoch 682/1000: 100% 1000/1000 [00:23<00:00, 41.68it/s, loss=0.6640]
Epoch 683/1000: 100% 1000/1000 [00:24<00:00, 41.49it/s, loss=0.6637]
Epoch 684/1000: 100% 1000/1000 [00:24<00:00, 41.62it/s, loss=0.6634]
Epoch 685/1000: 100% 1000/1000 [00:24<00:00, 41.62it/s, loss=0.6638]
Epoch 686/1000: 100% 1000/1000 [00:24<00:00, 41.59it/s, loss=0.6655]
Epoch 687/1000: 100% 1000/1000 [00:24<00:00, 41.57it/s, loss=0.6638]
Epoch 688/1000: 100% 1000/1000 [00:24<00:00, 41.64it/s, loss=0.6633]
Epoch 689/1000: 100% 1000/1000 [00:23<00:00, 41.90it/s, loss=0.6632]
Epoch 690/1000: 100% 1000/1000 [00:23<00:00, 41.88it/s, loss=0.6632]
2025-11-12 09:06:20,648 [INFO] Epoch 690/1000 | Time: 24.20s | Loss: 0.6632 | Spikes: 3937.00 | Eval Return: 10.80
Epoch 691/1000: 100% 1000/1000 [00:23<00:00, 41.85it/s, loss=0.6632]
Epoch 692/1000: 100% 1000/1000 [00:24<00:00, 41.62it/s, loss=0.6632]
Epoch 693/1000: 100% 1000/1000 [00:24<00:00, 41.61it/s, loss=0.6634]
Epoch 694/1000: 100% 1000/1000 [00:24<00:00, 41.56it/s, loss=0.6639]
Epoch 695/1000: 100% 1000/1000 [00:23<00:00, 41.76it/s, loss=0.6640]
Epoch 696/1000: 100% 1000/1000 [00:23<00:00, 41.69it/s, loss=0.6640]
Epoch 697/1000: 100% 1000/1000 [00:24<00:00, 41.65it/s, loss=0.6642]
Epoch 698/1000: 100% 1000/1000 [00:24<00:00, 41.66it/s, loss=0.6644]
Epoch 699/1000: 100% 1000/1000 [00:23<00:00, 41.73it/s, loss=0.6639]
Epoch 700/1000: 100% 1000/1000 [00:23<00:00, 41.88it/s, loss=0.6640]
2025-11-12 09:10:20,793 [INFO] Epoch 700/1000 | Time: 24.21s | Loss: 0.6640 | Spikes: 4210.25 | Eval Return: 11.20
Epoch 701/1000: 100% 1000/1000 [00:23<00:00, 41.92it/s, loss=0.6642]
Epoch 702/1000: 100% 1000/1000 [00:23<00:00, 41.94it/s, loss=0.6642]
Epoch 703/1000: 100% 1000/1000 [00:23<00:00, 41.97it/s, loss=0.6638]
Epoch 704/1000: 100% 1000/1000 [00:23<00:00, 42.01it/s, loss=0.6636]
Epoch 705/1000: 100% 1000/1000 [00:23<00:00, 42.00it/s, loss=0.6639]
Epoch 706/1000: 100% 1000/1000 [00:23<00:00, 41.95it/s, loss=0.6639]
Epoch 707/1000: 100% 1000/1000 [00:23<00:00, 41.96it/s, loss=0.6638]
Epoch 708/1000: 100% 1000/1000 [00:23<00:00, 41.96it/s, loss=0.6635]
Epoch 709/1000: 100% 1000/1000 [00:23<00:00, 41.96it/s, loss=0.6640]
Epoch 710/1000: 100% 1000/1000 [00:23<00:00, 41.96it/s, loss=0.6641]
2025-11-12 09:14:19,458 [INFO] Epoch 710/1000 | Time: 24.19s | Loss: 0.6641 | Spikes: 4246.00 | Eval Return: 12.00
Epoch 711/1000: 100% 1000/1000 [00:23<00:00, 42.00it/s, loss=0.6634]
Epoch 712/1000: 100% 1000/1000 [00:23<00:00, 42.01it/s, loss=0.6634]
Epoch 713/1000: 100% 1000/1000 [00:23<00:00, 41.95it/s, loss=0.6640]
Epoch 714/1000: 100% 1000/1000 [00:23<00:00, 41.92it/s, loss=0.6640]
Epoch 715/1000: 100% 1000/1000 [00:23<00:00, 41.93it/s, loss=0.6639]
Epoch 716/1000: 100% 1000/1000 [00:23<00:00, 41.93it/s, loss=0.6640]
Epoch 717/1000: 100% 1000/1000 [00:23<00:00, 41.95it/s, loss=0.6639]
Epoch 718/1000: 100% 1000/1000 [00:23<00:00, 41.95it/s, loss=0.6640]
Epoch 719/1000: 100% 1000/1000 [00:23<00:00, 41.95it/s, loss=0.6635]
Epoch 720/1000: 100% 1000/1000 [00:23<00:00, 41.96it/s, loss=0.6632]
2025-11-12 09:18:18,159 [INFO] Epoch 720/1000 | Time: 24.18s | Loss: 0.6632 | Spikes: 3894.50 | Eval Return: 11.40
Epoch 721/1000: 100% 1000/1000 [00:23<00:00, 42.02it/s, loss=0.6637]
Epoch 722/1000: 100% 1000/1000 [00:23<00:00, 41.95it/s, loss=0.6633]
Epoch 723/1000: 100% 1000/1000 [00:23<00:00, 41.93it/s, loss=0.6633]
Epoch 724/1000: 100% 1000/1000 [00:23<00:00, 41.97it/s, loss=0.6636]
Epoch 725/1000: 100% 1000/1000 [00:23<00:00, 41.91it/s, loss=0.6640]
Epoch 726/1000: 100% 1000/1000 [00:23<00:00, 41.87it/s, loss=0.6640]
Epoch 727/1000: 100% 1000/1000 [00:23<00:00, 41.81it/s, loss=0.6639]
Epoch 728/1000: 100% 1000/1000 [00:23<00:00, 41.79it/s, loss=0.6639]
Epoch 729/1000: 100% 1000/1000 [00:23<00:00, 41.78it/s, loss=0.6640]
Epoch 730/1000: 100% 1000/1000 [00:23<00:00, 41.79it/s, loss=0.6639]
2025-11-12 09:22:17,283 [INFO] Epoch 730/1000 | Time: 24.29s | Loss: 0.6639 | Spikes: 4017.25 | Eval Return: 11.60
Epoch 731/1000: 100% 1000/1000 [00:23<00:00, 41.83it/s, loss=0.6634]
Epoch 732/1000: 100% 1000/1000 [00:23<00:00, 41.90it/s, loss=0.6653]
Epoch 733/1000: 100% 1000/1000 [00:23<00:00, 41.71it/s, loss=0.6652]
Epoch 734/1000: 100% 1000/1000 [00:24<00:00, 41.63it/s, loss=0.6638]
Epoch 735/1000: 100% 1000/1000 [00:23<00:00, 41.73it/s, loss=0.6639]
Epoch 736/1000: 100% 1000/1000 [00:23<00:00, 41.75it/s, loss=0.6639]
Epoch 737/1000: 100% 1000/1000 [00:23<00:00, 41.89it/s, loss=0.6639]
Epoch 738/1000: 100% 1000/1000 [00:23<00:00, 41.91it/s, loss=0.6635]
Epoch 739/1000: 100% 1000/1000 [00:23<00:00, 41.90it/s, loss=0.6632]
Epoch 740/1000: 100% 1000/1000 [00:23<00:00, 41.89it/s, loss=0.6633]
2025-11-12 09:26:16,788 [INFO] Epoch 740/1000 | Time: 24.22s | Loss: 0.6633 | Spikes: 4022.75 | Eval Return: 11.70
Epoch 741/1000: 100% 1000/1000 [00:23<00:00, 41.89it/s, loss=0.6633]
Epoch 742/1000: 100% 1000/1000 [00:23<00:00, 41.92it/s, loss=0.6632]
Epoch 743/1000: 100% 1000/1000 [00:23<00:00, 41.76it/s, loss=0.6636]
Epoch 744/1000: 100% 1000/1000 [00:23<00:00, 41.89it/s, loss=0.6640]
Epoch 745/1000: 100% 1000/1000 [00:23<00:00, 41.93it/s, loss=0.6636]
Epoch 746/1000: 100% 1000/1000 [00:23<00:00, 41.91it/s, loss=0.6632]
Epoch 747/1000: 100% 1000/1000 [00:23<00:00, 41.90it/s, loss=0.6633]
Epoch 748/1000: 100% 1000/1000 [00:23<00:00, 41.86it/s, loss=0.6639]
Epoch 749/1000: 100% 1000/1000 [00:23<00:00, 41.96it/s, loss=0.6639]
Epoch 750/1000: 100% 1000/1000 [00:23<00:00, 41.98it/s, loss=0.6639]
2025-11-12 09:30:15,815 [INFO] Epoch 750/1000 | Time: 24.18s | Loss: 0.6639 | Spikes: 4382.50 | Eval Return: 11.50
Epoch 751/1000: 100% 1000/1000 [00:23<00:00, 41.96it/s, loss=0.6634]
Epoch 752/1000: 100% 1000/1000 [00:23<00:00, 41.94it/s, loss=0.6632]
Epoch 753/1000: 100% 1000/1000 [00:23<00:00, 41.89it/s, loss=0.6633]
Epoch 754/1000: 100% 1000/1000 [00:23<00:00, 41.95it/s, loss=0.6632]
Epoch 755/1000: 100% 1000/1000 [00:23<00:00, 41.92it/s, loss=0.6632]
Epoch 756/1000: 100% 1000/1000 [00:23<00:00, 41.93it/s, loss=0.6637]
Epoch 757/1000: 100% 1000/1000 [00:23<00:00, 41.92it/s, loss=0.6639]
Epoch 758/1000: 100% 1000/1000 [00:23<00:00, 41.90it/s, loss=0.6639]
Epoch 759/1000: 100% 1000/1000 [00:23<00:00, 41.96it/s, loss=0.6636]
Epoch 760/1000: 100% 1000/1000 [00:23<00:00, 41.95it/s, loss=0.6633]
2025-11-12 09:34:14,655 [INFO] Epoch 760/1000 | Time: 24.19s | Loss: 0.6633 | Spikes: 4319.25 | Eval Return: 11.50
Epoch 761/1000: 100% 1000/1000 [00:23<00:00, 41.93it/s, loss=0.6633]
Epoch 762/1000: 100% 1000/1000 [00:23<00:00, 41.92it/s, loss=0.6631]
Epoch 763/1000: 100% 1000/1000 [00:23<00:00, 41.92it/s, loss=0.6639]
Epoch 764/1000: 100% 1000/1000 [00:23<00:00, 41.96it/s, loss=0.6639]
Epoch 765/1000: 100% 1000/1000 [00:23<00:00, 41.90it/s, loss=0.6639]
Epoch 766/1000: 100% 1000/1000 [00:23<00:00, 41.94it/s, loss=0.6639]
Epoch 767/1000: 100% 1000/1000 [00:23<00:00, 41.92it/s, loss=0.6639]
Epoch 768/1000: 100% 1000/1000 [00:23<00:00, 41.95it/s, loss=0.6638]
Epoch 769/1000: 100% 1000/1000 [00:23<00:00, 41.95it/s, loss=0.6639]
Epoch 770/1000: 100% 1000/1000 [00:23<00:00, 41.98it/s, loss=0.6639]
2025-11-12 09:38:13,470 [INFO] Epoch 770/1000 | Time: 24.17s | Loss: 0.6639 | Spikes: 4101.25 | Eval Return: 11.60
Epoch 771/1000: 100% 1000/1000 [00:23<00:00, 41.95it/s, loss=0.6637]
Epoch 772/1000: 100% 1000/1000 [00:23<00:00, 41.91it/s, loss=0.6639]
Epoch 773/1000: 100% 1000/1000 [00:23<00:00, 41.96it/s, loss=0.6634]
Epoch 774/1000: 100% 1000/1000 [00:23<00:00, 41.94it/s, loss=0.6632]
Epoch 775/1000: 100% 1000/1000 [00:23<00:00, 41.96it/s, loss=0.6635]
Epoch 776/1000: 100% 1000/1000 [00:23<00:00, 41.97it/s, loss=0.6632]
Epoch 777/1000: 100% 1000/1000 [00:23<00:00, 41.96it/s, loss=0.6631]
Epoch 778/1000: 100% 1000/1000 [00:23<00:00, 41.92it/s, loss=0.6634]
Epoch 779/1000: 100% 1000/1000 [00:23<00:00, 41.93it/s, loss=0.6639]
Epoch 780/1000: 100% 1000/1000 [00:23<00:00, 41.98it/s, loss=0.6639]
2025-11-12 09:42:12,223 [INFO] Epoch 780/1000 | Time: 24.18s | Loss: 0.6639 | Spikes: 4346.75 | Eval Return: 11.60
Epoch 781/1000: 100% 1000/1000 [00:23<00:00, 41.96it/s, loss=0.6634]
Epoch 782/1000: 100% 1000/1000 [00:23<00:00, 41.96it/s, loss=0.6631]
Epoch 783/1000: 100% 1000/1000 [00:23<00:00, 41.97it/s, loss=0.6632]
Epoch 784/1000: 100% 1000/1000 [00:23<00:00, 41.99it/s, loss=0.6633]
Epoch 785/1000: 100% 1000/1000 [00:23<00:00, 41.95it/s, loss=0.6632]
Epoch 786/1000: 100% 1000/1000 [00:23<00:00, 41.95it/s, loss=0.6638]
Epoch 787/1000: 100% 1000/1000 [00:23<00:00, 41.93it/s, loss=0.6632]
Epoch 788/1000: 100% 1000/1000 [00:23<00:00, 41.98it/s, loss=0.6636]
Epoch 789/1000: 100% 1000/1000 [00:23<00:00, 41.95it/s, loss=0.6639]
Epoch 790/1000: 100% 1000/1000 [00:23<00:00, 41.98it/s, loss=0.6639]
2025-11-12 09:46:10,894 [INFO] Epoch 790/1000 | Time: 24.17s | Loss: 0.6639 | Spikes: 4354.25 | Eval Return: 11.70
Epoch 791/1000: 100% 1000/1000 [00:23<00:00, 42.00it/s, loss=0.6634]
Epoch 792/1000: 100% 1000/1000 [00:23<00:00, 42.00it/s, loss=0.6631]
Epoch 793/1000: 100% 1000/1000 [00:23<00:00, 42.00it/s, loss=0.6635]
Epoch 794/1000: 100% 1000/1000 [00:23<00:00, 41.97it/s, loss=0.6640]
Epoch 795/1000: 100% 1000/1000 [00:23<00:00, 41.95it/s, loss=0.6636]
Epoch 796/1000: 100% 1000/1000 [00:23<00:00, 41.93it/s, loss=0.6638]
Epoch 797/1000: 100% 1000/1000 [00:23<00:00, 41.94it/s, loss=0.6635]
Epoch 798/1000: 100% 1000/1000 [00:23<00:00, 41.93it/s, loss=0.6632]
Epoch 799/1000: 100% 1000/1000 [00:24<00:00, 41.55it/s, loss=0.6632]
Epoch 800/1000: 100% 1000/1000 [00:24<00:00, 41.46it/s, loss=0.6631]
2025-11-12 09:50:10,069 [INFO] Epoch 800/1000 | Time: 24.48s | Loss: 0.6631 | Spikes: 4097.00 | Eval Return: 11.80
Epoch 801/1000: 100% 1000/1000 [00:24<00:00, 41.58it/s, loss=0.6633]
Epoch 802/1000: 100% 1000/1000 [00:24<00:00, 41.50it/s, loss=0.6637]
Epoch 803/1000: 100% 1000/1000 [00:24<00:00, 41.44it/s, loss=0.6638]
Epoch 804/1000: 100% 1000/1000 [00:24<00:00, 41.43it/s, loss=0.6638]
Epoch 805/1000: 100% 1000/1000 [00:23<00:00, 41.68it/s, loss=0.6632]
Epoch 806/1000: 100% 1000/1000 [00:23<00:00, 41.79it/s, loss=0.6631]
Epoch 807/1000: 100% 1000/1000 [00:23<00:00, 41.73it/s, loss=0.6633]
Epoch 808/1000: 100% 1000/1000 [00:23<00:00, 41.80it/s, loss=0.6637]
Epoch 809/1000: 100% 1000/1000 [00:23<00:00, 41.88it/s, loss=0.6638]
Epoch 810/1000: 100% 1000/1000 [00:23<00:00, 41.82it/s, loss=0.6638]
2025-11-12 09:54:10,444 [INFO] Epoch 810/1000 | Time: 24.27s | Loss: 0.6638 | Spikes: 4159.75 | Eval Return: 11.50
Epoch 811/1000: 100% 1000/1000 [00:23<00:00, 41.82it/s, loss=0.6638]
Epoch 812/1000: 100% 1000/1000 [00:23<00:00, 41.83it/s, loss=0.6633]
Epoch 813/1000: 100% 1000/1000 [00:23<00:00, 41.90it/s, loss=0.6631]
Epoch 814/1000: 100% 1000/1000 [00:23<00:00, 41.89it/s, loss=0.6632]
Epoch 815/1000: 100% 1000/1000 [00:23<00:00, 41.86it/s, loss=0.6634]
Epoch 816/1000: 100% 1000/1000 [00:23<00:00, 41.94it/s, loss=0.6638]
Epoch 817/1000: 100% 1000/1000 [00:23<00:00, 41.95it/s, loss=0.6635]
Epoch 818/1000: 100% 1000/1000 [00:23<00:00, 41.95it/s, loss=0.6631]
Epoch 819/1000: 100% 1000/1000 [00:23<00:00, 41.84it/s, loss=0.6638]
Epoch 820/1000: 100% 1000/1000 [00:23<00:00, 41.89it/s, loss=0.6637]
2025-11-12 09:58:09,561 [INFO] Epoch 820/1000 | Time: 24.24s | Loss: 0.6637 | Spikes: 4139.25 | Eval Return: 11.70
Epoch 821/1000: 100% 1000/1000 [00:23<00:00, 41.81it/s, loss=0.6638]
Epoch 822/1000: 100% 1000/1000 [00:23<00:00, 41.71it/s, loss=0.6636]
Epoch 823/1000: 100% 1000/1000 [00:23<00:00, 41.85it/s, loss=0.6631]
Epoch 824/1000: 100% 1000/1000 [00:23<00:00, 41.89it/s, loss=0.6631]
Epoch 825/1000: 100% 1000/1000 [00:23<00:00, 41.98it/s, loss=0.6635]
Epoch 826/1000: 100% 1000/1000 [00:23<00:00, 41.95it/s, loss=0.6635]
Epoch 827/1000: 100% 1000/1000 [00:23<00:00, 41.94it/s, loss=0.6638]
Epoch 828/1000: 100% 1000/1000 [00:23<00:00, 41.96it/s, loss=0.6638]
Epoch 829/1000: 100% 1000/1000 [00:23<00:00, 41.98it/s, loss=0.6638]
Epoch 830/1000: 100% 1000/1000 [00:23<00:00, 41.93it/s, loss=0.6641]
2025-11-12 10:02:08,574 [INFO] Epoch 830/1000 | Time: 24.19s | Loss: 0.6641 | Spikes: 4365.00 | Eval Return: 11.00
Epoch 831/1000: 100% 1000/1000 [00:23<00:00, 41.94it/s, loss=0.6638]
Epoch 832/1000: 100% 1000/1000 [00:23<00:00, 41.99it/s, loss=0.6636]
Epoch 833/1000: 100% 1000/1000 [00:23<00:00, 41.97it/s, loss=0.6634]
Epoch 834/1000: 100% 1000/1000 [00:23<00:00, 41.97it/s, loss=0.6637]
Epoch 835/1000: 100% 1000/1000 [00:23<00:00, 42.01it/s, loss=0.6638]
Epoch 836/1000: 100% 1000/1000 [00:23<00:00, 41.97it/s, loss=0.6638]
Epoch 837/1000: 100% 1000/1000 [00:23<00:00, 41.93it/s, loss=0.6637]
Epoch 838/1000: 100% 1000/1000 [00:23<00:00, 41.94it/s, loss=0.6631]
Epoch 839/1000: 100% 1000/1000 [00:23<00:00, 41.94it/s, loss=0.6635]
Epoch 840/1000: 100% 1000/1000 [00:23<00:00, 41.94it/s, loss=0.6638]
2025-11-12 10:06:07,248 [INFO] Epoch 840/1000 | Time: 24.19s | Loss: 0.6638 | Spikes: 4406.50 | Eval Return: 11.40
Epoch 841/1000: 100% 1000/1000 [00:23<00:00, 41.92it/s, loss=0.6637]
Epoch 842/1000: 100% 1000/1000 [00:23<00:00, 41.94it/s, loss=0.6636]
Epoch 843/1000: 100% 1000/1000 [00:23<00:00, 41.96it/s, loss=0.6635]
Epoch 844/1000: 100% 1000/1000 [00:23<00:00, 41.95it/s, loss=0.6638]
Epoch 845/1000: 100% 1000/1000 [00:23<00:00, 41.95it/s, loss=0.6637]
Epoch 846/1000: 100% 1000/1000 [00:23<00:00, 41.96it/s, loss=0.6637]
Epoch 847/1000: 100% 1000/1000 [00:23<00:00, 41.98it/s, loss=0.6637]
Epoch 848/1000: 100% 1000/1000 [00:23<00:00, 41.97it/s, loss=0.6632]
Epoch 849/1000: 100% 1000/1000 [00:23<00:00, 41.95it/s, loss=0.6634]
Epoch 850/1000: 100% 1000/1000 [00:23<00:00, 41.95it/s, loss=0.6630]
2025-11-12 10:10:05,955 [INFO] Epoch 850/1000 | Time: 24.18s | Loss: 0.6630 | Spikes: 4172.25 | Eval Return: 11.30
Epoch 851/1000: 100% 1000/1000 [00:23<00:00, 41.98it/s, loss=0.6634]
Epoch 852/1000: 100% 1000/1000 [00:23<00:00, 41.96it/s, loss=0.6632]
Epoch 853/1000: 100% 1000/1000 [00:23<00:00, 41.96it/s, loss=0.6637]
Epoch 854/1000: 100% 1000/1000 [00:23<00:00, 41.95it/s, loss=0.6637]
Epoch 855/1000: 100% 1000/1000 [00:23<00:00, 41.98it/s, loss=0.6637]
Epoch 856/1000: 100% 1000/1000 [00:23<00:00, 42.03it/s, loss=0.6632]
Epoch 857/1000: 100% 1000/1000 [00:23<00:00, 42.02it/s, loss=0.6632]
Epoch 858/1000: 100% 1000/1000 [00:23<00:00, 42.05it/s, loss=0.6637]
Epoch 859/1000: 100% 1000/1000 [00:23<00:00, 41.90it/s, loss=0.6638]
Epoch 860/1000: 100% 1000/1000 [00:23<00:00, 41.93it/s, loss=0.6637]
2025-11-12 10:14:04,541 [INFO] Epoch 860/1000 | Time: 24.20s | Loss: 0.6637 | Spikes: 4224.25 | Eval Return: 11.60
Epoch 861/1000: 100% 1000/1000 [00:23<00:00, 41.78it/s, loss=0.6632]
Epoch 862/1000: 100% 1000/1000 [00:23<00:00, 41.93it/s, loss=0.6631]
Epoch 863/1000: 100% 1000/1000 [00:23<00:00, 41.93it/s, loss=0.6631]
Epoch 864/1000: 100% 1000/1000 [00:23<00:00, 41.94it/s, loss=0.6631]
Epoch 865/1000: 100% 1000/1000 [00:23<00:00, 41.94it/s, loss=0.6631]
Epoch 866/1000: 100% 1000/1000 [00:23<00:00, 41.95it/s, loss=0.6632]
Epoch 867/1000: 100% 1000/1000 [00:23<00:00, 41.91it/s, loss=0.6632]
Epoch 868/1000: 100% 1000/1000 [00:23<00:00, 41.87it/s, loss=0.6631]
Epoch 869/1000: 100% 1000/1000 [00:23<00:00, 41.80it/s, loss=0.6631]
Epoch 870/1000: 100% 1000/1000 [00:23<00:00, 41.94it/s, loss=0.6631]
2025-11-12 10:18:03,566 [INFO] Epoch 870/1000 | Time: 24.20s | Loss: 0.6631 | Spikes: 4360.75 | Eval Return: 11.70
Epoch 871/1000: 100% 1000/1000 [00:23<00:00, 42.03it/s, loss=0.6632]
Epoch 872/1000: 100% 1000/1000 [00:23<00:00, 42.03it/s, loss=0.6637]
Epoch 873/1000: 100% 1000/1000 [00:23<00:00, 42.01it/s, loss=0.6637]
Epoch 874/1000: 100% 1000/1000 [00:23<00:00, 42.01it/s, loss=0.6637]
Epoch 875/1000: 100% 1000/1000 [00:23<00:00, 42.04it/s, loss=0.6631]
Epoch 876/1000: 100% 1000/1000 [00:23<00:00, 41.96it/s, loss=0.6633]
Epoch 877/1000: 100% 1000/1000 [00:23<00:00, 41.99it/s, loss=0.6634]
Epoch 878/1000: 100% 1000/1000 [00:23<00:00, 42.04it/s, loss=0.6631]
Epoch 879/1000: 100% 1000/1000 [00:23<00:00, 41.98it/s, loss=0.6631]
Epoch 880/1000: 100% 1000/1000 [00:23<00:00, 41.97it/s, loss=0.6636]
2025-11-12 10:22:01,994 [INFO] Epoch 880/1000 | Time: 24.19s | Loss: 0.6636 | Spikes: 4418.50 | Eval Return: 11.90
Epoch 881/1000: 100% 1000/1000 [00:23<00:00, 41.99it/s, loss=0.6633]
Epoch 882/1000: 100% 1000/1000 [00:23<00:00, 41.98it/s, loss=0.6635]
Epoch 883/1000: 100% 1000/1000 [00:23<00:00, 41.97it/s, loss=0.6632]
Epoch 884/1000: 100% 1000/1000 [00:23<00:00, 41.95it/s, loss=0.6631]
Epoch 885/1000: 100% 1000/1000 [00:23<00:00, 41.95it/s, loss=0.6630]
Epoch 886/1000: 100% 1000/1000 [00:23<00:00, 41.96it/s, loss=0.6631]
Epoch 887/1000: 100% 1000/1000 [00:23<00:00, 41.92it/s, loss=0.6635]
Epoch 888/1000: 100% 1000/1000 [00:23<00:00, 41.90it/s, loss=0.6637]
Epoch 889/1000: 100% 1000/1000 [00:23<00:00, 41.88it/s, loss=0.6637]
Epoch 890/1000: 100% 1000/1000 [00:23<00:00, 41.83it/s, loss=0.6636]
2025-11-12 10:26:00,836 [INFO] Epoch 890/1000 | Time: 24.27s | Loss: 0.6636 | Spikes: 4447.00 | Eval Return: 12.00
Epoch 891/1000: 100% 1000/1000 [00:23<00:00, 41.89it/s, loss=0.6635]
Epoch 892/1000: 100% 1000/1000 [00:23<00:00, 41.94it/s, loss=0.6635]
Epoch 893/1000: 100% 1000/1000 [00:23<00:00, 41.87it/s, loss=0.6635]
Epoch 894/1000: 100% 1000/1000 [00:23<00:00, 41.85it/s, loss=0.6637]
Epoch 895/1000: 100% 1000/1000 [00:23<00:00, 41.87it/s, loss=0.6637]
Epoch 896/1000: 100% 1000/1000 [00:23<00:00, 41.87it/s, loss=0.6637]
Epoch 897/1000: 100% 1000/1000 [00:23<00:00, 41.85it/s, loss=0.6634]
Epoch 898/1000: 100% 1000/1000 [00:23<00:00, 41.78it/s, loss=0.6631]
Epoch 899/1000: 100% 1000/1000 [00:23<00:00, 41.89it/s, loss=0.6631]
Epoch 900/1000: 100% 1000/1000 [00:23<00:00, 41.97it/s, loss=0.6630]
2025-11-12 10:29:59,991 [INFO] Epoch 900/1000 | Time: 24.19s | Loss: 0.6630 | Spikes: 4273.75 | Eval Return: 11.80
Epoch 901/1000: 100% 1000/1000 [00:23<00:00, 41.95it/s, loss=0.6632]
Epoch 902/1000: 100% 1000/1000 [00:23<00:00, 41.93it/s, loss=0.6630]
Epoch 903/1000: 100% 1000/1000 [00:23<00:00, 41.98it/s, loss=0.6632]
Epoch 904/1000: 100% 1000/1000 [00:23<00:00, 41.85it/s, loss=0.6630]
Epoch 905/1000: 100% 1000/1000 [00:24<00:00, 41.58it/s, loss=0.6630]
Epoch 906/1000: 100% 1000/1000 [00:24<00:00, 41.51it/s, loss=0.6630]
Epoch 907/1000: 100% 1000/1000 [00:24<00:00, 41.54it/s, loss=0.6632]
Epoch 908/1000: 100% 1000/1000 [00:24<00:00, 41.45it/s, loss=0.6632]
Epoch 909/1000: 100% 1000/1000 [00:24<00:00, 41.47it/s, loss=0.6637]
Epoch 910/1000: 100% 1000/1000 [00:24<00:00, 41.62it/s, loss=0.6637]
2025-11-12 10:34:00,220 [INFO] Epoch 910/1000 | Time: 24.36s | Loss: 0.6637 | Spikes: 4438.00 | Eval Return: 11.10
Epoch 911/1000: 100% 1000/1000 [00:23<00:00, 41.89it/s, loss=0.6636]
Epoch 912/1000: 100% 1000/1000 [00:23<00:00, 41.82it/s, loss=0.6637]
Epoch 913/1000: 100% 1000/1000 [00:23<00:00, 41.86it/s, loss=0.6637]
Epoch 914/1000: 100% 1000/1000 [00:23<00:00, 41.82it/s, loss=0.6634]
Epoch 915/1000: 100% 1000/1000 [00:24<00:00, 41.18it/s, loss=0.6637]
Epoch 916/1000: 100% 1000/1000 [00:24<00:00, 41.45it/s, loss=0.6636]
Epoch 917/1000: 100% 1000/1000 [00:24<00:00, 41.38it/s, loss=0.6653]
Epoch 918/1000: 100% 1000/1000 [00:24<00:00, 41.00it/s, loss=0.6642]
Epoch 919/1000: 100% 1000/1000 [00:24<00:00, 41.36it/s, loss=0.6632]
Epoch 920/1000: 100% 1000/1000 [00:23<00:00, 41.90it/s, loss=0.6631]
2025-11-12 10:38:01,163 [INFO] Epoch 920/1000 | Time: 24.21s | Loss: 0.6631 | Spikes: 4533.25 | Eval Return: 11.20
Epoch 921/1000: 100% 1000/1000 [00:23<00:00, 41.98it/s, loss=0.6634]
Epoch 922/1000: 100% 1000/1000 [00:23<00:00, 41.90it/s, loss=0.6636]
Epoch 923/1000: 100% 1000/1000 [00:23<00:00, 41.88it/s, loss=0.6636]
Epoch 924/1000: 100% 1000/1000 [00:23<00:00, 41.88it/s, loss=0.6636]
Epoch 925/1000: 100% 1000/1000 [00:23<00:00, 41.81it/s, loss=0.6636]
Epoch 926/1000: 100% 1000/1000 [00:23<00:00, 41.90it/s, loss=0.6630]
Epoch 927/1000: 100% 1000/1000 [00:23<00:00, 41.80it/s, loss=0.6630]
Epoch 928/1000: 100% 1000/1000 [00:23<00:00, 41.82it/s, loss=0.6629]
Epoch 929/1000: 100% 1000/1000 [00:23<00:00, 41.84it/s, loss=0.6636]
Epoch 930/1000: 100% 1000/1000 [00:23<00:00, 41.94it/s, loss=0.6635]
2025-11-12 10:42:00,338 [INFO] Epoch 930/1000 | Time: 24.20s | Loss: 0.6635 | Spikes: 4505.75 | Eval Return: 11.80
Epoch 931/1000: 100% 1000/1000 [00:23<00:00, 41.94it/s, loss=0.6638]
Epoch 932/1000: 100% 1000/1000 [00:23<00:00, 41.89it/s, loss=0.6637]
Epoch 933/1000: 100% 1000/1000 [00:23<00:00, 41.93it/s, loss=0.6630]
Epoch 934/1000: 100% 1000/1000 [00:23<00:00, 41.93it/s, loss=0.6632]
Epoch 935/1000: 100% 1000/1000 [00:23<00:00, 41.92it/s, loss=0.6630]
Epoch 936/1000: 100% 1000/1000 [00:23<00:00, 41.93it/s, loss=0.6630]
Epoch 937/1000: 100% 1000/1000 [00:23<00:00, 41.90it/s, loss=0.6631]
Epoch 938/1000: 100% 1000/1000 [00:23<00:00, 41.89it/s, loss=0.6630]
Epoch 939/1000: 100% 1000/1000 [00:23<00:00, 41.80it/s, loss=0.6630]
Epoch 940/1000: 100% 1000/1000 [00:23<00:00, 41.96it/s, loss=0.6639]
2025-11-12 10:45:59,291 [INFO] Epoch 940/1000 | Time: 24.17s | Loss: 0.6639 | Spikes: 4451.00 | Eval Return: 11.30
Epoch 941/1000: 100% 1000/1000 [00:23<00:00, 41.87it/s, loss=0.6638]
Epoch 942/1000: 100% 1000/1000 [00:23<00:00, 42.02it/s, loss=0.6635]
Epoch 943/1000: 100% 1000/1000 [00:23<00:00, 41.93it/s, loss=0.6643]
Epoch 944/1000: 100% 1000/1000 [00:23<00:00, 41.90it/s, loss=0.6633]
Epoch 945/1000: 100% 1000/1000 [00:23<00:00, 41.81it/s, loss=0.6630]
Epoch 946/1000: 100% 1000/1000 [00:23<00:00, 41.95it/s, loss=0.6631]
Epoch 947/1000: 100% 1000/1000 [00:23<00:00, 41.95it/s, loss=0.6629]
Epoch 948/1000: 100% 1000/1000 [00:23<00:00, 41.97it/s, loss=0.6630]
Epoch 949/1000: 100% 1000/1000 [00:23<00:00, 41.97it/s, loss=0.6629]
Epoch 950/1000: 100% 1000/1000 [00:23<00:00, 41.98it/s, loss=0.6630]
2025-11-12 10:49:58,112 [INFO] Epoch 950/1000 | Time: 24.16s | Loss: 0.6630 | Spikes: 4226.25 | Eval Return: 11.40
Epoch 951/1000: 100% 1000/1000 [00:23<00:00, 41.96it/s, loss=0.6635]
Epoch 952/1000: 100% 1000/1000 [00:23<00:00, 41.97it/s, loss=0.6635]
Epoch 953/1000: 100% 1000/1000 [00:23<00:00, 41.97it/s, loss=0.6634]
Epoch 954/1000: 100% 1000/1000 [00:23<00:00, 41.92it/s, loss=0.6636]
Epoch 955/1000: 100% 1000/1000 [00:23<00:00, 41.97it/s, loss=0.6635]
Epoch 956/1000: 100% 1000/1000 [00:23<00:00, 41.97it/s, loss=0.6634]
Epoch 957/1000: 100% 1000/1000 [00:24<00:00, 41.67it/s, loss=0.6631]
Epoch 958/1000: 100% 1000/1000 [00:24<00:00, 41.57it/s, loss=0.6635]
Epoch 959/1000: 100% 1000/1000 [00:24<00:00, 41.55it/s, loss=0.6635]
Epoch 960/1000: 100% 1000/1000 [00:24<00:00, 41.55it/s, loss=0.6635]
2025-11-12 10:53:57,648 [INFO] Epoch 960/1000 | Time: 24.42s | Loss: 0.6635 | Spikes: 4508.25 | Eval Return: 11.60
Epoch 961/1000: 100% 1000/1000 [00:24<00:00, 41.52it/s, loss=0.6634]
Epoch 962/1000: 100% 1000/1000 [00:24<00:00, 41.53it/s, loss=0.6635]
Epoch 963/1000: 100% 1000/1000 [00:24<00:00, 41.60it/s, loss=0.6635]
Epoch 964/1000: 100% 1000/1000 [00:24<00:00, 41.58it/s, loss=0.6632]
Epoch 965/1000: 100% 1000/1000 [00:24<00:00, 41.35it/s, loss=0.6629]
Epoch 966/1000: 100% 1000/1000 [00:24<00:00, 41.41it/s, loss=0.6630]
Epoch 967/1000: 100% 1000/1000 [00:23<00:00, 41.73it/s, loss=0.6631]
Epoch 968/1000: 100% 1000/1000 [00:23<00:00, 41.84it/s, loss=0.6629]
Epoch 969/1000: 100% 1000/1000 [00:23<00:00, 41.82it/s, loss=0.6631]
Epoch 970/1000: 100% 1000/1000 [00:23<00:00, 41.88it/s, loss=0.6629]
2025-11-12 10:57:58,251 [INFO] Epoch 970/1000 | Time: 24.23s | Loss: 0.6629 | Spikes: 4289.75 | Eval Return: 11.70
Epoch 971/1000: 100% 1000/1000 [00:23<00:00, 41.86it/s, loss=0.6629]
Epoch 972/1000: 100% 1000/1000 [00:23<00:00, 41.86it/s, loss=0.6634]
Epoch 973/1000: 100% 1000/1000 [00:23<00:00, 41.95it/s, loss=0.6635]
Epoch 974/1000: 100% 1000/1000 [00:23<00:00, 41.93it/s, loss=0.6635]
Epoch 975/1000: 100% 1000/1000 [00:23<00:00, 41.96it/s, loss=0.6635]
Epoch 976/1000: 100% 1000/1000 [00:24<00:00, 41.64it/s, loss=0.6635]
Epoch 977/1000: 100% 1000/1000 [00:24<00:00, 41.54it/s, loss=0.6630]
Epoch 978/1000: 100% 1000/1000 [00:24<00:00, 41.51it/s, loss=0.6630]
Epoch 979/1000: 100% 1000/1000 [00:24<00:00, 41.57it/s, loss=0.6628]
Epoch 980/1000: 100% 1000/1000 [00:24<00:00, 41.66it/s, loss=0.6629]
2025-11-12 11:01:58,140 [INFO] Epoch 980/1000 | Time: 24.35s | Loss: 0.6629 | Spikes: 4318.00 | Eval Return: 11.30
Epoch 981/1000: 100% 1000/1000 [00:23<00:00, 41.87it/s, loss=0.6629]
Epoch 982/1000: 100% 1000/1000 [00:23<00:00, 41.87it/s, loss=0.6635]
Epoch 983/1000: 100% 1000/1000 [00:23<00:00, 41.85it/s, loss=0.6635]
Epoch 984/1000: 100% 1000/1000 [00:23<00:00, 41.87it/s, loss=0.6636]
Epoch 985/1000: 100% 1000/1000 [00:23<00:00, 41.89it/s, loss=0.6634]
Epoch 986/1000: 100% 1000/1000 [00:23<00:00, 41.88it/s, loss=0.6632]
Epoch 987/1000: 100% 1000/1000 [00:23<00:00, 41.83it/s, loss=0.6629]
Epoch 988/1000: 100% 1000/1000 [00:23<00:00, 41.80it/s, loss=0.6635]
Epoch 989/1000: 100% 1000/1000 [00:23<00:00, 41.82it/s, loss=0.6635]
Epoch 990/1000: 100% 1000/1000 [00:23<00:00, 41.77it/s, loss=0.6635]
2025-11-12 11:05:57,455 [INFO] Epoch 990/1000 | Time: 24.28s | Loss: 0.6635 | Spikes: 4511.75 | Eval Return: 11.00
Epoch 991/1000: 100% 1000/1000 [00:23<00:00, 41.78it/s, loss=0.6629]
Epoch 992/1000: 100% 1000/1000 [00:23<00:00, 41.94it/s, loss=0.6629]
Epoch 993/1000: 100% 1000/1000 [00:23<00:00, 41.90it/s, loss=0.6630]
Epoch 994/1000: 100% 1000/1000 [00:23<00:00, 41.90it/s, loss=0.6628]
Epoch 995/1000: 100% 1000/1000 [00:23<00:00, 41.86it/s, loss=0.6629]
Epoch 996/1000: 100% 1000/1000 [00:23<00:00, 41.89it/s, loss=0.6629]
Epoch 997/1000: 100% 1000/1000 [00:23<00:00, 41.89it/s, loss=0.6630]
Epoch 998/1000: 100% 1000/1000 [00:23<00:00, 41.91it/s, loss=0.6635]
Epoch 999/1000: 100% 1000/1000 [00:23<00:00, 41.86it/s, loss=0.6635]
Epoch 1000/1000: 100% 1000/1000 [00:23<00:00, 41.92it/s, loss=0.6634]
2025-11-12 11:09:56,562 [INFO] Epoch 1000/1000 | Time: 24.20s | Loss: 0.6634 | Spikes: 4330.00 | Eval Return: 11.40
2025-11-12 11:09:56,599 [INFO] Training complete.