2025-11-14 07:38:48.733493: E external/local_xla/xla/stream_executor/cuda/cuda_fft.cc:467] Unable to register cuFFT factory: Attempting to register factory for plugin cuFFT when one has already been registered
WARNING: All log messages before absl::InitializeLog() is called are written to STDERR
E0000 00:00:1763105928.955807     921 cuda_dnn.cc:8579] Unable to register cuDNN factory: Attempting to register factory for plugin cuDNN when one has already been registered
E0000 00:00:1763105929.013254     921 cuda_blas.cc:1407] Unable to register cuBLAS factory: Attempting to register factory for plugin cuBLAS when one has already been registered
W0000 00:00:1763105929.457462     921 computation_placer.cc:177] computation placer already registered. Please check linkage and avoid linking the same target more than once.
W0000 00:00:1763105929.457498     921 computation_placer.cc:177] computation placer already registered. Please check linkage and avoid linking the same target more than once.
W0000 00:00:1763105929.457502     921 computation_placer.cc:177] computation placer already registered. Please check linkage and avoid linking the same target more than once.
W0000 00:00:1763105929.457506     921 computation_placer.cc:177] computation placer already registered. Please check linkage and avoid linking the same target more than once.
2025-11-14 07:38:49.501754: I tensorflow/core/platform/cpu_feature_guard.cc:210] This TensorFlow binary is optimized to use available CPU instructions in performance-critical operations.
To enable the following instructions: AVX2 AVX512F FMA, in other operations, rebuild TensorFlow with the appropriate compiler flags.
2025-11-14 07:38:55,798 [INFO] Checking for dataset...
2025-11-14 07:38:55,798 [INFO] Dataset found at /content/neuromorphic_decision_transformer/data/MountainCar-v0/dataset.npz.
2025-11-14 07:38:55,798 [INFO] --- Checkpoint: Starting training ---
2025-11-14 07:38:55,801 [INFO] --- Checkpoint: Save directory created at results/all_runs/dsformer_MountainCar-v0 ---
2025-11-14 07:38:55,850 [INFO] Dataset size: 1000 clips
2025-11-14 07:38:55,874 [INFO] DataLoader created with num_workers=2, pin_memory=True, persistent_workers=True.
2025-11-14 07:38:56,122 [INFO] --- Checkpoint: Model 'dsformer' initialized on device 'cuda' ---
2025-11-14 07:39:01,446 [INFO] --- Checkpoint: Starting main training loop ---
Epoch 1/1000: 100% 100/100 [00:13<00:00,  7.64it/s, loss=1.0987]
Epoch 2/1000: 100% 100/100 [00:11<00:00,  8.66it/s, loss=1.0987]
Epoch 3/1000: 100% 100/100 [00:11<00:00,  8.53it/s, loss=1.0987]
Epoch 4/1000: 100% 100/100 [00:11<00:00,  8.60it/s, loss=1.0986]
Epoch 5/1000: 100% 100/100 [00:11<00:00,  8.62it/s, loss=1.0986]
Epoch 6/1000: 100% 100/100 [00:11<00:00,  8.57it/s, loss=1.0986]
Epoch 7/1000: 100% 100/100 [00:11<00:00,  8.63it/s, loss=1.0986]
Epoch 8/1000: 100% 100/100 [00:11<00:00,  8.49it/s, loss=1.0986]
Epoch 9/1000: 100% 100/100 [00:11<00:00,  8.67it/s, loss=1.0986]
Epoch 10/1000: 100% 100/100 [00:11<00:00,  8.37it/s, loss=1.0986]
2025-11-14 07:41:12,909 [INFO] Epoch 10/1000 | Time: 25.23s | Loss: 1.0986 | Spikes: 1678354.50 | Eval Return: -200.00
2025-11-14 07:41:12,920 [INFO] New best eval return: -200.00. Saved best model.
Epoch 11/1000: 100% 100/100 [00:11<00:00,  8.67it/s, loss=1.0986]
Epoch 12/1000: 100% 100/100 [00:11<00:00,  8.68it/s, loss=1.0986]
Epoch 13/1000: 100% 100/100 [00:11<00:00,  8.69it/s, loss=1.0986]
Epoch 14/1000: 100% 100/100 [00:11<00:00,  8.59it/s, loss=1.0986]
Epoch 15/1000: 100% 100/100 [00:11<00:00,  8.68it/s, loss=1.0986]
Epoch 16/1000: 100% 100/100 [00:11<00:00,  8.79it/s, loss=1.0986]
Epoch 17/1000: 100% 100/100 [00:11<00:00,  8.81it/s, loss=1.0986]
Epoch 18/1000: 100% 100/100 [00:11<00:00,  8.85it/s, loss=1.0986]
Epoch 19/1000: 100% 100/100 [00:11<00:00,  8.82it/s, loss=1.0986]
Epoch 20/1000: 100% 100/100 [00:11<00:00,  8.71it/s, loss=1.0986]
2025-11-14 07:43:20,906 [INFO] Epoch 20/1000 | Time: 24.90s | Loss: 1.0986 | Spikes: 1715637.50 | Eval Return: -200.00
Epoch 21/1000: 100% 100/100 [00:11<00:00,  8.84it/s, loss=1.0986]
Epoch 22/1000: 100% 100/100 [00:11<00:00,  8.67it/s, loss=1.0986]
Epoch 23/1000: 100% 100/100 [00:11<00:00,  8.71it/s, loss=1.0986]
Epoch 24/1000: 100% 100/100 [00:11<00:00,  8.66it/s, loss=1.0986]
Epoch 25/1000: 100% 100/100 [00:11<00:00,  8.73it/s, loss=1.0986]
Epoch 26/1000: 100% 100/100 [00:11<00:00,  8.65it/s, loss=1.0986]
Epoch 27/1000: 100% 100/100 [00:11<00:00,  8.69it/s, loss=1.0986]
Epoch 28/1000: 100% 100/100 [00:11<00:00,  8.70it/s, loss=1.0986]
Epoch 29/1000: 100% 100/100 [00:11<00:00,  8.54it/s, loss=1.0986]
Epoch 30/1000: 100% 100/100 [00:11<00:00,  8.72it/s, loss=1.0986]
2025-11-14 07:45:29,254 [INFO] Epoch 30/1000 | Time: 24.73s | Loss: 1.0986 | Spikes: 1836826.50 | Eval Return: -200.00
Epoch 31/1000: 100% 100/100 [00:11<00:00,  8.62it/s, loss=1.0986]
Epoch 32/1000: 100% 100/100 [00:11<00:00,  8.72it/s, loss=1.0986]
Epoch 33/1000: 100% 100/100 [00:11<00:00,  8.68it/s, loss=1.0986]
Epoch 34/1000: 100% 100/100 [00:11<00:00,  8.73it/s, loss=1.0986]
Epoch 35/1000: 100% 100/100 [00:11<00:00,  8.70it/s, loss=1.0986]
Epoch 36/1000: 100% 100/100 [00:11<00:00,  8.70it/s, loss=1.0986]
Epoch 37/1000: 100% 100/100 [00:11<00:00,  8.75it/s, loss=1.0986]
Epoch 38/1000: 100% 100/100 [00:11<00:00,  8.70it/s, loss=1.0986]
Epoch 39/1000: 100% 100/100 [00:11<00:00,  8.67it/s, loss=1.0986]
Epoch 40/1000: 100% 100/100 [00:11<00:00,  8.71it/s, loss=1.0986]
2025-11-14 07:47:37,574 [INFO] Epoch 40/1000 | Time: 24.81s | Loss: 1.0986 | Spikes: 1924048.00 | Eval Return: -200.00
Epoch 41/1000: 100% 100/100 [00:11<00:00,  8.66it/s, loss=1.0986]
Epoch 42/1000: 100% 100/100 [00:11<00:00,  8.71it/s, loss=1.0986]
Epoch 43/1000: 100% 100/100 [00:11<00:00,  8.67it/s, loss=1.0986]
Epoch 44/1000: 100% 100/100 [00:11<00:00,  8.76it/s, loss=1.0986]
Epoch 45/1000: 100% 100/100 [00:11<00:00,  8.85it/s, loss=1.0986]
Epoch 46/1000: 100% 100/100 [00:11<00:00,  8.80it/s, loss=1.0986]
Epoch 47/1000: 100% 100/100 [00:11<00:00,  8.83it/s, loss=1.0986]
Epoch 48/1000: 100% 100/100 [00:11<00:00,  8.72it/s, loss=1.0986]
Epoch 49/1000: 100% 100/100 [00:11<00:00,  8.54it/s, loss=1.0986]
Epoch 50/1000: 100% 100/100 [00:11<00:00,  8.68it/s, loss=1.0986]
2025-11-14 07:49:45,418 [INFO] Epoch 50/1000 | Time: 24.69s | Loss: 1.0986 | Spikes: 2078774.25 | Eval Return: -200.00
Epoch 51/1000: 100% 100/100 [00:11<00:00,  8.67it/s, loss=1.0986]
Epoch 52/1000: 100% 100/100 [00:11<00:00,  8.66it/s, loss=1.0986]
Epoch 53/1000: 100% 100/100 [00:11<00:00,  8.68it/s, loss=1.0985]
Epoch 54/1000: 100% 100/100 [00:11<00:00,  8.71it/s, loss=1.0986]
Epoch 55/1000: 100% 100/100 [00:11<00:00,  8.66it/s, loss=1.0986]
Epoch 56/1000: 100% 100/100 [00:11<00:00,  8.72it/s, loss=1.0985]
Epoch 57/1000: 100% 100/100 [00:11<00:00,  8.70it/s, loss=1.0986]
Epoch 58/1000: 100% 100/100 [00:11<00:00,  8.72it/s, loss=1.0986]
Epoch 59/1000: 100% 100/100 [00:11<00:00,  8.67it/s, loss=1.0986]
Epoch 60/1000: 100% 100/100 [00:11<00:00,  8.69it/s, loss=1.0986]
2025-11-14 07:51:53,638 [INFO] Epoch 60/1000 | Time: 24.59s | Loss: 1.0986 | Spikes: 2283457.25 | Eval Return: -200.00
Epoch 61/1000: 100% 100/100 [00:11<00:00,  8.73it/s, loss=1.0986]
Epoch 62/1000: 100% 100/100 [00:11<00:00,  8.72it/s, loss=1.0986]
Epoch 63/1000: 100% 100/100 [00:11<00:00,  8.69it/s, loss=1.0986]
Epoch 64/1000: 100% 100/100 [00:11<00:00,  8.66it/s, loss=1.0986]
Epoch 65/1000: 100% 100/100 [00:11<00:00,  8.70it/s, loss=1.0986]
Epoch 66/1000: 100% 100/100 [00:11<00:00,  8.72it/s, loss=1.0986]
Epoch 67/1000: 100% 100/100 [00:11<00:00,  8.68it/s, loss=1.0986]
Epoch 68/1000: 100% 100/100 [00:11<00:00,  8.70it/s, loss=1.0986]
Epoch 69/1000: 100% 100/100 [00:11<00:00,  8.47it/s, loss=1.0986]
Epoch 70/1000: 100% 100/100 [00:11<00:00,  8.69it/s, loss=1.0986]
2025-11-14 07:54:01,941 [INFO] Epoch 70/1000 | Time: 24.53s | Loss: 1.0986 | Spikes: 2300989.00 | Eval Return: -200.00
Epoch 71/1000: 100% 100/100 [00:11<00:00,  8.66it/s, loss=1.0986]
Epoch 72/1000: 100% 100/100 [00:11<00:00,  8.74it/s, loss=1.0986]
Epoch 73/1000: 100% 100/100 [00:11<00:00,  8.87it/s, loss=1.0985]
Epoch 74/1000: 100% 100/100 [00:11<00:00,  8.74it/s, loss=1.0986]
Epoch 75/1000: 100% 100/100 [00:11<00:00,  8.84it/s, loss=1.0986]
Epoch 76/1000: 100% 100/100 [00:11<00:00,  8.69it/s, loss=1.0985]
Epoch 77/1000: 100% 100/100 [00:11<00:00,  8.72it/s, loss=1.0986]
Epoch 78/1000: 100% 100/100 [00:11<00:00,  8.75it/s, loss=1.0986]
Epoch 79/1000: 100% 100/100 [00:11<00:00,  8.67it/s, loss=1.0985]
Epoch 80/1000: 100% 100/100 [00:11<00:00,  8.72it/s, loss=1.0986]
2025-11-14 07:56:09,447 [INFO] Epoch 80/1000 | Time: 24.55s | Loss: 1.0986 | Spikes: 2390793.75 | Eval Return: -200.00
Epoch 81/1000: 100% 100/100 [00:11<00:00,  8.70it/s, loss=1.0986]
Epoch 82/1000: 100% 100/100 [00:11<00:00,  8.69it/s, loss=1.0986]
Epoch 83/1000: 100% 100/100 [00:11<00:00,  8.66it/s, loss=1.0986]
Epoch 84/1000: 100% 100/100 [00:11<00:00,  8.76it/s, loss=1.0985]
Epoch 85/1000: 100% 100/100 [00:11<00:00,  8.76it/s, loss=1.0985]
Epoch 86/1000: 100% 100/100 [00:11<00:00,  8.74it/s, loss=1.0985]
Epoch 87/1000: 100% 100/100 [00:11<00:00,  8.77it/s, loss=1.0986]
Epoch 88/1000: 100% 100/100 [00:11<00:00,  8.49it/s, loss=1.0986]
Epoch 89/1000: 100% 100/100 [00:11<00:00,  8.74it/s, loss=1.0986]
Epoch 90/1000: 100% 100/100 [00:11<00:00,  8.74it/s, loss=1.0986]
2025-11-14 07:58:17,163 [INFO] Epoch 90/1000 | Time: 24.28s | Loss: 1.0986 | Spikes: 2587068.50 | Eval Return: -200.00
Epoch 91/1000: 100% 100/100 [00:11<00:00,  8.67it/s, loss=1.0986]
Epoch 92/1000: 100% 100/100 [00:11<00:00,  8.68it/s, loss=1.0986]
Epoch 93/1000: 100% 100/100 [00:11<00:00,  8.75it/s, loss=1.0986]
Epoch 94/1000: 100% 100/100 [00:11<00:00,  8.74it/s, loss=1.0986]
Epoch 95/1000: 100% 100/100 [00:11<00:00,  8.69it/s, loss=1.0986]
Epoch 96/1000: 100% 100/100 [00:11<00:00,  8.72it/s, loss=1.0985]
Epoch 97/1000: 100% 100/100 [00:11<00:00,  8.88it/s, loss=1.0985]
Epoch 98/1000: 100% 100/100 [00:11<00:00,  8.78it/s, loss=1.0986]
Epoch 99/1000: 100% 100/100 [00:11<00:00,  8.83it/s, loss=1.0986]
Epoch 100/1000: 100% 100/100 [00:11<00:00,  8.72it/s, loss=1.0986]
2025-11-14 08:00:24,595 [INFO] Epoch 100/1000 | Time: 24.54s | Loss: 1.0986 | Spikes: 2736474.50 | Eval Return: -200.00
Epoch 101/1000: 100% 100/100 [00:11<00:00,  8.85it/s, loss=1.0986]
Epoch 102/1000: 100% 100/100 [00:11<00:00,  8.68it/s, loss=1.0986]
Epoch 103/1000: 100% 100/100 [00:11<00:00,  8.77it/s, loss=1.0985]
Epoch 104/1000: 100% 100/100 [00:11<00:00,  8.70it/s, loss=1.0986]
Epoch 105/1000: 100% 100/100 [00:11<00:00,  8.74it/s, loss=1.0986]
Epoch 106/1000: 100% 100/100 [00:11<00:00,  8.74it/s, loss=1.0986]
Epoch 107/1000: 100% 100/100 [00:11<00:00,  8.60it/s, loss=1.0985]
Epoch 108/1000: 100% 100/100 [00:11<00:00,  8.46it/s, loss=1.0986]
Epoch 109/1000: 100% 100/100 [00:11<00:00,  8.49it/s, loss=1.0985]
Epoch 110/1000: 100% 100/100 [00:11<00:00,  8.55it/s, loss=1.0985]
2025-11-14 08:02:33,259 [INFO] Epoch 110/1000 | Time: 24.80s | Loss: 1.0985 | Spikes: 2926617.00 | Eval Return: -200.00
Epoch 111/1000: 100% 100/100 [00:11<00:00,  8.67it/s, loss=1.0985]
Epoch 112/1000: 100% 100/100 [00:11<00:00,  8.60it/s, loss=1.0985]
Epoch 113/1000: 100% 100/100 [00:11<00:00,  8.60it/s, loss=1.0985]
Epoch 114/1000: 100% 100/100 [00:11<00:00,  8.53it/s, loss=1.0986]
Epoch 115/1000: 100% 100/100 [00:11<00:00,  8.59it/s, loss=1.0986]
Epoch 116/1000: 100% 100/100 [00:11<00:00,  8.54it/s, loss=1.0985]
Epoch 117/1000: 100% 100/100 [00:11<00:00,  8.59it/s, loss=1.0985]
Epoch 118/1000: 100% 100/100 [00:11<00:00,  8.64it/s, loss=1.0986]
Epoch 119/1000: 100% 100/100 [00:11<00:00,  8.57it/s, loss=1.0986]
Epoch 120/1000: 100% 100/100 [00:11<00:00,  8.59it/s, loss=1.0985]
2025-11-14 08:04:42,873 [INFO] Epoch 120/1000 | Time: 24.84s | Loss: 1.0985 | Spikes: 3103586.75 | Eval Return: -200.00
Epoch 121/1000: 100% 100/100 [00:11<00:00,  8.64it/s, loss=1.0985]
Epoch 122/1000: 100% 100/100 [00:11<00:00,  8.62it/s, loss=1.0986]
Epoch 123/1000: 100% 100/100 [00:11<00:00,  8.53it/s, loss=1.0985]
Epoch 124/1000: 100% 100/100 [00:11<00:00,  8.66it/s, loss=1.0985]
Epoch 125/1000: 100% 100/100 [00:11<00:00,  8.57it/s, loss=1.0986]
Epoch 126/1000: 100% 100/100 [00:11<00:00,  8.66it/s, loss=1.0985]
Epoch 127/1000: 100% 100/100 [00:11<00:00,  8.69it/s, loss=1.0985]
Epoch 128/1000: 100% 100/100 [00:11<00:00,  8.45it/s, loss=1.0985]
Epoch 129/1000: 100% 100/100 [00:11<00:00,  8.81it/s, loss=1.0985]
Epoch 130/1000: 100% 100/100 [00:11<00:00,  8.85it/s, loss=1.0985]
2025-11-14 08:06:51,865 [INFO] Epoch 130/1000 | Time: 24.62s | Loss: 1.0985 | Spikes: 3220390.00 | Eval Return: -200.00
Epoch 131/1000: 100% 100/100 [00:11<00:00,  8.86it/s, loss=1.0985]
Epoch 132/1000: 100% 100/100 [00:11<00:00,  8.78it/s, loss=1.0986]
Epoch 133/1000: 100% 100/100 [00:11<00:00,  8.72it/s, loss=1.0986]
Epoch 134/1000: 100% 100/100 [00:11<00:00,  8.71it/s, loss=1.0985]
Epoch 135/1000: 100% 100/100 [00:11<00:00,  8.65it/s, loss=1.0985]
Epoch 136/1000: 100% 100/100 [00:11<00:00,  8.59it/s, loss=1.0985]
Epoch 137/1000: 100% 100/100 [00:11<00:00,  8.55it/s, loss=1.0985]
Epoch 138/1000: 100% 100/100 [00:11<00:00,  8.68it/s, loss=1.0986]
Epoch 139/1000: 100% 100/100 [00:11<00:00,  8.59it/s, loss=1.0986]
Epoch 140/1000: 100% 100/100 [00:11<00:00,  8.60it/s, loss=1.0986]
2025-11-14 08:08:59,970 [INFO] Epoch 140/1000 | Time: 24.40s | Loss: 1.0985 | Spikes: 3352004.25 | Eval Return: -200.00
Epoch 141/1000: 100% 100/100 [00:11<00:00,  8.63it/s, loss=1.0985]
Epoch 142/1000: 100% 100/100 [00:11<00:00,  8.72it/s, loss=1.0985]
Epoch 143/1000: 100% 100/100 [00:11<00:00,  8.68it/s, loss=1.0986]
Epoch 144/1000: 100% 100/100 [00:11<00:00,  8.68it/s, loss=1.0985]
Epoch 145/1000: 100% 100/100 [00:11<00:00,  8.78it/s, loss=1.0985]
Epoch 146/1000: 100% 100/100 [00:11<00:00,  8.70it/s, loss=1.0985]
Epoch 147/1000: 100% 100/100 [00:11<00:00,  8.50it/s, loss=1.0986]
Epoch 148/1000: 100% 100/100 [00:11<00:00,  8.71it/s, loss=1.0985]
Epoch 149/1000: 100% 100/100 [00:11<00:00,  8.66it/s, loss=1.0985]
Epoch 150/1000: 100% 100/100 [00:11<00:00,  8.76it/s, loss=1.0985]
2025-11-14 08:11:08,179 [INFO] Epoch 150/1000 | Time: 24.41s | Loss: 1.0985 | Spikes: 3497300.75 | Eval Return: -200.00
Epoch 151/1000: 100% 100/100 [00:11<00:00,  8.66it/s, loss=1.0985]
Epoch 152/1000: 100% 100/100 [00:11<00:00,  8.74it/s, loss=1.0985]
Epoch 153/1000: 100% 100/100 [00:11<00:00,  8.76it/s, loss=1.0985]
Epoch 154/1000: 100% 100/100 [00:11<00:00,  8.73it/s, loss=1.0985]
Epoch 155/1000: 100% 100/100 [00:11<00:00,  8.74it/s, loss=1.0986]
Epoch 156/1000: 100% 100/100 [00:11<00:00,  8.75it/s, loss=1.0986]
Epoch 157/1000: 100% 100/100 [00:11<00:00,  8.83it/s, loss=1.0985]
Epoch 158/1000: 100% 100/100 [00:11<00:00,  8.95it/s, loss=1.0985]
Epoch 159/1000: 100% 100/100 [00:11<00:00,  8.89it/s, loss=1.0985]
Epoch 160/1000: 100% 100/100 [00:11<00:00,  8.83it/s, loss=1.0985]
2025-11-14 08:13:15,228 [INFO] Epoch 160/1000 | Time: 24.54s | Loss: 1.0985 | Spikes: 3601151.25 | Eval Return: -200.00
Epoch 161/1000: 100% 100/100 [00:11<00:00,  8.87it/s, loss=1.0985]
Epoch 162/1000: 100% 100/100 [00:11<00:00,  8.77it/s, loss=1.0985]
Epoch 163/1000: 100% 100/100 [00:11<00:00,  8.71it/s, loss=1.0986]
Epoch 164/1000: 100% 100/100 [00:11<00:00,  8.81it/s, loss=1.0986]
Epoch 165/1000: 100% 100/100 [00:11<00:00,  8.77it/s, loss=1.0985]
Epoch 166/1000: 100% 100/100 [00:11<00:00,  8.75it/s, loss=1.0986]
Epoch 167/1000: 100% 100/100 [00:11<00:00,  8.55it/s, loss=1.0985]
Epoch 168/1000: 100% 100/100 [00:11<00:00,  8.77it/s, loss=1.0985]
Epoch 169/1000: 100% 100/100 [00:11<00:00,  8.77it/s, loss=1.0986]
Epoch 170/1000: 100% 100/100 [00:11<00:00,  8.72it/s, loss=1.0986]
2025-11-14 08:15:22,428 [INFO] Epoch 170/1000 | Time: 24.36s | Loss: 1.0986 | Spikes: 3802035.75 | Eval Return: -200.00
Epoch 171/1000: 100% 100/100 [00:11<00:00,  8.69it/s, loss=1.0985]
Epoch 172/1000: 100% 100/100 [00:11<00:00,  8.70it/s, loss=1.0986]
Epoch 173/1000: 100% 100/100 [00:11<00:00,  8.79it/s, loss=1.0986]
Epoch 174/1000: 100% 100/100 [00:11<00:00,  8.78it/s, loss=1.0985]
Epoch 175/1000: 100% 100/100 [00:11<00:00,  8.76it/s, loss=1.0985]
Epoch 176/1000: 100% 100/100 [00:11<00:00,  8.80it/s, loss=1.0985]
Epoch 177/1000: 100% 100/100 [00:11<00:00,  8.80it/s, loss=1.0985]
Epoch 178/1000: 100% 100/100 [00:11<00:00,  8.73it/s, loss=1.0985]
Epoch 179/1000: 100% 100/100 [00:11<00:00,  8.76it/s, loss=1.0985]
Epoch 180/1000: 100% 100/100 [00:11<00:00,  8.87it/s, loss=1.0985]
2025-11-14 08:17:29,348 [INFO] Epoch 180/1000 | Time: 24.13s | Loss: 1.0985 | Spikes: 3987901.00 | Eval Return: -200.00
Epoch 181/1000: 100% 100/100 [00:11<00:00,  8.89it/s, loss=1.0985]
Epoch 182/1000: 100% 100/100 [00:11<00:00,  8.86it/s, loss=1.0986]
Epoch 183/1000: 100% 100/100 [00:11<00:00,  8.90it/s, loss=1.0985]
Epoch 184/1000: 100% 100/100 [00:11<00:00,  8.75it/s, loss=1.0985]
Epoch 185/1000: 100% 100/100 [00:11<00:00,  8.77it/s, loss=1.0985]
Epoch 186/1000: 100% 100/100 [00:11<00:00,  8.79it/s, loss=1.0985]
Epoch 187/1000: 100% 100/100 [00:11<00:00,  8.58it/s, loss=1.0985]
Epoch 188/1000: 100% 100/100 [00:11<00:00,  8.75it/s, loss=1.0985]
Epoch 189/1000: 100% 100/100 [00:11<00:00,  8.74it/s, loss=1.0985]
Epoch 190/1000: 100% 100/100 [00:11<00:00,  8.77it/s, loss=1.0985]
2025-11-14 08:19:36,039 [INFO] Epoch 190/1000 | Time: 24.19s | Loss: 1.0985 | Spikes: 4129883.75 | Eval Return: -200.00
Epoch 191/1000: 100% 100/100 [00:11<00:00,  8.75it/s, loss=1.0985]
Epoch 192/1000: 100% 100/100 [00:11<00:00,  8.76it/s, loss=1.0985]
Epoch 193/1000: 100% 100/100 [00:11<00:00,  8.78it/s, loss=1.0985]
Epoch 194/1000: 100% 100/100 [00:11<00:00,  8.74it/s, loss=1.0985]
Epoch 195/1000: 100% 100/100 [00:11<00:00,  8.79it/s, loss=1.0985]
Epoch 196/1000: 100% 100/100 [00:11<00:00,  8.67it/s, loss=1.0985]
Epoch 197/1000: 100% 100/100 [00:11<00:00,  8.76it/s, loss=1.0985]
Epoch 198/1000: 100% 100/100 [00:11<00:00,  8.79it/s, loss=1.0985]
Epoch 199/1000: 100% 100/100 [00:11<00:00,  8.76it/s, loss=1.0985]
Epoch 200/1000: 100% 100/100 [00:11<00:00,  8.80it/s, loss=1.0985]
2025-11-14 08:21:42,954 [INFO] Epoch 200/1000 | Time: 24.09s | Loss: 1.0985 | Spikes: 4349622.00 | Eval Return: -200.00
Epoch 201/1000: 100% 100/100 [00:11<00:00,  8.77it/s, loss=1.0985]
Epoch 202/1000: 100% 100/100 [00:11<00:00,  8.73it/s, loss=1.0985]
Epoch 203/1000: 100% 100/100 [00:11<00:00,  8.88it/s, loss=1.0985]
Epoch 204/1000: 100% 100/100 [00:11<00:00,  8.83it/s, loss=1.0985]
Epoch 205/1000: 100% 100/100 [00:11<00:00,  8.92it/s, loss=1.0985]
Epoch 206/1000: 100% 100/100 [00:11<00:00,  8.53it/s, loss=1.0985]
Epoch 207/1000: 100% 100/100 [00:11<00:00,  8.79it/s, loss=1.0985]
Epoch 208/1000: 100% 100/100 [00:11<00:00,  8.80it/s, loss=1.0985]
Epoch 209/1000: 100% 100/100 [00:11<00:00,  8.76it/s, loss=1.0985]
Epoch 210/1000: 100% 100/100 [00:11<00:00,  8.79it/s, loss=1.0985]
2025-11-14 08:23:49,608 [INFO] Epoch 210/1000 | Time: 24.12s | Loss: 1.0985 | Spikes: 4548380.00 | Eval Return: -200.00
Epoch 211/1000: 100% 100/100 [00:11<00:00,  8.78it/s, loss=1.0985]
Epoch 212/1000: 100% 100/100 [00:11<00:00,  8.79it/s, loss=1.0985]
Epoch 213/1000: 100% 100/100 [00:11<00:00,  8.75it/s, loss=1.0985]
Epoch 214/1000: 100% 100/100 [00:11<00:00,  8.78it/s, loss=1.0985]
Epoch 215/1000: 100% 100/100 [00:11<00:00,  8.78it/s, loss=1.0985]
Epoch 216/1000: 100% 100/100 [00:11<00:00,  8.82it/s, loss=1.0985]
Epoch 217/1000: 100% 100/100 [00:11<00:00,  8.79it/s, loss=1.0985]
Epoch 218/1000: 100% 100/100 [00:11<00:00,  8.75it/s, loss=1.0985]
Epoch 219/1000: 100% 100/100 [00:11<00:00,  8.77it/s, loss=1.0985]
Epoch 220/1000: 100% 100/100 [00:11<00:00,  8.76it/s, loss=1.0985]
2025-11-14 08:25:56,399 [INFO] Epoch 220/1000 | Time: 24.24s | Loss: 1.0985 | Spikes: 4665652.50 | Eval Return: -200.00
Epoch 221/1000: 100% 100/100 [00:11<00:00,  8.77it/s, loss=1.0985]
Epoch 222/1000: 100% 100/100 [00:11<00:00,  8.74it/s, loss=1.0985]
Epoch 223/1000: 100% 100/100 [00:11<00:00,  8.75it/s, loss=1.0985]
Epoch 224/1000: 100% 100/100 [00:11<00:00,  8.82it/s, loss=1.0985]
Epoch 225/1000: 100% 100/100 [00:11<00:00,  8.94it/s, loss=1.0985]
Epoch 226/1000: 100% 100/100 [00:11<00:00,  8.64it/s, loss=1.0985]
Epoch 227/1000: 100% 100/100 [00:11<00:00,  8.92it/s, loss=1.0985]
Epoch 228/1000: 100% 100/100 [00:11<00:00,  8.74it/s, loss=1.0985]
Epoch 229/1000: 100% 100/100 [00:11<00:00,  8.80it/s, loss=1.0985]
Epoch 230/1000: 100% 100/100 [00:11<00:00,  8.74it/s, loss=1.0985]
2025-11-14 08:28:03,105 [INFO] Epoch 230/1000 | Time: 24.30s | Loss: 1.0985 | Spikes: 4801773.00 | Eval Return: -200.00
Epoch 231/1000: 100% 100/100 [00:11<00:00,  8.73it/s, loss=1.0985]
Epoch 232/1000: 100% 100/100 [00:11<00:00,  8.78it/s, loss=1.0985]
Epoch 233/1000: 100% 100/100 [00:11<00:00,  8.73it/s, loss=1.0985]
Epoch 234/1000: 100% 100/100 [00:11<00:00,  8.76it/s, loss=1.0985]
Epoch 235/1000: 100% 100/100 [00:11<00:00,  8.75it/s, loss=1.0985]
Epoch 236/1000: 100% 100/100 [00:11<00:00,  8.79it/s, loss=1.0985]
Epoch 237/1000: 100% 100/100 [00:11<00:00,  8.72it/s, loss=1.0985]
Epoch 238/1000: 100% 100/100 [00:11<00:00,  8.76it/s, loss=1.0985]
Epoch 239/1000: 100% 100/100 [00:11<00:00,  8.76it/s, loss=1.0985]
Epoch 240/1000: 100% 100/100 [00:11<00:00,  8.73it/s, loss=1.0985]
2025-11-14 08:30:10,176 [INFO] Epoch 240/1000 | Time: 24.24s | Loss: 1.0985 | Spikes: 4965360.00 | Eval Return: -200.00
Epoch 241/1000: 100% 100/100 [00:11<00:00,  8.70it/s, loss=1.0986]
Epoch 242/1000: 100% 100/100 [00:11<00:00,  8.52it/s, loss=1.0985]
Epoch 243/1000: 100% 100/100 [00:12<00:00,  8.07it/s, loss=1.0986]
Epoch 244/1000: 100% 100/100 [00:11<00:00,  8.39it/s, loss=1.0985]
Epoch 245/1000: 100% 100/100 [00:11<00:00,  8.67it/s, loss=1.0985]
Epoch 246/1000: 100% 100/100 [00:11<00:00,  8.55it/s, loss=1.0985]
Epoch 247/1000: 100% 100/100 [00:11<00:00,  8.74it/s, loss=1.0985]
Epoch 248/1000: 100% 100/100 [00:11<00:00,  8.82it/s, loss=1.0985]
Epoch 249/1000: 100% 100/100 [00:11<00:00,  8.88it/s, loss=1.0985]
Epoch 250/1000: 100% 100/100 [00:11<00:00,  8.88it/s, loss=1.0985]
2025-11-14 08:32:19,218 [INFO] Epoch 250/1000 | Time: 24.23s | Loss: 1.0985 | Spikes: 5203797.00 | Eval Return: -200.00
Epoch 251/1000: 100% 100/100 [00:11<00:00,  8.86it/s, loss=1.0985]
Epoch 252/1000: 100% 100/100 [00:11<00:00,  8.81it/s, loss=1.0985]
Epoch 253/1000: 100% 100/100 [00:11<00:00,  8.72it/s, loss=1.0985]
Epoch 254/1000: 100% 100/100 [00:11<00:00,  8.72it/s, loss=1.0985]
Epoch 255/1000: 100% 100/100 [00:11<00:00,  8.74it/s, loss=1.0985]
Epoch 256/1000: 100% 100/100 [00:11<00:00,  8.78it/s, loss=1.0985]
Epoch 257/1000: 100% 100/100 [00:11<00:00,  8.75it/s, loss=1.0985]
Epoch 258/1000: 100% 100/100 [00:11<00:00,  8.75it/s, loss=1.0985]
Epoch 259/1000: 100% 100/100 [00:11<00:00,  8.80it/s, loss=1.0985]
Epoch 260/1000: 100% 100/100 [00:11<00:00,  8.76it/s, loss=1.0985]
2025-11-14 08:34:25,962 [INFO] Epoch 260/1000 | Time: 24.09s | Loss: 1.0985 | Spikes: 5397732.00 | Eval Return: -200.00
Epoch 261/1000: 100% 100/100 [00:11<00:00,  8.77it/s, loss=1.0986]
Epoch 262/1000: 100% 100/100 [00:11<00:00,  8.74it/s, loss=1.0985]
Epoch 263/1000: 100% 100/100 [00:11<00:00,  8.75it/s, loss=1.0985]
Epoch 264/1000: 100% 100/100 [00:11<00:00,  8.79it/s, loss=1.0985]
Epoch 265/1000: 100% 100/100 [00:11<00:00,  8.52it/s, loss=1.0985]
Epoch 266/1000: 100% 100/100 [00:11<00:00,  8.76it/s, loss=1.0985]
Epoch 267/1000: 100% 100/100 [00:11<00:00,  8.76it/s, loss=1.0985]
Epoch 268/1000: 100% 100/100 [00:11<00:00,  8.75it/s, loss=1.0985]
Epoch 269/1000: 100% 100/100 [00:11<00:00,  8.77it/s, loss=1.0985]
Epoch 270/1000: 100% 100/100 [00:11<00:00,  8.85it/s, loss=1.0985]
2025-11-14 08:36:33,316 [INFO] Epoch 270/1000 | Time: 24.30s | Loss: 1.0985 | Spikes: 5595853.50 | Eval Return: -200.00
Epoch 271/1000: 100% 100/100 [00:11<00:00,  8.83it/s, loss=1.0985]
Epoch 272/1000: 100% 100/100 [00:11<00:00,  8.92it/s, loss=1.0985]
Epoch 273/1000: 100% 100/100 [00:11<00:00,  8.90it/s, loss=1.0985]
Epoch 274/1000: 100% 100/100 [00:11<00:00,  8.78it/s, loss=1.0985]
Epoch 275/1000: 100% 100/100 [00:11<00:00,  8.75it/s, loss=1.0985]
Epoch 276/1000: 100% 100/100 [00:11<00:00,  8.77it/s, loss=1.0985]
Epoch 277/1000: 100% 100/100 [00:11<00:00,  8.74it/s, loss=1.0985]
Epoch 278/1000: 100% 100/100 [00:11<00:00,  8.79it/s, loss=1.0985]
Epoch 279/1000: 100% 100/100 [00:11<00:00,  8.82it/s, loss=1.0985]
Epoch 280/1000: 100% 100/100 [00:11<00:00,  8.73it/s, loss=1.0985]
2025-11-14 08:38:39,839 [INFO] Epoch 280/1000 | Time: 24.35s | Loss: 1.0985 | Spikes: 5778598.00 | Eval Return: -200.00
Epoch 281/1000: 100% 100/100 [00:11<00:00,  8.72it/s, loss=1.0985]
Epoch 282/1000: 100% 100/100 [00:11<00:00,  8.79it/s, loss=1.0985]
Epoch 283/1000: 100% 100/100 [00:11<00:00,  8.78it/s, loss=1.0985]
Epoch 284/1000: 100% 100/100 [00:11<00:00,  8.76it/s, loss=1.0985]
Epoch 285/1000: 100% 100/100 [00:11<00:00,  8.58it/s, loss=1.0985]
Epoch 286/1000: 100% 100/100 [00:11<00:00,  8.77it/s, loss=1.0985]
Epoch 287/1000: 100% 100/100 [00:11<00:00,  8.81it/s, loss=1.0985]
Epoch 288/1000: 100% 100/100 [00:11<00:00,  8.77it/s, loss=1.0985]
Epoch 289/1000: 100% 100/100 [00:11<00:00,  8.76it/s, loss=1.0985]
Epoch 290/1000: 100% 100/100 [00:11<00:00,  8.80it/s, loss=1.0985]
2025-11-14 08:40:46,771 [INFO] Epoch 290/1000 | Time: 24.03s | Loss: 1.0985 | Spikes: 6023189.50 | Eval Return: -200.00
Epoch 291/1000: 100% 100/100 [00:11<00:00,  8.72it/s, loss=1.0985]
Epoch 292/1000: 100% 100/100 [00:11<00:00,  8.88it/s, loss=1.0985]
Epoch 293/1000: 100% 100/100 [00:11<00:00,  8.91it/s, loss=1.0985]
Epoch 294/1000: 100% 100/100 [00:11<00:00,  8.82it/s, loss=1.0985]
Epoch 295/1000: 100% 100/100 [00:11<00:00,  8.82it/s, loss=1.0985]
Epoch 296/1000: 100% 100/100 [00:11<00:00,  8.77it/s, loss=1.0985]
Epoch 297/1000: 100% 100/100 [00:11<00:00,  8.80it/s, loss=1.0985]
Epoch 298/1000: 100% 100/100 [00:11<00:00,  8.80it/s, loss=1.0985]
Epoch 299/1000: 100% 100/100 [00:11<00:00,  8.71it/s, loss=1.0985]
Epoch 300/1000: 100% 100/100 [00:11<00:00,  8.81it/s, loss=1.0985]
2025-11-14 08:42:53,223 [INFO] Epoch 300/1000 | Time: 24.19s | Loss: 1.0985 | Spikes: 6270219.00 | Eval Return: -200.00
Epoch 301/1000: 100% 100/100 [00:11<00:00,  8.77it/s, loss=1.0985]
Epoch 302/1000: 100% 100/100 [00:11<00:00,  8.81it/s, loss=1.0985]
Epoch 303/1000: 100% 100/100 [00:11<00:00,  8.77it/s, loss=1.0985]
Epoch 304/1000: 100% 100/100 [00:11<00:00,  8.74it/s, loss=1.0985]
Epoch 305/1000: 100% 100/100 [00:11<00:00,  8.61it/s, loss=1.0985]
Epoch 306/1000: 100% 100/100 [00:11<00:00,  8.75it/s, loss=1.0985]
Epoch 307/1000: 100% 100/100 [00:11<00:00,  8.80it/s, loss=1.0985]
Epoch 308/1000: 100% 100/100 [00:11<00:00,  8.80it/s, loss=1.0985]
Epoch 309/1000: 100% 100/100 [00:11<00:00,  8.79it/s, loss=1.0985]
Epoch 310/1000: 100% 100/100 [00:11<00:00,  8.76it/s, loss=1.0985]
2025-11-14 08:45:00,138 [INFO] Epoch 310/1000 | Time: 24.17s | Loss: 1.0985 | Spikes: 6477242.00 | Eval Return: -200.00
Epoch 311/1000: 100% 100/100 [00:11<00:00,  8.77it/s, loss=1.0985]
Epoch 312/1000: 100% 100/100 [00:11<00:00,  8.81it/s, loss=1.0985]
Epoch 313/1000: 100% 100/100 [00:11<00:00,  8.85it/s, loss=1.0985]
Epoch 314/1000: 100% 100/100 [00:11<00:00,  8.88it/s, loss=1.0985]
Epoch 315/1000: 100% 100/100 [00:11<00:00,  8.85it/s, loss=1.0985]
Epoch 316/1000: 100% 100/100 [00:11<00:00,  8.80it/s, loss=1.0985]
Epoch 317/1000: 100% 100/100 [00:11<00:00,  8.79it/s, loss=1.0985]
Epoch 318/1000: 100% 100/100 [00:11<00:00,  8.71it/s, loss=1.0985]
Epoch 319/1000: 100% 100/100 [00:11<00:00,  8.71it/s, loss=1.0985]
Epoch 320/1000: 100% 100/100 [00:11<00:00,  8.69it/s, loss=1.0985]
2025-11-14 08:47:06,700 [INFO] Epoch 320/1000 | Time: 24.26s | Loss: 1.0985 | Spikes: 6558293.50 | Eval Return: -200.00
Epoch 321/1000: 100% 100/100 [00:11<00:00,  8.73it/s, loss=1.0985]
Epoch 322/1000: 100% 100/100 [00:11<00:00,  8.66it/s, loss=1.0985]
Epoch 323/1000: 100% 100/100 [00:11<00:00,  8.55it/s, loss=1.0985]
Epoch 324/1000: 100% 100/100 [00:11<00:00,  8.73it/s, loss=1.0985]
Epoch 325/1000: 100% 100/100 [00:11<00:00,  8.47it/s, loss=1.0985]
Epoch 326/1000: 100% 100/100 [00:11<00:00,  8.67it/s, loss=1.0985]
Epoch 327/1000: 100% 100/100 [00:11<00:00,  8.66it/s, loss=1.0985]
Epoch 328/1000: 100% 100/100 [00:11<00:00,  8.77it/s, loss=1.0985]
Epoch 329/1000: 100% 100/100 [00:11<00:00,  8.79it/s, loss=1.0985]
Epoch 330/1000: 100% 100/100 [00:11<00:00,  8.77it/s, loss=1.0985]
2025-11-14 08:49:14,716 [INFO] Epoch 330/1000 | Time: 24.20s | Loss: 1.0985 | Spikes: 6700790.00 | Eval Return: -200.00
Epoch 331/1000: 100% 100/100 [00:11<00:00,  8.61it/s, loss=1.0985]
Epoch 332/1000: 100% 100/100 [00:11<00:00,  8.57it/s, loss=1.0985]
Epoch 333/1000: 100% 100/100 [00:11<00:00,  8.57it/s, loss=1.0985]
Epoch 334/1000: 100% 100/100 [00:11<00:00,  8.61it/s, loss=1.0985]
Epoch 335/1000: 100% 100/100 [00:11<00:00,  8.67it/s, loss=1.0985]
Epoch 336/1000: 100% 100/100 [00:11<00:00,  8.73it/s, loss=1.0985]
Epoch 337/1000: 100% 100/100 [00:11<00:00,  8.72it/s, loss=1.0985]
Epoch 338/1000: 100% 100/100 [00:11<00:00,  8.89it/s, loss=1.0985]
Epoch 339/1000: 100% 100/100 [00:11<00:00,  8.80it/s, loss=1.0985]
Epoch 340/1000: 100% 100/100 [00:11<00:00,  8.86it/s, loss=1.0985]
2025-11-14 08:51:22,504 [INFO] Epoch 340/1000 | Time: 24.13s | Loss: 1.0985 | Spikes: 6750315.00 | Eval Return: -200.00
Epoch 341/1000: 100% 100/100 [00:11<00:00,  8.50it/s, loss=1.0985]
Epoch 342/1000: 100% 100/100 [00:11<00:00,  8.49it/s, loss=1.0985]
Epoch 343/1000: 100% 100/100 [00:11<00:00,  8.53it/s, loss=1.0985]
Epoch 344/1000: 100% 100/100 [00:12<00:00,  8.21it/s, loss=1.0985]
Epoch 345/1000: 100% 100/100 [00:11<00:00,  8.50it/s, loss=1.0985]
Epoch 346/1000: 100% 100/100 [00:11<00:00,  8.34it/s, loss=1.0985]
Epoch 347/1000: 100% 100/100 [00:11<00:00,  8.54it/s, loss=1.0985]
Epoch 348/1000: 100% 100/100 [00:11<00:00,  8.58it/s, loss=1.0985]
Epoch 349/1000: 100% 100/100 [00:11<00:00,  8.66it/s, loss=1.0985]
Epoch 350/1000: 100% 100/100 [00:11<00:00,  8.57it/s, loss=1.0985]
2025-11-14 08:53:33,144 [INFO] Epoch 350/1000 | Time: 24.51s | Loss: 1.0985 | Spikes: 6822346.00 | Eval Return: -200.00
Epoch 351/1000: 100% 100/100 [00:11<00:00,  8.68it/s, loss=1.0985]
Epoch 352/1000: 100% 100/100 [00:11<00:00,  8.73it/s, loss=1.0985]
Epoch 353/1000: 100% 100/100 [00:11<00:00,  8.68it/s, loss=1.0985]
Epoch 354/1000: 100% 100/100 [00:11<00:00,  8.55it/s, loss=1.0985]
Epoch 355/1000: 100% 100/100 [00:11<00:00,  8.61it/s, loss=1.0985]
Epoch 356/1000: 100% 100/100 [00:11<00:00,  8.55it/s, loss=1.0985]
Epoch 357/1000: 100% 100/100 [00:11<00:00,  8.68it/s, loss=1.0985]
Epoch 358/1000: 100% 100/100 [00:11<00:00,  8.73it/s, loss=1.0985]
Epoch 359/1000: 100% 100/100 [00:11<00:00,  8.74it/s, loss=1.0985]
Epoch 360/1000: 100% 100/100 [00:11<00:00,  8.56it/s, loss=1.0985]
2025-11-14 08:55:41,577 [INFO] Epoch 360/1000 | Time: 24.50s | Loss: 1.0985 | Spikes: 6957911.00 | Eval Return: -200.00
Epoch 361/1000: 100% 100/100 [00:11<00:00,  8.62it/s, loss=1.0985]
Epoch 362/1000: 100% 100/100 [00:11<00:00,  8.73it/s, loss=1.0985]
Epoch 363/1000: 100% 100/100 [00:11<00:00,  8.67it/s, loss=1.0985]
Epoch 364/1000: 100% 100/100 [00:11<00:00,  8.56it/s, loss=1.0985]
Epoch 365/1000: 100% 100/100 [00:11<00:00,  8.72it/s, loss=1.0985]
Epoch 366/1000: 100% 100/100 [00:11<00:00,  8.69it/s, loss=1.0985]
Epoch 367/1000: 100% 100/100 [00:11<00:00,  8.68it/s, loss=1.0985]
Epoch 368/1000: 100% 100/100 [00:11<00:00,  8.78it/s, loss=1.0985]
Epoch 369/1000: 100% 100/100 [00:11<00:00,  8.92it/s, loss=1.0985]
Epoch 370/1000: 100% 100/100 [00:11<00:00,  8.66it/s, loss=1.0985]
2025-11-14 08:57:49,636 [INFO] Epoch 370/1000 | Time: 24.66s | Loss: 1.0985 | Spikes: 6964041.00 | Eval Return: -200.00
Epoch 371/1000: 100% 100/100 [00:11<00:00,  8.92it/s, loss=1.0985]
Epoch 372/1000: 100% 100/100 [00:11<00:00,  8.93it/s, loss=1.0985]
Epoch 373/1000: 100% 100/100 [00:11<00:00,  8.82it/s, loss=1.0985]
Epoch 374/1000: 100% 100/100 [00:11<00:00,  8.77it/s, loss=1.0985]
Epoch 375/1000: 100% 100/100 [00:11<00:00,  8.78it/s, loss=1.0985]
Epoch 376/1000: 100% 100/100 [00:11<00:00,  8.76it/s, loss=1.0985]
Epoch 377/1000: 100% 100/100 [00:11<00:00,  8.79it/s, loss=1.0985]
Epoch 378/1000: 100% 100/100 [00:11<00:00,  8.75it/s, loss=1.0985]
Epoch 379/1000: 100% 100/100 [00:11<00:00,  8.74it/s, loss=1.0985]
Epoch 380/1000: 100% 100/100 [00:11<00:00,  8.78it/s, loss=1.0985]
2025-11-14 08:59:56,109 [INFO] Epoch 380/1000 | Time: 24.24s | Loss: 1.0985 | Spikes: 7088781.50 | Eval Return: -200.00
Epoch 381/1000: 100% 100/100 [00:11<00:00,  8.73it/s, loss=1.0985]
Epoch 382/1000: 100% 100/100 [00:11<00:00,  8.79it/s, loss=1.0985]
Epoch 383/1000: 100% 100/100 [00:11<00:00,  8.75it/s, loss=1.0985]
Epoch 384/1000: 100% 100/100 [00:11<00:00,  8.57it/s, loss=1.0985]
Epoch 385/1000: 100% 100/100 [00:11<00:00,  8.80it/s, loss=1.0985]
Epoch 386/1000: 100% 100/100 [00:11<00:00,  8.76it/s, loss=1.0985]
Epoch 387/1000: 100% 100/100 [00:11<00:00,  8.74it/s, loss=1.0985]
Epoch 388/1000: 100% 100/100 [00:11<00:00,  8.72it/s, loss=1.0985]
Epoch 389/1000: 100% 100/100 [00:11<00:00,  8.78it/s, loss=1.0985]
Epoch 390/1000: 100% 100/100 [00:11<00:00,  8.81it/s, loss=1.0985]
2025-11-14 09:02:03,583 [INFO] Epoch 390/1000 | Time: 24.46s | Loss: 1.0985 | Spikes: 7217540.50 | Eval Return: -200.00
Epoch 391/1000: 100% 100/100 [00:11<00:00,  8.65it/s, loss=1.0985]
Epoch 392/1000: 100% 100/100 [00:11<00:00,  8.93it/s, loss=1.0985]
Epoch 393/1000: 100% 100/100 [00:11<00:00,  8.67it/s, loss=1.0985]
Epoch 394/1000: 100% 100/100 [00:11<00:00,  8.51it/s, loss=1.0985]
Epoch 395/1000: 100% 100/100 [00:11<00:00,  8.53it/s, loss=1.0985]
Epoch 396/1000: 100% 100/100 [00:11<00:00,  8.51it/s, loss=1.0985]
Epoch 397/1000: 100% 100/100 [00:11<00:00,  8.66it/s, loss=1.0985]
Epoch 398/1000: 100% 100/100 [00:11<00:00,  8.68it/s, loss=1.0985]
Epoch 399/1000: 100% 100/100 [00:11<00:00,  8.68it/s, loss=1.0985]
Epoch 400/1000: 100% 100/100 [00:11<00:00,  8.67it/s, loss=1.0985]
2025-11-14 09:04:12,106 [INFO] Epoch 400/1000 | Time: 24.38s | Loss: 1.0985 | Spikes: 7269264.00 | Eval Return: -200.00
Epoch 401/1000: 100% 100/100 [00:11<00:00,  8.76it/s, loss=1.0985]
Epoch 402/1000: 100% 100/100 [00:11<00:00,  8.73it/s, loss=1.0985]
Epoch 403/1000: 100% 100/100 [00:11<00:00,  8.58it/s, loss=1.0985]
Epoch 404/1000: 100% 100/100 [00:11<00:00,  8.79it/s, loss=1.0985]
Epoch 405/1000: 100% 100/100 [00:11<00:00,  8.66it/s, loss=1.0985]
Epoch 406/1000: 100% 100/100 [00:11<00:00,  8.75it/s, loss=1.0985]
Epoch 407/1000: 100% 100/100 [00:11<00:00,  8.71it/s, loss=1.0985]
Epoch 408/1000: 100% 100/100 [00:11<00:00,  8.68it/s, loss=1.0985]
Epoch 409/1000: 100% 100/100 [00:11<00:00,  8.54it/s, loss=1.0985]
Epoch 410/1000: 100% 100/100 [00:11<00:00,  8.49it/s, loss=1.0985]
2025-11-14 09:06:20,259 [INFO] Epoch 410/1000 | Time: 24.56s | Loss: 1.0985 | Spikes: 7391284.50 | Eval Return: -200.00
Epoch 411/1000: 100% 100/100 [00:11<00:00,  8.68it/s, loss=1.0985]
Epoch 412/1000: 100% 100/100 [00:11<00:00,  8.59it/s, loss=1.0985]
Epoch 413/1000: 100% 100/100 [00:11<00:00,  8.69it/s, loss=1.0985]
Epoch 414/1000: 100% 100/100 [00:11<00:00,  8.66it/s, loss=1.0985]
Epoch 415/1000: 100% 100/100 [00:11<00:00,  8.69it/s, loss=1.0985]
Epoch 416/1000: 100% 100/100 [00:11<00:00,  8.67it/s, loss=1.0985]
Epoch 417/1000: 100% 100/100 [00:11<00:00,  8.72it/s, loss=1.0985]
Epoch 418/1000: 100% 100/100 [00:11<00:00,  8.79it/s, loss=1.0985]
Epoch 419/1000: 100% 100/100 [00:11<00:00,  8.54it/s, loss=1.0985]
Epoch 420/1000: 100% 100/100 [00:11<00:00,  8.56it/s, loss=1.0985]
2025-11-14 09:08:28,681 [INFO] Epoch 420/1000 | Time: 24.60s | Loss: 1.0985 | Spikes: 7455946.00 | Eval Return: -200.00
Epoch 421/1000: 100% 100/100 [00:11<00:00,  8.68it/s, loss=1.0985]
Epoch 422/1000: 100% 100/100 [00:11<00:00,  8.73it/s, loss=1.0985]
Epoch 423/1000: 100% 100/100 [00:11<00:00,  8.60it/s, loss=1.0985]
Epoch 424/1000: 100% 100/100 [00:11<00:00,  8.75it/s, loss=1.0985]
Epoch 425/1000: 100% 100/100 [00:11<00:00,  8.51it/s, loss=1.0985]
Epoch 426/1000: 100% 100/100 [00:11<00:00,  8.42it/s, loss=1.0985]
Epoch 427/1000: 100% 100/100 [00:11<00:00,  8.53it/s, loss=1.0985]
Epoch 428/1000: 100% 100/100 [00:11<00:00,  8.70it/s, loss=1.0985]
Epoch 429/1000: 100% 100/100 [00:11<00:00,  8.60it/s, loss=1.0985]
Epoch 430/1000: 100% 100/100 [00:11<00:00,  8.65it/s, loss=1.0985]
2025-11-14 09:10:37,884 [INFO] Epoch 430/1000 | Time: 24.66s | Loss: 1.0985 | Spikes: 7453923.50 | Eval Return: -200.00
Epoch 431/1000: 100% 100/100 [00:11<00:00,  8.68it/s, loss=1.0985]
Epoch 432/1000: 100% 100/100 [00:11<00:00,  8.70it/s, loss=1.0985]
Epoch 433/1000: 100% 100/100 [00:11<00:00,  8.76it/s, loss=1.0985]
Epoch 434/1000: 100% 100/100 [00:11<00:00,  8.76it/s, loss=1.0985]
Epoch 435/1000: 100% 100/100 [00:11<00:00,  8.71it/s, loss=1.0985]
Epoch 436/1000: 100% 100/100 [00:11<00:00,  8.73it/s, loss=1.0985]
Epoch 437/1000: 100% 100/100 [00:11<00:00,  8.79it/s, loss=1.0985]
Epoch 438/1000: 100% 100/100 [00:11<00:00,  8.68it/s, loss=1.0985]
Epoch 439/1000: 100% 100/100 [00:11<00:00,  8.73it/s, loss=1.0985]
Epoch 440/1000: 100% 100/100 [00:11<00:00,  8.61it/s, loss=1.0985]
2025-11-14 09:12:45,623 [INFO] Epoch 440/1000 | Time: 24.58s | Loss: 1.0985 | Spikes: 7520985.00 | Eval Return: -200.00
Epoch 441/1000: 100% 100/100 [00:11<00:00,  8.60it/s, loss=1.0984]
Epoch 442/1000: 100% 100/100 [00:11<00:00,  8.64it/s, loss=1.0985]
Epoch 443/1000: 100% 100/100 [00:11<00:00,  8.47it/s, loss=1.0985]
Epoch 444/1000: 100% 100/100 [00:11<00:00,  8.64it/s, loss=1.0985]
Epoch 445/1000: 100% 100/100 [00:11<00:00,  8.54it/s, loss=1.0984]
Epoch 446/1000: 100% 100/100 [00:11<00:00,  8.49it/s, loss=1.0985]
Epoch 447/1000: 100% 100/100 [00:11<00:00,  8.46it/s, loss=1.0985]
Epoch 448/1000: 100% 100/100 [00:11<00:00,  8.54it/s, loss=1.0985]
Epoch 449/1000: 100% 100/100 [00:11<00:00,  8.55it/s, loss=1.0985]
Epoch 450/1000: 100% 100/100 [00:11<00:00,  8.48it/s, loss=1.0985]
2025-11-14 09:14:55,970 [INFO] Epoch 450/1000 | Time: 25.04s | Loss: 1.0985 | Spikes: 7631545.00 | Eval Return: -200.00
Epoch 451/1000: 100% 100/100 [00:11<00:00,  8.75it/s, loss=1.0985]
Epoch 452/1000: 100% 100/100 [00:11<00:00,  8.74it/s, loss=1.0985]
Epoch 453/1000: 100% 100/100 [00:11<00:00,  8.89it/s, loss=1.0985]
Epoch 454/1000: 100% 100/100 [00:11<00:00,  8.69it/s, loss=1.0985]
Epoch 455/1000: 100% 100/100 [00:11<00:00,  8.72it/s, loss=1.0985]
Epoch 456/1000: 100% 100/100 [00:11<00:00,  8.72it/s, loss=1.0985]
Epoch 457/1000: 100% 100/100 [00:11<00:00,  8.72it/s, loss=1.0985]
Epoch 458/1000: 100% 100/100 [00:11<00:00,  8.72it/s, loss=1.0985]
Epoch 459/1000: 100% 100/100 [00:11<00:00,  8.68it/s, loss=1.0985]
Epoch 460/1000: 100% 100/100 [00:11<00:00,  8.70it/s, loss=1.0985]
2025-11-14 09:17:03,562 [INFO] Epoch 460/1000 | Time: 24.55s | Loss: 1.0985 | Spikes: 7652998.00 | Eval Return: -200.00
Epoch 461/1000: 100% 100/100 [00:11<00:00,  8.48it/s, loss=1.0984]
Epoch 462/1000: 100% 100/100 [00:11<00:00,  8.48it/s, loss=1.0985]
Epoch 463/1000: 100% 100/100 [00:11<00:00,  8.50it/s, loss=1.0985]
Epoch 464/1000: 100% 100/100 [00:11<00:00,  8.58it/s, loss=1.0985]
Epoch 465/1000: 100% 100/100 [00:11<00:00,  8.66it/s, loss=1.0985]
Epoch 466/1000: 100% 100/100 [00:11<00:00,  8.70it/s, loss=1.0985]
Epoch 467/1000: 100% 100/100 [00:11<00:00,  8.75it/s, loss=1.0985]
Epoch 468/1000: 100% 100/100 [00:11<00:00,  8.71it/s, loss=1.0985]
Epoch 469/1000: 100% 100/100 [00:11<00:00,  8.70it/s, loss=1.0985]
Epoch 470/1000: 100% 100/100 [00:11<00:00,  8.69it/s, loss=1.0985]
2025-11-14 09:19:12,383 [INFO] Epoch 470/1000 | Time: 24.36s | Loss: 1.0985 | Spikes: 7730253.00 | Eval Return: -200.00
Epoch 471/1000: 100% 100/100 [00:11<00:00,  8.62it/s, loss=1.0985]
Epoch 472/1000: 100% 100/100 [00:11<00:00,  8.62it/s, loss=1.0985]
Epoch 473/1000: 100% 100/100 [00:11<00:00,  8.68it/s, loss=1.0985]
Epoch 474/1000: 100% 100/100 [00:11<00:00,  8.70it/s, loss=1.0985]
Epoch 475/1000: 100% 100/100 [00:11<00:00,  8.62it/s, loss=1.0985]
Epoch 476/1000: 100% 100/100 [00:11<00:00,  8.84it/s, loss=1.0985]
Epoch 477/1000: 100% 100/100 [00:11<00:00,  8.78it/s, loss=1.0985]
Epoch 478/1000: 100% 100/100 [00:11<00:00,  8.67it/s, loss=1.0985]
Epoch 479/1000: 100% 100/100 [00:11<00:00,  8.74it/s, loss=1.0984]
Epoch 480/1000: 100% 100/100 [00:11<00:00,  8.72it/s, loss=1.0984]
2025-11-14 09:21:20,017 [INFO] Epoch 480/1000 | Time: 24.11s | Loss: 1.0985 | Spikes: 7793660.00 | Eval Return: -200.00
Epoch 481/1000: 100% 100/100 [00:11<00:00,  8.65it/s, loss=1.0985]
Epoch 482/1000: 100% 100/100 [00:11<00:00,  8.42it/s, loss=1.0985]
Epoch 483/1000: 100% 100/100 [00:11<00:00,  8.63it/s, loss=1.0985]
Epoch 484/1000: 100% 100/100 [00:11<00:00,  8.59it/s, loss=1.0985]
Epoch 485/1000: 100% 100/100 [00:11<00:00,  8.68it/s, loss=1.0985]
Epoch 486/1000: 100% 100/100 [00:11<00:00,  8.60it/s, loss=1.0985]
Epoch 487/1000: 100% 100/100 [00:11<00:00,  8.59it/s, loss=1.0985]
Epoch 488/1000: 100% 100/100 [00:11<00:00,  8.63it/s, loss=1.0985]
Epoch 489/1000: 100% 100/100 [00:11<00:00,  8.65it/s, loss=1.0985]
Epoch 490/1000: 100% 100/100 [00:11<00:00,  8.63it/s, loss=1.0985]
2025-11-14 09:23:28,828 [INFO] Epoch 490/1000 | Time: 24.20s | Loss: 1.0984 | Spikes: 7906525.00 | Eval Return: -200.00
Epoch 491/1000: 100% 100/100 [00:11<00:00,  8.72it/s, loss=1.0985]
Epoch 492/1000: 100% 100/100 [00:11<00:00,  8.65it/s, loss=1.0985]
Epoch 493/1000: 100% 100/100 [00:11<00:00,  8.62it/s, loss=1.0985]
Epoch 494/1000: 100% 100/100 [00:11<00:00,  8.59it/s, loss=1.0984]
Epoch 495/1000: 100% 100/100 [00:11<00:00,  8.65it/s, loss=1.0984]
Epoch 496/1000: 100% 100/100 [00:11<00:00,  8.58it/s, loss=1.0985]
Epoch 497/1000: 100% 100/100 [00:11<00:00,  8.63it/s, loss=1.0985]
Epoch 498/1000: 100% 100/100 [00:11<00:00,  8.72it/s, loss=1.0985]
Epoch 499/1000: 100% 100/100 [00:11<00:00,  8.65it/s, loss=1.0985]
Epoch 500/1000: 100% 100/100 [00:11<00:00,  8.75it/s, loss=1.0985]
2025-11-14 09:25:37,277 [INFO] Epoch 500/1000 | Time: 24.33s | Loss: 1.0985 | Spikes: 7973501.00 | Eval Return: -200.00
Epoch 501/1000: 100% 100/100 [00:11<00:00,  8.62it/s, loss=1.0985]
Epoch 502/1000: 100% 100/100 [00:11<00:00,  8.46it/s, loss=1.0985]
Epoch 503/1000: 100% 100/100 [00:11<00:00,  8.71it/s, loss=1.0985]
Epoch 504/1000: 100% 100/100 [00:11<00:00,  8.77it/s, loss=1.0985]
Epoch 505/1000: 100% 100/100 [00:11<00:00,  8.84it/s, loss=1.0985]
Epoch 506/1000: 100% 100/100 [00:11<00:00,  8.74it/s, loss=1.0985]
Epoch 507/1000: 100% 100/100 [00:11<00:00,  8.76it/s, loss=1.0985]
Epoch 508/1000: 100% 100/100 [00:11<00:00,  8.61it/s, loss=1.0985]
Epoch 509/1000: 100% 100/100 [00:11<00:00,  8.67it/s, loss=1.0985]
Epoch 510/1000: 100% 100/100 [00:11<00:00,  8.67it/s, loss=1.0985]
2025-11-14 09:27:45,328 [INFO] Epoch 510/1000 | Time: 24.42s | Loss: 1.0985 | Spikes: 8042526.00 | Eval Return: -200.00
Epoch 511/1000: 100% 100/100 [00:11<00:00,  8.59it/s, loss=1.0985]
Epoch 512/1000: 100% 100/100 [00:11<00:00,  8.53it/s, loss=1.0984]
Epoch 513/1000: 100% 100/100 [00:11<00:00,  8.66it/s, loss=1.0985]
Epoch 514/1000: 100% 100/100 [00:11<00:00,  8.69it/s, loss=1.0985]
Epoch 515/1000: 100% 100/100 [00:11<00:00,  8.55it/s, loss=1.0985]
Epoch 516/1000: 100% 100/100 [00:11<00:00,  8.71it/s, loss=1.0985]
Epoch 517/1000: 100% 100/100 [00:11<00:00,  8.73it/s, loss=1.0985]
Epoch 518/1000: 100% 100/100 [00:11<00:00,  8.71it/s, loss=1.0984]
Epoch 519/1000: 100% 100/100 [00:11<00:00,  8.71it/s, loss=1.0985]
Epoch 520/1000: 100% 100/100 [00:11<00:00,  8.67it/s, loss=1.0985]
2025-11-14 09:29:53,579 [INFO] Epoch 520/1000 | Time: 24.22s | Loss: 1.0985 | Spikes: 8185308.00 | Eval Return: -200.00
Epoch 521/1000: 100% 100/100 [00:11<00:00,  8.54it/s, loss=1.0985]
Epoch 522/1000: 100% 100/100 [00:11<00:00,  8.71it/s, loss=1.0985]
Epoch 523/1000: 100% 100/100 [00:11<00:00,  8.80it/s, loss=1.0984]
Epoch 524/1000: 100% 100/100 [00:11<00:00,  8.76it/s, loss=1.0985]
Epoch 525/1000: 100% 100/100 [00:11<00:00,  8.75it/s, loss=1.0985]
Epoch 526/1000: 100% 100/100 [00:11<00:00,  8.81it/s, loss=1.0985]
Epoch 527/1000: 100% 100/100 [00:11<00:00,  8.87it/s, loss=1.0984]
Epoch 528/1000: 100% 100/100 [00:11<00:00,  8.91it/s, loss=1.0985]
Epoch 529/1000: 100% 100/100 [00:11<00:00,  8.83it/s, loss=1.0985]
Epoch 530/1000: 100% 100/100 [00:11<00:00,  8.72it/s, loss=1.0984]
2025-11-14 09:32:00,293 [INFO] Epoch 530/1000 | Time: 24.14s | Loss: 1.0985 | Spikes: 8264577.00 | Eval Return: -200.00
Epoch 531/1000: 100% 100/100 [00:11<00:00,  8.70it/s, loss=1.0985]
Epoch 532/1000: 100% 100/100 [00:11<00:00,  8.69it/s, loss=1.0985]
Epoch 533/1000: 100% 100/100 [00:11<00:00,  8.74it/s, loss=1.0985]
Epoch 534/1000: 100% 100/100 [00:11<00:00,  8.71it/s, loss=1.0985]
Epoch 535/1000: 100% 100/100 [00:11<00:00,  8.78it/s, loss=1.0985]
Epoch 536/1000: 100% 100/100 [00:11<00:00,  8.66it/s, loss=1.0985]
Epoch 537/1000: 100% 100/100 [00:11<00:00,  8.71it/s, loss=1.0985]
Epoch 538/1000: 100% 100/100 [00:11<00:00,  8.76it/s, loss=1.0985]
Epoch 539/1000: 100% 100/100 [00:11<00:00,  8.72it/s, loss=1.0985]
Epoch 540/1000: 100% 100/100 [00:11<00:00,  8.76it/s, loss=1.0985]
2025-11-14 09:34:07,651 [INFO] Epoch 540/1000 | Time: 24.14s | Loss: 1.0985 | Spikes: 8343655.00 | Eval Return: -200.00
Epoch 541/1000: 100% 100/100 [00:11<00:00,  8.52it/s, loss=1.0985]
Epoch 542/1000: 100% 100/100 [00:11<00:00,  8.77it/s, loss=1.0985]
Epoch 543/1000: 100% 100/100 [00:11<00:00,  8.71it/s, loss=1.0985]
Epoch 544/1000: 100% 100/100 [00:11<00:00,  8.77it/s, loss=1.0985]
Epoch 545/1000: 100% 100/100 [00:11<00:00,  8.70it/s, loss=1.0985]
Epoch 546/1000: 100% 100/100 [00:11<00:00,  8.74it/s, loss=1.0985]
Epoch 547/1000: 100% 100/100 [00:11<00:00,  8.84it/s, loss=1.0985]
Epoch 548/1000: 100% 100/100 [00:11<00:00,  8.91it/s, loss=1.0985]
Epoch 549/1000: 100% 100/100 [00:11<00:00,  8.86it/s, loss=1.0985]
Epoch 550/1000: 100% 100/100 [00:11<00:00,  8.77it/s, loss=1.0985]
2025-11-14 09:36:14,526 [INFO] Epoch 550/1000 | Time: 24.08s | Loss: 1.0985 | Spikes: 8398645.00 | Eval Return: -200.00
Epoch 551/1000: 100% 100/100 [00:11<00:00,  8.71it/s, loss=1.0984]
Epoch 552/1000: 100% 100/100 [00:11<00:00,  8.75it/s, loss=1.0985]
Epoch 553/1000: 100% 100/100 [00:11<00:00,  8.71it/s, loss=1.0985]
Epoch 554/1000: 100% 100/100 [00:11<00:00,  8.74it/s, loss=1.0985]
Epoch 555/1000: 100% 100/100 [00:11<00:00,  8.77it/s, loss=1.0985]
Epoch 556/1000: 100% 100/100 [00:11<00:00,  8.75it/s, loss=1.0985]
Epoch 557/1000: 100% 100/100 [00:11<00:00,  8.74it/s, loss=1.0985]
Epoch 558/1000: 100% 100/100 [00:11<00:00,  8.74it/s, loss=1.0985]
Epoch 559/1000: 100% 100/100 [00:11<00:00,  8.73it/s, loss=1.0985]
Epoch 560/1000: 100% 100/100 [00:11<00:00,  8.75it/s, loss=1.0985]
2025-11-14 09:38:21,881 [INFO] Epoch 560/1000 | Time: 24.33s | Loss: 1.0985 | Spikes: 8582427.00 | Eval Return: -200.00
Epoch 561/1000: 100% 100/100 [00:11<00:00,  8.46it/s, loss=1.0984]
Epoch 562/1000: 100% 100/100 [00:11<00:00,  8.61it/s, loss=1.0985]
Epoch 563/1000: 100% 100/100 [00:11<00:00,  8.70it/s, loss=1.0984]
Epoch 564/1000: 100% 100/100 [00:11<00:00,  8.66it/s, loss=1.0984]
Epoch 565/1000: 100% 100/100 [00:11<00:00,  8.61it/s, loss=1.0985]
Epoch 566/1000: 100% 100/100 [00:11<00:00,  8.62it/s, loss=1.0984]
Epoch 567/1000: 100% 100/100 [00:11<00:00,  8.73it/s, loss=1.0985]
Epoch 568/1000: 100% 100/100 [00:11<00:00,  8.70it/s, loss=1.0984]
Epoch 569/1000: 100% 100/100 [00:11<00:00,  8.83it/s, loss=1.0984]
Epoch 570/1000: 100% 100/100 [00:11<00:00,  8.78it/s, loss=1.0984]
2025-11-14 09:40:30,279 [INFO] Epoch 570/1000 | Time: 24.42s | Loss: 1.0984 | Spikes: 8743113.00 | Eval Return: -200.00
Epoch 571/1000: 100% 100/100 [00:11<00:00,  8.77it/s, loss=1.0984]
Epoch 572/1000: 100% 100/100 [00:11<00:00,  8.72it/s, loss=1.0985]
Epoch 573/1000: 100% 100/100 [00:11<00:00,  8.69it/s, loss=1.0984]
Epoch 574/1000: 100% 100/100 [00:11<00:00,  8.59it/s, loss=1.0985]
Epoch 575/1000: 100% 100/100 [00:11<00:00,  8.65it/s, loss=1.0984]
Epoch 576/1000: 100% 100/100 [00:11<00:00,  8.62it/s, loss=1.0985]
Epoch 577/1000: 100% 100/100 [00:11<00:00,  8.58it/s, loss=1.0985]
Epoch 578/1000: 100% 100/100 [00:11<00:00,  8.71it/s, loss=1.0984]
Epoch 579/1000: 100% 100/100 [00:11<00:00,  8.70it/s, loss=1.0985]
Epoch 580/1000: 100% 100/100 [00:11<00:00,  8.49it/s, loss=1.0984]
2025-11-14 09:42:38,584 [INFO] Epoch 580/1000 | Time: 24.49s | Loss: 1.0984 | Spikes: 8826979.00 | Eval Return: -200.00
Epoch 581/1000: 100% 100/100 [00:11<00:00,  8.53it/s, loss=1.0984]
Epoch 582/1000: 100% 100/100 [00:11<00:00,  8.64it/s, loss=1.0985]
Epoch 583/1000: 100% 100/100 [00:11<00:00,  8.60it/s, loss=1.0985]
Epoch 584/1000: 100% 100/100 [00:11<00:00,  8.61it/s, loss=1.0984]
Epoch 585/1000: 100% 100/100 [00:11<00:00,  8.58it/s, loss=1.0984]
Epoch 586/1000: 100% 100/100 [00:11<00:00,  8.65it/s, loss=1.0984]
Epoch 587/1000: 100% 100/100 [00:11<00:00,  8.78it/s, loss=1.0984]
Epoch 588/1000: 100% 100/100 [00:11<00:00,  8.75it/s, loss=1.0984]
Epoch 589/1000: 100% 100/100 [00:11<00:00,  8.75it/s, loss=1.0984]
Epoch 590/1000: 100% 100/100 [00:11<00:00,  8.77it/s, loss=1.0985]
2025-11-14 09:44:46,750 [INFO] Epoch 590/1000 | Time: 24.15s | Loss: 1.0984 | Spikes: 9007043.00 | Eval Return: -200.00
Epoch 591/1000: 100% 100/100 [00:11<00:00,  8.77it/s, loss=1.0985]
Epoch 592/1000: 100% 100/100 [00:11<00:00,  8.76it/s, loss=1.0984]
Epoch 593/1000: 100% 100/100 [00:11<00:00,  8.71it/s, loss=1.0985]
Epoch 594/1000: 100% 100/100 [00:11<00:00,  8.80it/s, loss=1.0984]
Epoch 595/1000: 100% 100/100 [00:11<00:00,  8.80it/s, loss=1.0984]
Epoch 596/1000: 100% 100/100 [00:11<00:00,  8.89it/s, loss=1.0984]
Epoch 597/1000: 100% 100/100 [00:11<00:00,  8.75it/s, loss=1.0985]
Epoch 598/1000: 100% 100/100 [00:11<00:00,  8.70it/s, loss=1.0985]
Epoch 599/1000: 100% 100/100 [00:11<00:00,  8.74it/s, loss=1.0984]
Epoch 600/1000: 100% 100/100 [00:11<00:00,  8.57it/s, loss=1.0984]
2025-11-14 09:46:53,743 [INFO] Epoch 600/1000 | Time: 24.32s | Loss: 1.0984 | Spikes: 9108965.00 | Eval Return: -200.00
Epoch 601/1000: 100% 100/100 [00:11<00:00,  8.71it/s, loss=1.0984]
Epoch 602/1000: 100% 100/100 [00:11<00:00,  8.67it/s, loss=1.0984]
Epoch 603/1000: 100% 100/100 [00:11<00:00,  8.71it/s, loss=1.0985]
Epoch 604/1000: 100% 100/100 [00:11<00:00,  8.76it/s, loss=1.0984]
Epoch 605/1000: 100% 100/100 [00:11<00:00,  8.64it/s, loss=1.0985]
Epoch 606/1000: 100% 100/100 [00:11<00:00,  8.77it/s, loss=1.0985]
Epoch 607/1000: 100% 100/100 [00:11<00:00,  8.72it/s, loss=1.0984]
Epoch 608/1000: 100% 100/100 [00:11<00:00,  8.64it/s, loss=1.0984]
Epoch 609/1000: 100% 100/100 [00:11<00:00,  8.71it/s, loss=1.0984]
Epoch 610/1000: 100% 100/100 [00:11<00:00,  8.62it/s, loss=1.0984]
2025-11-14 09:49:01,577 [INFO] Epoch 610/1000 | Time: 24.40s | Loss: 1.0984 | Spikes: 9312222.00 | Eval Return: -200.00
Epoch 611/1000: 100% 100/100 [00:11<00:00,  8.73it/s, loss=1.0984]
Epoch 612/1000: 100% 100/100 [00:11<00:00,  8.72it/s, loss=1.0984]
Epoch 613/1000: 100% 100/100 [00:11<00:00,  8.66it/s, loss=1.0985]
Epoch 614/1000: 100% 100/100 [00:11<00:00,  8.62it/s, loss=1.0985]
Epoch 615/1000: 100% 100/100 [00:11<00:00,  8.75it/s, loss=1.0984]
Epoch 616/1000: 100% 100/100 [00:11<00:00,  8.73it/s, loss=1.0985]
Epoch 617/1000: 100% 100/100 [00:11<00:00,  8.83it/s, loss=1.0984]
Epoch 618/1000: 100% 100/100 [00:11<00:00,  8.92it/s, loss=1.0984]
Epoch 619/1000: 100% 100/100 [00:11<00:00,  8.76it/s, loss=1.0985]
Epoch 620/1000: 100% 100/100 [00:11<00:00,  8.50it/s, loss=1.0985]
2025-11-14 09:51:09,148 [INFO] Epoch 620/1000 | Time: 24.64s | Loss: 1.0985 | Spikes: 9399075.00 | Eval Return: -200.00
Epoch 621/1000: 100% 100/100 [00:11<00:00,  8.70it/s, loss=1.0985]
Epoch 622/1000: 100% 100/100 [00:11<00:00,  8.58it/s, loss=1.0984]
Epoch 623/1000: 100% 100/100 [00:11<00:00,  8.73it/s, loss=1.0985]
Epoch 624/1000: 100% 100/100 [00:11<00:00,  8.64it/s, loss=1.0984]
Epoch 625/1000: 100% 100/100 [00:11<00:00,  8.70it/s, loss=1.0984]
Epoch 626/1000: 100% 100/100 [00:11<00:00,  8.66it/s, loss=1.0985]
Epoch 627/1000: 100% 100/100 [00:11<00:00,  8.73it/s, loss=1.0984]
Epoch 628/1000: 100% 100/100 [00:11<00:00,  8.74it/s, loss=1.0985]
Epoch 629/1000: 100% 100/100 [00:11<00:00,  8.66it/s, loss=1.0984]
Epoch 630/1000: 100% 100/100 [00:11<00:00,  8.70it/s, loss=1.0985]
2025-11-14 09:53:17,275 [INFO] Epoch 630/1000 | Time: 24.44s | Loss: 1.0985 | Spikes: 9670030.00 | Eval Return: -200.00
Epoch 631/1000: 100% 100/100 [00:11<00:00,  8.69it/s, loss=1.0985]
Epoch 632/1000: 100% 100/100 [00:11<00:00,  8.71it/s, loss=1.0985]
Epoch 633/1000: 100% 100/100 [00:11<00:00,  8.61it/s, loss=1.0984]
Epoch 634/1000: 100% 100/100 [00:11<00:00,  8.67it/s, loss=1.0984]
Epoch 635/1000: 100% 100/100 [00:11<00:00,  8.71it/s, loss=1.0985]
Epoch 636/1000: 100% 100/100 [00:11<00:00,  8.67it/s, loss=1.0984]
Epoch 637/1000: 100% 100/100 [00:11<00:00,  8.76it/s, loss=1.0984]
Epoch 638/1000: 100% 100/100 [00:11<00:00,  8.73it/s, loss=1.0984]
Epoch 639/1000: 100% 100/100 [00:11<00:00,  8.51it/s, loss=1.0984]
Epoch 640/1000: 100% 100/100 [00:11<00:00,  8.81it/s, loss=1.0984]
2025-11-14 09:55:25,107 [INFO] Epoch 640/1000 | Time: 24.06s | Loss: 1.0984 | Spikes: 9760209.00 | Eval Return: -200.00
Epoch 641/1000: 100% 100/100 [00:11<00:00,  8.66it/s, loss=1.0984]
Epoch 642/1000: 100% 100/100 [00:11<00:00,  8.92it/s, loss=1.0984]
Epoch 643/1000: 100% 100/100 [00:11<00:00,  8.81it/s, loss=1.0985]
Epoch 644/1000: 100% 100/100 [00:11<00:00,  8.83it/s, loss=1.0984]
Epoch 645/1000: 100% 100/100 [00:11<00:00,  8.69it/s, loss=1.0984]
Epoch 646/1000: 100% 100/100 [00:11<00:00,  8.75it/s, loss=1.0984]
Epoch 647/1000: 100% 100/100 [00:11<00:00,  8.71it/s, loss=1.0984]
Epoch 648/1000: 100% 100/100 [00:11<00:00,  8.69it/s, loss=1.0984]
Epoch 649/1000: 100% 100/100 [00:11<00:00,  8.70it/s, loss=1.0984]
Epoch 650/1000: 100% 100/100 [00:11<00:00,  8.70it/s, loss=1.0984]
2025-11-14 09:57:32,399 [INFO] Epoch 650/1000 | Time: 24.42s | Loss: 1.0984 | Spikes: 9944743.00 | Eval Return: -200.00
Epoch 651/1000: 100% 100/100 [00:11<00:00,  8.66it/s, loss=1.0984]
Epoch 652/1000: 100% 100/100 [00:11<00:00,  8.68it/s, loss=1.0984]
Epoch 653/1000: 100% 100/100 [00:11<00:00,  8.69it/s, loss=1.0984]
Epoch 654/1000: 100% 100/100 [00:11<00:00,  8.64it/s, loss=1.0984]
Epoch 655/1000: 100% 100/100 [00:11<00:00,  8.72it/s, loss=1.0984]
Epoch 656/1000: 100% 100/100 [00:11<00:00,  8.68it/s, loss=1.0984]
Epoch 657/1000: 100% 100/100 [00:11<00:00,  8.68it/s, loss=1.0985]
Epoch 658/1000: 100% 100/100 [00:11<00:00,  8.65it/s, loss=1.0984]
Epoch 659/1000: 100% 100/100 [00:11<00:00,  8.44it/s, loss=1.0984]
Epoch 660/1000: 100% 100/100 [00:11<00:00,  8.70it/s, loss=1.0984]
2025-11-14 09:59:40,855 [INFO] Epoch 660/1000 | Time: 24.39s | Loss: 1.0984 | Spikes: 10119234.00 | Eval Return: -200.00
Epoch 661/1000: 100% 100/100 [00:11<00:00,  8.61it/s, loss=1.0984]
Epoch 662/1000: 100% 100/100 [00:11<00:00,  8.69it/s, loss=1.0984]
Epoch 663/1000: 100% 100/100 [00:11<00:00,  8.68it/s, loss=1.0984]
Epoch 664/1000: 100% 100/100 [00:11<00:00,  8.66it/s, loss=1.0984]
Epoch 665/1000: 100% 100/100 [00:11<00:00,  8.78it/s, loss=1.0984]
Epoch 666/1000: 100% 100/100 [00:11<00:00,  8.83it/s, loss=1.0984]
Epoch 667/1000: 100% 100/100 [00:11<00:00,  8.85it/s, loss=1.0985]
Epoch 668/1000: 100% 100/100 [00:11<00:00,  8.73it/s, loss=1.0985]
Epoch 669/1000: 100% 100/100 [00:11<00:00,  8.71it/s, loss=1.0984]
Epoch 670/1000: 100% 100/100 [00:11<00:00,  8.72it/s, loss=1.0984]
2025-11-14 10:01:48,491 [INFO] Epoch 670/1000 | Time: 24.47s | Loss: 1.0984 | Spikes: 10278091.00 | Eval Return: -200.00
Epoch 671/1000: 100% 100/100 [00:11<00:00,  8.73it/s, loss=1.0984]
Epoch 672/1000: 100% 100/100 [00:11<00:00,  8.69it/s, loss=1.0984]
Epoch 673/1000: 100% 100/100 [00:11<00:00,  8.69it/s, loss=1.0984]
Epoch 674/1000: 100% 100/100 [00:11<00:00,  8.70it/s, loss=1.0984]
Epoch 675/1000: 100% 100/100 [00:11<00:00,  8.75it/s, loss=1.0984]
Epoch 676/1000: 100% 100/100 [00:11<00:00,  8.70it/s, loss=1.0985]
Epoch 677/1000: 100% 100/100 [00:11<00:00,  8.65it/s, loss=1.0984]
Epoch 678/1000: 100% 100/100 [00:11<00:00,  8.70it/s, loss=1.0984]
Epoch 679/1000: 100% 100/100 [00:11<00:00,  8.55it/s, loss=1.0984]
Epoch 680/1000: 100% 100/100 [00:11<00:00,  8.71it/s, loss=1.0984]
2025-11-14 10:03:56,349 [INFO] Epoch 680/1000 | Time: 24.20s | Loss: 1.0984 | Spikes: 10467940.00 | Eval Return: -200.00
Epoch 681/1000: 100% 100/100 [00:11<00:00,  8.64it/s, loss=1.0984]
Epoch 682/1000: 100% 100/100 [00:11<00:00,  8.61it/s, loss=1.0984]
Epoch 683/1000: 100% 100/100 [00:11<00:00,  8.69it/s, loss=1.0984]
Epoch 684/1000: 100% 100/100 [00:11<00:00,  8.72it/s, loss=1.0984]
Epoch 685/1000: 100% 100/100 [00:11<00:00,  8.67it/s, loss=1.0984]
Epoch 686/1000: 100% 100/100 [00:11<00:00,  8.74it/s, loss=1.0984]
Epoch 687/1000: 100% 100/100 [00:11<00:00,  8.72it/s, loss=1.0984]
Epoch 688/1000: 100% 100/100 [00:11<00:00,  8.77it/s, loss=1.0984]
Epoch 689/1000: 100% 100/100 [00:11<00:00,  8.79it/s, loss=1.0984]
Epoch 690/1000: 100% 100/100 [00:11<00:00,  8.82it/s, loss=1.0984]
2025-11-14 10:06:04,346 [INFO] Epoch 690/1000 | Time: 24.62s | Loss: 1.0984 | Spikes: 10665732.00 | Eval Return: -200.00
Epoch 691/1000: 100% 100/100 [00:11<00:00,  8.82it/s, loss=1.0984]
Epoch 692/1000: 100% 100/100 [00:11<00:00,  8.62it/s, loss=1.0984]
Epoch 693/1000: 100% 100/100 [00:11<00:00,  8.54it/s, loss=1.0984]
Epoch 694/1000: 100% 100/100 [00:11<00:00,  8.67it/s, loss=1.0984]
Epoch 695/1000: 100% 100/100 [00:11<00:00,  8.70it/s, loss=1.0984]
Epoch 696/1000: 100% 100/100 [00:11<00:00,  8.61it/s, loss=1.0984]
Epoch 697/1000: 100% 100/100 [00:11<00:00,  8.60it/s, loss=1.0984]
Epoch 698/1000: 100% 100/100 [00:11<00:00,  8.52it/s, loss=1.0984]
Epoch 699/1000: 100% 100/100 [00:11<00:00,  8.72it/s, loss=1.0984]
Epoch 700/1000: 100% 100/100 [00:11<00:00,  8.68it/s, loss=1.0984]
2025-11-14 10:08:13,126 [INFO] Epoch 700/1000 | Time: 24.64s | Loss: 1.0984 | Spikes: 10835359.00 | Eval Return: -200.00
Epoch 701/1000: 100% 100/100 [00:11<00:00,  8.45it/s, loss=1.0984]
Epoch 702/1000: 100% 100/100 [00:11<00:00,  8.48it/s, loss=1.0984]
Epoch 703/1000: 100% 100/100 [00:11<00:00,  8.53it/s, loss=1.0984]
Epoch 704/1000: 100% 100/100 [00:11<00:00,  8.49it/s, loss=1.0984]
Epoch 705/1000: 100% 100/100 [00:11<00:00,  8.40it/s, loss=1.0984]
Epoch 706/1000: 100% 100/100 [00:11<00:00,  8.39it/s, loss=1.0984]
Epoch 707/1000: 100% 100/100 [00:11<00:00,  8.45it/s, loss=1.0984]
Epoch 708/1000: 100% 100/100 [00:11<00:00,  8.45it/s, loss=1.0984]
Epoch 709/1000: 100% 100/100 [00:11<00:00,  8.46it/s, loss=1.0984]
Epoch 710/1000: 100% 100/100 [00:11<00:00,  8.52it/s, loss=1.0984]
2025-11-14 10:10:24,556 [INFO] Epoch 710/1000 | Time: 24.98s | Loss: 1.0984 | Spikes: 11074666.00 | Eval Return: -200.00
Epoch 711/1000: 100% 100/100 [00:11<00:00,  8.44it/s, loss=1.0984]
Epoch 712/1000: 100% 100/100 [00:11<00:00,  8.49it/s, loss=1.0984]
Epoch 713/1000: 100% 100/100 [00:11<00:00,  8.55it/s, loss=1.0984]
Epoch 714/1000: 100% 100/100 [00:11<00:00,  8.69it/s, loss=1.0984]
Epoch 715/1000: 100% 100/100 [00:11<00:00,  8.69it/s, loss=1.0984]
Epoch 716/1000: 100% 100/100 [00:11<00:00,  8.67it/s, loss=1.0984]
Epoch 717/1000: 100% 100/100 [00:11<00:00,  8.63it/s, loss=1.0984]
Epoch 718/1000: 100% 100/100 [00:11<00:00,  8.48it/s, loss=1.0984]
Epoch 719/1000: 100% 100/100 [00:11<00:00,  8.66it/s, loss=1.0984]
Epoch 720/1000: 100% 100/100 [00:11<00:00,  8.76it/s, loss=1.0984]
2025-11-14 10:12:33,654 [INFO] Epoch 720/1000 | Time: 24.27s | Loss: 1.0984 | Spikes: 11361810.00 | Eval Return: -200.00
Epoch 721/1000: 100% 100/100 [00:11<00:00,  8.52it/s, loss=1.0984]
Epoch 722/1000: 100% 100/100 [00:11<00:00,  8.50it/s, loss=1.0984]
Epoch 723/1000: 100% 100/100 [00:11<00:00,  8.50it/s, loss=1.0984]
Epoch 724/1000: 100% 100/100 [00:11<00:00,  8.57it/s, loss=1.0984]
Epoch 725/1000: 100% 100/100 [00:11<00:00,  8.54it/s, loss=1.0984]
Epoch 726/1000: 100% 100/100 [00:11<00:00,  8.60it/s, loss=1.0984]
Epoch 727/1000: 100% 100/100 [00:11<00:00,  8.59it/s, loss=1.0984]
Epoch 728/1000: 100% 100/100 [00:11<00:00,  8.64it/s, loss=1.0985]
Epoch 729/1000: 100% 100/100 [00:11<00:00,  8.50it/s, loss=1.0984]
Epoch 730/1000: 100% 100/100 [00:11<00:00,  8.47it/s, loss=1.0984]
2025-11-14 10:14:43,916 [INFO] Epoch 730/1000 | Time: 24.99s | Loss: 1.0984 | Spikes: 11517022.00 | Eval Return: -200.00
Epoch 731/1000: 100% 100/100 [00:11<00:00,  8.58it/s, loss=1.0984]
Epoch 732/1000: 100% 100/100 [00:11<00:00,  8.55it/s, loss=1.0984]
Epoch 733/1000: 100% 100/100 [00:11<00:00,  8.56it/s, loss=1.0984]
Epoch 734/1000: 100% 100/100 [00:11<00:00,  8.43it/s, loss=1.0984]
Epoch 735/1000: 100% 100/100 [00:11<00:00,  8.48it/s, loss=1.0984]
Epoch 736/1000: 100% 100/100 [00:11<00:00,  8.50it/s, loss=1.0984]
Epoch 737/1000: 100% 100/100 [00:11<00:00,  8.42it/s, loss=1.0984]
Epoch 738/1000: 100% 100/100 [00:12<00:00,  8.30it/s, loss=1.0984]
Epoch 739/1000: 100% 100/100 [00:11<00:00,  8.39it/s, loss=1.0984]
Epoch 740/1000: 100% 100/100 [00:12<00:00,  8.22it/s, loss=1.0984]
2025-11-14 10:16:56,063 [INFO] Epoch 740/1000 | Time: 25.83s | Loss: 1.0984 | Spikes: 11675348.00 | Eval Return: -200.00
Epoch 741/1000: 100% 100/100 [00:11<00:00,  8.41it/s, loss=1.0984]
Epoch 742/1000: 100% 100/100 [00:11<00:00,  8.36it/s, loss=1.0984]
Epoch 743/1000: 100% 100/100 [00:11<00:00,  8.41it/s, loss=1.0984]
Epoch 744/1000: 100% 100/100 [00:11<00:00,  8.39it/s, loss=1.0984]
Epoch 745/1000: 100% 100/100 [00:11<00:00,  8.43it/s, loss=1.0984]
Epoch 746/1000: 100% 100/100 [00:11<00:00,  8.45it/s, loss=1.0984]
Epoch 747/1000: 100% 100/100 [00:11<00:00,  8.47it/s, loss=1.0984]
Epoch 748/1000: 100% 100/100 [00:11<00:00,  8.41it/s, loss=1.0984]
Epoch 749/1000: 100% 100/100 [00:11<00:00,  8.50it/s, loss=1.0984]
Epoch 750/1000: 100% 100/100 [00:11<00:00,  8.45it/s, loss=1.0984]
2025-11-14 10:19:07,914 [INFO] Epoch 750/1000 | Time: 25.01s | Loss: 1.0984 | Spikes: 11892112.00 | Eval Return: -200.00
Epoch 751/1000: 100% 100/100 [00:11<00:00,  8.49it/s, loss=1.0984]
Epoch 752/1000: 100% 100/100 [00:11<00:00,  8.42it/s, loss=1.0984]
Epoch 753/1000: 100% 100/100 [00:11<00:00,  8.35it/s, loss=1.0984]
Epoch 754/1000: 100% 100/100 [00:11<00:00,  8.45it/s, loss=1.0984]
Epoch 755/1000: 100% 100/100 [00:11<00:00,  8.49it/s, loss=1.0984]
Epoch 756/1000: 100% 100/100 [00:11<00:00,  8.49it/s, loss=1.0984]
Epoch 757/1000: 100% 100/100 [00:12<00:00,  8.31it/s, loss=1.0984]
Epoch 758/1000: 100% 100/100 [00:11<00:00,  8.40it/s, loss=1.0984]
Epoch 759/1000: 100% 100/100 [00:11<00:00,  8.41it/s, loss=1.0984]
Epoch 760/1000: 100% 100/100 [00:11<00:00,  8.50it/s, loss=1.0984]
2025-11-14 10:21:19,840 [INFO] Epoch 760/1000 | Time: 25.06s | Loss: 1.0984 | Spikes: 12124802.00 | Eval Return: -200.00
Epoch 761/1000: 100% 100/100 [00:12<00:00,  8.29it/s, loss=1.0984]
Epoch 762/1000: 100% 100/100 [00:11<00:00,  8.41it/s, loss=1.0984]
Epoch 763/1000: 100% 100/100 [00:11<00:00,  8.39it/s, loss=1.0984]
Epoch 764/1000: 100% 100/100 [00:11<00:00,  8.47it/s, loss=1.0984]
Epoch 765/1000: 100% 100/100 [00:11<00:00,  8.49it/s, loss=1.0984]
Epoch 766/1000: 100% 100/100 [00:11<00:00,  8.43it/s, loss=1.0984]
Epoch 767/1000: 100% 100/100 [00:11<00:00,  8.42it/s, loss=1.0984]
Epoch 768/1000: 100% 100/100 [00:11<00:00,  8.44it/s, loss=1.0984]
Epoch 769/1000: 100% 100/100 [00:11<00:00,  8.47it/s, loss=1.0984]
Epoch 770/1000: 100% 100/100 [00:11<00:00,  8.51it/s, loss=1.0984]
2025-11-14 10:23:31,649 [INFO] Epoch 770/1000 | Time: 24.94s | Loss: 1.0984 | Spikes: 12453550.00 | Eval Return: -200.00
Epoch 771/1000: 100% 100/100 [00:11<00:00,  8.44it/s, loss=1.0984]
Epoch 772/1000: 100% 100/100 [00:11<00:00,  8.45it/s, loss=1.0983]
Epoch 773/1000: 100% 100/100 [00:11<00:00,  8.45it/s, loss=1.0984]
Epoch 774/1000: 100% 100/100 [00:11<00:00,  8.46it/s, loss=1.0984]
Epoch 775/1000: 100% 100/100 [00:11<00:00,  8.44it/s, loss=1.0984]
Epoch 776/1000: 100% 100/100 [00:11<00:00,  8.44it/s, loss=1.0984]
Epoch 777/1000: 100% 100/100 [00:12<00:00,  8.25it/s, loss=1.0984]
Epoch 778/1000: 100% 100/100 [00:11<00:00,  8.41it/s, loss=1.0984]
Epoch 779/1000: 100% 100/100 [00:11<00:00,  8.47it/s, loss=1.0984]
Epoch 780/1000: 100% 100/100 [00:11<00:00,  8.47it/s, loss=1.0984]
2025-11-14 10:25:43,351 [INFO] Epoch 780/1000 | Time: 24.83s | Loss: 1.0984 | Spikes: 12682972.00 | Eval Return: -200.00
Epoch 781/1000: 100% 100/100 [00:11<00:00,  8.46it/s, loss=1.0984]
Epoch 782/1000: 100% 100/100 [00:11<00:00,  8.39it/s, loss=1.0984]
Epoch 783/1000: 100% 100/100 [00:11<00:00,  8.46it/s, loss=1.0984]
Epoch 784/1000: 100% 100/100 [00:11<00:00,  8.45it/s, loss=1.0984]
Epoch 785/1000: 100% 100/100 [00:11<00:00,  8.45it/s, loss=1.0984]
Epoch 786/1000: 100% 100/100 [00:11<00:00,  8.53it/s, loss=1.0983]
Epoch 787/1000: 100% 100/100 [00:11<00:00,  8.45it/s, loss=1.0984]
Epoch 788/1000: 100% 100/100 [00:11<00:00,  8.51it/s, loss=1.0984]
Epoch 789/1000: 100% 100/100 [00:11<00:00,  8.46it/s, loss=1.0984]
Epoch 790/1000: 100% 100/100 [00:11<00:00,  8.52it/s, loss=1.0984]
2025-11-14 10:27:54,363 [INFO] Epoch 790/1000 | Time: 24.66s | Loss: 1.0984 | Spikes: 13005957.00 | Eval Return: -200.00
Epoch 791/1000: 100% 100/100 [00:11<00:00,  8.42it/s, loss=1.0984]
Epoch 792/1000: 100% 100/100 [00:11<00:00,  8.47it/s, loss=1.0984]
Epoch 793/1000: 100% 100/100 [00:11<00:00,  8.47it/s, loss=1.0984]
Epoch 794/1000: 100% 100/100 [00:11<00:00,  8.60it/s, loss=1.0983]
Epoch 795/1000: 100% 100/100 [00:11<00:00,  8.58it/s, loss=1.0984]
Epoch 796/1000: 100% 100/100 [00:11<00:00,  8.58it/s, loss=1.0984]
Epoch 797/1000: 100% 100/100 [00:12<00:00,  8.33it/s, loss=1.0983]
Epoch 798/1000: 100% 100/100 [00:11<00:00,  8.56it/s, loss=1.0984]
Epoch 799/1000: 100% 100/100 [00:11<00:00,  8.56it/s, loss=1.0983]
Epoch 800/1000: 100% 100/100 [00:11<00:00,  8.46it/s, loss=1.0984]
2025-11-14 10:30:05,086 [INFO] Epoch 800/1000 | Time: 24.91s | Loss: 1.0984 | Spikes: 13552735.00 | Eval Return: -200.00
Epoch 801/1000: 100% 100/100 [00:11<00:00,  8.57it/s, loss=1.0983]
Epoch 802/1000: 100% 100/100 [00:11<00:00,  8.51it/s, loss=1.0984]
Epoch 803/1000: 100% 100/100 [00:11<00:00,  8.51it/s, loss=1.0984]
Epoch 804/1000: 100% 100/100 [00:11<00:00,  8.56it/s, loss=1.0984]
Epoch 805/1000: 100% 100/100 [00:11<00:00,  8.47it/s, loss=1.0984]
Epoch 806/1000: 100% 100/100 [00:11<00:00,  8.54it/s, loss=1.0984]
Epoch 807/1000: 100% 100/100 [00:11<00:00,  8.58it/s, loss=1.0984]
Epoch 808/1000: 100% 100/100 [00:11<00:00,  8.49it/s, loss=1.0984]
Epoch 809/1000: 100% 100/100 [00:11<00:00,  8.51it/s, loss=1.0984]
Epoch 810/1000: 100% 100/100 [00:11<00:00,  8.53it/s, loss=1.0984]
2025-11-14 10:32:15,258 [INFO] Epoch 810/1000 | Time: 24.60s | Loss: 1.0984 | Spikes: 14056211.00 | Eval Return: -200.00
Epoch 811/1000: 100% 100/100 [00:11<00:00,  8.53it/s, loss=1.0983]
Epoch 812/1000: 100% 100/100 [00:11<00:00,  8.53it/s, loss=1.0983]
Epoch 813/1000: 100% 100/100 [00:11<00:00,  8.49it/s, loss=1.0983]
Epoch 814/1000: 100% 100/100 [00:11<00:00,  8.42it/s, loss=1.0983]
Epoch 815/1000: 100% 100/100 [00:11<00:00,  8.53it/s, loss=1.0984]
Epoch 816/1000: 100% 100/100 [00:11<00:00,  8.41it/s, loss=1.0984]
Epoch 817/1000: 100% 100/100 [00:12<00:00,  8.28it/s, loss=1.0983]
Epoch 818/1000: 100% 100/100 [00:11<00:00,  8.43it/s, loss=1.0984]
Epoch 819/1000: 100% 100/100 [00:11<00:00,  8.47it/s, loss=1.0983]
Epoch 820/1000: 100% 100/100 [00:11<00:00,  8.47it/s, loss=1.0984]
2025-11-14 10:34:26,588 [INFO] Epoch 820/1000 | Time: 24.87s | Loss: 1.0984 | Spikes: 14467883.00 | Eval Return: -200.00
Epoch 821/1000: 100% 100/100 [00:11<00:00,  8.45it/s, loss=1.0984]
Epoch 822/1000: 100% 100/100 [00:11<00:00,  8.56it/s, loss=1.0983]
Epoch 823/1000: 100% 100/100 [00:11<00:00,  8.51it/s, loss=1.0984]
Epoch 824/1000: 100% 100/100 [00:11<00:00,  8.49it/s, loss=1.0983]
Epoch 825/1000: 100% 100/100 [00:11<00:00,  8.47it/s, loss=1.0984]
Epoch 826/1000: 100% 100/100 [00:11<00:00,  8.49it/s, loss=1.0984]
Epoch 827/1000: 100% 100/100 [00:11<00:00,  8.45it/s, loss=1.0984]
Epoch 828/1000: 100% 100/100 [00:11<00:00,  8.49it/s, loss=1.0983]
Epoch 829/1000: 100% 100/100 [00:11<00:00,  8.49it/s, loss=1.0983]
Epoch 830/1000: 100% 100/100 [00:11<00:00,  8.53it/s, loss=1.0983]
2025-11-14 10:36:37,299 [INFO] Epoch 830/1000 | Time: 24.67s | Loss: 1.0983 | Spikes: 15084494.00 | Eval Return: -200.00
Epoch 831/1000: 100% 100/100 [00:11<00:00,  8.48it/s, loss=1.0983]
Epoch 832/1000: 100% 100/100 [00:11<00:00,  8.55it/s, loss=1.0983]
Epoch 833/1000: 100% 100/100 [00:11<00:00,  8.50it/s, loss=1.0983]
Epoch 834/1000: 100% 100/100 [00:11<00:00,  8.53it/s, loss=1.0983]
Epoch 835/1000: 100% 100/100 [00:11<00:00,  8.50it/s, loss=1.0983]
Epoch 836/1000: 100% 100/100 [00:12<00:00,  8.33it/s, loss=1.0984]
Epoch 837/1000: 100% 100/100 [00:11<00:00,  8.55it/s, loss=1.0983]
Epoch 838/1000: 100% 100/100 [00:11<00:00,  8.52it/s, loss=1.0983]
Epoch 839/1000: 100% 100/100 [00:11<00:00,  8.51it/s, loss=1.0983]
Epoch 840/1000: 100% 100/100 [00:11<00:00,  8.57it/s, loss=1.0983]
2025-11-14 10:38:47,992 [INFO] Epoch 840/1000 | Time: 24.76s | Loss: 1.0983 | Spikes: 16164442.00 | Eval Return: -200.00
Epoch 841/1000: 100% 100/100 [00:11<00:00,  8.49it/s, loss=1.0983]
Epoch 842/1000: 100% 100/100 [00:11<00:00,  8.52it/s, loss=1.0983]
Epoch 843/1000: 100% 100/100 [00:11<00:00,  8.63it/s, loss=1.0982]
Epoch 844/1000: 100% 100/100 [00:11<00:00,  8.61it/s, loss=1.0981]
Epoch 845/1000: 100% 100/100 [00:11<00:00,  8.59it/s, loss=1.0981]
Epoch 846/1000: 100% 100/100 [00:11<00:00,  8.61it/s, loss=1.0980]
Epoch 847/1000: 100% 100/100 [00:11<00:00,  8.60it/s, loss=1.0978]
Epoch 848/1000: 100% 100/100 [00:11<00:00,  8.46it/s, loss=1.0976]
Epoch 849/1000: 100% 100/100 [00:11<00:00,  8.47it/s, loss=1.0974]
Epoch 850/1000: 100% 100/100 [00:11<00:00,  8.49it/s, loss=1.0971]
2025-11-14 10:40:58,058 [INFO] Epoch 850/1000 | Time: 24.81s | Loss: 1.0971 | Spikes: 19162132.00 | Eval Return: -200.00
Epoch 851/1000: 100% 100/100 [00:11<00:00,  8.52it/s, loss=1.0968]
Epoch 852/1000: 100% 100/100 [00:11<00:00,  8.54it/s, loss=1.0965]
Epoch 853/1000: 100% 100/100 [00:11<00:00,  8.66it/s, loss=1.0964]
Epoch 854/1000: 100% 100/100 [00:11<00:00,  8.72it/s, loss=1.0964]
Epoch 855/1000: 100% 100/100 [00:11<00:00,  8.75it/s, loss=1.0961]
Epoch 856/1000: 100% 100/100 [00:11<00:00,  8.50it/s, loss=1.0960]
Epoch 857/1000: 100% 100/100 [00:11<00:00,  8.67it/s, loss=1.0960]
Epoch 858/1000: 100% 100/100 [00:11<00:00,  8.66it/s, loss=1.0960]
Epoch 859/1000: 100% 100/100 [00:11<00:00,  8.60it/s, loss=1.0960]
Epoch 860/1000: 100% 100/100 [00:11<00:00,  8.69it/s, loss=1.0956]
2025-11-14 10:43:06,904 [INFO] Epoch 860/1000 | Time: 24.44s | Loss: 1.0956 | Spikes: 20711826.00 | Eval Return: -200.00
Epoch 861/1000: 100% 100/100 [00:11<00:00,  8.48it/s, loss=1.0956]
Epoch 862/1000: 100% 100/100 [00:11<00:00,  8.43it/s, loss=1.0956]
Epoch 863/1000: 100% 100/100 [00:12<00:00,  8.18it/s, loss=1.0956]
Epoch 864/1000: 100% 100/100 [00:11<00:00,  8.41it/s, loss=1.0956]
Epoch 865/1000: 100% 100/100 [00:11<00:00,  8.36it/s, loss=1.0955]
Epoch 866/1000: 100% 100/100 [00:11<00:00,  8.47it/s, loss=1.0953]
Epoch 867/1000: 100% 100/100 [00:11<00:00,  8.42it/s, loss=1.0953]
Epoch 868/1000: 100% 100/100 [00:11<00:00,  8.42it/s, loss=1.0952]
Epoch 869/1000: 100% 100/100 [00:11<00:00,  8.49it/s, loss=1.0952]
Epoch 870/1000: 100% 100/100 [00:11<00:00,  8.45it/s, loss=1.0951]
2025-11-14 10:45:19,070 [INFO] Epoch 870/1000 | Time: 25.07s | Loss: 1.0951 | Spikes: 22353612.00 | Eval Return: -200.00
Epoch 871/1000: 100% 100/100 [00:11<00:00,  8.37it/s, loss=1.0950]
Epoch 872/1000: 100% 100/100 [00:12<00:00,  8.32it/s, loss=1.0951]
Epoch 873/1000: 100% 100/100 [00:11<00:00,  8.38it/s, loss=1.0949]
Epoch 874/1000: 100% 100/100 [00:11<00:00,  8.37it/s, loss=1.0949]
Epoch 875/1000: 100% 100/100 [00:11<00:00,  8.45it/s, loss=1.0950]
Epoch 876/1000: 100% 100/100 [00:12<00:00,  8.28it/s, loss=1.0948]
Epoch 877/1000: 100% 100/100 [00:11<00:00,  8.44it/s, loss=1.0948]
Epoch 878/1000: 100% 100/100 [00:11<00:00,  8.48it/s, loss=1.0948]
Epoch 879/1000: 100% 100/100 [00:11<00:00,  8.47it/s, loss=1.0949]
Epoch 880/1000: 100% 100/100 [00:11<00:00,  8.50it/s, loss=1.0948]
2025-11-14 10:47:31,033 [INFO] Epoch 880/1000 | Time: 24.75s | Loss: 1.0947 | Spikes: 23735586.00 | Eval Return: -200.00
Epoch 881/1000: 100% 100/100 [00:11<00:00,  8.44it/s, loss=1.0947]
Epoch 882/1000: 100% 100/100 [00:11<00:00,  8.50it/s, loss=1.0946]
Epoch 883/1000: 100% 100/100 [00:11<00:00,  8.43it/s, loss=1.0944]
Epoch 884/1000: 100% 100/100 [00:11<00:00,  8.45it/s, loss=1.0944]
Epoch 885/1000: 100% 100/100 [00:11<00:00,  8.47it/s, loss=1.0947]
Epoch 886/1000: 100% 100/100 [00:11<00:00,  8.41it/s, loss=1.0946]
Epoch 887/1000: 100% 100/100 [00:11<00:00,  8.62it/s, loss=1.0944]
Epoch 888/1000: 100% 100/100 [00:11<00:00,  8.60it/s, loss=1.0943]
Epoch 889/1000: 100% 100/100 [00:11<00:00,  8.49it/s, loss=1.0944]
Epoch 890/1000: 100% 100/100 [00:11<00:00,  8.53it/s, loss=1.0942]
2025-11-14 10:49:42,178 [INFO] Epoch 890/1000 | Time: 25.12s | Loss: 1.0943 | Spikes: 24820194.00 | Eval Return: -200.00
Epoch 891/1000: 100% 100/100 [00:11<00:00,  8.60it/s, loss=1.0943]
Epoch 892/1000: 100% 100/100 [00:11<00:00,  8.55it/s, loss=1.0944]
Epoch 893/1000: 100% 100/100 [00:11<00:00,  8.53it/s, loss=1.0943]
Epoch 894/1000: 100% 100/100 [00:11<00:00,  8.54it/s, loss=1.0943]
Epoch 895/1000: 100% 100/100 [00:12<00:00,  8.26it/s, loss=1.0942]
Epoch 896/1000: 100% 100/100 [00:11<00:00,  8.48it/s, loss=1.0941]
Epoch 897/1000: 100% 100/100 [00:11<00:00,  8.42it/s, loss=1.0941]
Epoch 898/1000: 100% 100/100 [00:11<00:00,  8.54it/s, loss=1.0940]
Epoch 899/1000: 100% 100/100 [00:11<00:00,  8.50it/s, loss=1.0940]
Epoch 900/1000: 100% 100/100 [00:11<00:00,  8.43it/s, loss=1.0940]
2025-11-14 10:51:52,904 [INFO] Epoch 900/1000 | Time: 24.68s | Loss: 1.0940 | Spikes: 25878380.00 | Eval Return: -200.00
Epoch 901/1000: 100% 100/100 [00:11<00:00,  8.47it/s, loss=1.0942]
Epoch 902/1000: 100% 100/100 [00:11<00:00,  8.51it/s, loss=1.0939]
Epoch 903/1000: 100% 100/100 [00:11<00:00,  8.56it/s, loss=1.0938]
Epoch 904/1000: 100% 100/100 [00:11<00:00,  8.43it/s, loss=1.0940]
Epoch 905/1000: 100% 100/100 [00:11<00:00,  8.45it/s, loss=1.0939]
Epoch 906/1000: 100% 100/100 [00:11<00:00,  8.50it/s, loss=1.0938]
Epoch 907/1000: 100% 100/100 [00:11<00:00,  8.42it/s, loss=1.0941]
Epoch 908/1000: 100% 100/100 [00:11<00:00,  8.53it/s, loss=1.0939]
Epoch 909/1000: 100% 100/100 [00:11<00:00,  8.49it/s, loss=1.0938]
Epoch 910/1000: 100% 100/100 [00:11<00:00,  8.44it/s, loss=1.0937]
2025-11-14 10:54:03,662 [INFO] Epoch 910/1000 | Time: 24.66s | Loss: 1.0937 | Spikes: 27007630.00 | Eval Return: -200.00
Epoch 911/1000: 100% 100/100 [00:11<00:00,  8.42it/s, loss=1.0938]
Epoch 912/1000: 100% 100/100 [00:11<00:00,  8.47it/s, loss=1.0934]
Epoch 913/1000: 100% 100/100 [00:11<00:00,  8.48it/s, loss=1.0935]
Epoch 914/1000: 100% 100/100 [00:11<00:00,  8.44it/s, loss=1.0936]
Epoch 915/1000: 100% 100/100 [00:12<00:00,  8.30it/s, loss=1.0936]
Epoch 916/1000: 100% 100/100 [00:11<00:00,  8.46it/s, loss=1.0937]
Epoch 917/1000: 100% 100/100 [00:11<00:00,  8.49it/s, loss=1.0937]
Epoch 918/1000: 100% 100/100 [00:11<00:00,  8.47it/s, loss=1.0936]
Epoch 919/1000: 100% 100/100 [00:11<00:00,  8.47it/s, loss=1.0935]
Epoch 920/1000: 100% 100/100 [00:11<00:00,  8.39it/s, loss=1.0934]
2025-11-14 10:56:15,111 [INFO] Epoch 920/1000 | Time: 24.84s | Loss: 1.0934 | Spikes: 28079764.00 | Eval Return: -200.00
Epoch 921/1000: 100% 100/100 [00:11<00:00,  8.47it/s, loss=1.0935]
Epoch 922/1000: 100% 100/100 [00:11<00:00,  8.44it/s, loss=1.0934]
Epoch 923/1000: 100% 100/100 [00:11<00:00,  8.46it/s, loss=1.0933]
Epoch 924/1000: 100% 100/100 [00:11<00:00,  8.51it/s, loss=1.0933]
Epoch 925/1000: 100% 100/100 [00:11<00:00,  8.46it/s, loss=1.0934]
Epoch 926/1000: 100% 100/100 [00:11<00:00,  8.46it/s, loss=1.0933]
Epoch 927/1000: 100% 100/100 [00:11<00:00,  8.47it/s, loss=1.0933]
Epoch 928/1000: 100% 100/100 [00:11<00:00,  8.46it/s, loss=1.0932]
Epoch 929/1000: 100% 100/100 [00:11<00:00,  8.51it/s, loss=1.0933]
Epoch 930/1000: 100% 100/100 [00:11<00:00,  8.46it/s, loss=1.0933]
2025-11-14 10:58:25,947 [INFO] Epoch 930/1000 | Time: 24.58s | Loss: 1.0933 | Spikes: 29043604.00 | Eval Return: -200.00
Epoch 931/1000: 100% 100/100 [00:11<00:00,  8.45it/s, loss=1.0930]
Epoch 932/1000: 100% 100/100 [00:11<00:00,  8.43it/s, loss=1.0934]
Epoch 933/1000: 100% 100/100 [00:11<00:00,  8.49it/s, loss=1.0931]
Epoch 934/1000: 100% 100/100 [00:11<00:00,  8.47it/s, loss=1.0931]
Epoch 935/1000: 100% 100/100 [00:12<00:00,  8.33it/s, loss=1.0931]
Epoch 936/1000: 100% 100/100 [00:11<00:00,  8.49it/s, loss=1.0932]
Epoch 937/1000: 100% 100/100 [00:11<00:00,  8.44it/s, loss=1.0931]
Epoch 938/1000: 100% 100/100 [00:11<00:00,  8.49it/s, loss=1.0929]
Epoch 939/1000: 100% 100/100 [00:11<00:00,  8.43it/s, loss=1.0931]
Epoch 940/1000: 100% 100/100 [00:11<00:00,  8.58it/s, loss=1.0929]
2025-11-14 11:00:37,074 [INFO] Epoch 940/1000 | Time: 24.57s | Loss: 1.0929 | Spikes: 29939164.00 | Eval Return: -200.00
Epoch 941/1000: 100% 100/100 [00:11<00:00,  8.44it/s, loss=1.0928]
Epoch 942/1000: 100% 100/100 [00:11<00:00,  8.47it/s, loss=1.0930]
Epoch 943/1000: 100% 100/100 [00:11<00:00,  8.34it/s, loss=1.0929]
Epoch 944/1000: 100% 100/100 [00:11<00:00,  8.55it/s, loss=1.0929]
Epoch 945/1000: 100% 100/100 [00:11<00:00,  8.62it/s, loss=1.0928]
Epoch 946/1000: 100% 100/100 [00:11<00:00,  8.49it/s, loss=1.0929]
Epoch 947/1000: 100% 100/100 [00:11<00:00,  8.57it/s, loss=1.0930]
Epoch 948/1000: 100% 100/100 [00:11<00:00,  8.55it/s, loss=1.0928]
Epoch 949/1000: 100% 100/100 [00:11<00:00,  8.47it/s, loss=1.0928]
Epoch 950/1000: 100% 100/100 [00:11<00:00,  8.47it/s, loss=1.0928]
2025-11-14 11:02:47,791 [INFO] Epoch 950/1000 | Time: 24.79s | Loss: 1.0928 | Spikes: 31057492.00 | Eval Return: -200.00
Epoch 951/1000: 100% 100/100 [00:11<00:00,  8.49it/s, loss=1.0929]
Epoch 952/1000: 100% 100/100 [00:11<00:00,  8.43it/s, loss=1.0925]
Epoch 953/1000: 100% 100/100 [00:11<00:00,  8.52it/s, loss=1.0928]
Epoch 954/1000: 100% 100/100 [00:11<00:00,  8.48it/s, loss=1.0927]
Epoch 955/1000: 100% 100/100 [00:12<00:00,  8.13it/s, loss=1.0926]
Epoch 956/1000: 100% 100/100 [00:12<00:00,  8.27it/s, loss=1.0925]
Epoch 957/1000: 100% 100/100 [00:12<00:00,  8.29it/s, loss=1.0926]
Epoch 958/1000: 100% 100/100 [00:11<00:00,  8.41it/s, loss=1.0924]
Epoch 959/1000: 100% 100/100 [00:11<00:00,  8.33it/s, loss=1.0924]
Epoch 960/1000: 100% 100/100 [00:11<00:00,  8.37it/s, loss=1.0924]
2025-11-14 11:05:00,470 [INFO] Epoch 960/1000 | Time: 25.14s | Loss: 1.0923 | Spikes: 32706628.00 | Eval Return: -200.00
Epoch 961/1000: 100% 100/100 [00:11<00:00,  8.43it/s, loss=1.0923]
Epoch 962/1000: 100% 100/100 [00:11<00:00,  8.44it/s, loss=1.0922]
Epoch 963/1000: 100% 100/100 [00:11<00:00,  8.42it/s, loss=1.0923]
Epoch 964/1000: 100% 100/100 [00:12<00:00,  8.32it/s, loss=1.0921]
Epoch 965/1000: 100% 100/100 [00:11<00:00,  8.41it/s, loss=1.0923]
Epoch 966/1000: 100% 100/100 [00:11<00:00,  8.37it/s, loss=1.0921]
Epoch 967/1000: 100% 100/100 [00:11<00:00,  8.35it/s, loss=1.0920]
Epoch 968/1000: 100% 100/100 [00:11<00:00,  8.37it/s, loss=1.0921]
Epoch 969/1000: 100% 100/100 [00:11<00:00,  8.38it/s, loss=1.0917]
Epoch 970/1000: 100% 100/100 [00:11<00:00,  8.38it/s, loss=1.0917]
2025-11-14 11:07:12,793 [INFO] Epoch 970/1000 | Time: 25.00s | Loss: 1.0917 | Spikes: 34970696.00 | Eval Return: -200.00
Epoch 971/1000: 100% 100/100 [00:11<00:00,  8.42it/s, loss=1.0917]
Epoch 972/1000: 100% 100/100 [00:11<00:00,  8.41it/s, loss=1.0915]
Epoch 973/1000: 100% 100/100 [00:11<00:00,  8.35it/s, loss=1.0915]
Epoch 974/1000: 100% 100/100 [00:12<00:00,  8.24it/s, loss=1.0914]
Epoch 975/1000: 100% 100/100 [00:11<00:00,  8.38it/s, loss=1.0914]
Epoch 976/1000: 100% 100/100 [00:11<00:00,  8.48it/s, loss=1.0915]
Epoch 977/1000: 100% 100/100 [00:11<00:00,  8.49it/s, loss=1.0915]
Epoch 978/1000: 100% 100/100 [00:11<00:00,  8.42it/s, loss=1.0914]
Epoch 979/1000: 100% 100/100 [00:11<00:00,  8.43it/s, loss=1.0912]
Epoch 980/1000: 100% 100/100 [00:11<00:00,  8.42it/s, loss=1.0913]
2025-11-14 11:09:24,810 [INFO] Epoch 980/1000 | Time: 24.89s | Loss: 1.0913 | Spikes: 37458560.00 | Eval Return: -200.00
Epoch 981/1000: 100% 100/100 [00:11<00:00,  8.42it/s, loss=1.0910]
Epoch 982/1000: 100% 100/100 [00:11<00:00,  8.43it/s, loss=1.0909]
Epoch 983/1000: 100% 100/100 [00:11<00:00,  8.44it/s, loss=1.0908]
Epoch 984/1000: 100% 100/100 [00:11<00:00,  8.42it/s, loss=1.0907]
Epoch 985/1000: 100% 100/100 [00:11<00:00,  8.43it/s, loss=1.0906]
Epoch 986/1000: 100% 100/100 [00:11<00:00,  8.48it/s, loss=1.0904]
Epoch 987/1000: 100% 100/100 [00:11<00:00,  8.39it/s, loss=1.0905]
Epoch 988/1000: 100% 100/100 [00:11<00:00,  8.45it/s, loss=1.0906]
Epoch 989/1000: 100% 100/100 [00:11<00:00,  8.44it/s, loss=1.0903]
Epoch 990/1000: 100% 100/100 [00:11<00:00,  8.49it/s, loss=1.0902]
2025-11-14 11:11:36,358 [INFO] Epoch 990/1000 | Time: 24.83s | Loss: 1.0903 | Spikes: 39750300.00 | Eval Return: -200.00
Epoch 991/1000: 100% 100/100 [00:11<00:00,  8.43it/s, loss=1.0903]
Epoch 992/1000: 100% 100/100 [00:11<00:00,  8.50it/s, loss=1.0902]
Epoch 993/1000: 100% 100/100 [00:11<00:00,  8.42it/s, loss=1.0900]
Epoch 994/1000: 100% 100/100 [00:12<00:00,  8.24it/s, loss=1.0901]
Epoch 995/1000: 100% 100/100 [00:11<00:00,  8.46it/s, loss=1.0900]
Epoch 996/1000: 100% 100/100 [00:11<00:00,  8.42it/s, loss=1.0900]
Epoch 997/1000: 100% 100/100 [00:11<00:00,  8.39it/s, loss=1.0900]
Epoch 998/1000: 100% 100/100 [00:11<00:00,  8.37it/s, loss=1.0897]
Epoch 999/1000: 100% 100/100 [00:11<00:00,  8.42it/s, loss=1.0896]
Epoch 1000/1000: 100% 100/100 [00:11<00:00,  8.36it/s, loss=1.0895]
2025-11-14 11:13:48,809 [INFO] Epoch 1000/1000 | Time: 25.34s | Loss: 1.0895 | Spikes: 41107552.00 | Eval Return: -200.00
2025-11-14 11:13:48,846 [INFO] Training complete.