2025-11-15 17:10:33.168088: E external/local_xla/xla/stream_executor/cuda/cuda_fft.cc:467] Unable to register cuFFT factory: Attempting to register factory for plugin cuFFT when one has already been registered
WARNING: All log messages before absl::InitializeLog() is called are written to STDERR
E0000 00:00:1763226633.187783    4381 cuda_dnn.cc:8579] Unable to register cuDNN factory: Attempting to register factory for plugin cuDNN when one has already been registered
E0000 00:00:1763226633.194098    4381 cuda_blas.cc:1407] Unable to register cuBLAS factory: Attempting to register factory for plugin cuBLAS when one has already been registered
W0000 00:00:1763226633.209332    4381 computation_placer.cc:177] computation placer already registered. Please check linkage and avoid linking the same target more than once.
W0000 00:00:1763226633.209357    4381 computation_placer.cc:177] computation placer already registered. Please check linkage and avoid linking the same target more than once.
W0000 00:00:1763226633.209360    4381 computation_placer.cc:177] computation placer already registered. Please check linkage and avoid linking the same target more than once.
W0000 00:00:1763226633.209362    4381 computation_placer.cc:177] computation placer already registered. Please check linkage and avoid linking the same target more than once.
2025-11-15 17:10:33.214083: I tensorflow/core/platform/cpu_feature_guard.cc:210] This TensorFlow binary is optimized to use available CPU instructions in performance-critical operations.
To enable the following instructions: AVX2 FMA, in other operations, rebuild TensorFlow with the appropriate compiler flags.
2025-11-15 17:10:38,287 [INFO] Checking for dataset...
2025-11-15 17:10:38,288 [INFO] Dataset found at /content/neuromorphic_decision_transformer/data/Pendulum-v1/dataset.npz.
2025-11-15 17:10:38,288 [INFO] --- Checkpoint: Starting training ---
2025-11-15 17:10:38,291 [INFO] --- Checkpoint: Save directory created at results/all_runs/dsformer_Pendulum-v1 ---
2025-11-15 17:10:38,345 [INFO] Dataset size: 1000 clips
2025-11-15 17:10:38,364 [INFO] DataLoader created with num_workers=4, pin_memory=True, persistent_workers=True.
2025-11-15 17:10:38,655 [INFO] --- Checkpoint: Model 'dsformer' initialized on device 'cuda' ---
2025-11-15 17:10:43,607 [INFO] --- Checkpoint: Starting main training loop ---
Epoch 1/1000: 100% 100/100 [00:53<00:00,  1.87it/s, loss=1.3316]
Epoch 2/1000: 100% 100/100 [00:52<00:00,  1.92it/s, loss=1.3314]
Epoch 3/1000: 100% 100/100 [00:52<00:00,  1.92it/s, loss=1.3319]
Epoch 4/1000: 100% 100/100 [00:51<00:00,  1.93it/s, loss=1.3321]
Epoch 5/1000: 100% 100/100 [00:52<00:00,  1.92it/s, loss=1.3319]
Epoch 6/1000: 100% 100/100 [00:52<00:00,  1.92it/s, loss=1.3319]
Epoch 7/1000: 100% 100/100 [00:52<00:00,  1.92it/s, loss=1.3319]
Epoch 8/1000: 100% 100/100 [00:52<00:00,  1.92it/s, loss=1.3318]
Epoch 9/1000: 100% 100/100 [00:52<00:00,  1.92it/s, loss=1.3318]
Epoch 10/1000: 100% 100/100 [00:51<00:00,  1.92it/s, loss=1.3312]
2025-11-15 17:19:37,376 [INFO] Epoch 10/1000 | Time: 63.80s | Loss: 1.3320 | Spikes: 31774954.00 | Eval Return: -1275.44
2025-11-15 17:19:37,388 [INFO] New best eval return: -1275.44. Saved best model.
Epoch 11/1000: 100% 100/100 [00:51<00:00,  1.93it/s, loss=1.3316]
Epoch 12/1000: 100% 100/100 [00:51<00:00,  1.92it/s, loss=1.3318]
Epoch 13/1000: 100% 100/100 [00:51<00:00,  1.93it/s, loss=1.3320]
Epoch 14/1000: 100% 100/100 [00:51<00:00,  1.92it/s, loss=1.3312]
Epoch 15/1000: 100% 100/100 [00:51<00:00,  1.93it/s, loss=1.3316]
Epoch 16/1000: 100% 100/100 [00:51<00:00,  1.93it/s, loss=1.3325]
Epoch 17/1000: 100% 100/100 [00:51<00:00,  1.93it/s, loss=1.3320]
Epoch 18/1000: 100% 100/100 [00:51<00:00,  1.92it/s, loss=1.3318]
Epoch 19/1000: 100% 100/100 [00:51<00:00,  1.93it/s, loss=1.3317]
Epoch 20/1000: 100% 100/100 [00:51<00:00,  1.93it/s, loss=1.3321]
2025-11-15 17:28:28,233 [INFO] Epoch 20/1000 | Time: 63.72s | Loss: 1.3320 | Spikes: 40063020.00 | Eval Return: -1080.48
2025-11-15 17:28:28,239 [INFO] New best eval return: -1080.48. Saved best model.
Epoch 21/1000: 100% 100/100 [00:51<00:00,  1.92it/s, loss=1.3316]
Epoch 22/1000: 100% 100/100 [00:51<00:00,  1.93it/s, loss=1.3315]
Epoch 23/1000: 100% 100/100 [00:51<00:00,  1.93it/s, loss=1.3314]
Epoch 24/1000: 100% 100/100 [00:51<00:00,  1.93it/s, loss=1.3320]
Epoch 25/1000: 100% 100/100 [00:52<00:00,  1.92it/s, loss=1.3318]
Epoch 26/1000: 100% 100/100 [00:51<00:00,  1.94it/s, loss=1.3316]
Epoch 27/1000: 100% 100/100 [00:51<00:00,  1.93it/s, loss=1.3320]
Epoch 28/1000: 100% 100/100 [00:51<00:00,  1.92it/s, loss=1.3316]
Epoch 29/1000: 100% 100/100 [00:51<00:00,  1.92it/s, loss=1.3319]
Epoch 30/1000: 100% 100/100 [00:51<00:00,  1.93it/s, loss=1.3323]
2025-11-15 17:37:19,035 [INFO] Epoch 30/1000 | Time: 63.65s | Loss: 1.3315 | Spikes: 75569920.00 | Eval Return: -1196.58
Epoch 31/1000: 100% 100/100 [00:51<00:00,  1.93it/s, loss=1.3319]
Epoch 32/1000: 100% 100/100 [00:51<00:00,  1.93it/s, loss=1.3316]
Epoch 33/1000: 100% 100/100 [00:51<00:00,  1.94it/s, loss=1.3310]
Epoch 34/1000: 100% 100/100 [00:51<00:00,  1.92it/s, loss=1.3309]
Epoch 35/1000: 100% 100/100 [00:51<00:00,  1.92it/s, loss=1.3292]
Epoch 36/1000: 100% 100/100 [00:51<00:00,  1.92it/s, loss=1.3275]
Epoch 37/1000: 100% 100/100 [00:51<00:00,  1.93it/s, loss=1.3262]
Epoch 38/1000: 100% 100/100 [00:52<00:00,  1.92it/s, loss=1.3246]
Epoch 39/1000: 100% 100/100 [00:51<00:00,  1.93it/s, loss=1.3239]
Epoch 40/1000: 100% 100/100 [00:51<00:00,  1.93it/s, loss=1.3227]
2025-11-15 17:46:09,576 [INFO] Epoch 40/1000 | Time: 63.59s | Loss: 1.3235 | Spikes: 259361728.00 | Eval Return: -1371.18
Epoch 41/1000: 100% 100/100 [00:51<00:00,  1.94it/s, loss=1.3223]
Epoch 42/1000: 100% 100/100 [00:51<00:00,  1.94it/s, loss=1.3220]
Epoch 43/1000: 100% 100/100 [00:51<00:00,  1.94it/s, loss=1.3214]
Epoch 44/1000: 100% 100/100 [00:51<00:00,  1.93it/s, loss=1.3211]
Epoch 45/1000: 100% 100/100 [00:51<00:00,  1.93it/s, loss=1.3207]
Epoch 46/1000: 100% 100/100 [00:51<00:00,  1.93it/s, loss=1.3205]
Epoch 47/1000: 100% 100/100 [00:51<00:00,  1.93it/s, loss=1.3199]
Epoch 48/1000: 100% 100/100 [00:51<00:00,  1.93it/s, loss=1.3198]
Epoch 49/1000: 100% 100/100 [00:51<00:00,  1.93it/s, loss=1.3193]
Epoch 50/1000: 100% 100/100 [00:51<00:00,  1.93it/s, loss=1.3189]
2025-11-15 17:54:58,695 [INFO] Epoch 50/1000 | Time: 63.67s | Loss: 1.3186 | Spikes: 300479520.00 | Eval Return: -1331.28
Epoch 51/1000: 100% 100/100 [00:51<00:00,  1.93it/s, loss=1.3192]
Epoch 52/1000: 100% 100/100 [00:51<00:00,  1.93it/s, loss=1.3189]
Epoch 53/1000: 100% 100/100 [00:51<00:00,  1.94it/s, loss=1.3181]
Epoch 54/1000: 100% 100/100 [00:51<00:00,  1.93it/s, loss=1.3177]
Epoch 55/1000: 100% 100/100 [00:51<00:00,  1.93it/s, loss=1.3176]
Epoch 56/1000: 100% 100/100 [00:51<00:00,  1.93it/s, loss=1.3175]
Epoch 57/1000: 100% 100/100 [00:51<00:00,  1.94it/s, loss=1.3175]
Epoch 58/1000: 100% 100/100 [00:51<00:00,  1.93it/s, loss=1.3171]
Epoch 59/1000: 100% 100/100 [00:51<00:00,  1.93it/s, loss=1.3171]
Epoch 60/1000: 100% 100/100 [00:51<00:00,  1.93it/s, loss=1.3165]
2025-11-15 18:03:48,409 [INFO] Epoch 60/1000 | Time: 63.57s | Loss: 1.3168 | Spikes: 327520128.00 | Eval Return: -1343.44
Epoch 61/1000: 100% 100/100 [00:51<00:00,  1.93it/s, loss=1.3169]
Epoch 62/1000: 100% 100/100 [00:51<00:00,  1.94it/s, loss=1.3170]
Epoch 63/1000: 100% 100/100 [00:51<00:00,  1.94it/s, loss=1.3164]
Epoch 64/1000: 100% 100/100 [00:51<00:00,  1.93it/s, loss=1.3164]
Epoch 65/1000: 100% 100/100 [00:51<00:00,  1.93it/s, loss=1.3162]
Epoch 66/1000: 100% 100/100 [00:51<00:00,  1.94it/s, loss=1.3157]
Epoch 67/1000: 100% 100/100 [00:51<00:00,  1.94it/s, loss=1.3156]
Epoch 68/1000: 100% 100/100 [00:51<00:00,  1.94it/s, loss=1.3159]
Epoch 69/1000: 100% 100/100 [00:51<00:00,  1.94it/s, loss=1.3151]
Epoch 70/1000: 100% 100/100 [00:51<00:00,  1.94it/s, loss=1.3158]
2025-11-15 18:12:36,558 [INFO] Epoch 70/1000 | Time: 63.27s | Loss: 1.3158 | Spikes: 337376768.00 | Eval Return: -1336.95
Epoch 71/1000: 100% 100/100 [00:51<00:00,  1.94it/s, loss=1.3154]
Epoch 72/1000: 100% 100/100 [00:51<00:00,  1.94it/s, loss=1.3155]
Epoch 73/1000: 100% 100/100 [00:51<00:00,  1.95it/s, loss=1.3151]
Epoch 74/1000: 100% 100/100 [00:51<00:00,  1.94it/s, loss=1.3151]
Epoch 75/1000: 100% 100/100 [00:51<00:00,  1.94it/s, loss=1.3159]
Epoch 76/1000: 100% 100/100 [00:51<00:00,  1.94it/s, loss=1.3153]
Epoch 77/1000: 100% 100/100 [00:51<00:00,  1.94it/s, loss=1.3149]
Epoch 78/1000: 100% 100/100 [00:51<00:00,  1.94it/s, loss=1.3150]
Epoch 79/1000: 100% 100/100 [00:51<00:00,  1.94it/s, loss=1.3146]
Epoch 80/1000: 100% 100/100 [00:51<00:00,  1.94it/s, loss=1.3143]
2025-11-15 18:21:23,885 [INFO] Epoch 80/1000 | Time: 63.27s | Loss: 1.3147 | Spikes: 346078912.00 | Eval Return: -1377.99
Epoch 81/1000: 100% 100/100 [00:51<00:00,  1.94it/s, loss=1.3147]
Epoch 82/1000: 100% 100/100 [00:51<00:00,  1.94it/s, loss=1.3149]
Epoch 83/1000: 100% 100/100 [00:51<00:00,  1.95it/s, loss=1.3143]
Epoch 84/1000: 100% 100/100 [00:51<00:00,  1.94it/s, loss=1.3144]
Epoch 85/1000: 100% 100/100 [00:51<00:00,  1.94it/s, loss=1.3141]
Epoch 86/1000: 100% 100/100 [00:51<00:00,  1.94it/s, loss=1.3145]
Epoch 87/1000: 100% 100/100 [00:51<00:00,  1.93it/s, loss=1.3142]
Epoch 88/1000: 100% 100/100 [00:51<00:00,  1.93it/s, loss=1.3142]
Epoch 89/1000: 100% 100/100 [00:51<00:00,  1.94it/s, loss=1.3142]
Epoch 90/1000: 100% 100/100 [00:51<00:00,  1.93it/s, loss=1.3147]
2025-11-15 18:30:11,893 [INFO] Epoch 90/1000 | Time: 63.72s | Loss: 1.3146 | Spikes: 359567616.00 | Eval Return: -1321.51
Epoch 91/1000: 100% 100/100 [00:51<00:00,  1.93it/s, loss=1.3144]
Epoch 92/1000: 100% 100/100 [00:51<00:00,  1.94it/s, loss=1.3143]
Epoch 93/1000: 100% 100/100 [00:51<00:00,  1.95it/s, loss=1.3136]
Epoch 94/1000: 100% 100/100 [00:51<00:00,  1.93it/s, loss=1.3143]
Epoch 95/1000: 100% 100/100 [00:51<00:00,  1.93it/s, loss=1.3139]
Epoch 96/1000: 100% 100/100 [00:51<00:00,  1.93it/s, loss=1.3139]
Epoch 97/1000: 100% 100/100 [00:51<00:00,  1.94it/s, loss=1.3139]
Epoch 98/1000: 100% 100/100 [00:51<00:00,  1.93it/s, loss=1.3132]
Epoch 99/1000: 100% 100/100 [00:51<00:00,  1.93it/s, loss=1.3138]
Epoch 100/1000: 100% 100/100 [00:51<00:00,  1.93it/s, loss=1.3138]
2025-11-15 18:39:00,936 [INFO] Epoch 100/1000 | Time: 63.67s | Loss: 1.3139 | Spikes: 371292064.00 | Eval Return: -1407.28
Epoch 101/1000: 100% 100/100 [00:51<00:00,  1.93it/s, loss=1.3140]
Epoch 102/1000: 100% 100/100 [00:51<00:00,  1.93it/s, loss=1.3143]
Epoch 103/1000: 100% 100/100 [00:51<00:00,  1.93it/s, loss=1.3136]
Epoch 104/1000: 100% 100/100 [00:51<00:00,  1.94it/s, loss=1.3130]
Epoch 105/1000: 100% 100/100 [00:51<00:00,  1.93it/s, loss=1.3138]
Epoch 106/1000: 100% 100/100 [00:51<00:00,  1.94it/s, loss=1.3126]
Epoch 107/1000: 100% 100/100 [00:51<00:00,  1.94it/s, loss=1.3129]
Epoch 108/1000: 100% 100/100 [00:51<00:00,  1.94it/s, loss=1.3134]
Epoch 109/1000: 100% 100/100 [00:51<00:00,  1.94it/s, loss=1.3134]
Epoch 110/1000: 100% 100/100 [00:51<00:00,  1.93it/s, loss=1.3131]
2025-11-15 18:47:49,297 [INFO] Epoch 110/1000 | Time: 63.52s | Loss: 1.3129 | Spikes: 380910400.00 | Eval Return: -1377.92
Epoch 111/1000: 100% 100/100 [00:51<00:00,  1.93it/s, loss=1.3128]
Epoch 112/1000: 100% 100/100 [00:51<00:00,  1.94it/s, loss=1.3130]
Epoch 113/1000: 100% 100/100 [00:51<00:00,  1.93it/s, loss=1.3132]
Epoch 114/1000: 100% 100/100 [00:51<00:00,  1.94it/s, loss=1.3128]
Epoch 115/1000: 100% 100/100 [00:51<00:00,  1.93it/s, loss=1.3128]
Epoch 116/1000: 100% 100/100 [00:51<00:00,  1.93it/s, loss=1.3132]
Epoch 117/1000: 100% 100/100 [00:51<00:00,  1.93it/s, loss=1.3123]
Epoch 118/1000: 100% 100/100 [00:51<00:00,  1.93it/s, loss=1.3131]
Epoch 119/1000: 100% 100/100 [00:51<00:00,  1.93it/s, loss=1.3124]
Epoch 120/1000: 100% 100/100 [00:51<00:00,  1.93it/s, loss=1.3128]
2025-11-15 18:56:39,048 [INFO] Epoch 120/1000 | Time: 63.54s | Loss: 1.3126 | Spikes: 388986912.00 | Eval Return: -1405.31
Epoch 121/1000: 100% 100/100 [00:51<00:00,  1.94it/s, loss=1.3122]
Epoch 122/1000: 100% 100/100 [00:51<00:00,  1.93it/s, loss=1.3122]
Epoch 123/1000: 100% 100/100 [00:51<00:00,  1.93it/s, loss=1.3130]
Epoch 124/1000: 100% 100/100 [00:51<00:00,  1.93it/s, loss=1.3124]
Epoch 125/1000: 100% 100/100 [00:51<00:00,  1.93it/s, loss=1.3124]
Epoch 126/1000: 100% 100/100 [00:51<00:00,  1.93it/s, loss=1.3128]
Epoch 127/1000: 100% 100/100 [00:51<00:00,  1.93it/s, loss=1.3127]
Epoch 128/1000: 100% 100/100 [00:51<00:00,  1.93it/s, loss=1.3124]
Epoch 129/1000: 100% 100/100 [00:51<00:00,  1.94it/s, loss=1.3124]
Epoch 130/1000: 100% 100/100 [00:51<00:00,  1.93it/s, loss=1.3122]
2025-11-15 19:05:28,481 [INFO] Epoch 130/1000 | Time: 63.72s | Loss: 1.3119 | Spikes: 389831840.00 | Eval Return: -1288.30
Epoch 131/1000: 100% 100/100 [00:51<00:00,  1.92it/s, loss=1.3117]
Epoch 132/1000: 100% 100/100 [00:51<00:00,  1.92it/s, loss=1.3116]
Epoch 133/1000: 100% 100/100 [00:51<00:00,  1.93it/s, loss=1.3122]
Epoch 134/1000: 100% 100/100 [00:51<00:00,  1.93it/s, loss=1.3117]
Epoch 135/1000: 100% 100/100 [00:51<00:00,  1.92it/s, loss=1.3122]
Epoch 136/1000: 100% 100/100 [00:51<00:00,  1.93it/s, loss=1.3116]
Epoch 137/1000: 100% 100/100 [00:51<00:00,  1.94it/s, loss=1.3126]
Epoch 138/1000: 100% 100/100 [00:51<00:00,  1.94it/s, loss=1.3121]
Epoch 139/1000: 100% 100/100 [00:51<00:00,  1.94it/s, loss=1.3116]
Epoch 140/1000: 100% 100/100 [00:51<00:00,  1.94it/s, loss=1.3125]
2025-11-15 19:14:17,786 [INFO] Epoch 140/1000 | Time: 63.19s | Loss: 1.3128 | Spikes: 395017536.00 | Eval Return: -1166.01
Epoch 141/1000: 100% 100/100 [00:51<00:00,  1.94it/s, loss=1.3117]
Epoch 142/1000: 100% 100/100 [00:51<00:00,  1.94it/s, loss=1.3115]
Epoch 143/1000: 100% 100/100 [00:51<00:00,  1.94it/s, loss=1.3115]
Epoch 144/1000: 100% 100/100 [00:51<00:00,  1.95it/s, loss=1.3118]
Epoch 145/1000: 100% 100/100 [00:51<00:00,  1.94it/s, loss=1.3114]
Epoch 146/1000: 100% 100/100 [00:51<00:00,  1.95it/s, loss=1.3119]
Epoch 147/1000: 100% 100/100 [00:51<00:00,  1.93it/s, loss=1.3113]
Epoch 148/1000: 100% 100/100 [00:51<00:00,  1.95it/s, loss=1.3118]
Epoch 149/1000: 100% 100/100 [00:51<00:00,  1.94it/s, loss=1.3114]
Epoch 150/1000: 100% 100/100 [00:51<00:00,  1.94it/s, loss=1.3112]
2025-11-15 19:23:04,731 [INFO] Epoch 150/1000 | Time: 63.17s | Loss: 1.3111 | Spikes: 399422144.00 | Eval Return: -1332.74
Epoch 151/1000: 100% 100/100 [00:51<00:00,  1.93it/s, loss=1.3109]
Epoch 152/1000: 100% 100/100 [00:51<00:00,  1.94it/s, loss=1.3114]
Epoch 153/1000: 100% 100/100 [00:51<00:00,  1.93it/s, loss=1.3109]
Epoch 154/1000: 100% 100/100 [00:51<00:00,  1.94it/s, loss=1.3106]
Epoch 155/1000: 100% 100/100 [00:51<00:00,  1.93it/s, loss=1.3105]
Epoch 156/1000: 100% 100/100 [00:51<00:00,  1.94it/s, loss=1.3102]
Epoch 157/1000: 100% 100/100 [00:51<00:00,  1.93it/s, loss=1.3110]
Epoch 158/1000: 100% 100/100 [00:51<00:00,  1.94it/s, loss=1.3106]
Epoch 159/1000: 100% 100/100 [00:51<00:00,  1.93it/s, loss=1.3105]
Epoch 160/1000: 100% 100/100 [00:51<00:00,  1.93it/s, loss=1.3105]
2025-11-15 19:31:53,555 [INFO] Epoch 160/1000 | Time: 63.71s | Loss: 1.3104 | Spikes: 402182272.00 | Eval Return: -1262.57
Epoch 161/1000: 100% 100/100 [00:51<00:00,  1.93it/s, loss=1.3103]
Epoch 162/1000: 100% 100/100 [00:51<00:00,  1.93it/s, loss=1.3105]
Epoch 163/1000: 100% 100/100 [00:51<00:00,  1.95it/s, loss=1.3102]
Epoch 164/1000: 100% 100/100 [00:51<00:00,  1.93it/s, loss=1.3099]
Epoch 165/1000: 100% 100/100 [00:51<00:00,  1.93it/s, loss=1.3099]
Epoch 166/1000: 100% 100/100 [00:51<00:00,  1.94it/s, loss=1.3104]
Epoch 167/1000: 100% 100/100 [00:51<00:00,  1.93it/s, loss=1.3100]
Epoch 168/1000: 100% 100/100 [00:51<00:00,  1.93it/s, loss=1.3109]
Epoch 169/1000: 100% 100/100 [00:51<00:00,  1.93it/s, loss=1.3109]
Epoch 170/1000: 100% 100/100 [00:51<00:00,  1.93it/s, loss=1.3100]
2025-11-15 19:40:42,702 [INFO] Epoch 170/1000 | Time: 63.66s | Loss: 1.3099 | Spikes: 405745696.00 | Eval Return: -1229.40
Epoch 171/1000: 100% 100/100 [00:51<00:00,  1.94it/s, loss=1.3101]
Epoch 172/1000: 100% 100/100 [00:51<00:00,  1.93it/s, loss=1.3100]
Epoch 173/1000: 100% 100/100 [00:51<00:00,  1.94it/s, loss=1.3100]
Epoch 174/1000: 100% 100/100 [00:51<00:00,  1.94it/s, loss=1.3096]
Epoch 175/1000: 100% 100/100 [00:51<00:00,  1.94it/s, loss=1.3094]
Epoch 176/1000: 100% 100/100 [00:51<00:00,  1.94it/s, loss=1.3098]
Epoch 177/1000: 100% 100/100 [00:51<00:00,  1.94it/s, loss=1.3100]
Epoch 178/1000: 100% 100/100 [00:51<00:00,  1.94it/s, loss=1.3094]
Epoch 179/1000: 100% 100/100 [00:51<00:00,  1.94it/s, loss=1.3107]
Epoch 180/1000: 100% 100/100 [00:51<00:00,  1.94it/s, loss=1.3106]
2025-11-15 19:49:30,737 [INFO] Epoch 180/1000 | Time: 63.36s | Loss: 1.3103 | Spikes: 408217568.00 | Eval Return: -1343.21
Epoch 181/1000: 100% 100/100 [00:51<00:00,  1.94it/s, loss=1.3108]
Epoch 182/1000: 100% 100/100 [00:51<00:00,  1.94it/s, loss=1.3104]
Epoch 183/1000: 100% 100/100 [00:51<00:00,  1.93it/s, loss=1.3095]
Epoch 184/1000: 100% 100/100 [00:51<00:00,  1.94it/s, loss=1.3095]
Epoch 185/1000: 100% 100/100 [00:51<00:00,  1.93it/s, loss=1.3092]
Epoch 186/1000: 100% 100/100 [00:51<00:00,  1.94it/s, loss=1.3093]
Epoch 187/1000: 100% 100/100 [00:51<00:00,  1.94it/s, loss=1.3101]
Epoch 188/1000: 100% 100/100 [00:51<00:00,  1.93it/s, loss=1.3096]
Epoch 189/1000: 100% 100/100 [00:51<00:00,  1.94it/s, loss=1.3093]
Epoch 190/1000: 100% 100/100 [00:51<00:00,  1.93it/s, loss=1.3092]
2025-11-15 19:58:19,436 [INFO] Epoch 190/1000 | Time: 63.89s | Loss: 1.3092 | Spikes: 411304320.00 | Eval Return: -1257.25
Epoch 191/1000: 100% 100/100 [00:52<00:00,  1.92it/s, loss=1.3087]
Epoch 192/1000: 100% 100/100 [00:51<00:00,  1.93it/s, loss=1.3100]
Epoch 193/1000: 100% 100/100 [00:51<00:00,  1.93it/s, loss=1.3091]
Epoch 194/1000: 100% 100/100 [00:52<00:00,  1.92it/s, loss=1.3089]
Epoch 195/1000: 100% 100/100 [00:51<00:00,  1.94it/s, loss=1.3090]
Epoch 196/1000: 100% 100/100 [00:51<00:00,  1.93it/s, loss=1.3092]
Epoch 197/1000: 100% 100/100 [00:51<00:00,  1.94it/s, loss=1.3101]
Epoch 198/1000: 100% 100/100 [00:51<00:00,  1.93it/s, loss=1.3088]
Epoch 199/1000: 100% 100/100 [00:51<00:00,  1.94it/s, loss=1.3087]
Epoch 200/1000: 100% 100/100 [00:51<00:00,  1.94it/s, loss=1.3083]
2025-11-15 20:07:08,873 [INFO] Epoch 200/1000 | Time: 63.32s | Loss: 1.3085 | Spikes: 415619904.00 | Eval Return: -1347.56
Epoch 201/1000: 100% 100/100 [00:51<00:00,  1.93it/s, loss=1.3128]
Epoch 202/1000: 100% 100/100 [00:51<00:00,  1.94it/s, loss=1.3115]
Epoch 203/1000: 100% 100/100 [00:51<00:00,  1.94it/s, loss=1.3083]
Epoch 204/1000: 100% 100/100 [00:51<00:00,  1.94it/s, loss=1.3083]
Epoch 205/1000: 100% 100/100 [00:51<00:00,  1.95it/s, loss=1.3086]
Epoch 206/1000: 100% 100/100 [00:51<00:00,  1.93it/s, loss=1.3087]
Epoch 207/1000: 100% 100/100 [00:51<00:00,  1.92it/s, loss=1.3089]
Epoch 208/1000: 100% 100/100 [00:51<00:00,  1.93it/s, loss=1.3085]
Epoch 209/1000: 100% 100/100 [00:51<00:00,  1.93it/s, loss=1.3081]
Epoch 210/1000: 100% 100/100 [00:51<00:00,  1.94it/s, loss=1.3087]
2025-11-15 20:15:57,082 [INFO] Epoch 210/1000 | Time: 63.28s | Loss: 1.3088 | Spikes: 415998080.00 | Eval Return: -1319.18
Epoch 211/1000: 100% 100/100 [00:51<00:00,  1.93it/s, loss=1.3094]
Epoch 212/1000: 100% 100/100 [00:51<00:00,  1.94it/s, loss=1.3082]
Epoch 213/1000: 100% 100/100 [00:51<00:00,  1.94it/s, loss=1.3076]
Epoch 214/1000: 100% 100/100 [00:51<00:00,  1.94it/s, loss=1.3088]
Epoch 215/1000: 100% 100/100 [00:51<00:00,  1.93it/s, loss=1.3094]
Epoch 216/1000: 100% 100/100 [00:51<00:00,  1.93it/s, loss=1.3085]
Epoch 217/1000: 100% 100/100 [00:51<00:00,  1.94it/s, loss=1.3089]
Epoch 218/1000: 100% 100/100 [00:51<00:00,  1.94it/s, loss=1.3074]
Epoch 219/1000: 100% 100/100 [00:51<00:00,  1.93it/s, loss=1.3079]
Epoch 220/1000: 100% 100/100 [00:51<00:00,  1.92it/s, loss=1.3077]
2025-11-15 20:24:45,928 [INFO] Epoch 220/1000 | Time: 63.85s | Loss: 1.3075 | Spikes: 419143776.00 | Eval Return: -1171.66
Epoch 221/1000: 100% 100/100 [00:51<00:00,  1.93it/s, loss=1.3083]
Epoch 222/1000: 100% 100/100 [00:51<00:00,  1.94it/s, loss=1.3086]
Epoch 223/1000: 100% 100/100 [00:51<00:00,  1.93it/s, loss=1.3080]
Epoch 224/1000: 100% 100/100 [00:51<00:00,  1.93it/s, loss=1.3079]
Epoch 225/1000: 100% 100/100 [00:51<00:00,  1.93it/s, loss=1.3113]
Epoch 226/1000: 100% 100/100 [00:51<00:00,  1.94it/s, loss=1.3117]
Epoch 227/1000: 100% 100/100 [00:51<00:00,  1.95it/s, loss=1.3113]
Epoch 228/1000: 100% 100/100 [00:51<00:00,  1.94it/s, loss=1.3110]
Epoch 229/1000: 100% 100/100 [00:51<00:00,  1.94it/s, loss=1.3107]
Epoch 230/1000: 100% 100/100 [00:51<00:00,  1.94it/s, loss=1.3075]
2025-11-15 20:33:33,967 [INFO] Epoch 230/1000 | Time: 63.32s | Loss: 1.3077 | Spikes: 422464064.00 | Eval Return: -1261.02
Epoch 231/1000: 100% 100/100 [00:51<00:00,  1.93it/s, loss=1.3067]
Epoch 232/1000: 100% 100/100 [00:51<00:00,  1.94it/s, loss=1.3074]
Epoch 233/1000: 100% 100/100 [00:51<00:00,  1.94it/s, loss=1.3079]
Epoch 234/1000: 100% 100/100 [00:51<00:00,  1.94it/s, loss=1.3072]
Epoch 235/1000: 100% 100/100 [00:51<00:00,  1.94it/s, loss=1.3070]
Epoch 236/1000: 100% 100/100 [00:51<00:00,  1.95it/s, loss=1.3074]
Epoch 237/1000: 100% 100/100 [00:51<00:00,  1.94it/s, loss=1.3069]
Epoch 238/1000: 100% 100/100 [00:51<00:00,  1.94it/s, loss=1.3070]
Epoch 239/1000: 100% 100/100 [00:51<00:00,  1.94it/s, loss=1.3070]
Epoch 240/1000: 100% 100/100 [00:51<00:00,  1.93it/s, loss=1.3068]
2025-11-15 20:42:21,357 [INFO] Epoch 240/1000 | Time: 63.45s | Loss: 1.3070 | Spikes: 422896320.00 | Eval Return: -1340.97
Epoch 241/1000: 100% 100/100 [00:51<00:00,  1.93it/s, loss=1.3067]
Epoch 242/1000: 100% 100/100 [00:51<00:00,  1.93it/s, loss=1.3068]
Epoch 243/1000: 100% 100/100 [00:51<00:00,  1.94it/s, loss=1.3067]
Epoch 244/1000: 100% 100/100 [00:51<00:00,  1.94it/s, loss=1.3071]
Epoch 245/1000: 100% 100/100 [00:51<00:00,  1.95it/s, loss=1.3066]
Epoch 246/1000: 100% 100/100 [00:51<00:00,  1.94it/s, loss=1.3064]
Epoch 247/1000: 100% 100/100 [00:51<00:00,  1.94it/s, loss=1.3062]
Epoch 248/1000: 100% 100/100 [00:51<00:00,  1.94it/s, loss=1.3065]
Epoch 249/1000: 100% 100/100 [00:51<00:00,  1.94it/s, loss=1.3073]
Epoch 250/1000: 100% 100/100 [00:51<00:00,  1.94it/s, loss=1.3069]
2025-11-15 20:51:09,028 [INFO] Epoch 250/1000 | Time: 63.34s | Loss: 1.3066 | Spikes: 424749120.00 | Eval Return: -1360.49
Epoch 251/1000: 100% 100/100 [00:51<00:00,  1.94it/s, loss=1.3060]
Epoch 252/1000: 100% 100/100 [00:51<00:00,  1.93it/s, loss=1.3060]
Epoch 253/1000: 100% 100/100 [00:51<00:00,  1.94it/s, loss=1.3060]
Epoch 254/1000: 100% 100/100 [00:51<00:00,  1.94it/s, loss=1.3058]
Epoch 255/1000: 100% 100/100 [00:51<00:00,  1.94it/s, loss=1.3064]
Epoch 256/1000: 100% 100/100 [00:51<00:00,  1.95it/s, loss=1.3063]
Epoch 257/1000: 100% 100/100 [00:51<00:00,  1.94it/s, loss=1.3057]
Epoch 258/1000: 100% 100/100 [00:51<00:00,  1.93it/s, loss=1.3055]
Epoch 259/1000: 100% 100/100 [00:51<00:00,  1.93it/s, loss=1.3062]
Epoch 260/1000: 100% 100/100 [00:51<00:00,  1.94it/s, loss=1.3062]
2025-11-15 20:59:57,047 [INFO] Epoch 260/1000 | Time: 63.41s | Loss: 1.3068 | Spikes: 425625440.00 | Eval Return: -1323.45
Epoch 261/1000: 100% 100/100 [00:51<00:00,  1.93it/s, loss=1.3055]
Epoch 262/1000: 100% 100/100 [00:51<00:00,  1.94it/s, loss=1.3056]
Epoch 263/1000: 100% 100/100 [00:51<00:00,  1.95it/s, loss=1.3063]
Epoch 264/1000: 100% 100/100 [00:51<00:00,  1.94it/s, loss=1.3059]
Epoch 265/1000: 100% 100/100 [00:51<00:00,  1.94it/s, loss=1.3064]
Epoch 266/1000: 100% 100/100 [00:51<00:00,  1.94it/s, loss=1.3054]
Epoch 267/1000: 100% 100/100 [00:51<00:00,  1.94it/s, loss=1.3059]
Epoch 268/1000: 100% 100/100 [00:51<00:00,  1.94it/s, loss=1.3061]
Epoch 269/1000: 100% 100/100 [00:51<00:00,  1.94it/s, loss=1.3062]
Epoch 270/1000: 100% 100/100 [00:51<00:00,  1.93it/s, loss=1.3054]
2025-11-15 21:08:44,842 [INFO] Epoch 270/1000 | Time: 63.43s | Loss: 1.3054 | Spikes: 428670368.00 | Eval Return: -1165.47
Epoch 271/1000: 100% 100/100 [00:51<00:00,  1.92it/s, loss=1.3052]
Epoch 272/1000: 100% 100/100 [00:51<00:00,  1.93it/s, loss=1.3050]
Epoch 273/1000: 100% 100/100 [00:52<00:00,  1.92it/s, loss=1.3048]
Epoch 274/1000: 100% 100/100 [00:51<00:00,  1.94it/s, loss=1.3054]
Epoch 275/1000: 100% 100/100 [00:51<00:00,  1.93it/s, loss=1.3050]
Epoch 276/1000: 100% 100/100 [00:51<00:00,  1.94it/s, loss=1.3054]
Epoch 277/1000: 100% 100/100 [00:51<00:00,  1.94it/s, loss=1.3040]
Epoch 278/1000: 100% 100/100 [00:51<00:00,  1.94it/s, loss=1.3046]
Epoch 279/1000: 100% 100/100 [00:51<00:00,  1.94it/s, loss=1.3049]
Epoch 280/1000: 100% 100/100 [00:51<00:00,  1.95it/s, loss=1.3052]
2025-11-15 21:17:33,026 [INFO] Epoch 280/1000 | Time: 62.97s | Loss: 1.3052 | Spikes: 428436352.00 | Eval Return: -1147.38
Epoch 281/1000: 100% 100/100 [00:51<00:00,  1.94it/s, loss=1.3050]
Epoch 282/1000: 100% 100/100 [00:51<00:00,  1.94it/s, loss=1.3061]
Epoch 283/1000: 100% 100/100 [00:51<00:00,  1.94it/s, loss=1.3052]
Epoch 284/1000: 100% 100/100 [00:51<00:00,  1.94it/s, loss=1.3046]
Epoch 285/1000: 100% 100/100 [00:51<00:00,  1.94it/s, loss=1.3041]
Epoch 286/1000: 100% 100/100 [00:51<00:00,  1.94it/s, loss=1.3045]
Epoch 287/1000: 100% 100/100 [00:51<00:00,  1.94it/s, loss=1.3042]
Epoch 288/1000: 100% 100/100 [00:51<00:00,  1.94it/s, loss=1.3042]
Epoch 289/1000: 100% 100/100 [00:51<00:00,  1.93it/s, loss=1.3040]
Epoch 290/1000: 100% 100/100 [00:51<00:00,  1.93it/s, loss=1.3053]
2025-11-15 21:26:20,498 [INFO] Epoch 290/1000 | Time: 63.40s | Loss: 1.3054 | Spikes: 429519552.00 | Eval Return: -1154.38
Epoch 291/1000: 100% 100/100 [00:51<00:00,  1.94it/s, loss=1.3054]
Epoch 292/1000: 100% 100/100 [00:51<00:00,  1.94it/s, loss=1.3050]
Epoch 293/1000: 100% 100/100 [00:51<00:00,  1.94it/s, loss=1.3044]
Epoch 294/1000: 100% 100/100 [00:51<00:00,  1.94it/s, loss=1.3042]
Epoch 295/1000: 100% 100/100 [00:51<00:00,  1.94it/s, loss=1.3041]
Epoch 296/1000: 100% 100/100 [00:51<00:00,  1.94it/s, loss=1.3054]
Epoch 297/1000: 100% 100/100 [00:51<00:00,  1.94it/s, loss=1.3040]
Epoch 298/1000: 100% 100/100 [00:51<00:00,  1.94it/s, loss=1.3040]
Epoch 299/1000: 100% 100/100 [00:51<00:00,  1.94it/s, loss=1.3047]
Epoch 300/1000: 100% 100/100 [00:51<00:00,  1.95it/s, loss=1.3039]
2025-11-15 21:35:07,823 [INFO] Epoch 300/1000 | Time: 62.97s | Loss: 1.3038 | Spikes: 430245696.00 | Eval Return: -1346.52
Epoch 301/1000: 100% 100/100 [00:51<00:00,  1.94it/s, loss=1.3040]
Epoch 302/1000: 100% 100/100 [00:51<00:00,  1.94it/s, loss=1.3035]
Epoch 303/1000: 100% 100/100 [00:51<00:00,  1.92it/s, loss=1.3050]
Epoch 304/1000: 100% 100/100 [00:51<00:00,  1.93it/s, loss=1.3039]
Epoch 305/1000: 100% 100/100 [00:51<00:00,  1.93it/s, loss=1.3040]
Epoch 306/1000: 100% 100/100 [00:51<00:00,  1.93it/s, loss=1.3035]
Epoch 307/1000: 100% 100/100 [00:51<00:00,  1.93it/s, loss=1.3044]
Epoch 308/1000: 100% 100/100 [00:51<00:00,  1.94it/s, loss=1.3047]
Epoch 309/1000: 100% 100/100 [00:51<00:00,  1.94it/s, loss=1.3039]
Epoch 310/1000: 100% 100/100 [00:51<00:00,  1.95it/s, loss=1.3044]
2025-11-15 21:43:56,494 [INFO] Epoch 310/1000 | Time: 63.09s | Loss: 1.3044 | Spikes: 431494560.00 | Eval Return: -1242.96
Epoch 311/1000: 100% 100/100 [00:51<00:00,  1.94it/s, loss=1.3043]
Epoch 312/1000: 100% 100/100 [00:51<00:00,  1.94it/s, loss=1.3039]
Epoch 313/1000: 100% 100/100 [00:51<00:00,  1.94it/s, loss=1.3038]
Epoch 314/1000: 100% 100/100 [00:51<00:00,  1.94it/s, loss=1.3044]
Epoch 315/1000: 100% 100/100 [00:51<00:00,  1.93it/s, loss=1.3049]
Epoch 316/1000: 100% 100/100 [00:51<00:00,  1.93it/s, loss=1.3045]
Epoch 317/1000: 100% 100/100 [00:51<00:00,  1.94it/s, loss=1.3028]
Epoch 318/1000: 100% 100/100 [00:51<00:00,  1.95it/s, loss=1.3039]
Epoch 319/1000: 100% 100/100 [00:51<00:00,  1.93it/s, loss=1.3026]
Epoch 320/1000: 100% 100/100 [00:51<00:00,  1.93it/s, loss=1.3039]
2025-11-15 21:52:44,167 [INFO] Epoch 320/1000 | Time: 63.53s | Loss: 1.3036 | Spikes: 438513952.00 | Eval Return: -1482.84
Epoch 321/1000: 100% 100/100 [00:51<00:00,  1.94it/s, loss=1.3028]
Epoch 322/1000: 100% 100/100 [00:51<00:00,  1.94it/s, loss=1.3042]
Epoch 323/1000: 100% 100/100 [00:51<00:00,  1.94it/s, loss=1.3041]
Epoch 324/1000: 100% 100/100 [00:51<00:00,  1.94it/s, loss=1.3035]
Epoch 325/1000: 100% 100/100 [00:51<00:00,  1.94it/s, loss=1.3036]
Epoch 326/1000: 100% 100/100 [00:51<00:00,  1.95it/s, loss=1.3043]
Epoch 327/1000: 100% 100/100 [00:51<00:00,  1.94it/s, loss=1.3032]
Epoch 328/1000: 100% 100/100 [00:51<00:00,  1.94it/s, loss=1.3036]
Epoch 329/1000: 100% 100/100 [00:51<00:00,  1.93it/s, loss=1.3038]
Epoch 330/1000: 100% 100/100 [00:51<00:00,  1.94it/s, loss=1.3033]
2025-11-15 22:01:31,507 [INFO] Epoch 330/1000 | Time: 63.16s | Loss: 1.3032 | Spikes: 438915456.00 | Eval Return: -1211.55
Epoch 331/1000: 100% 100/100 [00:51<00:00,  1.94it/s, loss=1.3030]
Epoch 332/1000: 100% 100/100 [00:51<00:00,  1.94it/s, loss=1.3038]
Epoch 333/1000: 100% 100/100 [00:51<00:00,  1.94it/s, loss=1.3027]
Epoch 334/1000: 100% 100/100 [00:51<00:00,  1.95it/s, loss=1.3035]
Epoch 335/1000: 100% 100/100 [00:51<00:00,  1.93it/s, loss=1.3032]
Epoch 336/1000: 100% 100/100 [00:51<00:00,  1.94it/s, loss=1.3038]
Epoch 337/1000: 100% 100/100 [00:51<00:00,  1.94it/s, loss=1.3026]
Epoch 338/1000: 100% 100/100 [00:51<00:00,  1.94it/s, loss=1.3037]
Epoch 339/1000: 100% 100/100 [00:51<00:00,  1.93it/s, loss=1.3017]
Epoch 340/1000: 100% 100/100 [00:51<00:00,  1.93it/s, loss=1.3026]
2025-11-15 22:10:19,523 [INFO] Epoch 340/1000 | Time: 63.71s | Loss: 1.3030 | Spikes: 441459552.00 | Eval Return: -1377.99
Epoch 341/1000: 100% 100/100 [00:52<00:00,  1.92it/s, loss=1.3031]
Epoch 342/1000: 100% 100/100 [00:51<00:00,  1.93it/s, loss=1.3031]
Epoch 343/1000: 100% 100/100 [00:51<00:00,  1.93it/s, loss=1.3022]
Epoch 344/1000: 100% 100/100 [00:51<00:00,  1.92it/s, loss=1.3019]
Epoch 345/1000: 100% 100/100 [00:51<00:00,  1.93it/s, loss=1.3023]
Epoch 346/1000: 100% 100/100 [00:51<00:00,  1.93it/s, loss=1.3022]
Epoch 347/1000: 100% 100/100 [00:51<00:00,  1.93it/s, loss=1.3026]
Epoch 348/1000: 100% 100/100 [00:51<00:00,  1.92it/s, loss=1.3016]
Epoch 349/1000: 100% 100/100 [00:51<00:00,  1.93it/s, loss=1.3011]
Epoch 350/1000: 100% 100/100 [00:51<00:00,  1.93it/s, loss=1.3018]
2025-11-15 22:19:09,750 [INFO] Epoch 350/1000 | Time: 63.45s | Loss: 1.3015 | Spikes: 441893696.00 | Eval Return: -1312.34
Epoch 351/1000: 100% 100/100 [00:51<00:00,  1.93it/s, loss=1.3033]
Epoch 352/1000: 100% 100/100 [00:51<00:00,  1.93it/s, loss=1.3024]
Epoch 353/1000: 100% 100/100 [00:51<00:00,  1.93it/s, loss=1.3025]
Epoch 354/1000: 100% 100/100 [00:51<00:00,  1.94it/s, loss=1.3022]
Epoch 355/1000: 100% 100/100 [00:51<00:00,  1.94it/s, loss=1.3027]
Epoch 356/1000: 100% 100/100 [00:51<00:00,  1.93it/s, loss=1.3024]
Epoch 357/1000: 100% 100/100 [00:52<00:00,  1.92it/s, loss=1.3020]
Epoch 358/1000: 100% 100/100 [00:51<00:00,  1.94it/s, loss=1.3036]
Epoch 359/1000: 100% 100/100 [00:51<00:00,  1.94it/s, loss=1.3037]
Epoch 360/1000: 100% 100/100 [00:51<00:00,  1.94it/s, loss=1.3033]
2025-11-15 22:27:58,626 [INFO] Epoch 360/1000 | Time: 63.31s | Loss: 1.3032 | Spikes: 448150400.00 | Eval Return: -1255.30
Epoch 361/1000: 100% 100/100 [00:51<00:00,  1.94it/s, loss=1.3031]
Epoch 362/1000: 100% 100/100 [00:51<00:00,  1.94it/s, loss=1.3032]
Epoch 363/1000: 100% 100/100 [00:51<00:00,  1.93it/s, loss=1.3018]
Epoch 364/1000: 100% 100/100 [00:51<00:00,  1.93it/s, loss=1.3028]
Epoch 365/1000: 100% 100/100 [00:51<00:00,  1.94it/s, loss=1.3026]
Epoch 366/1000: 100% 100/100 [00:51<00:00,  1.94it/s, loss=1.3018]
Epoch 367/1000: 100% 100/100 [00:51<00:00,  1.94it/s, loss=1.3024]
Epoch 368/1000: 100% 100/100 [00:51<00:00,  1.94it/s, loss=1.3025]
Epoch 369/1000: 100% 100/100 [00:51<00:00,  1.95it/s, loss=1.3013]
Epoch 370/1000: 100% 100/100 [00:51<00:00,  1.94it/s, loss=1.3023]
2025-11-15 22:36:46,198 [INFO] Epoch 370/1000 | Time: 63.40s | Loss: 1.3020 | Spikes: 450586016.00 | Eval Return: -1340.98
Epoch 371/1000: 100% 100/100 [00:51<00:00,  1.94it/s, loss=1.3015]
Epoch 372/1000: 100% 100/100 [00:51<00:00,  1.94it/s, loss=1.3029]
Epoch 373/1000: 100% 100/100 [00:51<00:00,  1.94it/s, loss=1.3026]
Epoch 374/1000: 100% 100/100 [00:51<00:00,  1.94it/s, loss=1.3010]
Epoch 375/1000: 100% 100/100 [00:51<00:00,  1.95it/s, loss=1.3017]
Epoch 376/1000: 100% 100/100 [00:51<00:00,  1.93it/s, loss=1.3028]
Epoch 377/1000: 100% 100/100 [00:51<00:00,  1.93it/s, loss=1.3024]
Epoch 378/1000: 100% 100/100 [00:51<00:00,  1.94it/s, loss=1.3024]
Epoch 379/1000: 100% 100/100 [00:51<00:00,  1.94it/s, loss=1.3025]
Epoch 380/1000: 100% 100/100 [00:51<00:00,  1.95it/s, loss=1.3007]
2025-11-15 22:45:33,225 [INFO] Epoch 380/1000 | Time: 62.97s | Loss: 1.3009 | Spikes: 452822208.00 | Eval Return: -1417.44
Epoch 381/1000: 100% 100/100 [00:51<00:00,  1.94it/s, loss=1.3018]
Epoch 382/1000: 100% 100/100 [00:51<00:00,  1.94it/s, loss=1.3023]
Epoch 383/1000: 100% 100/100 [00:51<00:00,  1.94it/s, loss=1.3017]
Epoch 384/1000: 100% 100/100 [00:51<00:00,  1.94it/s, loss=1.3020]
Epoch 385/1000: 100% 100/100 [00:51<00:00,  1.94it/s, loss=1.3019]
Epoch 386/1000: 100% 100/100 [00:51<00:00,  1.94it/s, loss=1.3012]
Epoch 387/1000: 100% 100/100 [00:51<00:00,  1.95it/s, loss=1.3011]
Epoch 388/1000: 100% 100/100 [00:51<00:00,  1.94it/s, loss=1.3020]
Epoch 389/1000: 100% 100/100 [00:51<00:00,  1.94it/s, loss=1.3011]
Epoch 390/1000: 100% 100/100 [00:51<00:00,  1.94it/s, loss=1.3004]
2025-11-15 22:54:19,566 [INFO] Epoch 390/1000 | Time: 63.16s | Loss: 1.3005 | Spikes: 456551392.00 | Eval Return: -1418.95
Epoch 391/1000: 100% 100/100 [00:51<00:00,  1.94it/s, loss=1.3010]
Epoch 392/1000: 100% 100/100 [00:51<00:00,  1.94it/s, loss=1.3018]
Epoch 393/1000: 100% 100/100 [00:51<00:00,  1.93it/s, loss=1.3016]
Epoch 394/1000: 100% 100/100 [00:51<00:00,  1.93it/s, loss=1.3020]
Epoch 395/1000: 100% 100/100 [00:51<00:00,  1.94it/s, loss=1.3013]
Epoch 396/1000: 100% 100/100 [00:51<00:00,  1.95it/s, loss=1.3019]
Epoch 397/1000: 100% 100/100 [00:51<00:00,  1.93it/s, loss=1.3010]
Epoch 398/1000: 100% 100/100 [00:51<00:00,  1.93it/s, loss=1.3012]
Epoch 399/1000: 100% 100/100 [00:51<00:00,  1.93it/s, loss=1.3006]
Epoch 400/1000: 100% 100/100 [00:51<00:00,  1.93it/s, loss=1.3002]
2025-11-15 23:03:08,321 [INFO] Epoch 400/1000 | Time: 63.68s | Loss: 1.3003 | Spikes: 456748736.00 | Eval Return: -1231.55
Epoch 401/1000: 100% 100/100 [00:51<00:00,  1.93it/s, loss=1.3011]
Epoch 402/1000: 100% 100/100 [00:51<00:00,  1.93it/s, loss=1.3011]
Epoch 403/1000: 100% 100/100 [00:51<00:00,  1.93it/s, loss=1.3002]
Epoch 404/1000: 100% 100/100 [00:51<00:00,  1.95it/s, loss=1.3002]
Epoch 405/1000: 100% 100/100 [00:51<00:00,  1.94it/s, loss=1.3002]
Epoch 406/1000: 100% 100/100 [00:51<00:00,  1.94it/s, loss=1.3001]
Epoch 407/1000: 100% 100/100 [00:51<00:00,  1.94it/s, loss=1.3007]
Epoch 408/1000: 100% 100/100 [00:51<00:00,  1.94it/s, loss=1.3005]
Epoch 409/1000: 100% 100/100 [00:51<00:00,  1.94it/s, loss=1.3014]
Epoch 410/1000: 100% 100/100 [00:51<00:00,  1.94it/s, loss=1.3004]
2025-11-15 23:11:56,053 [INFO] Epoch 410/1000 | Time: 63.25s | Loss: 1.3003 | Spikes: 460089280.00 | Eval Return: -1339.61
Epoch 411/1000: 100% 100/100 [00:51<00:00,  1.93it/s, loss=1.3019]
Epoch 412/1000: 100% 100/100 [00:51<00:00,  1.94it/s, loss=1.2999]
Epoch 413/1000: 100% 100/100 [00:51<00:00,  1.93it/s, loss=1.3013]
Epoch 414/1000: 100% 100/100 [00:51<00:00,  1.93it/s, loss=1.3017]
Epoch 415/1000: 100% 100/100 [00:51<00:00,  1.94it/s, loss=1.3011]
Epoch 416/1000: 100% 100/100 [00:51<00:00,  1.94it/s, loss=1.3011]
Epoch 417/1000: 100% 100/100 [00:51<00:00,  1.94it/s, loss=1.3013]
Epoch 418/1000: 100% 100/100 [00:51<00:00,  1.94it/s, loss=1.3011]
Epoch 419/1000: 100% 100/100 [00:51<00:00,  1.94it/s, loss=1.3012]
Epoch 420/1000: 100% 100/100 [00:51<00:00,  1.94it/s, loss=1.3010]
2025-11-15 23:20:43,833 [INFO] Epoch 420/1000 | Time: 63.23s | Loss: 1.3010 | Spikes: 461564672.00 | Eval Return: -1205.08
Epoch 421/1000: 100% 100/100 [00:51<00:00,  1.94it/s, loss=1.3007]
Epoch 422/1000: 100% 100/100 [00:51<00:00,  1.94it/s, loss=1.2999]
Epoch 423/1000: 100% 100/100 [00:51<00:00,  1.94it/s, loss=1.3011]
Epoch 424/1000: 100% 100/100 [00:51<00:00,  1.94it/s, loss=1.3009]
Epoch 425/1000: 100% 100/100 [00:51<00:00,  1.95it/s, loss=1.3001]
Epoch 426/1000: 100% 100/100 [00:51<00:00,  1.94it/s, loss=1.2991]
Epoch 427/1000: 100% 100/100 [00:51<00:00,  1.93it/s, loss=1.2997]
Epoch 428/1000: 100% 100/100 [00:51<00:00,  1.94it/s, loss=1.3001]
Epoch 429/1000: 100% 100/100 [00:51<00:00,  1.94it/s, loss=1.2998]
Epoch 430/1000: 100% 100/100 [00:51<00:00,  1.94it/s, loss=1.3005]
2025-11-15 23:29:30,841 [INFO] Epoch 430/1000 | Time: 63.14s | Loss: 1.3001 | Spikes: 464171008.00 | Eval Return: -1238.78
Epoch 431/1000: 100% 100/100 [00:51<00:00,  1.93it/s, loss=1.3020]
Epoch 432/1000: 100% 100/100 [00:51<00:00,  1.94it/s, loss=1.3010]
Epoch 433/1000: 100% 100/100 [00:51<00:00,  1.94it/s, loss=1.3012]
Epoch 434/1000: 100% 100/100 [00:51<00:00,  1.93it/s, loss=1.3004]
Epoch 435/1000: 100% 100/100 [00:51<00:00,  1.93it/s, loss=1.3005]
Epoch 436/1000: 100% 100/100 [00:51<00:00,  1.94it/s, loss=1.3009]
Epoch 437/1000: 100% 100/100 [00:51<00:00,  1.94it/s, loss=1.3011]
Epoch 438/1000: 100% 100/100 [00:51<00:00,  1.95it/s, loss=1.2996]
Epoch 439/1000: 100% 100/100 [00:51<00:00,  1.94it/s, loss=1.3006]
Epoch 440/1000: 100% 100/100 [00:51<00:00,  1.94it/s, loss=1.3001]
2025-11-15 23:38:18,768 [INFO] Epoch 440/1000 | Time: 63.44s | Loss: 1.3000 | Spikes: 466906560.00 | Eval Return: -1269.85
Epoch 441/1000: 100% 100/100 [00:51<00:00,  1.94it/s, loss=1.3004]
Epoch 442/1000: 100% 100/100 [00:51<00:00,  1.94it/s, loss=1.3002]
Epoch 443/1000: 100% 100/100 [00:51<00:00,  1.93it/s, loss=1.2993]
Epoch 444/1000: 100% 100/100 [00:51<00:00,  1.94it/s, loss=1.3003]
Epoch 445/1000: 100% 100/100 [00:51<00:00,  1.94it/s, loss=1.3014]
Epoch 446/1000: 100% 100/100 [00:51<00:00,  1.93it/s, loss=1.3006]
Epoch 447/1000: 100% 100/100 [00:51<00:00,  1.93it/s, loss=1.3001]
Epoch 448/1000: 100% 100/100 [00:51<00:00,  1.93it/s, loss=1.3008]
Epoch 449/1000: 100% 100/100 [00:51<00:00,  1.93it/s, loss=1.3038]
Epoch 450/1000: 100% 100/100 [00:51<00:00,  1.94it/s, loss=1.3034]
2025-11-15 23:47:07,583 [INFO] Epoch 450/1000 | Time: 63.32s | Loss: 1.3029 | Spikes: 467527872.00 | Eval Return: -1352.32
Epoch 451/1000: 100% 100/100 [00:51<00:00,  1.93it/s, loss=1.2999]
Epoch 452/1000: 100% 100/100 [00:51<00:00,  1.93it/s, loss=1.3003]
Epoch 453/1000: 100% 100/100 [00:51<00:00,  1.93it/s, loss=1.3003]
Epoch 454/1000: 100% 100/100 [00:51<00:00,  1.94it/s, loss=1.3006]
Epoch 455/1000: 100% 100/100 [00:51<00:00,  1.94it/s, loss=1.3029]
Epoch 456/1000: 100% 100/100 [00:51<00:00,  1.93it/s, loss=1.3018]
Epoch 457/1000: 100% 100/100 [00:51<00:00,  1.94it/s, loss=1.2990]
Epoch 458/1000: 100% 100/100 [00:51<00:00,  1.94it/s, loss=1.2990]
Epoch 459/1000: 100% 100/100 [00:51<00:00,  1.94it/s, loss=1.2996]
Epoch 460/1000: 100% 100/100 [00:51<00:00,  1.94it/s, loss=1.2995]
2025-11-15 23:55:56,133 [INFO] Epoch 460/1000 | Time: 63.26s | Loss: 1.2989 | Spikes: 471930368.00 | Eval Return: -1215.24
Epoch 461/1000: 100% 100/100 [00:51<00:00,  1.94it/s, loss=1.2988]
Epoch 462/1000: 100% 100/100 [00:51<00:00,  1.94it/s, loss=1.3002]
Epoch 463/1000: 100% 100/100 [00:51<00:00,  1.94it/s, loss=1.2993]
Epoch 464/1000: 100% 100/100 [00:51<00:00,  1.93it/s, loss=1.2993]
Epoch 465/1000: 100% 100/100 [00:51<00:00,  1.95it/s, loss=1.2995]
Epoch 466/1000: 100% 100/100 [00:51<00:00,  1.93it/s, loss=1.2999]
Epoch 467/1000: 100% 100/100 [00:51<00:00,  1.93it/s, loss=1.2999]
Epoch 468/1000: 100% 100/100 [00:51<00:00,  1.94it/s, loss=1.2989]
Epoch 469/1000: 100% 100/100 [00:51<00:00,  1.94it/s, loss=1.2988]
Epoch 470/1000: 100% 100/100 [00:51<00:00,  1.93it/s, loss=1.2988]
2025-11-16 00:04:44,254 [INFO] Epoch 470/1000 | Time: 63.50s | Loss: 1.2989 | Spikes: 473874880.00 | Eval Return: -1249.28
Epoch 471/1000: 100% 100/100 [00:51<00:00,  1.94it/s, loss=1.2994]
Epoch 472/1000: 100% 100/100 [00:51<00:00,  1.94it/s, loss=1.2991]
Epoch 473/1000: 100% 100/100 [00:51<00:00,  1.94it/s, loss=1.2999]
Epoch 474/1000: 100% 100/100 [00:51<00:00,  1.94it/s, loss=1.2998]
Epoch 475/1000: 100% 100/100 [00:51<00:00,  1.95it/s, loss=1.2999]
Epoch 476/1000: 100% 100/100 [00:51<00:00,  1.94it/s, loss=1.2991]
Epoch 477/1000: 100% 100/100 [00:51<00:00,  1.94it/s, loss=1.2985]
Epoch 478/1000: 100% 100/100 [00:51<00:00,  1.94it/s, loss=1.2989]
Epoch 479/1000: 100% 100/100 [00:51<00:00,  1.94it/s, loss=1.2993]
Epoch 480/1000: 100% 100/100 [00:51<00:00,  1.94it/s, loss=1.2998]
2025-11-16 00:13:31,413 [INFO] Epoch 480/1000 | Time: 63.46s | Loss: 1.2999 | Spikes: 478104608.00 | Eval Return: -1233.26
Epoch 481/1000: 100% 100/100 [00:51<00:00,  1.94it/s, loss=1.2995]
Epoch 482/1000: 100% 100/100 [00:51<00:00,  1.93it/s, loss=1.2990]
Epoch 483/1000: 100% 100/100 [00:51<00:00,  1.94it/s, loss=1.2984]
Epoch 484/1000: 100% 100/100 [00:51<00:00,  1.93it/s, loss=1.2982]
Epoch 485/1000: 100% 100/100 [00:51<00:00,  1.94it/s, loss=1.2991]
Epoch 486/1000: 100% 100/100 [00:51<00:00,  1.94it/s, loss=1.2997]
Epoch 487/1000: 100% 100/100 [00:51<00:00,  1.95it/s, loss=1.2979]
Epoch 488/1000: 100% 100/100 [00:51<00:00,  1.94it/s, loss=1.2996]
Epoch 489/1000: 100% 100/100 [00:51<00:00,  1.94it/s, loss=1.2996]
Epoch 490/1000: 100% 100/100 [00:51<00:00,  1.94it/s, loss=1.2989]
2025-11-16 00:22:19,337 [INFO] Epoch 490/1000 | Time: 63.38s | Loss: 1.2994 | Spikes: 478021248.00 | Eval Return: -1268.38
Epoch 491/1000: 100% 100/100 [00:51<00:00,  1.93it/s, loss=1.2994]
Epoch 492/1000: 100% 100/100 [00:51<00:00,  1.94it/s, loss=1.2993]
Epoch 493/1000: 100% 100/100 [00:51<00:00,  1.94it/s, loss=1.2991]
Epoch 494/1000: 100% 100/100 [00:51<00:00,  1.94it/s, loss=1.2990]
Epoch 495/1000: 100% 100/100 [00:51<00:00,  1.93it/s, loss=1.2988]
Epoch 496/1000: 100% 100/100 [00:51<00:00,  1.95it/s, loss=1.2991]
Epoch 497/1000: 100% 100/100 [00:51<00:00,  1.93it/s, loss=1.2993]
Epoch 498/1000: 100% 100/100 [00:51<00:00,  1.94it/s, loss=1.2991]
Epoch 499/1000: 100% 100/100 [00:51<00:00,  1.93it/s, loss=1.2985]
Epoch 500/1000: 100% 100/100 [00:51<00:00,  1.94it/s, loss=1.2980]
2025-11-16 00:31:07,164 [INFO] Epoch 500/1000 | Time: 63.21s | Loss: 1.2981 | Spikes: 477361024.00 | Eval Return: -1565.36
Epoch 501/1000: 100% 100/100 [00:51<00:00,  1.93it/s, loss=1.2976]
Epoch 502/1000: 100% 100/100 [00:51<00:00,  1.93it/s, loss=1.2985]
Epoch 503/1000: 100% 100/100 [00:51<00:00,  1.94it/s, loss=1.2989]
Epoch 504/1000: 100% 100/100 [00:51<00:00,  1.93it/s, loss=1.2989]
Epoch 505/1000: 100% 100/100 [00:51<00:00,  1.94it/s, loss=1.2984]
Epoch 506/1000: 100% 100/100 [00:51<00:00,  1.93it/s, loss=1.2985]
Epoch 507/1000: 100% 100/100 [00:51<00:00,  1.94it/s, loss=1.2986]
Epoch 508/1000: 100% 100/100 [00:51<00:00,  1.93it/s, loss=1.2982]
Epoch 509/1000: 100% 100/100 [00:51<00:00,  1.94it/s, loss=1.2976]
Epoch 510/1000: 100% 100/100 [00:51<00:00,  1.93it/s, loss=1.2978]
2025-11-16 00:39:55,980 [INFO] Epoch 510/1000 | Time: 63.49s | Loss: 1.2981 | Spikes: 479585248.00 | Eval Return: -1205.15
Epoch 511/1000: 100% 100/100 [00:51<00:00,  1.93it/s, loss=1.2976]
Epoch 512/1000: 100% 100/100 [00:51<00:00,  1.94it/s, loss=1.2977]
Epoch 513/1000: 100% 100/100 [00:51<00:00,  1.93it/s, loss=1.2973]
Epoch 514/1000: 100% 100/100 [00:51<00:00,  1.94it/s, loss=1.2986]
Epoch 515/1000: 100% 100/100 [00:51<00:00,  1.94it/s, loss=1.2985]
Epoch 516/1000: 100% 100/100 [00:52<00:00,  1.91it/s, loss=1.2983]
Epoch 517/1000: 100% 100/100 [00:51<00:00,  1.93it/s, loss=1.2981]
Epoch 518/1000: 100% 100/100 [00:51<00:00,  1.93it/s, loss=1.2980]
Epoch 519/1000: 100% 100/100 [00:51<00:00,  1.93it/s, loss=1.2981]
Epoch 520/1000: 100% 100/100 [00:51<00:00,  1.93it/s, loss=1.2984]
2025-11-16 00:48:45,257 [INFO] Epoch 520/1000 | Time: 63.46s | Loss: 1.2986 | Spikes: 481543488.00 | Eval Return: -1234.49
Epoch 521/1000: 100% 100/100 [00:51<00:00,  1.93it/s, loss=1.2981]
Epoch 522/1000: 100% 100/100 [00:51<00:00,  1.94it/s, loss=1.2981]
Epoch 523/1000: 100% 100/100 [00:51<00:00,  1.94it/s, loss=1.2983]
Epoch 524/1000: 100% 100/100 [00:51<00:00,  1.93it/s, loss=1.2980]
Epoch 525/1000: 100% 100/100 [00:51<00:00,  1.93it/s, loss=1.2971]
Epoch 526/1000: 100% 100/100 [00:51<00:00,  1.94it/s, loss=1.2969]
Epoch 527/1000: 100% 100/100 [00:51<00:00,  1.94it/s, loss=1.2970]
Epoch 528/1000: 100% 100/100 [00:51<00:00,  1.93it/s, loss=1.2970]
Epoch 529/1000: 100% 100/100 [00:51<00:00,  1.93it/s, loss=1.2972]
Epoch 530/1000: 100% 100/100 [00:51<00:00,  1.94it/s, loss=1.2970]
2025-11-16 00:57:33,247 [INFO] Epoch 530/1000 | Time: 63.30s | Loss: 1.2967 | Spikes: 483717952.00 | Eval Return: -1436.40
Epoch 531/1000: 100% 100/100 [00:51<00:00,  1.94it/s, loss=1.2975]
Epoch 532/1000: 100% 100/100 [00:51<00:00,  1.94it/s, loss=1.2982]
Epoch 533/1000: 100% 100/100 [00:51<00:00,  1.94it/s, loss=1.2985]
Epoch 534/1000: 100% 100/100 [00:51<00:00,  1.95it/s, loss=1.2984]
Epoch 535/1000: 100% 100/100 [00:51<00:00,  1.94it/s, loss=1.2985]
Epoch 536/1000: 100% 100/100 [00:51<00:00,  1.94it/s, loss=1.2979]
Epoch 537/1000: 100% 100/100 [00:51<00:00,  1.94it/s, loss=1.2973]
Epoch 538/1000: 100% 100/100 [00:51<00:00,  1.94it/s, loss=1.2973]
Epoch 539/1000: 100% 100/100 [00:51<00:00,  1.94it/s, loss=1.2978]
Epoch 540/1000: 100% 100/100 [00:51<00:00,  1.94it/s, loss=1.2975]
2025-11-16 01:06:20,410 [INFO] Epoch 540/1000 | Time: 63.33s | Loss: 1.2980 | Spikes: 485608640.00 | Eval Return: -1378.46
Epoch 541/1000: 100% 100/100 [00:51<00:00,  1.93it/s, loss=1.2978]
Epoch 542/1000: 100% 100/100 [00:51<00:00,  1.93it/s, loss=1.2983]
Epoch 543/1000: 100% 100/100 [00:51<00:00,  1.93it/s, loss=1.2980]
Epoch 544/1000: 100% 100/100 [00:51<00:00,  1.93it/s, loss=1.2980]
Epoch 545/1000: 100% 100/100 [00:51<00:00,  1.94it/s, loss=1.2976]
Epoch 546/1000: 100% 100/100 [00:51<00:00,  1.93it/s, loss=1.2971]
Epoch 547/1000: 100% 100/100 [00:51<00:00,  1.93it/s, loss=1.2983]
Epoch 548/1000: 100% 100/100 [00:51<00:00,  1.93it/s, loss=1.2979]
Epoch 549/1000: 100% 100/100 [00:51<00:00,  1.93it/s, loss=1.2972]
Epoch 550/1000: 100% 100/100 [00:51<00:00,  1.93it/s, loss=1.2967]
2025-11-16 01:15:10,122 [INFO] Epoch 550/1000 | Time: 63.79s | Loss: 1.2967 | Spikes: 487971328.00 | Eval Return: -1449.17
Epoch 551/1000: 100% 100/100 [00:52<00:00,  1.92it/s, loss=1.2977]
Epoch 552/1000: 100% 100/100 [00:51<00:00,  1.93it/s, loss=1.2971]
Epoch 553/1000: 100% 100/100 [00:51<00:00,  1.93it/s, loss=1.2969]
Epoch 554/1000: 100% 100/100 [00:51<00:00,  1.93it/s, loss=1.2971]
Epoch 555/1000: 100% 100/100 [00:51<00:00,  1.93it/s, loss=1.2981]
Epoch 556/1000: 100% 100/100 [00:51<00:00,  1.95it/s, loss=1.2978]
Epoch 557/1000: 100% 100/100 [00:51<00:00,  1.94it/s, loss=1.2975]
Epoch 558/1000: 100% 100/100 [00:51<00:00,  1.94it/s, loss=1.2963]
Epoch 559/1000: 100% 100/100 [00:51<00:00,  1.94it/s, loss=1.2978]
Epoch 560/1000: 100% 100/100 [00:51<00:00,  1.95it/s, loss=1.2970]
2025-11-16 01:23:58,287 [INFO] Epoch 560/1000 | Time: 63.08s | Loss: 1.2968 | Spikes: 489213248.00 | Eval Return: -1282.23
Epoch 561/1000: 100% 100/100 [00:51<00:00,  1.94it/s, loss=1.2979]
Epoch 562/1000: 100% 100/100 [00:51<00:00,  1.94it/s, loss=1.2982]
Epoch 563/1000: 100% 100/100 [00:51<00:00,  1.94it/s, loss=1.2976]
Epoch 564/1000: 100% 100/100 [00:51<00:00,  1.94it/s, loss=1.2978]
Epoch 565/1000: 100% 100/100 [00:51<00:00,  1.94it/s, loss=1.2968]
Epoch 566/1000: 100% 100/100 [00:51<00:00,  1.94it/s, loss=1.2964]
Epoch 567/1000: 100% 100/100 [00:51<00:00,  1.95it/s, loss=1.2970]
Epoch 568/1000: 100% 100/100 [00:51<00:00,  1.94it/s, loss=1.2974]
Epoch 569/1000: 100% 100/100 [00:51<00:00,  1.94it/s, loss=1.2979]
Epoch 570/1000: 100% 100/100 [00:51<00:00,  1.94it/s, loss=1.2968]
2025-11-16 01:32:45,218 [INFO] Epoch 570/1000 | Time: 63.29s | Loss: 1.2966 | Spikes: 489581088.00 | Eval Return: -1268.97
Epoch 571/1000: 100% 100/100 [00:51<00:00,  1.94it/s, loss=1.2964]
Epoch 572/1000: 100% 100/100 [00:51<00:00,  1.94it/s, loss=1.2965]
Epoch 573/1000: 100% 100/100 [00:51<00:00,  1.94it/s, loss=1.2964]
Epoch 574/1000: 100% 100/100 [00:51<00:00,  1.94it/s, loss=1.2965]
Epoch 575/1000: 100% 100/100 [00:51<00:00,  1.95it/s, loss=1.2963]
Epoch 576/1000: 100% 100/100 [00:51<00:00,  1.93it/s, loss=1.2968]
Epoch 577/1000: 100% 100/100 [00:51<00:00,  1.94it/s, loss=1.2975]
Epoch 578/1000: 100% 100/100 [00:51<00:00,  1.94it/s, loss=1.2964]
Epoch 579/1000: 100% 100/100 [00:51<00:00,  1.94it/s, loss=1.2969]
Epoch 580/1000: 100% 100/100 [00:51<00:00,  1.94it/s, loss=1.2969]
2025-11-16 01:41:32,139 [INFO] Epoch 580/1000 | Time: 63.22s | Loss: 1.2970 | Spikes: 491260736.00 | Eval Return: -1296.05
Epoch 581/1000: 100% 100/100 [00:51<00:00,  1.94it/s, loss=1.2973]
Epoch 582/1000: 100% 100/100 [00:51<00:00,  1.94it/s, loss=1.2972]
Epoch 583/1000: 100% 100/100 [00:51<00:00,  1.94it/s, loss=1.2969]
Epoch 584/1000: 100% 100/100 [00:51<00:00,  1.94it/s, loss=1.2969]
Epoch 585/1000: 100% 100/100 [00:51<00:00,  1.95it/s, loss=1.2970]
Epoch 586/1000: 100% 100/100 [00:51<00:00,  1.94it/s, loss=1.2966]
Epoch 587/1000: 100% 100/100 [00:51<00:00,  1.93it/s, loss=1.2973]
Epoch 588/1000: 100% 100/100 [00:51<00:00,  1.94it/s, loss=1.2964]
Epoch 589/1000: 100% 100/100 [00:51<00:00,  1.94it/s, loss=1.2973]
Epoch 590/1000: 100% 100/100 [00:51<00:00,  1.94it/s, loss=1.2969]
2025-11-16 01:50:19,272 [INFO] Epoch 590/1000 | Time: 63.16s | Loss: 1.2969 | Spikes: 491601952.00 | Eval Return: -1308.06
Epoch 591/1000: 100% 100/100 [00:51<00:00,  1.94it/s, loss=1.2964]
Epoch 592/1000: 100% 100/100 [00:51<00:00,  1.94it/s, loss=1.2975]
Epoch 593/1000: 100% 100/100 [00:51<00:00,  1.94it/s, loss=1.3004]
Epoch 594/1000: 100% 100/100 [00:51<00:00,  1.95it/s, loss=1.2977]
Epoch 595/1000: 100% 100/100 [00:51<00:00,  1.94it/s, loss=1.2955]
Epoch 596/1000: 100% 100/100 [00:51<00:00,  1.94it/s, loss=1.2954]
Epoch 597/1000: 100% 100/100 [00:51<00:00,  1.94it/s, loss=1.2961]
Epoch 598/1000: 100% 100/100 [00:51<00:00,  1.94it/s, loss=1.2954]
Epoch 599/1000: 100% 100/100 [00:51<00:00,  1.94it/s, loss=1.2971]
Epoch 600/1000: 100% 100/100 [00:51<00:00,  1.93it/s, loss=1.2972]
2025-11-16 01:59:06,778 [INFO] Epoch 600/1000 | Time: 63.79s | Loss: 1.2970 | Spikes: 491411392.00 | Eval Return: -1238.24
Epoch 601/1000: 100% 100/100 [00:51<00:00,  1.93it/s, loss=1.2955]
Epoch 602/1000: 100% 100/100 [00:51<00:00,  1.93it/s, loss=1.2971]
Epoch 603/1000: 100% 100/100 [00:51<00:00,  1.94it/s, loss=1.2964]
Epoch 604/1000: 100% 100/100 [00:51<00:00,  1.94it/s, loss=1.2970]
Epoch 605/1000: 100% 100/100 [00:51<00:00,  1.94it/s, loss=1.2961]
Epoch 606/1000: 100% 100/100 [00:51<00:00,  1.94it/s, loss=1.2964]
Epoch 607/1000: 100% 100/100 [00:51<00:00,  1.93it/s, loss=1.2954]
Epoch 608/1000: 100% 100/100 [00:51<00:00,  1.94it/s, loss=1.2969]
Epoch 609/1000: 100% 100/100 [00:51<00:00,  1.94it/s, loss=1.2968]
Epoch 610/1000: 100% 100/100 [00:51<00:00,  1.95it/s, loss=1.2960]
2025-11-16 02:07:54,015 [INFO] Epoch 610/1000 | Time: 62.89s | Loss: 1.2966 | Spikes: 490341888.00 | Eval Return: -1291.42
Epoch 611/1000: 100% 100/100 [00:51<00:00,  1.93it/s, loss=1.2963]
Epoch 612/1000: 100% 100/100 [00:51<00:00,  1.95it/s, loss=1.2966]
Epoch 613/1000: 100% 100/100 [00:51<00:00,  1.94it/s, loss=1.2960]
Epoch 614/1000: 100% 100/100 [00:51<00:00,  1.94it/s, loss=1.2960]
Epoch 615/1000: 100% 100/100 [00:51<00:00,  1.94it/s, loss=1.2961]
Epoch 616/1000: 100% 100/100 [00:51<00:00,  1.94it/s, loss=1.2967]
Epoch 617/1000: 100% 100/100 [00:51<00:00,  1.94it/s, loss=1.2965]
Epoch 618/1000: 100% 100/100 [00:51<00:00,  1.93it/s, loss=1.2957]
Epoch 619/1000: 100% 100/100 [00:51<00:00,  1.93it/s, loss=1.2954]
Epoch 620/1000: 100% 100/100 [00:51<00:00,  1.95it/s, loss=1.2956]
2025-11-16 02:16:41,956 [INFO] Epoch 620/1000 | Time: 63.23s | Loss: 1.2958 | Spikes: 492287744.00 | Eval Return: -1304.33
Epoch 621/1000: 100% 100/100 [00:51<00:00,  1.93it/s, loss=1.2962]
Epoch 622/1000: 100% 100/100 [00:51<00:00,  1.94it/s, loss=1.2962]
Epoch 623/1000: 100% 100/100 [00:51<00:00,  1.93it/s, loss=1.2959]
Epoch 624/1000: 100% 100/100 [00:51<00:00,  1.94it/s, loss=1.2957]
Epoch 625/1000: 100% 100/100 [00:51<00:00,  1.93it/s, loss=1.2960]
Epoch 626/1000: 100% 100/100 [00:51<00:00,  1.94it/s, loss=1.2949]
Epoch 627/1000: 100% 100/100 [00:51<00:00,  1.94it/s, loss=1.2958]
Epoch 628/1000: 100% 100/100 [00:51<00:00,  1.94it/s, loss=1.2963]
Epoch 629/1000: 100% 100/100 [00:51<00:00,  1.93it/s, loss=1.2955]
Epoch 630/1000: 100% 100/100 [00:51<00:00,  1.93it/s, loss=1.2954]
2025-11-16 02:25:30,730 [INFO] Epoch 630/1000 | Time: 63.42s | Loss: 1.2954 | Spikes: 492932864.00 | Eval Return: -1312.81
Epoch 631/1000: 100% 100/100 [00:51<00:00,  1.94it/s, loss=1.2951]
Epoch 632/1000: 100% 100/100 [00:51<00:00,  1.95it/s, loss=1.2958]
Epoch 633/1000: 100% 100/100 [00:51<00:00,  1.94it/s, loss=1.2952]
Epoch 634/1000: 100% 100/100 [00:51<00:00,  1.94it/s, loss=1.2957]
Epoch 635/1000: 100% 100/100 [00:51<00:00,  1.93it/s, loss=1.2957]
Epoch 636/1000: 100% 100/100 [00:51<00:00,  1.94it/s, loss=1.2949]
Epoch 637/1000: 100% 100/100 [00:51<00:00,  1.94it/s, loss=1.2949]
Epoch 638/1000: 100% 100/100 [00:51<00:00,  1.94it/s, loss=1.2943]
Epoch 639/1000: 100% 100/100 [00:51<00:00,  1.94it/s, loss=1.2962]
Epoch 640/1000: 100% 100/100 [00:51<00:00,  1.94it/s, loss=1.2951]
2025-11-16 02:34:18,643 [INFO] Epoch 640/1000 | Time: 63.33s | Loss: 1.2954 | Spikes: 494955456.00 | Eval Return: -1083.55
Epoch 641/1000: 100% 100/100 [00:51<00:00,  1.94it/s, loss=1.2949]
Epoch 642/1000: 100% 100/100 [00:51<00:00,  1.93it/s, loss=1.2942]
Epoch 643/1000: 100% 100/100 [00:51<00:00,  1.93it/s, loss=1.2943]
Epoch 644/1000: 100% 100/100 [00:51<00:00,  1.93it/s, loss=1.2951]
Epoch 645/1000: 100% 100/100 [00:51<00:00,  1.94it/s, loss=1.2945]
Epoch 646/1000: 100% 100/100 [00:51<00:00,  1.93it/s, loss=1.2950]
Epoch 647/1000: 100% 100/100 [00:51<00:00,  1.93it/s, loss=1.2946]
Epoch 648/1000: 100% 100/100 [00:51<00:00,  1.93it/s, loss=1.2940]
Epoch 649/1000: 100% 100/100 [00:51<00:00,  1.94it/s, loss=1.2946]
Epoch 650/1000: 100% 100/100 [00:51<00:00,  1.95it/s, loss=1.2939]
2025-11-16 02:43:06,990 [INFO] Epoch 650/1000 | Time: 63.12s | Loss: 1.2943 | Spikes: 496428832.00 | Eval Return: -1310.97
Epoch 651/1000: 100% 100/100 [00:51<00:00,  1.93it/s, loss=1.2950]
Epoch 652/1000: 100% 100/100 [00:51<00:00,  1.94it/s, loss=1.2954]
Epoch 653/1000: 100% 100/100 [00:51<00:00,  1.93it/s, loss=1.2944]
Epoch 654/1000: 100% 100/100 [00:51<00:00,  1.94it/s, loss=1.2944]
Epoch 655/1000: 100% 100/100 [00:51<00:00,  1.94it/s, loss=1.2934]
Epoch 656/1000: 100% 100/100 [00:51<00:00,  1.94it/s, loss=1.2941]
Epoch 657/1000: 100% 100/100 [00:51<00:00,  1.94it/s, loss=1.2943]
Epoch 658/1000: 100% 100/100 [00:51<00:00,  1.94it/s, loss=1.2935]
Epoch 659/1000: 100% 100/100 [00:51<00:00,  1.94it/s, loss=1.2933]
Epoch 660/1000: 100% 100/100 [00:51<00:00,  1.94it/s, loss=1.2933]
2025-11-16 02:51:54,545 [INFO] Epoch 660/1000 | Time: 63.24s | Loss: 1.2944 | Spikes: 498431264.00 | Eval Return: -1306.26
Epoch 661/1000: 100% 100/100 [00:51<00:00,  1.94it/s, loss=1.2947]
Epoch 662/1000: 100% 100/100 [00:51<00:00,  1.95it/s, loss=1.2948]
Epoch 663/1000: 100% 100/100 [00:51<00:00,  1.94it/s, loss=1.2943]
Epoch 664/1000: 100% 100/100 [00:51<00:00,  1.94it/s, loss=1.2936]
Epoch 665/1000: 100% 100/100 [00:51<00:00,  1.94it/s, loss=1.2937]
Epoch 666/1000: 100% 100/100 [00:51<00:00,  1.94it/s, loss=1.2939]
Epoch 667/1000: 100% 100/100 [00:51<00:00,  1.94it/s, loss=1.2940]
Epoch 668/1000: 100% 100/100 [00:51<00:00,  1.94it/s, loss=1.2938]
Epoch 669/1000: 100% 100/100 [00:51<00:00,  1.94it/s, loss=1.2944]
Epoch 670/1000: 100% 100/100 [00:51<00:00,  1.94it/s, loss=1.2945]
2025-11-16 03:00:41,550 [INFO] Epoch 670/1000 | Time: 63.28s | Loss: 1.2939 | Spikes: 499801728.00 | Eval Return: -1304.10
Epoch 671/1000: 100% 100/100 [00:51<00:00,  1.94it/s, loss=1.2939]
Epoch 672/1000: 100% 100/100 [00:51<00:00,  1.94it/s, loss=1.2945]
Epoch 673/1000: 100% 100/100 [00:51<00:00,  1.93it/s, loss=1.2941]
Epoch 674/1000: 100% 100/100 [00:51<00:00,  1.94it/s, loss=1.2943]
Epoch 675/1000: 100% 100/100 [00:51<00:00,  1.94it/s, loss=1.2938]
Epoch 676/1000: 100% 100/100 [00:51<00:00,  1.93it/s, loss=1.2935]
Epoch 677/1000: 100% 100/100 [00:52<00:00,  1.92it/s, loss=1.2934]
Epoch 678/1000: 100% 100/100 [00:51<00:00,  1.93it/s, loss=1.2929]
Epoch 679/1000: 100% 100/100 [00:51<00:00,  1.94it/s, loss=1.2936]
Epoch 680/1000: 100% 100/100 [00:52<00:00,  1.92it/s, loss=1.2940]
2025-11-16 03:09:31,521 [INFO] Epoch 680/1000 | Time: 64.27s | Loss: 1.2939 | Spikes: 499885120.00 | Eval Return: -1250.15
Epoch 681/1000: 100% 100/100 [00:52<00:00,  1.92it/s, loss=1.2944]
Epoch 682/1000: 100% 100/100 [00:51<00:00,  1.92it/s, loss=1.2928]
Epoch 683/1000: 100% 100/100 [00:51<00:00,  1.94it/s, loss=1.2941]
Epoch 684/1000: 100% 100/100 [00:51<00:00,  1.93it/s, loss=1.2931]
Epoch 685/1000: 100% 100/100 [00:51<00:00,  1.93it/s, loss=1.2937]
Epoch 686/1000: 100% 100/100 [00:51<00:00,  1.93it/s, loss=1.2936]
Epoch 687/1000: 100% 100/100 [00:51<00:00,  1.93it/s, loss=1.2935]
Epoch 688/1000: 100% 100/100 [00:52<00:00,  1.92it/s, loss=1.2935]
Epoch 689/1000: 100% 100/100 [00:51<00:00,  1.93it/s, loss=1.2924]
Epoch 690/1000: 100% 100/100 [00:51<00:00,  1.92it/s, loss=1.2929]
2025-11-16 03:18:22,429 [INFO] Epoch 690/1000 | Time: 63.83s | Loss: 1.2929 | Spikes: 502368128.00 | Eval Return: -1311.16
Epoch 691/1000: 100% 100/100 [00:51<00:00,  1.93it/s, loss=1.2936]
Epoch 692/1000: 100% 100/100 [00:51<00:00,  1.93it/s, loss=1.2933]
Epoch 693/1000: 100% 100/100 [00:51<00:00,  1.93it/s, loss=1.2931]
Epoch 694/1000: 100% 100/100 [00:51<00:00,  1.93it/s, loss=1.2918]
Epoch 695/1000: 100% 100/100 [00:51<00:00,  1.94it/s, loss=1.2935]
Epoch 696/1000: 100% 100/100 [00:51<00:00,  1.94it/s, loss=1.2931]
Epoch 697/1000: 100% 100/100 [00:51<00:00,  1.93it/s, loss=1.2929]
Epoch 698/1000: 100% 100/100 [00:51<00:00,  1.93it/s, loss=1.2924]
Epoch 699/1000: 100% 100/100 [00:51<00:00,  1.93it/s, loss=1.2934]
Epoch 700/1000: 100% 100/100 [00:51<00:00,  1.93it/s, loss=1.2929]
2025-11-16 03:27:12,045 [INFO] Epoch 700/1000 | Time: 63.73s | Loss: 1.2930 | Spikes: 502671232.00 | Eval Return: -1205.70
Epoch 701/1000: 100% 100/100 [00:51<00:00,  1.94it/s, loss=1.2931]
Epoch 702/1000: 100% 100/100 [00:51<00:00,  1.93it/s, loss=1.2932]
Epoch 703/1000: 100% 100/100 [00:51<00:00,  1.93it/s, loss=1.2928]
Epoch 704/1000: 100% 100/100 [00:51<00:00,  1.93it/s, loss=1.2920]
Epoch 705/1000: 100% 100/100 [00:51<00:00,  1.94it/s, loss=1.2930]
Epoch 706/1000: 100% 100/100 [00:51<00:00,  1.92it/s, loss=1.2927]
Epoch 707/1000: 100% 100/100 [00:51<00:00,  1.93it/s, loss=1.2929]
Epoch 708/1000: 100% 100/100 [00:51<00:00,  1.93it/s, loss=1.2924]
Epoch 709/1000: 100% 100/100 [00:51<00:00,  1.93it/s, loss=1.2935]
Epoch 710/1000: 100% 100/100 [00:51<00:00,  1.93it/s, loss=1.2927]
2025-11-16 03:36:01,786 [INFO] Epoch 710/1000 | Time: 63.64s | Loss: 1.2930 | Spikes: 503901376.00 | Eval Return: -1081.63
Epoch 711/1000: 100% 100/100 [00:51<00:00,  1.93it/s, loss=1.2928]
Epoch 712/1000: 100% 100/100 [00:51<00:00,  1.93it/s, loss=1.2966]
Epoch 713/1000: 100% 100/100 [00:51<00:00,  1.94it/s, loss=1.2961]
Epoch 714/1000: 100% 100/100 [00:51<00:00,  1.93it/s, loss=1.2959]
Epoch 715/1000: 100% 100/100 [00:51<00:00,  1.94it/s, loss=1.2933]
Epoch 716/1000: 100% 100/100 [00:51<00:00,  1.93it/s, loss=1.2911]
Epoch 717/1000: 100% 100/100 [00:51<00:00,  1.93it/s, loss=1.2921]
Epoch 718/1000: 100% 100/100 [00:51<00:00,  1.93it/s, loss=1.2926]
Epoch 719/1000: 100% 100/100 [00:51<00:00,  1.93it/s, loss=1.2926]
Epoch 720/1000: 100% 100/100 [00:51<00:00,  1.93it/s, loss=1.2913]
2025-11-16 03:44:51,082 [INFO] Epoch 720/1000 | Time: 63.48s | Loss: 1.2914 | Spikes: 506620416.00 | Eval Return: -1216.28
Epoch 721/1000: 100% 100/100 [00:51<00:00,  1.93it/s, loss=1.2910]
Epoch 722/1000: 100% 100/100 [00:51<00:00,  1.93it/s, loss=1.2925]
Epoch 723/1000: 100% 100/100 [00:52<00:00,  1.92it/s, loss=1.2927]
Epoch 724/1000: 100% 100/100 [00:51<00:00,  1.93it/s, loss=1.2917]
Epoch 725/1000: 100% 100/100 [00:51<00:00,  1.93it/s, loss=1.2911]
Epoch 726/1000: 100% 100/100 [00:51<00:00,  1.93it/s, loss=1.2921]
Epoch 727/1000: 100% 100/100 [00:51<00:00,  1.93it/s, loss=1.2929]
Epoch 728/1000: 100% 100/100 [00:51<00:00,  1.94it/s, loss=1.2925]
Epoch 729/1000: 100% 100/100 [00:51<00:00,  1.94it/s, loss=1.2919]
Epoch 730/1000: 100% 100/100 [00:51<00:00,  1.93it/s, loss=1.2922]
2025-11-16 03:53:40,692 [INFO] Epoch 730/1000 | Time: 63.54s | Loss: 1.2928 | Spikes: 507352896.00 | Eval Return: -1136.86
Epoch 731/1000: 100% 100/100 [00:51<00:00,  1.93it/s, loss=1.2921]
Epoch 732/1000: 100% 100/100 [00:51<00:00,  1.94it/s, loss=1.2923]
Epoch 733/1000: 100% 100/100 [00:51<00:00,  1.93it/s, loss=1.2928]
Epoch 734/1000: 100% 100/100 [00:51<00:00,  1.94it/s, loss=1.2920]
Epoch 735/1000: 100% 100/100 [00:51<00:00,  1.94it/s, loss=1.2919]
Epoch 736/1000: 100% 100/100 [00:51<00:00,  1.94it/s, loss=1.2924]
Epoch 737/1000: 100% 100/100 [00:51<00:00,  1.94it/s, loss=1.2914]
Epoch 738/1000: 100% 100/100 [00:51<00:00,  1.94it/s, loss=1.2910]
Epoch 739/1000: 100% 100/100 [00:51<00:00,  1.94it/s, loss=1.2912]
Epoch 740/1000: 100% 100/100 [00:51<00:00,  1.94it/s, loss=1.2919]
2025-11-16 04:02:28,437 [INFO] Epoch 740/1000 | Time: 63.28s | Loss: 1.2921 | Spikes: 509804608.00 | Eval Return: -1383.44
Epoch 741/1000: 100% 100/100 [00:51<00:00,  1.93it/s, loss=1.2917]
Epoch 742/1000: 100% 100/100 [00:51<00:00,  1.95it/s, loss=1.2912]
Epoch 743/1000: 100% 100/100 [00:52<00:00,  1.91it/s, loss=1.2914]
Epoch 744/1000: 100% 100/100 [00:51<00:00,  1.93it/s, loss=1.2913]
Epoch 745/1000: 100% 100/100 [00:51<00:00,  1.94it/s, loss=1.2916]
Epoch 746/1000: 100% 100/100 [00:51<00:00,  1.93it/s, loss=1.2923]
Epoch 747/1000: 100% 100/100 [00:51<00:00,  1.93it/s, loss=1.2912]
Epoch 748/1000: 100% 100/100 [00:51<00:00,  1.93it/s, loss=1.2912]
Epoch 749/1000: 100% 100/100 [00:51<00:00,  1.93it/s, loss=1.2906]
Epoch 750/1000: 100% 100/100 [00:51<00:00,  1.94it/s, loss=1.2920]
2025-11-16 04:11:17,807 [INFO] Epoch 750/1000 | Time: 63.46s | Loss: 1.2911 | Spikes: 509575168.00 | Eval Return: -1384.43
Epoch 751/1000: 100% 100/100 [00:51<00:00,  1.93it/s, loss=1.2917]
Epoch 752/1000: 100% 100/100 [00:51<00:00,  1.93it/s, loss=1.2916]
Epoch 753/1000: 100% 100/100 [00:51<00:00,  1.93it/s, loss=1.2907]
Epoch 754/1000: 100% 100/100 [00:51<00:00,  1.93it/s, loss=1.2955]
Epoch 755/1000: 100% 100/100 [00:51<00:00,  1.92it/s, loss=1.2953]
Epoch 756/1000: 100% 100/100 [00:52<00:00,  1.92it/s, loss=1.2950]
Epoch 757/1000: 100% 100/100 [00:52<00:00,  1.92it/s, loss=1.2947]
Epoch 758/1000: 100% 100/100 [00:51<00:00,  1.93it/s, loss=1.2947]
Epoch 759/1000: 100% 100/100 [00:51<00:00,  1.93it/s, loss=1.2942]
Epoch 760/1000: 100% 100/100 [00:51<00:00,  1.93it/s, loss=1.2920]
2025-11-16 04:20:08,949 [INFO] Epoch 760/1000 | Time: 63.81s | Loss: 1.2922 | Spikes: 510053888.00 | Eval Return: -1169.36
Epoch 761/1000: 100% 100/100 [00:51<00:00,  1.93it/s, loss=1.2911]
Epoch 762/1000: 100% 100/100 [00:51<00:00,  1.93it/s, loss=1.2907]
Epoch 763/1000: 100% 100/100 [00:51<00:00,  1.95it/s, loss=1.2902]
Epoch 764/1000: 100% 100/100 [00:51<00:00,  1.93it/s, loss=1.2912]
Epoch 765/1000: 100% 100/100 [00:51<00:00,  1.94it/s, loss=1.2909]
Epoch 766/1000: 100% 100/100 [00:51<00:00,  1.93it/s, loss=1.2916]
Epoch 767/1000: 100% 100/100 [00:51<00:00,  1.93it/s, loss=1.2909]
Epoch 768/1000: 100% 100/100 [00:51<00:00,  1.94it/s, loss=1.2901]
Epoch 769/1000: 100% 100/100 [00:51<00:00,  1.93it/s, loss=1.2895]
Epoch 770/1000: 100% 100/100 [00:51<00:00,  1.94it/s, loss=1.2906]
2025-11-16 04:28:57,703 [INFO] Epoch 770/1000 | Time: 63.18s | Loss: 1.2907 | Spikes: 512563840.00 | Eval Return: -1123.31
Epoch 771/1000: 100% 100/100 [00:51<00:00,  1.94it/s, loss=1.2908]
Epoch 772/1000: 100% 100/100 [00:51<00:00,  1.94it/s, loss=1.2912]
Epoch 773/1000: 100% 100/100 [00:51<00:00,  1.93it/s, loss=1.2905]
Epoch 774/1000: 100% 100/100 [00:51<00:00,  1.94it/s, loss=1.2912]
Epoch 775/1000: 100% 100/100 [00:51<00:00,  1.93it/s, loss=1.2910]
Epoch 776/1000: 100% 100/100 [00:51<00:00,  1.93it/s, loss=1.2909]
Epoch 777/1000: 100% 100/100 [00:51<00:00,  1.93it/s, loss=1.2909]
Epoch 778/1000: 100% 100/100 [00:51<00:00,  1.94it/s, loss=1.2904]
Epoch 779/1000: 100% 100/100 [00:51<00:00,  1.93it/s, loss=1.2909]
Epoch 780/1000: 100% 100/100 [00:51<00:00,  1.93it/s, loss=1.2911]
2025-11-16 04:37:46,481 [INFO] Epoch 780/1000 | Time: 63.48s | Loss: 1.2911 | Spikes: 514811104.00 | Eval Return: -1286.43
Epoch 781/1000: 100% 100/100 [00:51<00:00,  1.94it/s, loss=1.2909]
Epoch 782/1000: 100% 100/100 [00:51<00:00,  1.94it/s, loss=1.2911]
Epoch 783/1000: 100% 100/100 [00:51<00:00,  1.94it/s, loss=1.2904]
Epoch 784/1000: 100% 100/100 [00:51<00:00,  1.93it/s, loss=1.2920]
Epoch 785/1000: 100% 100/100 [00:51<00:00,  1.94it/s, loss=1.2937]
Epoch 786/1000: 100% 100/100 [00:51<00:00,  1.94it/s, loss=1.2897]
Epoch 787/1000: 100% 100/100 [00:51<00:00,  1.94it/s, loss=1.2897]
Epoch 788/1000: 100% 100/100 [00:51<00:00,  1.94it/s, loss=1.2912]
Epoch 789/1000: 100% 100/100 [00:52<00:00,  1.92it/s, loss=1.2895]
Epoch 790/1000: 100% 100/100 [00:51<00:00,  1.95it/s, loss=1.2902]
2025-11-16 04:46:34,290 [INFO] Epoch 790/1000 | Time: 63.11s | Loss: 1.2901 | Spikes: 516687872.00 | Eval Return: -1321.60
Epoch 791/1000: 100% 100/100 [00:51<00:00,  1.94it/s, loss=1.2892]
Epoch 792/1000: 100% 100/100 [00:51<00:00,  1.94it/s, loss=1.2912]
Epoch 793/1000: 100% 100/100 [00:51<00:00,  1.94it/s, loss=1.2905]
Epoch 794/1000: 100% 100/100 [00:51<00:00,  1.94it/s, loss=1.2908]
Epoch 795/1000: 100% 100/100 [00:51<00:00,  1.94it/s, loss=1.2905]
Epoch 796/1000: 100% 100/100 [00:51<00:00,  1.94it/s, loss=1.2903]
Epoch 797/1000: 100% 100/100 [00:51<00:00,  1.94it/s, loss=1.2899]
Epoch 798/1000: 100% 100/100 [00:51<00:00,  1.94it/s, loss=1.2897]
Epoch 799/1000: 100% 100/100 [00:51<00:00,  1.94it/s, loss=1.2900]
Epoch 800/1000: 100% 100/100 [00:51<00:00,  1.95it/s, loss=1.2896]
2025-11-16 04:55:20,934 [INFO] Epoch 800/1000 | Time: 62.82s | Loss: 1.2894 | Spikes: 516953600.00 | Eval Return: -1285.26
Epoch 801/1000: 100% 100/100 [00:51<00:00,  1.94it/s, loss=1.2898]
Epoch 802/1000: 100% 100/100 [00:51<00:00,  1.94it/s, loss=1.2899]
Epoch 803/1000: 100% 100/100 [00:51<00:00,  1.94it/s, loss=1.2909]
Epoch 804/1000: 100% 100/100 [00:51<00:00,  1.94it/s, loss=1.2905]
Epoch 805/1000: 100% 100/100 [00:51<00:00,  1.94it/s, loss=1.2903]
Epoch 806/1000: 100% 100/100 [00:51<00:00,  1.95it/s, loss=1.2905]
Epoch 807/1000: 100% 100/100 [00:51<00:00,  1.94it/s, loss=1.2904]
Epoch 808/1000: 100% 100/100 [00:53<00:00,  1.88it/s, loss=1.2905]
Epoch 809/1000: 100% 100/100 [00:53<00:00,  1.87it/s, loss=1.2900]
Epoch 810/1000: 100% 100/100 [00:53<00:00,  1.87it/s, loss=1.2891]
2025-11-16 05:04:14,164 [INFO] Epoch 810/1000 | Time: 66.16s | Loss: 1.2897 | Spikes: 517308608.00 | Eval Return: -1380.85
Epoch 811/1000: 100% 100/100 [00:53<00:00,  1.89it/s, loss=1.2891]
Epoch 812/1000: 100% 100/100 [00:53<00:00,  1.88it/s, loss=1.2886]
Epoch 813/1000: 100% 100/100 [00:53<00:00,  1.87it/s, loss=1.2900]
Epoch 814/1000: 100% 100/100 [00:53<00:00,  1.87it/s, loss=1.2887]
Epoch 815/1000: 100% 100/100 [00:53<00:00,  1.87it/s, loss=1.2894]
Epoch 816/1000: 100% 100/100 [00:53<00:00,  1.88it/s, loss=1.2887]
Epoch 817/1000: 100% 100/100 [00:52<00:00,  1.89it/s, loss=1.2897]
Epoch 818/1000: 100% 100/100 [00:52<00:00,  1.89it/s, loss=1.2903]
Epoch 819/1000: 100% 100/100 [00:52<00:00,  1.91it/s, loss=1.2901]
Epoch 820/1000: 100% 100/100 [00:52<00:00,  1.90it/s, loss=1.2900]
2025-11-16 05:13:17,324 [INFO] Epoch 820/1000 | Time: 65.30s | Loss: 1.2900 | Spikes: 519931200.00 | Eval Return: -1206.35
Epoch 821/1000: 100% 100/100 [00:53<00:00,  1.87it/s, loss=1.2896]
Epoch 822/1000: 100% 100/100 [00:53<00:00,  1.88it/s, loss=1.2889]
Epoch 823/1000: 100% 100/100 [00:53<00:00,  1.88it/s, loss=1.2905]
Epoch 824/1000: 100% 100/100 [00:52<00:00,  1.89it/s, loss=1.2893]
Epoch 825/1000: 100% 100/100 [00:52<00:00,  1.89it/s, loss=1.2892]
Epoch 826/1000: 100% 100/100 [00:52<00:00,  1.89it/s, loss=1.2889]
Epoch 827/1000: 100% 100/100 [00:52<00:00,  1.89it/s, loss=1.2896]
Epoch 828/1000: 100% 100/100 [00:53<00:00,  1.88it/s, loss=1.2898]
Epoch 829/1000: 100% 100/100 [00:52<00:00,  1.91it/s, loss=1.2896]
Epoch 830/1000: 100% 100/100 [00:52<00:00,  1.90it/s, loss=1.2900]
2025-11-16 05:22:18,585 [INFO] Epoch 830/1000 | Time: 64.70s | Loss: 1.2897 | Spikes: 519179136.00 | Eval Return: -1188.72
Epoch 831/1000: 100% 100/100 [00:52<00:00,  1.91it/s, loss=1.2900]
Epoch 832/1000: 100% 100/100 [00:52<00:00,  1.90it/s, loss=1.2900]
Epoch 833/1000: 100% 100/100 [00:52<00:00,  1.90it/s, loss=1.2895]
Epoch 834/1000: 100% 100/100 [00:52<00:00,  1.90it/s, loss=1.2891]
Epoch 835/1000: 100% 100/100 [00:52<00:00,  1.90it/s, loss=1.2896]
Epoch 836/1000: 100% 100/100 [00:52<00:00,  1.91it/s, loss=1.2893]
Epoch 837/1000: 100% 100/100 [00:52<00:00,  1.89it/s, loss=1.2883]
Epoch 838/1000: 100% 100/100 [00:52<00:00,  1.91it/s, loss=1.2887]
Epoch 839/1000: 100% 100/100 [00:52<00:00,  1.90it/s, loss=1.2895]
Epoch 840/1000: 100% 100/100 [00:52<00:00,  1.90it/s, loss=1.2898]
2025-11-16 05:31:16,533 [INFO] Epoch 840/1000 | Time: 64.69s | Loss: 1.2899 | Spikes: 520233120.00 | Eval Return: -1298.02
Epoch 841/1000: 100% 100/100 [00:52<00:00,  1.91it/s, loss=1.2927]
Epoch 842/1000: 100% 100/100 [00:52<00:00,  1.91it/s, loss=1.2894]
Epoch 843/1000: 100% 100/100 [00:52<00:00,  1.92it/s, loss=1.2886]
Epoch 844/1000: 100% 100/100 [00:52<00:00,  1.92it/s, loss=1.2888]
Epoch 845/1000: 100% 100/100 [00:51<00:00,  1.93it/s, loss=1.2883]
Epoch 846/1000: 100% 100/100 [00:51<00:00,  1.93it/s, loss=1.2878]
Epoch 847/1000: 100% 100/100 [00:52<00:00,  1.92it/s, loss=1.2886]
Epoch 848/1000: 100% 100/100 [00:52<00:00,  1.92it/s, loss=1.2890]
Epoch 849/1000: 100% 100/100 [00:52<00:00,  1.91it/s, loss=1.2891]
Epoch 850/1000: 100% 100/100 [00:52<00:00,  1.92it/s, loss=1.2884]
2025-11-16 05:40:09,320 [INFO] Epoch 850/1000 | Time: 63.96s | Loss: 1.2887 | Spikes: 521797120.00 | Eval Return: -1197.22
Epoch 851/1000: 100% 100/100 [00:52<00:00,  1.92it/s, loss=1.2890]
Epoch 852/1000: 100% 100/100 [00:51<00:00,  1.93it/s, loss=1.2881]
Epoch 853/1000: 100% 100/100 [00:51<00:00,  1.92it/s, loss=1.2886]
Epoch 854/1000: 100% 100/100 [00:51<00:00,  1.93it/s, loss=1.2882]
Epoch 855/1000: 100% 100/100 [00:51<00:00,  1.94it/s, loss=1.2890]
Epoch 856/1000: 100% 100/100 [00:51<00:00,  1.93it/s, loss=1.2892]
Epoch 857/1000: 100% 100/100 [00:51<00:00,  1.93it/s, loss=1.2890]
Epoch 858/1000: 100% 100/100 [00:51<00:00,  1.93it/s, loss=1.2888]
Epoch 859/1000: 100% 100/100 [00:51<00:00,  1.93it/s, loss=1.2891]
Epoch 860/1000: 100% 100/100 [00:51<00:00,  1.93it/s, loss=1.2884]
2025-11-16 05:48:59,624 [INFO] Epoch 860/1000 | Time: 63.53s | Loss: 1.2880 | Spikes: 522328128.00 | Eval Return: -1331.08
Epoch 861/1000: 100% 100/100 [00:51<00:00,  1.93it/s, loss=1.2884]
Epoch 862/1000: 100% 100/100 [00:51<00:00,  1.93it/s, loss=1.2890]
Epoch 863/1000: 100% 100/100 [00:51<00:00,  1.93it/s, loss=1.2893]
Epoch 864/1000: 100% 100/100 [00:51<00:00,  1.93it/s, loss=1.2890]
Epoch 865/1000: 100% 100/100 [00:51<00:00,  1.94it/s, loss=1.2886]
Epoch 866/1000: 100% 100/100 [00:51<00:00,  1.93it/s, loss=1.2889]
Epoch 867/1000: 100% 100/100 [00:51<00:00,  1.93it/s, loss=1.2892]
Epoch 868/1000: 100% 100/100 [00:51<00:00,  1.93it/s, loss=1.2892]
Epoch 869/1000: 100% 100/100 [00:51<00:00,  1.92it/s, loss=1.2891]
Epoch 870/1000: 100% 100/100 [00:51<00:00,  1.93it/s, loss=1.2880]
2025-11-16 05:57:49,269 [INFO] Epoch 870/1000 | Time: 63.51s | Loss: 1.2882 | Spikes: 521850048.00 | Eval Return: -1267.69
Epoch 871/1000: 100% 100/100 [00:51<00:00,  1.93it/s, loss=1.2888]
Epoch 872/1000: 100% 100/100 [00:51<00:00,  1.93it/s, loss=1.2887]
Epoch 873/1000: 100% 100/100 [00:51<00:00,  1.94it/s, loss=1.2882]
Epoch 874/1000: 100% 100/100 [00:51<00:00,  1.93it/s, loss=1.2874]
Epoch 875/1000: 100% 100/100 [00:51<00:00,  1.93it/s, loss=1.2874]
Epoch 876/1000: 100% 100/100 [00:51<00:00,  1.93it/s, loss=1.2887]
Epoch 877/1000: 100% 100/100 [00:51<00:00,  1.93it/s, loss=1.2882]
Epoch 878/1000: 100% 100/100 [00:51<00:00,  1.94it/s, loss=1.2881]
Epoch 879/1000: 100% 100/100 [00:51<00:00,  1.94it/s, loss=1.2883]
Epoch 880/1000: 100% 100/100 [00:51<00:00,  1.93it/s, loss=1.2878]
2025-11-16 06:06:38,135 [INFO] Epoch 880/1000 | Time: 63.50s | Loss: 1.2880 | Spikes: 522780736.00 | Eval Return: -1303.76
Epoch 881/1000: 100% 100/100 [00:51<00:00,  1.93it/s, loss=1.2875]
Epoch 882/1000: 100% 100/100 [00:51<00:00,  1.93it/s, loss=1.2879]
Epoch 883/1000: 100% 100/100 [00:51<00:00,  1.93it/s, loss=1.2877]
Epoch 884/1000: 100% 100/100 [00:51<00:00,  1.93it/s, loss=1.2877]
Epoch 885/1000: 100% 100/100 [00:51<00:00,  1.93it/s, loss=1.2882]
Epoch 886/1000: 100% 100/100 [00:51<00:00,  1.94it/s, loss=1.2886]
Epoch 887/1000: 100% 100/100 [00:51<00:00,  1.94it/s, loss=1.2880]
Epoch 888/1000: 100% 100/100 [00:51<00:00,  1.94it/s, loss=1.2879]
Epoch 889/1000: 100% 100/100 [00:51<00:00,  1.94it/s, loss=1.2878]
Epoch 890/1000: 100% 100/100 [00:51<00:00,  1.93it/s, loss=1.2882]
2025-11-16 06:15:27,238 [INFO] Epoch 890/1000 | Time: 63.45s | Loss: 1.2887 | Spikes: 522987264.00 | Eval Return: -1217.98
Epoch 891/1000: 100% 100/100 [00:51<00:00,  1.93it/s, loss=1.2882]
Epoch 892/1000: 100% 100/100 [00:51<00:00,  1.94it/s, loss=1.2878]
Epoch 893/1000: 100% 100/100 [00:51<00:00,  1.93it/s, loss=1.2877]
Epoch 894/1000: 100% 100/100 [00:51<00:00,  1.94it/s, loss=1.2883]
Epoch 895/1000: 100% 100/100 [00:51<00:00,  1.93it/s, loss=1.2876]
Epoch 896/1000: 100% 100/100 [00:51<00:00,  1.94it/s, loss=1.2869]
Epoch 897/1000: 100% 100/100 [00:51<00:00,  1.94it/s, loss=1.2879]
Epoch 898/1000: 100% 100/100 [00:51<00:00,  1.94it/s, loss=1.2880]
Epoch 899/1000: 100% 100/100 [00:51<00:00,  1.94it/s, loss=1.2880]
Epoch 900/1000: 100% 100/100 [00:51<00:00,  1.94it/s, loss=1.2875]
2025-11-16 06:24:15,475 [INFO] Epoch 900/1000 | Time: 63.40s | Loss: 1.2875 | Spikes: 522571712.00 | Eval Return: -1252.17
Epoch 901/1000: 100% 100/100 [00:51<00:00,  1.94it/s, loss=1.2869]
Epoch 902/1000: 100% 100/100 [00:51<00:00,  1.93it/s, loss=1.2879]
Epoch 903/1000: 100% 100/100 [00:51<00:00,  1.93it/s, loss=1.2863]
Epoch 904/1000: 100% 100/100 [00:52<00:00,  1.92it/s, loss=1.2870]
Epoch 905/1000: 100% 100/100 [00:51<00:00,  1.94it/s, loss=1.2863]
Epoch 906/1000: 100% 100/100 [00:51<00:00,  1.93it/s, loss=1.2877]
Epoch 907/1000: 100% 100/100 [00:51<00:00,  1.93it/s, loss=1.2869]
Epoch 908/1000: 100% 100/100 [00:51<00:00,  1.93it/s, loss=1.2879]
Epoch 909/1000: 100% 100/100 [00:51<00:00,  1.93it/s, loss=1.2874]
Epoch 910/1000: 100% 100/100 [00:51<00:00,  1.93it/s, loss=1.2873]
2025-11-16 06:33:05,067 [INFO] Epoch 910/1000 | Time: 63.67s | Loss: 1.2877 | Spikes: 524373184.00 | Eval Return: -1249.62
Epoch 911/1000: 100% 100/100 [00:51<00:00,  1.93it/s, loss=1.2871]
Epoch 912/1000: 100% 100/100 [00:51<00:00,  1.93it/s, loss=1.2868]
Epoch 913/1000: 100% 100/100 [00:51<00:00,  1.94it/s, loss=1.2879]
Epoch 914/1000: 100% 100/100 [00:51<00:00,  1.93it/s, loss=1.2874]
Epoch 915/1000: 100% 100/100 [00:51<00:00,  1.95it/s, loss=1.2868]
Epoch 916/1000: 100% 100/100 [00:51<00:00,  1.93it/s, loss=1.2865]
Epoch 917/1000: 100% 100/100 [00:51<00:00,  1.94it/s, loss=1.2872]
Epoch 918/1000: 100% 100/100 [00:51<00:00,  1.93it/s, loss=1.2874]
Epoch 919/1000: 100% 100/100 [00:51<00:00,  1.93it/s, loss=1.2878]
Epoch 920/1000: 100% 100/100 [00:51<00:00,  1.94it/s, loss=1.2877]
2025-11-16 06:41:53,500 [INFO] Epoch 920/1000 | Time: 63.39s | Loss: 1.2875 | Spikes: 527405120.00 | Eval Return: -1356.11
Epoch 921/1000: 100% 100/100 [00:51<00:00,  1.93it/s, loss=1.2875]
Epoch 922/1000: 100% 100/100 [00:51<00:00,  1.92it/s, loss=1.2877]
Epoch 923/1000: 100% 100/100 [00:51<00:00,  1.93it/s, loss=1.2877]
Epoch 924/1000: 100% 100/100 [00:51<00:00,  1.93it/s, loss=1.2879]
Epoch 925/1000: 100% 100/100 [00:51<00:00,  1.94it/s, loss=1.2878]
Epoch 926/1000: 100% 100/100 [00:51<00:00,  1.93it/s, loss=1.2870]
Epoch 927/1000: 100% 100/100 [00:51<00:00,  1.94it/s, loss=1.2873]
Epoch 928/1000: 100% 100/100 [00:51<00:00,  1.94it/s, loss=1.2872]
Epoch 929/1000: 100% 100/100 [00:51<00:00,  1.93it/s, loss=1.2863]
Epoch 930/1000: 100% 100/100 [00:51<00:00,  1.93it/s, loss=1.2867]
2025-11-16 06:50:42,325 [INFO] Epoch 930/1000 | Time: 63.48s | Loss: 1.2869 | Spikes: 525373056.00 | Eval Return: -1513.86
Epoch 931/1000: 100% 100/100 [00:51<00:00,  1.93it/s, loss=1.2860]
Epoch 932/1000: 100% 100/100 [00:51<00:00,  1.94it/s, loss=1.2877]
Epoch 933/1000: 100% 100/100 [00:51<00:00,  1.94it/s, loss=1.2874]
Epoch 934/1000: 100% 100/100 [00:51<00:00,  1.93it/s, loss=1.2871]
Epoch 935/1000: 100% 100/100 [00:51<00:00,  1.94it/s, loss=1.2871]
Epoch 936/1000: 100% 100/100 [00:51<00:00,  1.93it/s, loss=1.2876]
Epoch 937/1000: 100% 100/100 [00:51<00:00,  1.92it/s, loss=1.2866]
Epoch 938/1000: 100% 100/100 [00:51<00:00,  1.93it/s, loss=1.2874]
Epoch 939/1000: 100% 100/100 [00:51<00:00,  1.93it/s, loss=1.2867]
Epoch 940/1000: 100% 100/100 [00:52<00:00,  1.92it/s, loss=1.2872]
2025-11-16 06:59:32,136 [INFO] Epoch 940/1000 | Time: 64.00s | Loss: 1.2866 | Spikes: 523328928.00 | Eval Return: -1411.06
Epoch 941/1000: 100% 100/100 [00:51<00:00,  1.93it/s, loss=1.2866]
Epoch 942/1000: 100% 100/100 [00:51<00:00,  1.93it/s, loss=1.2865]
Epoch 943/1000: 100% 100/100 [00:52<00:00,  1.92it/s, loss=1.2863]
Epoch 944/1000: 100% 100/100 [00:51<00:00,  1.94it/s, loss=1.2868]
Epoch 945/1000: 100% 100/100 [00:51<00:00,  1.93it/s, loss=1.2865]
Epoch 946/1000: 100% 100/100 [00:51<00:00,  1.93it/s, loss=1.2860]
Epoch 947/1000: 100% 100/100 [00:51<00:00,  1.92it/s, loss=1.2871]
Epoch 948/1000: 100% 100/100 [00:51<00:00,  1.92it/s, loss=1.2858]
Epoch 949/1000: 100% 100/100 [00:52<00:00,  1.92it/s, loss=1.2876]
Epoch 950/1000: 100% 100/100 [00:52<00:00,  1.92it/s, loss=1.2860]
2025-11-16 07:08:22,808 [INFO] Epoch 950/1000 | Time: 63.99s | Loss: 1.2860 | Spikes: 522868256.00 | Eval Return: -1274.77
Epoch 951/1000: 100% 100/100 [00:52<00:00,  1.92it/s, loss=1.2862]
Epoch 952/1000: 100% 100/100 [00:51<00:00,  1.92it/s, loss=1.2873]
Epoch 953/1000: 100% 100/100 [00:51<00:00,  1.93it/s, loss=1.2870]
Epoch 954/1000: 100% 100/100 [00:51<00:00,  1.94it/s, loss=1.2866]
Epoch 955/1000: 100% 100/100 [00:51<00:00,  1.93it/s, loss=1.2860]
Epoch 956/1000: 100% 100/100 [00:51<00:00,  1.93it/s, loss=1.2864]
Epoch 957/1000: 100% 100/100 [00:51<00:00,  1.93it/s, loss=1.2861]
Epoch 958/1000: 100% 100/100 [00:51<00:00,  1.93it/s, loss=1.2865]
Epoch 959/1000: 100% 100/100 [00:51<00:00,  1.93it/s, loss=1.2866]
Epoch 960/1000: 100% 100/100 [00:51<00:00,  1.93it/s, loss=1.2859]
2025-11-16 07:17:12,555 [INFO] Epoch 960/1000 | Time: 63.46s | Loss: 1.2865 | Spikes: 522663200.00 | Eval Return: -1205.22
Epoch 961/1000: 100% 100/100 [00:51<00:00,  1.93it/s, loss=1.2899]
Epoch 962/1000: 100% 100/100 [00:51<00:00,  1.93it/s, loss=1.2893]
Epoch 963/1000: 100% 100/100 [00:51<00:00,  1.94it/s, loss=1.2892]
Epoch 964/1000: 100% 100/100 [00:51<00:00,  1.94it/s, loss=1.2864]
Epoch 965/1000: 100% 100/100 [00:51<00:00,  1.93it/s, loss=1.2861]
Epoch 966/1000: 100% 100/100 [00:51<00:00,  1.93it/s, loss=1.2863]
Epoch 967/1000: 100% 100/100 [00:51<00:00,  1.93it/s, loss=1.2862]
Epoch 968/1000: 100% 100/100 [00:51<00:00,  1.93it/s, loss=1.2856]
Epoch 969/1000: 100% 100/100 [00:51<00:00,  1.94it/s, loss=1.2860]
Epoch 970/1000: 100% 100/100 [00:51<00:00,  1.93it/s, loss=1.2865]
2025-11-16 07:26:01,253 [INFO] Epoch 970/1000 | Time: 63.55s | Loss: 1.2864 | Spikes: 521616384.00 | Eval Return: -1489.78
Epoch 971/1000: 100% 100/100 [00:51<00:00,  1.93it/s, loss=1.2851]
Epoch 972/1000: 100% 100/100 [00:51<00:00,  1.93it/s, loss=1.2852]
Epoch 973/1000: 100% 100/100 [00:51<00:00,  1.93it/s, loss=1.2859]
Epoch 974/1000: 100% 100/100 [00:51<00:00,  1.94it/s, loss=1.2852]
Epoch 975/1000: 100% 100/100 [00:51<00:00,  1.94it/s, loss=1.2857]
Epoch 976/1000: 100% 100/100 [00:51<00:00,  1.94it/s, loss=1.2849]
Epoch 977/1000: 100% 100/100 [00:51<00:00,  1.93it/s, loss=1.2854]
Epoch 978/1000: 100% 100/100 [00:51<00:00,  1.93it/s, loss=1.2849]
Epoch 979/1000: 100% 100/100 [00:51<00:00,  1.93it/s, loss=1.2861]
Epoch 980/1000: 100% 100/100 [00:51<00:00,  1.93it/s, loss=1.2854]
2025-11-16 07:34:49,729 [INFO] Epoch 980/1000 | Time: 63.43s | Loss: 1.2851 | Spikes: 524064256.00 | Eval Return: -1196.31
Epoch 981/1000: 100% 100/100 [00:51<00:00,  1.94it/s, loss=1.2849]
Epoch 982/1000: 100% 100/100 [00:51<00:00,  1.94it/s, loss=1.2853]
Epoch 983/1000: 100% 100/100 [00:51<00:00,  1.93it/s, loss=1.2851]
Epoch 984/1000: 100% 100/100 [00:51<00:00,  1.94it/s, loss=1.2854]
Epoch 985/1000: 100% 100/100 [00:51<00:00,  1.94it/s, loss=1.2855]
Epoch 986/1000: 100% 100/100 [00:51<00:00,  1.94it/s, loss=1.2891]
Epoch 987/1000: 100% 100/100 [00:51<00:00,  1.94it/s, loss=1.2867]
Epoch 988/1000: 100% 100/100 [00:51<00:00,  1.93it/s, loss=1.2849]
Epoch 989/1000: 100% 100/100 [00:51<00:00,  1.94it/s, loss=1.2863]
Epoch 990/1000: 100% 100/100 [00:51<00:00,  1.93it/s, loss=1.2865]
2025-11-16 07:43:37,852 [INFO] Epoch 990/1000 | Time: 63.43s | Loss: 1.2866 | Spikes: 520865920.00 | Eval Return: -1348.61
Epoch 991/1000: 100% 100/100 [00:51<00:00,  1.93it/s, loss=1.2857]
Epoch 992/1000: 100% 100/100 [00:51<00:00,  1.93it/s, loss=1.2848]
Epoch 993/1000: 100% 100/100 [00:51<00:00,  1.95it/s, loss=1.2855]
Epoch 994/1000: 100% 100/100 [00:51<00:00,  1.93it/s, loss=1.2850]
Epoch 995/1000: 100% 100/100 [00:51<00:00,  1.93it/s, loss=1.2858]
Epoch 996/1000: 100% 100/100 [00:51<00:00,  1.93it/s, loss=1.2846]
Epoch 997/1000: 100% 100/100 [00:51<00:00,  1.93it/s, loss=1.2853]
Epoch 998/1000: 100% 100/100 [00:52<00:00,  1.91it/s, loss=1.2855]
Epoch 999/1000: 100% 100/100 [00:52<00:00,  1.91it/s, loss=1.2855]
Epoch 1000/1000: 100% 100/100 [00:51<00:00,  1.93it/s, loss=1.2850]
2025-11-16 07:52:28,059 [INFO] Epoch 1000/1000 | Time: 63.69s | Loss: 1.2852 | Spikes: 522015360.00 | Eval Return: -1380.93
2025-11-16 07:52:28,094 [INFO] Training complete.